31420:
 num     #instances         #bytes  class name (module)
-------------------------------------------------------
   1:        127007       10442112  [B (java.base@25)
   2:         25977        4448608  [Ljava.lang.Object; (java.base@25)
   3:        120410        2889840  java.lang.String (java.base@25)
   4:         82828        2650496  java.util.concurrent.ConcurrentHashMap$Node (java.base@25)
   5:         18904        2390864  java.lang.Class (java.base@25)
   6:         26319        2316072  java.lang.reflect.Method (java.base@25)
   7:           764        2191696  [C (java.base@25)
   8:          9907         939752  [I (java.base@25)
   9:         22581         903240  java.util.LinkedHashMap$Entry (java.base@25)
  10:           708         783424  [Ljava.util.concurrent.ConcurrentHashMap$Node; (java.base@25)
  11:          9358         740768  [Ljava.util.HashMap$Node; (java.base@25)
  12:         10729         686656  java.util.LinkedHashMap (java.base@25)
  13:         42841         685456  java.lang.Object (java.base@25)
  14:         11194         537312  org.springframework.util.ConcurrentReferenceHashMap$SoftEntryReference
  15:         15571         498272  java.util.HashMap$Node (java.base@25)
  16:         15224         411080  [Ljava.lang.Class; (java.base@25)
  17:          8039         385872  java.lang.invoke.MemberName (java.base@25)
  18:          1416         361808  [Ljdk.internal.vm.FillerElement; (java.base@25)
  19:         12612         302688  java.util.ArrayList (java.base@25)
  20:           700         300816  [J (java.base@25)
  21:         11297         271128  org.springframework.core.MethodClassKey
  22:          5881         235240  java.lang.invoke.MethodType (java.base@25)
  23:          3598         201488  org.springframework.core.ResolvableType
  24:          5881         188192  jdk.internal.util.WeakReferenceKey (java.base@25)
  25:            96         161736  [Ljava.nio.channels.SelectionKey; (java.base@25)
  26:          3264         156672  java.util.HashMap (java.base@25)
  27:            50         132960  [Ljava.nio.ByteBuffer; (java.base@25)
  28:          5458         130992  java.lang.invoke.ResolvedMethodName (java.base@25)
  29:          2748         125016  [Ljava.lang.String; (java.base@25)
  30:          3073         122920  java.lang.ref.SoftReference (java.base@25)
  31:          2560         122880  io.netty.util.internal.shaded.org.jctools.queues.unpadded.MpscUnpaddedArrayQueue
  32:          2354         112992  org.apache.tomcat.util.buf.ByteChunk
  33:          2704         108160  java.util.TreeMap$Entry (java.base@25)
  34:          2695         107800  java.lang.invoke.BoundMethodHandle$Species_LL (java.base@25)
  35:          2683         107320  java.lang.invoke.DirectMethodHandle (java.base@25)
  36:          2200         105600  org.apache.tomcat.util.buf.CharChunk
  37:          2150         103200  org.apache.tomcat.util.buf.MessageBytes
  38:           960         102616  [Lorg.springframework.util.ConcurrentReferenceHashMap$Reference;
  39:          2391          95640  java.util.WeakHashMap$Entry (java.base@25)
  40:          3850          92400  sun.reflect.generics.tree.SimpleClassTypeSignature (java.base@25)
  41:           478          91776  org.springframework.context.annotation.ConfigurationClassBeanDefinitionReader$ConfigurationClassBeanDefinition
  42:          2288          91520  jdk.internal.util.SoftReferenceKey (java.base@25)
  43:           156          91104  io.netty.util.internal.shaded.org.jctools.queues.MpscChunkedArrayQueue
  44:          1204          86688  java.lang.reflect.Constructor (java.base@25)
  45:          1755          84240  java.lang.invoke.DirectMethodHandle$Constructor (java.base@25)
  46:          2530          80960  java.lang.invoke.LambdaForm$Name (java.base@25)
  47:          2496          79872  io.netty.buffer.PoolThreadCache$SubPageMemoryRegionCache
  48:          1238          79232  java.util.concurrent.ConcurrentHashMap (java.base@25)
  49:           811          74544  [Ljava.util.WeakHashMap$Entry; (java.base@25)
  50:          3850          72320  [Lsun.reflect.generics.tree.TypeArgument; (java.base@25)
  51:          2858          68592  sun.reflect.annotation.AnnotationInvocationHandler (java.base@25)
  52:          1215          68040  org.springframework.core.annotation.TypeMappedAnnotation
  53:           383          67408  org.springframework.beans.factory.support.RootBeanDefinition
  54:          2062          65984  java.lang.ref.WeakReference (java.base@25)
  55:          2058          65856  java.util.concurrent.locks.ReentrantLock$NonfairSync (java.base@25)
  56:          3730          59680  sun.reflect.generics.tree.ClassTypeSignature (java.base@25)
  57:          1864          59648  java.lang.ref.ReferenceQueue (java.base@25)
  58:           728          55328  [Ljava.lang.ref.SoftReference; (java.base@25)
  59:           751          54072  java.lang.reflect.Field (java.base@25)
  60:          2132          51296  [Ljava.lang.reflect.Type; (java.base@25)
  61:          2100          50400  java.util.concurrent.ConcurrentLinkedDeque$Node (java.base@25)
  62:           283          49376  [Z (java.base@25)
  63:           771          49344  org.springframework.core.MethodParameter
  64:             3          49200  [Ljdk.internal.ref.PhantomCleanable; (java.base@25)
  65:          1182          47280  org.springframework.core.type.classreading.SimpleMethodMetadata
  66:            82          47232  io.netty.util.internal.shaded.org.jctools.queues.MpscUnboundedArrayQueue
  67:           984          47232  jdk.internal.ref.CleanerImpl$PhantomCleanableRef (java.base@25)
  68:           942          45216  ch.qos.logback.classic.Logger
  69:          1859          44616  org.springframework.cglib.core.Signature
  70:          1837          44088  java.lang.Class$AnnotationData (java.base@25)
  71:          1836          44064  java.util.concurrent.CopyOnWriteArrayList (java.base@25)
  72:          1807          43368  java.util.LinkedHashMap$LinkedKeySet (java.base@25)
  73:          2624          41984  java.util.LinkedHashSet (java.base@25)
  74:          1724          41376  java.util.jar.Attributes$Name (java.base@25)
  75:          1700          40800  java.util.LinkedHashMap$LinkedValues (java.base@25)
  76:          1688          40512  org.apache.ibatis.scripting.xmltags.IfSqlNode
  77:          1002          40080  java.lang.invoke.BoundMethodHandle$Species_L (java.base@25)
  78:           807          38736  java.util.WeakHashMap (java.base@25)
  79:           960          38400  org.springframework.util.ConcurrentReferenceHashMap$Segment
  80:           723          37952  [Ljava.lang.invoke.LambdaForm$Name; (java.base@25)
  81:          1182          37824  org.springframework.core.type.classreading.SimpleMethodMetadataReadingVisitor$Source
  82:          1536          36864  io.netty.util.HashedWheelTimer$HashedWheelBucket
  83:          1152          36864  java.util.Locale (java.base@25)
  84:          1152          36864  sun.util.locale.BaseLocale (java.base@25)
  85:           500          36000  io.netty.buffer.PoolSubpage
  86:          1119          35808  java.lang.Package (java.base@25)
  87:           862          34480  java.lang.Package$VersionInfo (java.base@25)
  88:           718          34464  java.lang.invoke.LambdaForm (java.base@25)
  89:           609          34104  java.nio.HeapByteBuffer (java.base@25)
  90:           465          33480  org.springframework.beans.factory.support.ConstructorResolver$ConstructorDependencyDescriptor
  91:            16          33024  [Ljava.util.concurrent.ForkJoinTask; (java.base@25)
  92:             1          32784  [Lcom.alibaba.fastjson2.JSONFactory$NameCacheEntry2;
  93:             1          32784  [Lcom.alibaba.fastjson2.JSONFactory$NameCacheEntry;
  94:          2018          32288  org.apache.ibatis.scripting.xmltags.MixedSqlNode
  95:           302          31408  org.springframework.boot.loader.net.protocol.jar.UrlNestedJarFile
  96:          1894          30304  java.lang.Integer (java.base@25)
  97:          1866          29856  java.lang.ref.ReferenceQueue$Lock (java.base@25)
  98:          1265          29512  [Lorg.springframework.core.ResolvableType;
  99:           922          29504  org.springframework.http.MediaType
 100:           898          28736  org.springframework.cglib.proxy.MethodProxy
 101:           888          28416  org.springframework.cglib.proxy.MethodProxy$CreateInfo
 102:          1183          28392  sun.reflect.generics.factory.CoreReflectionFactory (java.base@25)
 103:           705          28200  io.netty.buffer.PoolThreadCache$MemoryRegionCache$Entry
 104:           422          27008  java.net.URL (java.base@25)
 105:           422          27008  java.nio.DirectByteBuffer (java.base@25)
 106:          1123          26952  java.util.Collections$UnmodifiableRandomAccessList (java.base@25)
 107:          1070          25680  org.springframework.beans.factory.annotation.InjectionMetadata
 108:           288          25344  org.HdrHistogram.HistogramIterationValue
 109:          1053          25272  sun.reflect.generics.reflectiveObjects.ParameterizedTypeImpl (java.base@25)
 110:          1050          25200  org.springframework.boot.web.server.MimeMappings$Mapping
 111:          1041          24984  java.lang.invoke.LambdaForm$NamedFunction (java.base@25)
 112:          1036          24864  org.springframework.core.convert.converter.GenericConverter$ConvertiblePair
 113:          1547          24752  org.apache.ibatis.scripting.xmltags.StaticTextSqlNode
 114:           588          23520  java.math.BigInteger (java.base@25)
 115:           127          23488  [Ljava.lang.invoke.MethodHandle; (java.base@25)
 116:           960          23040  org.springframework.util.ConcurrentReferenceHashMap$ReferenceManager
 117:           945          22680  java.util.concurrent.ConcurrentLinkedDeque (java.base@25)
 118:           686          21952  sun.reflect.generics.repository.ClassRepository (java.base@25)
 119:           108          21600  org.HdrHistogram.ConcurrentHistogram
 120:           672          21504  jdk.internal.reflect.DirectMethodHandleAccessor (java.base@25)
 121:          1054          21400  [Lsun.reflect.generics.tree.FieldTypeSignature; (java.base@25)
 122:          1333          21328  java.util.concurrent.atomic.AtomicInteger (java.base@25)
 123:           885          21240  io.netty.util.Recycler$DefaultHandle
 124:           867          20808  org.springframework.aop.framework.AdvisedSupport$MethodCacheKey
 125:          1172          20760  [Lsun.reflect.generics.tree.FormalTypeParameter; (java.base@25)
 126:           865          20760  java.util.ArrayDeque (java.base@25)
 127:          1287          20592  org.springframework.core.ResolvableType$DefaultVariableResolver
 128:           505          20200  com.fasterxml.jackson.databind.introspect.AnnotatedMethod
 129:           822          19728  org.apache.commons.logging.LogAdapter$Slf4jLocationAwareLog
 130:           815          19560  java.security.Provider$ServiceKey (java.base@25)
 131:           602          19264  org.springframework.core.SerializableTypeWrapper$MethodParameterTypeProvider
 132:          1177          18832  java.util.concurrent.CopyOnWriteArraySet (java.base@25)
 133:           784          18816  sun.reflect.generics.scope.ClassScope (java.base@25)
 134:           293          18752  java.util.zip.Inflater (java.base@25)
 135:           468          18720  java.lang.invoke.MethodTypeForm (java.base@25)
 136:           292          18688  java.security.Provider$Service (java.base@25)
 137:           460          18400  sun.reflect.generics.repository.MethodRepository (java.base@25)
 138:           162          18144  org.springframework.beans.factory.annotation.AnnotatedGenericBeanDefinition
 139:           752          18048  java.util.Collections$SetFromMap (java.base@25)
 140:           744          17856  java.lang.module.ModuleDescriptor$Exports (java.base@25)
 141:          1114          17824  org.springframework.beans.factory.support.MethodOverrides
 142:           362          17376  java.lang.invoke.BoundMethodHandle$Species_LLL (java.base@25)
 143:           144          17280  org.HdrHistogram.PercentileIterator
 144:           356          17088  java.lang.invoke.DirectMethodHandle$Accessor (java.base@25)
 145:           646          16856  [Lorg.springframework.core.annotation.AnnotationTypeMappings;
 146:           645          16832  [Lorg.springframework.core.annotation.MergedAnnotation;
 147:           525          16800  org.springframework.core.convert.support.GenericConversionService$ConverterAdapter
 148:           417          16680  io.micrometer.core.instrument.Meter$Id
 149:          1034          16544  java.util.concurrent.locks.ReentrantLock (java.base@25)
 150:           686          16464  sun.reflect.generics.tree.ClassSignature (java.base@25)
 151:           512          16384  io.netty.handler.codec.CodecOutputList
 152:           292          16352  io.netty.channel.DefaultChannelHandlerContext
 153:           664          15936  org.springframework.boot.autoconfigure.condition.ConditionEvaluationReport$ConditionAndOutcome
 154:           664          15936  org.springframework.boot.autoconfigure.condition.ConditionOutcome
 155:           486          15552  sun.reflect.generics.tree.MethodTypeSignature (java.base@25)
 156:           645          15480  org.springframework.core.annotation.MergedAnnotationsCollection
 157:           138          15456  org.springframework.boot.loader.jar.NestedJarFile$NestedJarEntry
 158:           635          15240  org.springframework.beans.BeanMetadataAttribute
 159:           144          14976  org.HdrHistogram.RecordedValuesIterator
 160:           153          14688  org.apache.ibatis.mapping.MappedStatement
 161:           686          14576  [Lsun.reflect.generics.tree.ClassTypeSignature; (java.base@25)
 162:           911          14576  org.springframework.core.convert.support.GenericConversionService$ConvertersForPair
 163:           906          14496  java.util.HashSet (java.base@25)
 164:           258          14448  org.springframework.core.type.classreading.SimpleAnnotationMetadata
 165:           600          14400  org.apache.tomcat.util.http.MimeHeaderField
 166:           300          14176  [Ljava.lang.reflect.Method; (java.base@25)
 167:           586          14064  java.lang.Long (java.base@25)
 168:           563          13512  org.springframework.beans.MutablePropertyValues
 169:           128          12800  [Lio.netty.buffer.PoolThreadCache$MemoryRegionCache;
 170:           264          12672  java.lang.invoke.MethodHandleImpl$AsVarargsCollector (java.base@25)
 171:           316          12640  sun.nio.fs.WindowsPath (java.base@25)
 172:           526          12624  jdk.internal.reflect.DirectConstructorHandleAccessor (java.base@25)
 173:           170          12240  java.util.ResourceBundle$CacheKey (java.base@25)
 174:           306          12240  org.springframework.web.util.pattern.LiteralPathElement
 175:           152          12160  org.springframework.boot.loader.zip.ZipContent
 176:            57          12104  [D (java.base@25)
 177:           168          12096  org.springframework.core.annotation.AnnotationTypeMapping
 178:           362          12000  [Ljava.lang.CharSequence; (java.base@25)
 179:           486          11984  [Lsun.reflect.generics.tree.TypeSignature; (java.base@25)
 180:           495          11880  com.github.benmanes.caffeine.cache.TimerWheel$Sentinel
 181:           106          11872  sun.nio.ch.SocketChannelImpl (java.base@25)
 182:           485          11640  java.util.ImmutableCollections$Set12 (java.base@25)
 183:           474          11376  java.util.regex.Pattern$BmpCharProperty (java.base@25)
 184:           280          11200  sun.security.util.KnownOIDs (java.base@25)
 185:           690          11040  com.fasterxml.jackson.databind.introspect.AnnotationMap
 186:           460          11040  sun.reflect.generics.scope.MethodScope (java.base@25)
 187:           341          10912  jdk.internal.math.FDBigInteger (java.base@25)
 188:           340          10880  java.util.ResourceBundle$KeyElementReference (java.base@25)
 189:           113          10848  com.baomidou.mybatisplus.core.metadata.TableFieldInfo
 190:           225          10800  java.util.logging.LogManager$LoggerWeakRef (java.logging@25)
 191:           336          10752  com.mysql.cj.conf.BooleanProperty
 192:           134          10720  java.net.URI (java.base@25)
 193:           268          10720  org.springframework.boot.context.properties.source.ConfigurationPropertyName$Elements
 194:           664          10624  org.springframework.boot.autoconfigure.condition.ConditionMessage
 195:           328          10496  java.util.Collections$UnmodifiableMap (java.base@25)
 196:           437          10488  java.util.ImmutableCollections$List12 (java.base@25)
 197:            50          10400  org.apache.coyote.Request
 198:           320          10240  org.springframework.web.util.pattern.SeparatorPathElement
 199:           319          10208  com.fasterxml.jackson.databind.util.internal.PrivateMaxEntriesMap$Node
 200:           318          10176  java.lang.module.ModuleDescriptor$Requires (java.base@25)
 201:           269          10112  [Lorg.springframework.boot.context.properties.source.ConfigurationPropertyName$ElementType;
 202:           312           9984  java.util.zip.ZipFile$CleanableResource (java.base@25)
 203:           623           9968  java.util.WeakHashMap$KeySet (java.base@25)
 204:           309           9888  org.springframework.boot.loader.jar.NestedJarFileResources
 205:            88           9856  org.springframework.context.annotation.ScannedGenericBeanDefinition
 206:           153           9792  org.apache.ibatis.mapping.ResultMap
 207:           110           9680  com.fasterxml.jackson.databind.ser.BeanPropertyWriter
 208:            12           9664  [Lio.netty.buffer.PoolSubpage;
 209:           301           9632  sun.reflect.generics.reflectiveObjects.TypeVariableImpl (java.base@25)
 210:           291           9312  java.lang.ThreadLocal$ThreadLocalMap$Entry (java.base@25)
 211:           287           9184  org.springframework.boot.loader.zip.FileDataBlock
 212:           191           9168  java.util.concurrent.ConcurrentHashMap$TreeNode (java.base@25)
 213:           227           9080  com.mysql.cj.conf.PropertyKey
 214:           283           9056  org.redisson.client.protocol.RedisCommand
 215:           282           9024  org.redisson.client.protocol.RedisStrictCommand
 216:           371           8904  java.util.LinkedHashMap$LinkedEntrySet (java.base@25)
 217:           550           8800  org.springframework.boot.autoconfigure.condition.ConditionEvaluationReport$ConditionAndOutcomes
 218:           364           8736  com.fasterxml.jackson.databind.type.ClassKey
 219:           135           8640  java.lang.module.ModuleDescriptor (java.base@25)
 220:           268           8576  org.springframework.boot.context.properties.source.ConfigurationPropertyName
 221:           355           8520  java.lang.Double (java.base@25)
 222:           213           8520  java.lang.classfile.Opcode (java.base@25)
 223:           467           8400  [Ljava.lang.annotation.Annotation; (java.base@25)
 224:           150           8400  java.nio.HeapCharBuffer (java.base@25)
 225:            50           8400  org.apache.catalina.connector.Request
 226:            95           8360  java.util.regex.Pattern (java.base@25)
 227:           207           8280  java.lang.reflect.Parameter (java.base@25)
 228:           128           8192  org.springframework.web.method.HandlerMethod
 229:           203           8120  sun.security.pkcs11.SunPKCS11$Descriptor (jdk.crypto.cryptoki@25)
 230:           201           8040  java.lang.invoke.DirectMethodHandle$Interface (java.base@25)
 231:           335           8040  jdk.internal.loader.AbstractClassLoaderValue$Sub (java.base@25)
 232:           334           8016  java.util.ImmutableCollections$SetN (java.base@25)
 233:           330           7920  com.fasterxml.jackson.databind.introspect.MemberKey
 234:           324           7776  org.apache.ibatis.scripting.xmltags.TextSqlNode
 235:           138           7728  org.springframework.boot.loader.zip.ZipCentralDirectoryFileHeaderRecord
 236:           319           7656  com.fasterxml.jackson.databind.util.internal.PrivateMaxEntriesMap$WeightedValue
 237:            87           7656  io.netty.buffer.PooledUnsafeDirectByteBuf
 238:           319           7656  java.util.concurrent.atomic.AtomicLong (java.base@25)
 239:            59           7552  io.netty.util.internal.InternalThreadLocalMap
 240:           310           7440  sun.reflect.generics.tree.FormalTypeParameter (java.base@25)
 241:           463           7408  java.util.Collections$UnmodifiableSet (java.base@25)
 242:           132           7392  jdk.internal.module.ModuleReferenceImpl (java.base@25)
 243:           458           7328  sun.reflect.generics.tree.TypeVariableSignature (java.base@25)
 244:           183           7320  java.lang.invoke.DirectMethodHandle$Special (java.base@25)
 245:           152           7296  java.util.TreeMap (java.base@25)
 246:           227           7264  io.netty.util.AsciiString
 247:           227           7264  java.util.RegularEnumSet (java.base@25)
 248:           302           7248  org.springframework.boot.loader.net.protocol.jar.UrlJarManifest
 249:           150           7200  [Lorg.apache.tomcat.util.http.MimeHeaderField;
 250:           296           7104  javax.management.ObjectName$Property (java.management@25)
 251:           296           7104  org.apache.ibatis.reflection.invoker.MethodInvoker
 252:           249           7040  [Lio.micrometer.core.instrument.Tag;
 253:           293           7032  java.util.zip.Inflater$InflaterZStreamRef (java.base@25)
 254:           291           6984  java.security.Provider$UString (java.base@25)
 255:           216           6912  org.HdrHistogram.ConcurrentHistogram$AtomicLongArrayWithNormalizingOffset
 256:           284           6816  javax.management.ImmutableDescriptor (java.management@25)
 257:           170           6800  java.util.ResourceBundle$BundleReference (java.base@25)
 258:           233           6768  [Ljavax.management.ObjectName$Property; (java.management@25)
 259:           165           6600  java.util.IdentityHashMap (java.base@25)
 260:           162           6480  org.HdrHistogram.WriterReaderPhaser
 261:           133           6384  com.fasterxml.jackson.databind.type.SimpleType
 262:            53           6360  io.netty.util.concurrent.FastThreadLocalThread
 263:            36           6336  org.HdrHistogram.Histogram
 264:           112           6272  com.mysql.cj.conf.BooleanPropertyDefinition
 265:           195           6240  com.mysql.cj.conf.StringProperty
 266:           156           6240  io.netty.util.Recycler$LocalPool
 267:           259           6224  [Ljava.lang.reflect.TypeVariable; (java.base@25)
 268:             2           6176  [Lio.netty.util.HashedWheelTimer$HashedWheelBucket;
 269:            64           6144  [Ljava.lang.ThreadLocal$ThreadLocalMap$Entry; (java.base@25)
 270:           189           6048  com.sun.jmx.mbeanserver.ConvertingMethod (java.management@25)
 271:           108           6048  org.HdrHistogram.DoubleRecorder$InternalConcurrentDoubleHistogram
 272:           251           6024  java.util.concurrent.ConcurrentHashMap$KeySetView (java.base@25)
 273:           107           5992  java.util.logging.Logger (java.logging@25)
 274:           249           5976  io.micrometer.core.instrument.Tags
 275:            39           5928  io.netty.channel.nio.NioEventLoop
 276:           148           5920  java.io.FileDescriptor (java.base@25)
 277:            81           5832  org.springframework.core.annotation.AnnotatedMethod$AnnotatedMethodParameter
 278:           182           5824  java.util.logging.LogManager$LogNode (java.logging@25)
 279:           236           5816  [Lcom.fasterxml.jackson.databind.JavaType;
 280:           212           5656  [Lorg.springframework.core.annotation.AnnotationTypeMapping$MirrorSets$MirrorSet;
 281:           351           5616  org.redisson.client.protocol.convertor.EmptyConvertor
 282:            20           5600  java.util.concurrent.atomic.Striped64$Cell (java.base@25)
 283:            50           5600  org.apache.coyote.Response
 284:           134           5360  java.security.CodeSource (java.base@25)
 285:           334           5344  jdk.proxy2.$Proxy48 (jdk.proxy2)
 286:            95           5320  org.springframework.transaction.interceptor.RuleBasedTransactionAttribute
 287:           332           5312  java.util.HashMap$EntrySet (java.base@25)
 288:           330           5280  org.springframework.expression.common.LiteralExpression
 289:           218           5232  java.util.concurrent.ConcurrentLinkedQueue$Node (java.base@25)
 290:           217           5208  java.util.regex.Pattern$GroupTail (java.base@25)
 291:            50           5200  org.apache.coyote.http11.Http11Processor
 292:           107           5136  org.apache.ibatis.ognl.ASTConst
 293:           213           5112  java.util.regex.Pattern$GroupHead (java.base@25)
 294:           210           5040  com.esotericsoftware.kryo.Kryo$DefaultSerializerEntry
 295:           210           5040  io.micrometer.core.instrument.ImmutableTag
 296:            16           4992  java.util.concurrent.ForkJoinPool$WorkQueue (java.base@25)
 297:           124           4960  ch.qos.logback.core.status.InfoStatus
 298:           102           4896  java.lang.Thread$FieldHolder (java.base@25)
 299:           204           4896  org.springframework.beans.factory.config.BeanDefinitionHolder
 300:           203           4872  org.springframework.boot.autoconfigure.condition.OnBeanCondition
 301:           121           4840  com.flashchat.chatservice.websocket.manager.RoomMemberInfo
 302:           302           4832  org.springframework.boot.loader.net.protocol.jar.UrlJarFiles$$Lambda/0x0000000012046e50
 303:           302           4832  org.springframework.boot.loader.net.protocol.jar.UrlNestedJarFile$$Lambda/0x000000001204f870
 304:           201           4824  org.hibernate.validator.internal.engine.constraintvalidation.ClassBasedValidatorDescriptor
 305:            60           4800  [Lorg.springframework.util.ConcurrentReferenceHashMap$Segment;
 306:           150           4800  com.fasterxml.jackson.core.io.SerializedString
 307:           200           4800  java.util.LinkedList$Node (java.base@25)
 308:           194           4656  java.util.Arrays$ArrayList (java.base@25)
 309:            45           4624  [S (java.base@25)
 310:           168           4608  [Lorg.springframework.core.annotation.AnnotationTypeMapping;
 311:            82           4592  com.fasterxml.jackson.databind.type.CollectionType
 312:           143           4576  sun.reflect.annotation.AnnotationType (java.base@25)
 313:           139           4448  org.springframework.core.io.ClassPathResource
 314:           138           4416  org.springframework.boot.loader.zip.ZipContent$Entry
 315:            50           4400  org.apache.coyote.RequestInfo
 316:            50           4400  org.apache.coyote.http11.Http11InputBuffer
 317:           137           4384  com.fasterxml.jackson.databind.introspect.AnnotatedField
 318:           137           4384  java.time.format.DateTimeFormatterBuilder$NumberPrinterParser (java.base@25)
 319:           135           4320  java.security.ProtectionDomain (java.base@25)
 320:           180           4320  java.util.Collections$SingletonList (java.base@25)
 321:           108           4320  java.util.logging.Logger$ConfigurationData (java.logging@25)
 322:            30           4320  sun.nio.ch.DatagramChannelImpl (java.base@25)
 323:           269           4304  jdk.proxy2.$Proxy41 (jdk.proxy2)
 324:           177           4248  jdk.internal.module.ServicesCatalog$ServiceProvider (java.base@25)
 325:           131           4192  java.util.regex.Pattern$Branch (java.base@25)
 326:           159           4184  [Ljava.lang.annotation.ElementType; (java.base@25)
 327:            74           4144  java.lang.Module (java.base@25)
 328:             1           4112  [Lcom.sun.org.apache.xpath.internal.objects.XObject; (java.xml@25)
 329:             1           4112  [Ljava.lang.classfile.constantpool.PoolEntry; (java.base@25)
 330:           171           4104  java.util.regex.Pattern$$Lambda/0x800000028 (java.base@25)
 331:           256           4096  java.lang.Byte (java.base@25)
 332:           256           4096  java.lang.Short (java.base@25)
 333:           102           4080  java.lang.invoke.VarHandle$AccessDescriptor (java.base@25)
 334:           253           4048  org.springframework.core.type.classreading.SimpleAnnotationMetadataReadingVisitor$Source
 335:           168           4032  org.springframework.core.annotation.AnnotationTypeMapping$MirrorSets
 336:            72           4032  org.springframework.web.servlet.mvc.method.RequestMappingInfo
 337:            83           3984  java.lang.StackTraceElement (java.base@25)
 338:           200           3960  [Lcom.sun.jmx.mbeanserver.MXBeanMapping; (java.management@25)
 339:           165           3960  java.util.concurrent.CompletableFuture (java.base@25)
 340:           123           3936  com.flashchat.chatservice.audit.hander.SensitiveWordAuditHandler$DfaNode
 341:            97           3880  com.sun.management.internal.DiagnosticCommandArgumentInfo (jdk.management@25)
 342:           131           3848  [Ljava.util.regex.Pattern$Node; (java.base@25)
 343:            80           3840  org.springframework.web.util.pattern.PathPattern
 344:            40           3840  sun.nio.ch.WEPollSelectorImpl (java.base@25)
 345:           159           3816  org.springframework.boot.origin.TextResourceOrigin
 346:           159           3816  org.springframework.boot.origin.TextResourceOrigin$Location
 347:            67           3752  com.mysql.cj.conf.StringPropertyDefinition
 348:           117           3744  javax.management.ObjectName (java.management@25)
 349:           153           3672  org.apache.ibatis.mapping.ParameterMap
 350:           153           3672  org.springframework.boot.autoconfigure.condition.OnClassCondition
 351:           152           3648  org.springframework.boot.loader.zip.ZipContent$Source
 352:           227           3632  java.lang.Character (java.base@25)
 353:           151           3624  java.util.jar.Manifest (java.base@25)
 354:           151           3624  jdk.internal.loader.URLClassPath$Loader (java.base@25)
 355:           151           3624  org.springframework.boot.loader.jar.ManifestInfo
 356:           151           3624  org.springframework.boot.loader.net.protocol.nested.NestedLocation
 357:            30           3600  io.netty.resolver.dns.DnsNameResolver
 358:            75           3600  java.lang.invoke.BoundMethodHandle$Species_LLLL (java.base@25)
 359:            50           3600  org.apache.catalina.connector.InputBuffer
 360:            50           3600  org.apache.coyote.http11.filters.ChunkedInputFilter
 361:           150           3600  org.apache.tomcat.util.http.MimeHeaders
 362:            50           3600  org.apache.tomcat.util.http.Parameters
 363:           112           3584  com.fasterxml.jackson.databind.type.TypeBindings
 364:            56           3584  io.netty.channel.ChannelOutboundBuffer
 365:            56           3584  io.netty.channel.DefaultChannelPipeline$HeadContext
 366:            64           3584  org.hibernate.validator.internal.util.ConcurrentReferenceHashMap$Segment
 367:           104           3512  [[C (java.base@25)
 368:           219           3504  java.nio.channels.spi.AbstractInterruptibleChannel$1 (java.base@25)
 369:           146           3504  java.util.concurrent.ConcurrentLinkedQueue (java.base@25)
 370:            54           3456  javax.management.openmbean.OpenMBeanAttributeInfoSupport (java.management@25)
 371:            85           3400  java.io.ObjectStreamField (java.base@25)
 372:            70           3360  org.springframework.beans.PropertyValue
 373:            52           3328  java.lang.Class$ReflectionData (java.base@25)
 374:            64           3320  [Ljavax.management.MBeanAttributeInfo; (java.management@25)
 375:           103           3296  java.net.InetAddress$InetAddressHolder (java.base@25)
 376:            27           3240  com.alibaba.fastjson2.writer.FieldWriterStringMethod
 377:           100           3200  [Lorg.apache.coyote.http11.InputFilter;
 378:           100           3200  [Lorg.apache.coyote.http11.OutputFilter;
 379:            40           3200  com.fasterxml.jackson.databind.deser.impl.MethodProperty
 380:            50           3200  org.apache.catalina.connector.OutputBuffer
 381:            50           3200  org.apache.catalina.connector.Response
 382:            99           3168  org.springframework.boot.context.properties.source.ConfigurationProperty
 383:            56           3136  io.netty.channel.DefaultChannelPipeline$TailContext
 384:            78           3120  com.alibaba.fastjson2.JSONWriter$Path
 385:            39           3120  com.fasterxml.jackson.databind.util.internal.PrivateMaxEntriesMap
 386:            30           3120  io.netty.channel.socket.nio.NioDatagramChannel
 387:            96           3072  com.mysql.cj.conf.IntegerProperty
 388:           128           3072  io.netty.buffer.IntPriorityQueue
 389:           128           3072  java.security.Permissions (java.base@25)
 390:            64           3072  org.apache.ibatis.ognl.ASTProperty
 391:           128           3072  sun.reflect.generics.tree.Wildcard (java.base@25)
 392:           126           3024  [Lorg.apache.ibatis.ognl.Node;
 393:            63           3024  javax.management.MBeanInfo (java.management@25)
 394:            94           3008  org.springframework.util.MimeType
 395:           125           3000  com.baomidou.mybatisplus.core.toolkit.support.ColumnCache
 396:           124           2976  org.apache.ibatis.scripting.xmltags.DynamicSqlSource
 397:           185           2960  java.util.regex.Pattern$$Lambda/0x800000027 (java.base@25)
 398:           123           2952  java.lang.module.ModuleDescriptor$Provides (java.base@25)
 399:            92           2944  io.micrometer.prometheusmetrics.PrometheusMeterRegistry$$Lambda/0x0000000012634400
 400:           111           2912  [Ljava.lang.reflect.Parameter; (java.base@25)
 401:            45           2880  jdk.internal.classfile.impl.AbstractPoolEntry$Utf8EntryImpl (java.base@25)
 402:            72           2880  org.apache.ibatis.scripting.xmltags.WhereSqlNode
 403:           117           2808  java.util.ImmutableCollections$ListN (java.base@25)
 404:            50           2800  [Lorg.apache.catalina.core.ApplicationFilterConfig;
 405:            50           2800  org.apache.catalina.mapper.MappingData
 406:            50           2800  org.apache.coyote.http11.Http11OutputBuffer
 407:            87           2784  java.util.concurrent.atomic.LongAdder (java.base@25)
 408:           174           2784  org.apache.ibatis.logging.nologging.NoLoggingImpl
 409:            69           2760  org.springframework.http.HttpStatus
 410:            57           2736  sun.nio.ch.SelectionKeyImpl (java.base@25)
 411:            85           2720  jdk.internal.reflect.MethodHandleObjectFieldAccessorImpl (java.base@25)
 412:            64           2688  [Lorg.hibernate.validator.internal.util.ConcurrentReferenceHashMap$HashEntry;
 413:            56           2688  io.netty.channel.AbstractChannel$CloseFuture
 414:            56           2688  io.netty.channel.DefaultChannelPipeline
 415:           112           2688  io.netty.channel.VoidChannelPromise
 416:           112           2688  org.springframework.beans.factory.config.ConstructorArgumentValues
 417:            42           2688  org.springframework.util.LinkedCaseInsensitiveMap$1
 418:           111           2664  java.lang.reflect.Executable$ParameterData (java.base@25)
 419:            67           2648  [Ljava.time.format.DateTimeFormatterBuilder$DateTimePrinterParser; (java.base@25)
 420:           110           2640  com.fasterxml.jackson.databind.type.TypeBindings$AsKey
 421:           163           2608  java.util.jar.Attributes (java.base@25)
 422:            25           2600  io.netty.channel.socket.nio.NioSocketChannel
 423:            81           2592  com.fasterxml.jackson.databind.ser.impl.ReadOnlyClassToSerializerMap$Bucket
 424:            81           2592  com.fasterxml.jackson.databind.util.TypeKey
 425:            81           2592  javax.management.MBeanAttributeInfo (java.management@25)
 426:            54           2592  org.springframework.web.cors.CorsConfiguration
 427:            23           2576  java.lang.Thread (java.base@25)
 428:            32           2560  [Lio.netty.handler.codec.CodecOutputList;
 429:           160           2560  java.net.UnixDomainSocketAddress (java.base@25)
 430:           106           2544  java.time.LocalDateTime (java.base@25)
 431:           106           2544  org.springframework.boot.origin.OriginTrackedValue
 432:           105           2520  io.netty.util.DefaultAttributeMap$DefaultAttribute
 433:           157           2512  jdk.proxy1.$Proxy0 (jdk.proxy1)
 434:           155           2480  jdk.proxy1.$Proxy8 (jdk.proxy1)
 435:            62           2480  sun.nio.cs.UTF_8$Decoder (java.base@25)
 436:           154           2464  jdk.proxy1.$Proxy3 (jdk.proxy1)
 437:           154           2464  jdk.proxy2.$Proxy34 (jdk.proxy2)
 438:            77           2464  org.springframework.core.annotation.AttributeMethods
 439:            17           2448  [Ljava.lang.invoke.MemberName; (java.base@25)
 440:            51           2448  java.lang.invoke.LambdaFormEditor$Transform (java.base@25)
 441:           153           2448  java.util.regex.Pattern$BitClass (java.base@25)
 442:           102           2448  sun.reflect.generics.reflectiveObjects.WildcardTypeImpl (java.base@25)
 443:           101           2424  org.springframework.core.io.UrlResource
 444:            50           2400  java.net.NetworkInterface (java.base@25)
 445:            60           2400  org.springframework.util.ConcurrentReferenceHashMap
 446:            33           2376  com.fasterxml.jackson.databind.introspect.AnnotatedClass
 447:            99           2376  org.springframework.boot.origin.PropertySourceOrigin
 448:           146           2336  java.util.HashMap$KeySet (java.base@25)
 449:            48           2304  io.netty.buffer.PoolChunkList
 450:            72           2304  org.springframework.web.servlet.handler.AbstractHandlerMethodMapping$MappingRegistration
 451:            41           2296  com.mysql.cj.MysqlType
 452:           142           2272  jdk.proxy1.$Proxy4 (jdk.proxy1)
 453:            94           2256  org.springframework.transaction.interceptor.RollbackRuleAttribute
 454:            56           2240  java.time.format.DateTimeFormatter (java.base@25)
 455:            40           2240  sun.nio.ch.SinkChannelImpl (java.base@25)
 456:            40           2240  sun.nio.ch.SourceChannelImpl (java.base@25)
 457:            15           2232  [Lcom.github.benmanes.caffeine.cache.Node;
 458:            93           2232  io.micrometer.core.instrument.internal.DefaultGauge
 459:            39           2184  io.netty.buffer.PoolThreadCache
 460:            39           2184  java.beans.MethodDescriptor (java.desktop@25)
 461:            39           2184  java.lang.invoke.BoundMethodHandle$Species_LLLLL (java.base@25)
 462:            68           2176  io.netty.channel.AbstractChannelHandlerContext$WriteTask
 463:           135           2160  [Ljava.security.Principal; (java.base@25)
 464:            18           2160  com.alibaba.fastjson2.writer.FieldWriterInt32Method
 465:            90           2160  io.micrometer.prometheusmetrics.MicrometerCollector
 466:            90           2160  java.time.LocalDate (java.base@25)
 467:            90           2160  sun.nio.ch.NativeSocketAddress (java.base@25)
 468:           134           2144  java.util.concurrent.atomic.AtomicReference (java.base@25)
 469:            34           2128  [Lio.netty.util.internal.PriorityQueueNode;
 470:            53           2120  sun.security.util.NamedCurve (java.base@25)
 471:            44           2112  com.github.benmanes.caffeine.cache.PSWMS
 472:            44           2112  io.micrometer.core.instrument.distribution.DistributionStatisticConfig
 473:            33           2112  io.netty.channel.ChannelOutboundBuffer$Entry
 474:            88           2112  java.util.regex.Pattern$BmpCharPropertyGreedy (java.base@25)
 475:            66           2112  java.util.regex.Pattern$Curly (java.base@25)
 476:           132           2112  jdk.internal.module.SystemModuleFinders$1 (java.base@25)
 477:           131           2096  java.util.regex.Pattern$BranchConn (java.base@25)
 478:            87           2088  jdk.internal.constant.MethodTypeDescImpl (java.base@25)
 479:            52           2080  org.apache.tomcat.util.log.UserDataHelper
 480:            65           2080  org.springframework.util.ConcurrentLruCache$Node
 481:            43           2064  org.apache.ibatis.ognl.ASTNotEq
 482:            32           2048  com.mysql.cj.conf.IntegerPropertyDefinition
 483:            64           2048  io.netty.buffer.PoolThreadCache$NormalMemoryRegionCache
 484:           128           2048  java.security.SecureClassLoader$CodeSourceKey (java.base@25)
 485:            17           2040  com.alibaba.fastjson2.reader.FieldReaderStringMethod
 486:            85           2040  java.util.concurrent.locks.AbstractQueuedSynchronizer$ConditionObject (java.base@25)
 487:            63           2016  org.springframework.asm.Type
 488:            25           2000  io.netty.channel.AdaptiveRecvByteBufAllocator$HandleImpl
 489:            50           2000  org.apache.coyote.AsyncStateMachine
 490:            50           2000  org.apache.coyote.http11.filters.ChunkedOutputFilter
 491:            50           2000  org.apache.coyote.http11.filters.IdentityInputFilter
 492:           124           1984  jdk.internal.module.SystemModuleFinders$2 (java.base@25)
 493:           123           1968  java.util.concurrent.atomic.AtomicBoolean (java.base@25)
 494:            61           1952  jdk.internal.loader.BuiltinClassLoader$LoadedModule (java.base@25)
 495:            81           1944  java.beans.MethodRef (java.desktop@25)
 496:            40           1920  com.flashchat.chatservice.dao.entity.RoomMemberDO
 497:            30           1920  io.netty.channel.socket.nio.NioDatagramChannelConfig
 498:            30           1920  org.apache.tomcat.util.res.StringManager$1
 499:            60           1920  org.springframework.format.support.FormattingConversionService$AnnotationParserConverter
 500:            60           1920  org.springframework.format.support.FormattingConversionService$AnnotationPrinterConverter
 501:           119           1904  java.util.Collections$SingletonSet (java.base@25)
 502:            17           1904  org.springframework.beans.GenericTypeAwarePropertyDescriptor
 503:            41           1896  [Ljava.math.BigInteger; (java.base@25)
 504:           118           1888  java.time.format.DateTimeFormatterBuilder$CharLiteralPrinterParser (java.base@25)
 505:            29           1856  org.springframework.beans.factory.support.DefaultListableBeanFactory$NestedDependencyDescriptor
 506:            46           1840  org.springframework.beans.factory.config.ConstructorArgumentValues$ValueHolder
 507:            57           1824  io.netty.handler.codec.http.HttpResponseStatus
 508:            57           1824  org.redisson.misc.AsyncSemaphore
 509:            76           1824  org.springframework.core.convert.TypeDescriptor
 510:            45           1800  java.math.BigDecimal (java.base@25)
 511:            64           1792  [Ljava.lang.constant.ClassDesc; (java.base@25)
 512:           112           1792  com.esotericsoftware.kryo.SerializerFactory$ReflectionSerializerFactory
 513:            32           1792  io.netty.bootstrap.Bootstrap
 514:            56           1792  io.netty.channel.DefaultChannelId
 515:            32           1792  org.apache.ibatis.mapping.ParameterMapping
 516:            74           1776  java.lang.StringConcatHelper$Concat1 (java.base@25)
 517:            74           1776  java.time.Duration (java.base@25)
 518:            73           1752  org.springframework.core.annotation.AnnotationTypeMappings
 519:            27           1728  io.netty.util.concurrent.ScheduledFutureTask
 520:            72           1728  java.time.LocalTime (java.base@25)
 521:           108           1728  java.util.concurrent.atomic.AtomicLongArray (java.base@25)
 522:            36           1728  org.HdrHistogram.DoubleHistogram
 523:            54           1728  org.HdrHistogram.DoubleRecorder
 524:            72           1728  org.apache.ibatis.scripting.xmltags.VarDeclSqlNode
 525:            43           1720  java.lang.ref.Finalizer (java.base@25)
 526:            71           1704  java.lang.invoke.Invokers (java.base@25)
 527:            53           1696  java.security.spec.EllipticCurve (java.base@25)
 528:           106           1696  java.util.concurrent.ConcurrentHashMap$ValuesView (java.base@25)
 529:            53           1696  sun.security.util.ObjectIdentifier (java.base@25)
 530:            14           1680  com.alibaba.fastjson2.writer.FieldWriterObjectMethod
 531:            30           1680  io.micrometer.prometheusmetrics.PrometheusTimer
 532:             6           1680  java.util.concurrent.ConcurrentHashMap$CounterCell (java.base@25)
 533:            42           1680  javax.management.MBeanOperationInfo (java.management@25)
 534:            14           1680  org.apache.tomcat.util.threads.TaskThread
 535:            42           1680  org.springframework.util.LinkedCaseInsensitiveMap
 536:            52           1664  java.lang.invoke.LambdaForm$Kind (java.base@25)
 537:            73           1656  [Lorg.springframework.core.MethodParameter;
 538:             3           1656  com.github.benmanes.caffeine.cache.MpscGrowableArrayQueue
 539:            69           1656  io.netty.util.internal.logging.LocationAwareSlf4JLogger
 540:            41           1640  com.mysql.cj.MysqlCharset
 541:            51           1632  com.baomidou.mybatisplus.annotation.DbType
 542:            34           1632  java.util.concurrent.locks.ReentrantReadWriteLock$NonfairSync (java.base@25)
 543:            51           1632  org.hibernate.validator.internal.metadata.core.BuiltinConstraint
 544:            29           1624  io.netty.util.HashedWheelTimer$HashedWheelTimeout
 545:            67           1608  java.lang.String$$StringConcat/0x0000000012042800 (java.base@25)
 546:            67           1608  java.time.format.DateTimeFormatterBuilder$CompositePrinterParser (java.base@25)
 547:            67           1608  java.util.regex.Pattern$Slice (java.base@25)
 548:            67           1608  jdk.internal.constant.ClassOrInterfaceDescImpl (java.base@25)
 549:            50           1600  [Lorg.apache.tomcat.util.http.ServerCookie;
 550:            25           1600  io.netty.channel.socket.nio.NioSocketChannel$NioSocketChannelConfig
 551:            50           1600  org.apache.catalina.core.ApplicationFilterChain
 552:            50           1600  org.apache.coyote.http11.Http11InputBuffer$HeaderParseData
 553:            50           1600  org.apache.coyote.http11.filters.BufferedInputFilter
 554:            50           1600  org.apache.coyote.http11.filters.IdentityOutputFilter
 555:            50           1600  org.apache.tomcat.util.buf.B2CConverter
 556:            50           1600  org.apache.tomcat.util.buf.UEncoder
 557:            50           1600  org.apache.tomcat.util.http.parser.HttpHeaderParser
 558:            50           1600  org.apache.tomcat.util.http.parser.HttpHeaderParser$HeaderParseData
 559:            40           1600  org.springframework.beans.factory.support.DisposableBeanAdapter
 560:            66           1584  java.net.InetSocketAddress$InetSocketAddressHolder (java.base@25)
 561:            33           1584  java.time.temporal.ValueRange (java.base@25)
 562:            98           1568  com.esotericsoftware.kryo.SerializerFactory$SingletonSerializerFactory
 563:            49           1568  com.sun.management.internal.DiagnosticCommandImpl$Wrapper (jdk.management@25)
 564:            49           1568  com.sun.management.internal.DiagnosticCommandInfo (jdk.management@25)
 565:            13           1560  com.alibaba.fastjson2.reader.FieldReaderInt32Method
 566:            13           1560  com.alibaba.fastjson2.writer.FieldWriterInt64Method
 567:            65           1560  org.springframework.util.ConcurrentLruCache$CacheEntry
 568:            56           1536  [Lio.netty.util.DefaultAttributeMap$DefaultAttribute;
 569:            48           1536  com.fasterxml.jackson.databind.introspect.AnnotatedConstructor
 570:            32           1536  io.netty.channel.DefaultChannelPromise
 571:            64           1536  java.lang.ThreadLocal$ThreadLocalMap (java.base@25)
 572:            48           1536  java.net.Inet6Address$Inet6AddressHolder (java.base@25)
 573:            64           1536  java.util.regex.Pattern$CharPropertyGreedy (java.base@25)
 574:            64           1536  java.util.regex.Pattern$SliceI (java.base@25)
 575:            64           1536  org.redisson.client.protocol.decoder.ObjectListReplayDecoder
 576:            24           1536  sun.security.ec.SunEC$ProviderServiceA (java.base@25)
 577:            39           1504  [Lcom.fasterxml.jackson.databind.ser.BeanPropertyWriter;
 578:            47           1504  java.util.concurrent.CountDownLatch$Sync (java.base@25)
 579:            47           1504  java.util.concurrent.locks.AbstractQueuedSynchronizer$ConditionNode (java.base@25)
 580:            47           1504  org.springframework.format.support.FormattingConversionService$PrinterConverter
 581:            31           1488  java.lang.invoke.VarHandleReferences$FieldInstanceReadWrite (java.base@25)
 582:            62           1488  java.lang.module.ResolvedModule (java.base@25)
 583:            62           1488  jdk.internal.module.SystemModuleFinders$SystemModuleReader (java.base@25)
 584:            46           1472  io.netty.util.concurrent.DefaultPromise
 585:            51           1464  [Ljavax.management.MBeanOperationInfo; (java.management@25)
 586:            26           1456  org.apache.ibatis.scripting.xmltags.ForEachSqlNode
 587:            10           1440  [Lcom.fasterxml.jackson.core.sym.CharsToNameCanonicalizer$Bucket;
 588:            30           1440  io.micrometer.core.instrument.distribution.TimeWindowMax
 589:            36           1440  io.micrometer.prometheusmetrics.PrometheusMeterRegistry$$Lambda/0x0000000012650230
 590:            30           1440  java.time.temporal.ChronoField (java.base@25)
 591:            45           1440  javax.management.MBeanParameterInfo (java.management@25)
 592:            90           1440  jdk.proxy2.$Proxy12 (jdk.proxy2)
 593:            90           1440  jdk.proxy2.$Proxy17 (jdk.proxy2)
 594:            60           1440  org.apache.ibatis.scripting.xmltags.ChooseSqlNode
 595:             2           1416  [[B (java.base@25)
 596:            44           1408  com.mysql.cj.ServerVersion
 597:            88           1408  jdk.proxy2.$Proxy35 (jdk.proxy2)
 598:            25           1400  com.fasterxml.jackson.databind.type.MapType
 599:             1           1376  [Ljdk.internal.math.FDBigInteger; (java.base@25)
 600:            19           1368  org.springframework.beans.factory.annotation.AutowiredAnnotationBeanPostProcessor$ShortcutDependencyDescriptor
 601:            48           1360  [Lorg.redisson.client.protocol.decoder.MultiDecoder;
 602:            34           1360  com.fasterxml.jackson.databind.MapperFeature
 603:            34           1360  java.util.PropertyResourceBundle (java.base@25)
 604:            42           1344  com.alibaba.fastjson2.JSONWriter$Feature
 605:            56           1344  io.netty.channel.SucceededChannelFuture
 606:            84           1344  java.util.TreeMap$KeySet (java.base@25)
 607:            28           1344  java.util.concurrent.ThreadPoolExecutor$Worker (java.base@25)
 608:            56           1344  java.util.regex.Pattern$$Lambda/0x800000030 (java.base@25)
 609:            24           1344  org.redisson.client.RedisConnection
 610:            24           1344  org.redisson.client.handler.CommandDecoder
 611:            42           1320  [Lcom.fasterxml.jackson.databind.introspect.AnnotationMap;
 612:            55           1320  java.net.Inet4Address (java.base@25)
 613:            82           1312  java.util.IdentityHashMap$KeySet (java.base@25)
 614:            41           1312  org.apache.ibatis.type.JdbcType
 615:            54           1296  java.security.spec.ECPoint (java.base@25)
 616:            54           1296  org.springframework.boot.actuate.endpoint.EndpointId
 617:            23           1288  javax.management.openmbean.CompositeType (java.management@25)
 618:            29           1280  [Ljava.lang.reflect.Field; (java.base@25)
 619:            53           1272  org.springframework.boot.origin.OriginTrackedValue$OriginTrackedCharSequence
 620:            79           1264  org.springframework.web.servlet.mvc.condition.RequestMethodsRequestCondition
 621:            78           1248  jdk.proxy2.$Proxy72 (jdk.proxy2)
 622:            26           1248  sun.nio.ch.SocketAdaptor (java.base@25)
 623:            49           1240  [Lcom.sun.management.internal.DiagnosticCommandArgumentInfo; (jdk.management@25)
 624:            31           1240  io.netty.channel.nio.AbstractNioMessageChannel$NioMessageUnsafe
 625:            77           1232  org.apache.juli.logging.DirectJDKLog
 626:            51           1224  java.util.regex.Pattern$Start (java.base@25)
 627:            51           1224  org.jboss.logging.Slf4jLocationAwareLogger
 628:            19           1216  com.fasterxml.jackson.databind.cfg.BaseSettings
 629:            38           1216  io.netty.util.internal.LongAdderCounter
 630:            76           1216  java.util.TreeSet (java.base@25)
 631:            76           1216  java.util.concurrent.atomic.AtomicReferenceArray (java.base@25)
 632:            76           1216  sun.reflect.generics.tree.ArrayTypeSignature (java.base@25)
 633:            10           1200  com.alibaba.fastjson2.reader.FieldReaderInt64Method
 634:            10           1200  com.alibaba.fastjson2.reader.FieldReaderObject
 635:            50           1200  org.apache.catalina.core.ApplicationMapping
 636:            50           1200  org.apache.catalina.util.ParameterMap
 637:            50           1200  org.apache.coyote.http11.filters.GzipOutputFilter
 638:            50           1200  org.apache.coyote.http11.filters.GzipOutputFilter$FakeOutputStream
 639:            50           1200  org.apache.tomcat.util.http.ServerCookies
 640:            30           1200  sun.nio.ch.DatagramSocketAdaptor (java.base@25)
 641:            31           1192  [Lorg.springframework.asm.Type;
 642:            49           1176  org.apache.coyote.ActionCode
 643:            49           1176  org.springframework.core.convert.support.GenericConversionService$ConverterFactoryAdapter
 644:            73           1168  org.springframework.web.servlet.mvc.condition.PathPatternsRequestCondition
 645:            29           1160  org.springframework.cglib.proxy.Enhancer$EnhancerKey
 646:            48           1152  com.fasterxml.classmate.members.RawMethod
 647:            18           1152  io.micrometer.prometheusmetrics.PrometheusHistogram
 648:            48           1152  java.net.Inet6Address (java.base@25)
 649:            16           1152  java.util.concurrent.ScheduledThreadPoolExecutor$ScheduledFutureTask (java.base@25)
 650:            72           1152  org.springframework.core.log.CompositeLog
 651:            18           1152  sun.security.ec.SunEC$ProviderService (java.base@25)
 652:             1           1136  [Lsun.security.util.KnownOIDs; (java.base@25)
 653:            47           1128  org.springframework.format.support.FormattingConversionService$ParserConverter
 654:            28           1120  com.sun.jmx.mbeanserver.MXBeanSupport (java.management@25)
 655:            35           1120  io.micrometer.prometheusmetrics.PrometheusMeterRegistry$$Lambda/0x000000001263b608
 656:            70           1120  io.netty.util.internal.TypeParameterMatcher$ReflectiveMatcher
 657:            35           1120  java.util.concurrent.atomic.DoubleAdder (java.base@25)
 658:            28           1120  org.springframework.beans.propertyeditors.CustomNumberEditor
 659:            46           1104  java.util.regex.Pattern$Ques (java.base@25)
 660:            46           1104  org.springframework.web.servlet.mvc.condition.ProducesRequestCondition$ProduceMediaTypeExpression
 661:            68           1088  org.redisson.client.protocol.convertor.VoidReplayConvertor
 662:            17           1088  org.springframework.aop.framework.ProxyFactory
 663:            17           1088  org.springframework.boot.actuate.endpoint.web.servlet.AbstractWebMvcEndpointHandlerMapping$WebMvcEndpointHandlerMethod
 664:            45           1080  com.sun.jmx.mbeanserver.PerInterface$MethodAndSig (java.management@25)
 665:            12           1056  com.baomidou.mybatisplus.core.metadata.TableInfo
 666:            66           1056  com.esotericsoftware.kryo.serializers.JavaSerializer
 667:            66           1056  java.net.InetSocketAddress (java.base@25)
 668:            44           1056  org.springframework.util.ConcurrentReferenceHashMap$Entry
 669:             1           1040  [Ljava.lang.Byte; (java.base@25)
 670:             1           1040  [Ljava.lang.Integer; (java.base@25)
 671:             1           1040  [Ljava.lang.Long; (java.base@25)
 672:             1           1040  [Ljava.lang.Short; (java.base@25)
 673:            26           1040  com.baomidou.mybatisplus.core.enums.SqlMethod
 674:            26           1040  io.netty.channel.AdaptiveRecvByteBufAllocator
 675:            41           1032  [Lorg.springframework.util.MimeType;
 676:            43           1032  org.springframework.core.annotation.AnnotationTypeMapping$MirrorSets$MirrorSet
 677:            32           1024  io.netty.handler.codec.CodecOutputList$CodecOutputLists
 678:            32           1024  java.util.concurrent.atomic.AtomicReferenceFieldUpdater$AtomicReferenceFieldUpdaterImpl (java.base@25)
 679:            32           1024  org.springframework.boot.loader.zip.VirtualZipDataBlock$DataPart
 680:            18           1008  io.micrometer.core.instrument.distribution.TimeWindowPercentileHistogram
 681:            42           1008  io.netty.handler.codec.dns.DnsRecordType
 682:            21           1008  java.lang.invoke.BoundMethodHandle$SpeciesData (java.base@25)
 683:            18           1008  java.util.Properties (java.base@25)
 684:            18           1008  sun.util.calendar.ZoneInfo (java.base@25)
 685:            31           1000  [Ljava.util.concurrent.atomic.AtomicLong; (java.base@25)
 686:            41           1000  [Ljavax.management.MBeanParameterInfo; (java.management@25)
 687:            25           1000  io.netty.channel.socket.nio.NioSocketChannel$NioSocketChannelUnsafe
 688:             4            992  [Lcom.fasterxml.jackson.databind.ser.impl.ReadOnlyClassToSerializerMap$Bucket;
 689:            31            992  io.netty.channel.ChannelOption
 690:            31            992  java.lang.invoke.VarHandle$AccessMode (java.base@25)
 691:             3            984  com.github.benmanes.caffeine.cache.SSSMSA
 692:            41            984  io.netty.util.internal.ThreadExecutorMap$1
 693:            30            960  [Lsun.nio.ch.NativeSocketAddress; (java.base@25)
 694:            10            960  com.fasterxml.jackson.databind.DeserializationConfig
 695:            20            960  com.fasterxml.jackson.databind.ser.BeanSerializer
 696:            30            960  io.netty.resolver.dns.InflightNameResolver
 697:            60            960  java.lang.ThreadLocal (java.base@25)
 698:            24            960  org.apache.ibatis.scripting.xmltags.SetSqlNode
 699:            24            960  org.apache.ibatis.scripting.xmltags.TrimSqlNode
 700:            30            960  org.redisson.connection.SequentialDnsAddressResolverFactory$LimitedInetSocketAddressResolver
 701:            40            960  sun.nio.ch.PipeImpl (java.base@25)
 702:            39            936  com.fasterxml.jackson.databind.PropertyName
 703:            39            936  com.fasterxml.jackson.databind.util.LRUMap
 704:            39            936  com.fasterxml.jackson.databind.util.internal.LinkedDeque
 705:            39            936  io.netty.channel.nio.SelectedSelectionKeySet
 706:            39            936  io.netty.channel.nio.SelectedSelectionKeySetSelector
 707:            39            936  io.netty.util.internal.ThreadExecutorMap$2
 708:             1            928  [Lcom.mysql.cj.conf.PropertyKey;
 709:            29            928  com.fasterxml.jackson.databind.DeserializationFeature
 710:            29            928  com.sun.jmx.mbeanserver.WeakIdentityHashMap$IdentityWeakReference (java.management@25)
 711:            29            928  org.springframework.beans.factory.support.DefaultListableBeanFactory$DependencyObjectProvider
 712:            29            928  org.springframework.cglib.core.WeakCacheKey
 713:            29            928  org.springframework.cglib.proxy.Enhancer$EnhancerFactoryData
 714:            23            920  java.lang.reflect.AccessFlag (java.base@25)
 715:            23            920  org.springframework.beans.factory.annotation.AutowiredAnnotationBeanPostProcessor$AutowiredFieldElement
 716:            22            912  [Ljava.lang.invoke.MethodType; (java.base@25)
 717:            57            912  io.netty.util.concurrent.FastThreadLocalRunnable
 718:            19            912  javax.management.openmbean.ArrayType (java.management@25)
 719:            51            904  [Ljava.net.InetAddress; (java.base@25)
 720:            56            896  io.netty.channel.VoidChannelPromise$1
 721:            56            896  io.netty.channel.nio.AbstractNioChannel$1
 722:            16            896  javax.management.openmbean.OpenMBeanParameterInfoSupport (java.management@25)
 723:            16            896  jdk.xml.internal.XMLSecurityManager$Limit (java.xml@25)
 724:            56            896  org.springframework.core.convert.support.ObjectToStringConverter
 725:            28            896  sun.nio.ch.DummySocketImpl (java.base@25)
 726:            28            896  sun.nio.fs.NativeBuffer (java.base@25)
 727:            14            896  sun.security.mscapi.SunMSCAPI$ProviderService (jdk.crypto.mscapi@25)
 728:             3            888  [Lorg.springframework.http.HttpStatus;
 729:            50            880  [Ljava.net.InterfaceAddress; (java.base@25)
 730:            10            880  com.fasterxml.jackson.databind.SerializationConfig
 731:            11            880  java.util.concurrent.ThreadPoolExecutor (java.base@25)
 732:            22            880  jdk.internal.vm.SharedThreadContainer (java.base@25)
 733:            55            880  jdk.proxy1.$Proxy1 (jdk.proxy1)
 734:             1            872  [Ljava.lang.classfile.Opcode; (java.base@25)
 735:            11            864  [Ljava.lang.StackTraceElement; (java.base@25)
 736:            27            864  com.alibaba.fastjson2.JSONReader$Feature
 737:            18            864  java.lang.invoke.MethodHandleImpl$CountingWrapper (java.base@25)
 738:             6            864  java.text.DecimalFormat (java.base@25)
 739:            36            864  java.util.KeyValueHolder (java.base@25)
 740:            21            840  [Ljava.lang.invoke.BoundMethodHandle$SpeciesData; (java.base@25)
 741:            15            840  com.fasterxml.jackson.databind.jsontype.impl.AsPropertyTypeDeserializer
 742:            35            840  io.micrometer.prometheusmetrics.PrometheusCounter
 743:            21            840  java.util.EnumMap (java.base@25)
 744:            35            840  java.util.concurrent.locks.ReentrantReadWriteLock (java.base@25)
 745:            35            840  org.hibernate.validator.internal.properties.Signature
 746:            35            840  org.springframework.boot.autoconfigure.condition.OnWebApplicationCondition
 747:            10            832  [Ljava.lang.reflect.AccessFlag; (java.base@25)
 748:            26            832  com.fasterxml.jackson.databind.SerializationFeature
 749:            26            832  java.lang.reflect.ClassFileFormatVersion (java.base@25)
 750:            52            832  jdk.proxy2.$Proxy64 (jdk.proxy2)
 751:            13            832  org.jcp.xml.dsig.internal.dom.XMLDSigRI$ProviderService (java.xml.crypto@25)
 752:            26            832  sun.reflect.generics.repository.ConstructorRepository (java.base@25)
 753:             3            816  com.github.benmanes.caffeine.cache.BoundedBuffer$RingBuffer
 754:            34            816  io.micrometer.common.ImmutableKeyValue
 755:            17            816  org.apache.ibatis.reflection.Reflector
 756:            51            816  org.hibernate.validator.internal.util.logging.Log_$logger
 757:            50            800  [Ljava.net.NetworkInterface; (java.base@25)
 758:            10            800  com.fasterxml.jackson.databind.MappingJsonFactory
 759:            50            800  org.apache.coyote.http11.Http11InputBuffer$SocketInputBuffer
 760:            50            800  org.apache.coyote.http11.Http11OutputBuffer$SocketOutputBuffer
 761:            50            800  org.apache.coyote.http11.filters.VoidInputFilter
 762:            50            800  org.apache.coyote.http11.filters.VoidOutputFilter
 763:            50            800  org.apache.tomcat.util.buf.UDecoder
 764:            20            800  org.hibernate.validator.internal.metadata.aggregated.CascadingMetaDataBuilder
 765:            25            800  org.redisson.client.handler.CommandEncoder
 766:            25            800  org.redisson.client.handler.PingConnectionHandler$$Lambda/0x000000001251f9c8
 767:             9            792  com.fasterxml.jackson.databind.deser.std.StdValueInstantiator
 768:            33            792  io.netty.util.internal.DefaultPriorityQueue
 769:            24            784  [Ljava.io.ObjectStreamField; (java.base@25)
 770:            49            784  jdk.proxy2.$Proxy44 (jdk.proxy2)
 771:            14            784  org.springframework.aop.framework.AdvisedSupport
 772:            24            768  com.baomidou.mybatisplus.core.enums.SqlKeyword
 773:             8            768  com.fasterxml.jackson.databind.deser.BeanDeserializer
 774:            32            768  com.sun.jmx.mbeanserver.DefaultMXBeanMappingFactory$IdentityMapping (java.management@25)
 775:            24            768  io.micrometer.core.instrument.cumulative.CumulativeFunctionCounter
 776:            24            768  io.micrometer.prometheusmetrics.PrometheusMeterRegistry$$Lambda/0x0000000012639500
 777:            32            768  java.security.Provider$EngineDescription (java.base@25)
 778:            24            768  java.util.LinkedList (java.base@25)
 779:            16            768  java.util.concurrent.ConcurrentHashMap$TreeBin (java.base@25)
 780:            24            768  org.redisson.client.handler.RedisConnectionHandler
 781:            48            768  org.redisson.client.protocol.decoder.ListMultiDecoder2
 782:            19            760  org.springframework.beans.factory.annotation.AutowiredAnnotationBeanPostProcessor$AutowiredMethodElement
 783:            13            752  [Ljava.util.Hashtable$Entry; (java.base@25)
 784:            47            752  java.util.concurrent.CountDownLatch (java.base@25)
 785:            31            744  com.sun.jmx.mbeanserver.NamedObject (java.management@25)
 786:            23            736  org.yaml.snakeyaml.tokens.Token$ID
 787:            23            736  sun.management.MappedMXBeanType$BasicMXBeanType (java.management@25)
 788:             9            720  [Lio.netty.handler.codec.DefaultHeaders$HeaderEntry;
 789:            30            720  [Lio.netty.util.concurrent.GenericFutureListener;
 790:            10            720  com.fasterxml.jackson.core.sym.ByteQuadsCanonicalizer
 791:            10            720  com.fasterxml.jackson.databind.ObjectMapper
 792:            10            720  com.fasterxml.jackson.databind.deser.DefaultDeserializationContext$Impl
 793:            10            720  com.fasterxml.jackson.databind.ser.DefaultSerializerProvider$Impl
 794:            30            720  io.netty.channel.FixedRecvByteBufAllocator
 795:            30            720  io.netty.resolver.AddressResolverGroup$1
 796:            30            720  io.netty.resolver.dns.DnsNameResolver$DnsResponseHandler
 797:            30            720  io.netty.resolver.dns.ThreadLocalNameServerAddressStream
 798:            30            720  io.netty.resolver.dns.ThreadLocalNameServerAddressStream$1
 799:            30            720  io.netty.util.concurrent.DefaultFutureListeners
 800:             2            720  java.util.concurrent.ForkJoinPool (java.base@25)
 801:            45            720  jdk.proxy2.$Proxy144 (jdk.proxy2)
 802:            30            720  org.apache.tomcat.util.res.StringManager
 803:            18            720  org.springframework.boot.actuate.endpoint.annotation.EndpointDiscoverer$EndpointBean
 804:            18            720  org.springframework.boot.actuate.endpoint.web.annotation.DiscoveredWebEndpoint
 805:            10            720  sun.invoke.util.Wrapper (java.base@25)
 806:            30            720  sun.nio.ch.DatagramChannelImpl$$Lambda/0x00000000124c6898 (java.base@25)
 807:            22            704  com.esotericsoftware.kryo.Registration
 808:            22            704  java.util.concurrent.atomic.AtomicIntegerFieldUpdater$AtomicIntegerFieldUpdaterImpl (java.base@25)
 809:            11            704  org.springframework.beans.factory.config.DependencyDescriptor
 810:            29            696  com.fasterxml.jackson.databind.introspect.AnnotatedClass$Creators
 811:            29            696  org.apache.ibatis.builder.StaticSqlSource
 812:             3            688  [Lorg.springframework.boot.context.properties.source.ConfigurationPropertyName;
 813:            17            680  org.springframework.util.AntPathMatcher
 814:            42            672  jdk.proxy2.$Proxy43 (jdk.proxy2)
 815:            12            672  org.apache.ibatis.ognl.ASTChain
 816:            28            672  sun.nio.fs.NativeBuffer$Deallocator (java.base@25)
 817:             6            672  sun.security.provider.HashDrbg (java.base@25)
 818:            26            656  [Ljava.lang.reflect.Constructor; (java.base@25)
 819:            11            656  [Ljdk.xml.internal.JdkProperty$State; (java.xml@25)
 820:             2            648  [Ljava.net.URL; (java.base@25)
 821:            27            648  jdk.internal.classfile.impl.StackMapGenerator$Type (java.base@25)
 822:             8            640  [Ljava.util.concurrent.RunnableScheduledFuture; (java.base@25)
 823:            10            640  com.fasterxml.jackson.core.sym.CharsToNameCanonicalizer
 824:            20            640  com.flashchat.chatservice.dto.enums.WsRespDTOTypeEnum
 825:            16            640  com.sun.jmx.mbeanserver.PerInterface (java.management@25)
 826:            40            640  java.nio.channels.spi.AbstractSelector$1 (java.base@25)
 827:            40            640  org.redisson.client.protocol.convertor.IntegerReplayConvertor
 828:            16            640  org.springframework.boot.actuate.endpoint.web.WebOperationRequestPredicate
 829:            13            624  com.fasterxml.jackson.core.JsonToken
 830:            39            624  io.netty.channel.nio.NioEventLoop$1
 831:            26            624  io.netty.handler.codec.ReplayingDecoderByteBuf
 832:            39            624  io.netty.util.concurrent.SingleThreadEventExecutor$4
 833:            26            624  java.lang.classfile.Opcode$Kind (java.base@25)
 834:            26            624  java.security.spec.ECFieldF2m (java.base@25)
 835:            13            624  java.util.Hashtable (java.base@25)
 836:            26            624  java.util.regex.Pattern$Dollar (java.base@25)
 837:            39            624  jdk.proxy2.$Proxy21 (jdk.proxy2)
 838:            13            624  org.hibernate.validator.internal.metadata.raw.ConstrainedExecutable
 839:            26            624  sun.reflect.generics.scope.ConstructorScope (java.base@25)
 840:            11            616  java.lang.invoke.BoundMethodHandle$Species_LLLLLL (java.base@25)
 841:             7            616  java.text.DecimalFormatSymbols (java.base@25)
 842:             4            608  com.alibaba.fastjson2.writer.FieldWriterBoolMethod
 843:            19            608  com.fasterxml.jackson.core.JsonParser$Feature
 844:            11            592  [Lcom.fasterxml.jackson.databind.cfg.CoercionAction;
 845:             4            576  [Lio.netty.buffer.IntPriorityQueue;
 846:             3            576  [Ljava.lang.invoke.LambdaForm; (java.base@25)
 847:            18            576  [Lorg.HdrHistogram.DoubleRecorder;
 848:            12            576  com.fasterxml.jackson.databind.ser.impl.IndexedListSerializer
 849:             8            576  com.fasterxml.jackson.datatype.jsr310.JavaTimeModule
 850:            18            576  com.mysql.cj.conf.EnumProperty
 851:            18            576  java.io.File (java.base@25)
 852:            24            576  java.util.concurrent.LinkedBlockingQueue$Node (java.base@25)
 853:            12            576  org.apache.tomcat.util.threads.ThreadPoolExecutor$Worker
 854:            24            576  org.redisson.cache.LRUCacheMap$OrderedSet
 855:            24            576  org.redisson.client.handler.CommandsQueue
 856:            24            576  org.redisson.misc.CompletableFutureWrapper
 857:            24            576  org.redisson.misc.SpinLock
 858:            18            576  org.springframework.boot.actuate.endpoint.annotation.DiscoveredOperationMethod
 859:            18            576  org.springframework.format.datetime.standard.TemporalAccessorParser
 860:             9            576  sun.security.mscapi.SunMSCAPI$ProviderServiceA (jdk.crypto.mscapi@25)
 861:             6            576  sun.util.calendar.Gregorian$Date (java.base@25)
 862:            14            560  io.netty.handler.codec.DefaultHeaders$HeaderEntry
 863:            14            560  java.lang.invoke.BoundMethodHandle$Species_I (java.base@25)
 864:             5            560  java.util.GregorianCalendar (java.base@25)
 865:             7            560  java.util.concurrent.ScheduledThreadPoolExecutor (java.base@25)
 866:             7            560  java.util.concurrent.TimeUnit (java.base@25)
 867:            35            560  java.util.concurrent.locks.ReentrantReadWriteLock$ReadLock (java.base@25)
 868:            35            560  java.util.concurrent.locks.ReentrantReadWriteLock$Sync$ThreadLocalHoldCounter (java.base@25)
 869:            35            560  java.util.concurrent.locks.ReentrantReadWriteLock$WriteLock (java.base@25)
 870:            14            560  javax.management.openmbean.SimpleType (java.management@25)
 871:            35            560  jdk.proxy2.$Proxy2 (jdk.proxy2)
 872:             3            552  com.mysql.cj.jdbc.ConnectionImpl
 873:            23            552  org.springframework.boot.actuate.endpoint.invoke.reflect.OperationMethodParameter
 874:            17            544  com.alibaba.fastjson2.internal.asm.Type
 875:            17            544  io.netty.util.AttributeKey
 876:            17            544  java.lang.invoke.VarForm (java.base@25)
 877:            17            544  java.util.concurrent.locks.AbstractQueuedSynchronizer$ExclusiveNode (java.base@25)
 878:            17            544  org.hibernate.validator.internal.engine.valueextraction.ValueExtractorDescriptor
 879:            17            544  org.springframework.boot.ansi.AnsiColor
 880:             1            544  org.springframework.boot.web.embedded.tomcat.TomcatEmbeddedContext
 881:             1            528  [Ljava.lang.Character; (java.base@25)
 882:            22            528  com.alibaba.fastjson2.function.impl.StringToAny
 883:            33            528  io.netty.resolver.dns.NameServerComparator
 884:            33            528  java.util.regex.Pattern$$Lambda/0x80000002f (java.base@25)
 885:            22            528  java.util.regex.Pattern$CharProperty (java.base@25)
 886:            13            520  java.lang.WeakPairMap$Pair$Weak (java.base@25)
 887:            13            520  org.apache.ibatis.binding.MapperMethod$MethodSignature
 888:            13            520  org.apache.tomcat.util.collections.ManagedConcurrentWeakHashMap$Key
 889:            13            520  org.springframework.beans.factory.annotation.InitDestroyAnnotationBeanPostProcessor$LifecycleMetadata
 890:            13            520  org.springframework.boot.jdbc.DatabaseDriver
 891:            13            520  org.springframework.core.annotation.SynthesizedMergedAnnotationInvocationHandler
 892:            13            520  org.springframework.core.io.ResourceEditor
 893:            13            520  org.springframework.web.util.pattern.CaptureVariablePathElement
 894:            23            512  [Ljavax.management.MBeanNotificationInfo; (java.management@25)
 895:             8            512  com.sun.security.sasl.Provider$ProviderService (java.security.sasl@25)
 896:            32            512  io.netty.bootstrap.BootstrapConfig
 897:            32            512  io.netty.buffer.PoolThreadCache$FreeOnFinalize
 898:            16            512  java.time.temporal.ChronoUnit (java.base@25)
 899:            16            512  jdk.internal.classfile.impl.AbstractPoolEntry$MethodRefEntryImpl (java.base@25)
 900:            16            512  jdk.internal.classfile.impl.AbstractPoolEntry$NameAndTypeEntryImpl (java.base@25)
 901:            32            512  jdk.proxy2.$Proxy121 (jdk.proxy2)
 902:            32            512  jdk.proxy2.$Proxy143 (jdk.proxy2)
 903:            32            512  jdk.proxy2.$Proxy19 (jdk.proxy2)
 904:            32            512  org.redisson.client.protocol.convertor.BooleanReplayConvertor
 905:            16            512  org.springframework.boot.actuate.endpoint.web.annotation.DiscoveredWebOperation
 906:            32            512  org.springframework.boot.autoconfigure.condition.OnPropertyCondition
 907:             3            504  com.mysql.cj.protocol.a.NativeProtocol
 908:            21            504  java.util.AbstractMap$SimpleImmutableEntry (java.base@25)
 909:            21            504  org.springframework.boot.loader.zip.ByteArrayDataBlock
 910:            31            496  jdk.proxy2.$Proxy69 (jdk.proxy2)
 911:            31            496  org.redisson.client.protocol.decoder.ObjectDecoder
 912:             6            480  com.baomidou.mybatisplus.core.MybatisConfiguration$StrictMap
 913:            30            480  io.micrometer.prometheusmetrics.PrometheusMeterRegistry$$Lambda/0x0000000012650000
 914:            30            480  io.netty.resolver.dns.DnsNameResolver$DnsResolveChannelPerResolverProvider
 915:            30            480  io.netty.resolver.dns.DnsQueryContextManager
 916:            15            480  jakarta.websocket.CloseReason$CloseCodes
 917:            20            480  java.lang.NamedPackage (java.base@25)
 918:            12            480  java.time.format.DateTimeFormatterBuilder$NanosPrinterParser (java.base@25)
 919:            15            480  java.util.ImmutableCollections$MapN (java.base@25)
 920:            10            480  java.util.concurrent.LinkedBlockingQueue (java.base@25)
 921:            30            480  java.util.regex.Pattern$Begin (java.base@25)
 922:             4            480  jdk.internal.misc.InnocuousThread (java.base@25)
 923:            20            480  org.springframework.boot.loader.jar.MetaInfVersionsInfo
 924:            20            480  org.springframework.util.unit.DataSize
 925:             4            480  reactor.netty.resources.DefaultLoopResources$EventLoop
 926:            12            480  sun.nio.cs.ISO_8859_1$Decoder (java.base@25)
 927:            11            464  [Lorg.hibernate.validator.internal.metadata.core.BuiltinConstraint;
 928:            29            464  java.util.HashMap$Values (java.base@25)
 929:            29            464  jdk.proxy2.$Proxy27 (jdk.proxy2)
 930:            29            464  org.apache.ibatis.scripting.defaults.RawSqlSource
 931:            29            464  org.redisson.client.protocol.decoder.ObjectSetReplayDecoder
 932:            19            456  ch.qos.logback.core.spi.ContextAwareBase
 933:            19            456  com.fasterxml.jackson.databind.module.SimpleSerializers
 934:            19            456  javax.management.StandardMBean (java.management@25)
 935:            19            456  org.springframework.web.servlet.mvc.condition.ProducesRequestCondition
 936:            14            448  [Lsun.nio.fs.NativeBuffer; (java.base@25)
 937:            14            448  com.sun.org.apache.xml.internal.dtm.ref.ExtendedType (java.xml@25)
 938:            14            448  org.springframework.boot.logging.LoggingSystemProperty
 939:             8            448  sun.management.MemoryPoolImpl (java.management@25)
 940:             7            440  [Lcom.alibaba.fastjson2.writer.FieldWriter;
 941:            11            440  com.sun.jmx.mbeanserver.DefaultMXBeanMappingFactory$CompositeMapping (java.management@25)
 942:            11            440  java.lang.OutOfMemoryError (java.base@25)
 943:            11            440  sun.util.locale.provider.LocaleResources$ResourceReference (java.base@25)
 944:            11            440  sun.util.resources.Bundles$BundleReference (java.base@25)
 945:            18            432  [Lio.micrometer.core.instrument.distribution.FixedBoundaryHistogram;
 946:             1            432  [[[C (java.base@25)
 947:            18            432  com.alibaba.fastjson2.PropertyNamingStrategy
 948:             9            432  com.esotericsoftware.kryo.util.Pool$1
 949:            27            432  com.fasterxml.jackson.databind.introspect.AnnotatedMethodMap
 950:             6            432  com.fasterxml.jackson.databind.ser.std.MapSerializer
 951:             9            432  com.mysql.cj.conf.ConnectionUrl$Type
 952:             3            432  com.mysql.cj.log.BaseMetricsHolder
 953:            18            432  io.micrometer.core.instrument.distribution.FixedBoundaryHistogram
 954:            27            432  java.security.spec.ECFieldFp (java.base@25)
 955:            18            432  java.text.DateFormat$Field (java.base@25)
 956:             6            432  org.apache.ibatis.session.Configuration$StrictMap
 957:            18            432  org.springframework.boot.actuate.endpoint.annotation.EndpointDiscoverer$$Lambda/0x0000000012435830
 958:            18            432  org.springframework.boot.actuate.endpoint.invoke.reflect.ReflectiveOperationInvoker
 959:            18            432  org.springframework.core.io.DefaultResourceLoader
 960:            18            432  org.springframework.http.codec.DecoderHttpMessageReader
 961:            17            416  [Lcom.fasterxml.jackson.databind.ser.Serializers;
 962:            13            416  com.fasterxml.jackson.core.JsonGenerator$Feature
 963:             4            416  io.netty.buffer.PoolArena$DirectArena
 964:             4            416  io.netty.buffer.PoolArena$HeapArena
 965:            26            416  io.netty.channel.DefaultMaxMessagesRecvByteBufAllocator$MaxMessageHandle$1
 966:            13            416  java.lang.WeakPairMap$Pair$Weak$1 (java.base@25)
 967:            26            416  java.util.Collections$UnmodifiableMap$UnmodifiableEntrySet (java.base@25)
 968:            13            416  java.util.Collections$UnmodifiableSortedMap (java.base@25)
 969:            13            416  java.util.Hashtable$Entry (java.base@25)
 970:            26            416  jdk.proxy2.$Proxy123 (jdk.proxy2)
 971:            13            416  org.apache.coyote.AsyncStateMachine$AsyncState
 972:            13            416  sun.security.jca.ProviderConfig (java.base@25)
 973:            17            408  com.fasterxml.jackson.databind.ser.impl.PropertySerializerMap$Single
 974:            17            408  java.util.concurrent.Executors$RunnableAdapter (java.base@25)
 975:            17            408  org.hibernate.validator.internal.engine.valueextraction.ValueExtractorDescriptor$Key
 976:            17            408  org.springframework.util.AntPathMatcher$PathSeparatorPatternCache
 977:            17            408  sun.nio.ch.OptionKey (java.base@25)
 978:            17            408  sun.nio.ch.SocketOptionRegistry$RegistryKey (java.base@25)
 979:            17            408  sun.nio.ch.Util$BufferCache (java.base@25)
 980:            21            400  [Ljavax.management.MBeanConstructorInfo; (java.management@25)
 981:            10            400  com.alibaba.fastjson2.reader.ObjectReaderCreatorASM$FieldReaderInfo
 982:            10            400  com.fasterxml.jackson.core.sym.ByteQuadsCanonicalizer$TableInfo
 983:            10            400  com.fasterxml.jackson.databind.cfg.ConfigOverrides
 984:            25            400  io.netty.channel.nio.AbstractNioByteChannel$1
 985:            10            400  java.lang.classfile.TypeKind (java.base@25)
 986:            25            400  org.redisson.client.handler.ErrorsLoggingHandler
 987:            25            400  org.springframework.core.SerializableTypeWrapper$TypeProxyInvocationHandler
 988:             7            392  com.fasterxml.jackson.core.util.DefaultPrettyPrinter
 989:             7            392  org.springframework.context.event.ApplicationListenerMethodAdapter
 990:            16            384  com.alibaba.fastjson2.JSONFactory$CacheItem
 991:             6            384  com.esotericsoftware.kryo.serializers.UnsafeField
 992:             8            384  com.fasterxml.jackson.databind.deser.impl.BeanPropertyMap
 993:            16            384  com.fasterxml.jackson.databind.jsontype.impl.ClassNameIdResolver
 994:             6            384  com.mysql.cj.conf.EnumPropertyDefinition
 995:             8            384  io.netty.handler.codec.DefaultHeadersImpl
 996:            12            384  java.util.concurrent.atomic.AtomicLongFieldUpdater$CASUpdater (java.base@25)
 997:            12            384  jdk.internal.constant.DirectMethodHandleDescImpl (java.base@25)
 998:             8            384  jdk.xml.internal.JdkProperty$ImplPropMap (java.xml@25)
 999:            12            384  org.apache.catalina.LifecycleState
1000:             4            384  org.apache.catalina.webresources.CachedResource
1001:            12            384  org.mybatis.spring.mapper.MapperFactoryBean
1002:            16            384  org.springframework.beans.factory.annotation.InitDestroyAnnotationBeanPostProcessor$LifecycleMethod
1003:            12            384  org.springframework.beans.factory.config.RuntimeBeanReference
1004:            16            384  org.springframework.context.support.MessageSourceAccessor
1005:            24            384  org.springframework.core.$Proxy6
1006:            16            384  org.springframework.http.codec.EncoderHttpMessageWriter
1007:             2            368  [Lorg.apache.ibatis.type.JdbcType;
1008:            23            368  org.springframework.boot.actuate.autoconfigure.endpoint.condition.OnAvailableEndpointCondition
1009:             3            360  com.alibaba.fastjson2.reader.FieldReaderBoolMethod
1010:             9            360  com.flashchat.chatservice.dao.enums.RoomDurationEnum
1011:             9            360  com.mysql.cj.conf.MemorySizeProperty
1012:             3            360  com.sun.org.apache.xalan.internal.xsltc.trax.TransformerFactoryImpl (java.xml@25)
1013:            15            360  io.netty.handler.codec.http.websocketx.WebSocketCloseStatus
1014:             9            360  java.lang.invoke.VarHandleInts$FieldInstanceReadWrite (java.base@25)
1015:             9            360  java.lang.invoke.VarHandleLongs$FieldInstanceReadWrite (java.base@25)
1016:            15            360  java.net.InterfaceAddress (java.base@25)
1017:            15            360  java.util.concurrent.ConcurrentSkipListMap$Node (java.base@25)
1018:             9            360  jdk.internal.classfile.impl.AbstractPoolEntry$ClassEntryImpl (java.base@25)
1019:             9            360  jdk.internal.constant.PrimitiveClassDescImpl (java.base@25)
1020:            15            360  org.redisson.client.protocol.decoder.ListFirstObjectDecoder
1021:            15            360  org.springframework.aop.target.EmptyTargetSource
1022:             9            360  org.springframework.boot.context.properties.bind.Bindable
1023:            15            360  org.springframework.data.util.Lazy
1024:             3            360  org.springframework.web.servlet.resource.ResourceHttpRequestHandler
1025:            15            360  org.yaml.snakeyaml.nodes.Tag
1026:            22            352  com.fasterxml.jackson.databind.ser.std.ToStringSerializer
1027:             4            352  io.netty.buffer.PoolChunk
1028:            11            352  java.lang.constant.DirectMethodHandleDesc$Kind (java.base@25)
1029:            11            352  javax.management.MBeanNotificationInfo (java.management@25)
1030:            22            352  jdk.proxy2.$Proxy68 (jdk.proxy2)
1031:            11            352  org.hibernate.validator.internal.properties.javabean.JavaBeanMethod
1032:            11            352  sun.util.resources.Bundles$CacheKey (java.base@25)
1033:             8            336  [Ljava.time.temporal.ChronoField; (java.base@25)
1034:            14            336  ch.qos.logback.core.pattern.LiteralConverter
1035:             6            336  com.fasterxml.classmate.types.ResolvedObjectType
1036:            14            336  com.fasterxml.jackson.databind.introspect.AnnotationIntrospectorPair
1037:             6            336  com.fasterxml.jackson.databind.type.ArrayType
1038:             3            336  com.mysql.cj.NativeSession
1039:             3            336  io.netty.resolver.dns.DnsNameResolverBuilder
1040:             6            336  java.nio.DirectLongBufferU (java.base@25)
1041:            14            336  java.util.regex.Pattern$StartS (java.base@25)
1042:            14            336  jdk.internal.constant.ArrayClassDescImpl (java.base@25)
1043:            21            336  jdk.proxy1.$Proxy20 (jdk.proxy1)
1044:            21            336  jdk.proxy2.$Proxy148 (jdk.proxy2)
1045:            21            336  jdk.proxy2.$Proxy51 (jdk.proxy2)
1046:             7            336  org.apache.ibatis.ognl.ASTAnd
1047:            21            336  org.apache.ibatis.reflection.invoker.SetFieldInvoker
1048:             6            336  org.apache.tomcat.util.descriptor.web.FilterDef
1049:            14            336  org.redisson.client.protocol.decoder.ObjectMapReplayDecoder
1050:            14            336  org.springframework.aop.framework.AdvisedSupport$AdvisorKeyEntry
1051:            14            336  org.springframework.aop.framework.CglibAopProxy$ProxyCallbackFilter
1052:            14            336  org.springframework.beans.factory.config.BeanExpressionContext
1053:            14            336  org.springframework.web.util.pattern.PathPatternParser
1054:             1            328  com.alibaba.fastjson2.reader.ORG_3_9_RoomMemberDO
1055:             4            320  [Lorg.hibernate.validator.internal.util.ConcurrentReferenceHashMap$Segment;
1056:            13            320  [Lorg.springframework.boot.actuate.autoconfigure.endpoint.expose.EndpointExposure;
1057:             8            320  com.alibaba.fastjson2.writer.ObjectWriterCreator$LambdaInfo
1058:            10            320  com.fasterxml.jackson.core.sym.CharsToNameCanonicalizer$TableInfo
1059:            10            320  com.fasterxml.jackson.databind.cfg.CoercionConfigs
1060:            10            320  com.sun.org.apache.xerces.internal.impl.XMLScanner$NameType (java.xml@25)
1061:             8            320  java.lang.reflect.ProxyGenerator$PrimitiveTypeInfo (java.base@25)
1062:             5            320  java.security.SecureRandom (java.base@25)
1063:             5            320  java.text.DateFormatSymbols (java.base@25)
1064:             8            320  java.util.concurrent.CompletableFuture$UniWhenComplete (java.base@25)
1065:             8            320  jdk.internal.loader.NativeLibraries$NativeLibraryImpl (java.base@25)
1066:             8            320  jdk.internal.ref.Cleaner (java.base@25)
1067:            20            320  jdk.proxy2.$Proxy96 (jdk.proxy2)
1068:             2            320  org.redisson.config.SingleServerConfig
1069:            10            320  org.springframework.boot.actuate.endpoint.jmx.annotation.DiscoveredJmxEndpoint
1070:            10            320  org.springframework.cglib.proxy.MethodProxy$FastClassInfo
1071:             8            320  sun.management.MemoryPoolImpl$CollectionSensor (java.management@25)
1072:             8            320  sun.management.MemoryPoolImpl$PoolSensor (java.management@25)
1073:             5            320  sun.security.provider.SHA2$SHA256 (java.base@25)
1074:            13            312  com.baomidou.mybatisplus.core.override.MybatisMapperMethod
1075:            13            312  com.fasterxml.jackson.databind.type.LogicalType
1076:             3            312  java.util.jar.JarFile$JarFileEntry (java.base@25)
1077:            13            312  org.apache.ibatis.binding.MapperMethod$SqlCommand
1078:            13            312  org.apache.ibatis.ognl.internal.entry.GenericMethodParameterTypeCacheEntry
1079:            13            312  org.apache.ibatis.reflection.ParamNameResolver
1080:             3            312  org.springframework.beans.factory.support.GenericBeanDefinition
1081:            13            312  org.springframework.core.NamedThreadLocal
1082:             2            304  [Lcom.fasterxml.jackson.databind.MapperFeature;
1083:            19            304  jdk.proxy2.$Proxy122 (jdk.proxy2)
1084:             6            288  [F (java.base@25)
1085:             4            288  [Lcom.alibaba.fastjson2.reader.FieldReader;
1086:             6            288  [Lcom.fasterxml.classmate.members.RawMethod;
1087:             2            288  [Ljava.lang.invoke.VarHandle$AccessMode; (java.base@25)
1088:             9            288  com.baomidou.mybatisplus.core.conditions.segments.MatchSegment
1089:            12            288  com.baomidou.mybatisplus.core.override.MybatisMapperProxy
1090:            12            288  com.baomidou.mybatisplus.core.override.MybatisMapperProxyFactory
1091:             9            288  com.fasterxml.classmate.types.ResolvedPrimitiveType
1092:            12            288  com.fasterxml.jackson.core.util.BufferRecycler
1093:             9            288  com.fasterxml.jackson.databind.cfg.DeserializerFactoryConfig
1094:             6            288  com.fasterxml.jackson.databind.ser.std.ObjectArraySerializer
1095:             3            288  com.mysql.cj.NativeCharsetSettings
1096:             9            288  com.mysql.cj.protocol.a.NativePacketPayload
1097:             6            288  java.lang.ThreadGroup (java.base@25)
1098:            12            288  java.lang.annotation.ElementType (java.base@25)
1099:             9            288  java.lang.reflect.AccessFlag$Location (java.base@25)
1100:            12            288  java.net.StandardSocketOptions$StdSocketOption (java.base@25)
1101:             9            288  java.util.logging.Level (java.logging@25)
1102:             9            288  java.util.logging.Level$KnownLevel (java.logging@25)
1103:             6            288  java.util.stream.StreamOpFlag (java.base@25)
1104:            18            288  jdk.proxy2.$Proxy101 (jdk.proxy2)
1105:            18            288  jdk.proxy2.$Proxy119 (jdk.proxy2)
1106:            18            288  jdk.proxy2.$Proxy74 (jdk.proxy2)
1107:             6            288  org.hibernate.validator.internal.util.ConcurrentReferenceHashMap$SoftValueReference
1108:             9            288  org.hibernate.validator.internal.util.annotation.ConstraintAnnotationDescriptor
1109:             6            288  org.redisson.cache.LRUCacheMap
1110:            18            288  org.redisson.client.protocol.convertor.LongReplayConvertor
1111:            12            288  org.redisson.client.protocol.decoder.StreamObjectMapReplayDecoder
1112:            12            288  org.springframework.boot.actuate.autoconfigure.endpoint.expose.IncludeExcludeEndpointFilter$EndpointPatterns
1113:            18            288  org.springframework.boot.actuate.endpoint.invoke.reflect.OperationMethodParameters
1114:            18            288  org.springframework.format.datetime.standard.TemporalAccessorPrinter
1115:             6            288  org.springframework.util.ConcurrentLruCache
1116:            12            288  org.springframework.web.util.UrlPathHelper
1117:            18            288  reactor.util.Loggers$Slf4JLogger
1118:            12            288  sun.reflect.annotation.TypeAnnotation$TypeAnnotationTarget (java.base@25)
1119:             9            288  sun.util.logging.PlatformLogger$Level (java.base@25)
1120:             8            280  [Lcom.fasterxml.jackson.databind.deser.SettableBeanProperty;
1121:             5            280  com.fasterxml.jackson.databind.deser.std.CollectionDeserializer
1122:             5            280  org.redisson.cache.StdCachedValue
1123:             7            280  org.springframework.boot.convert.DurationStyle$Unit
1124:             7            280  org.springframework.scheduling.support.CronField$Type
1125:             2            272  [Lcom.fasterxml.jackson.databind.DeserializationFeature;
1126:             1            272  [Ljava.util.concurrent.locks.ReentrantLock; (java.base@25)
1127:            17            272  jdk.proxy2.$Proxy36 (jdk.proxy2)
1128:            17            272  org.redisson.client.protocol.decoder.CodecDecoder
1129:            17            272  org.redisson.client.protocol.decoder.StreamIdDecoder
1130:             2            264  [Ljava.time.LocalDateTime; (java.base@25)
1131:             1            264  [Lorg.springframework.boot.loader.zip.DataBlock;
1132:            11            264  com.fasterxml.jackson.annotation.JsonFormat$Feature
1133:            11            264  com.fasterxml.jackson.annotation.JsonFormat$Shape
1134:            11            264  io.netty.handler.codec.http.HttpObjectDecoder$State
1135:            11            264  java.beans.PropertyChangeSupport (java.desktop@25)
1136:            11            264  org.springframework.beans.AbstractNestablePropertyAccessor$PropertyTokenHolder
1137:            11            264  org.springframework.boot.autoconfigure.web.embedded.TomcatWebServerFactoryCustomizer$$Lambda/0x00000000123daa68
1138:            11            264  org.springframework.core.ResolvableType$SyntheticParameterizedType
1139:            11            264  org.springframework.core.ResolvableType$TypeVariablesVariableResolver
1140:            11            264  org.springframework.core.convert.support.GenericConversionService$Converters
1141:            11            264  org.yaml.snakeyaml.events.Event$ID
1142:            11            264  sun.reflect.generics.repository.FieldRepository (java.base@25)
1143:             8            256  com.alibaba.fastjson2.reader.ObjectReaderCreator$LambdaSetterInfo
1144:             8            256  com.fasterxml.jackson.databind.type.TypeFactory
1145:             8            256  io.micrometer.core.instrument.Statistic
1146:             8            256  java.math.RoundingMode (java.base@25)
1147:             8            256  java.nio.DirectByteBuffer$Deallocator (java.base@25)
1148:             4            256  java.text.SimpleDateFormat (java.base@25)
1149:             8            256  java.time.format.DateTimeFormatterBuilder$TextPrinterParser (java.base@25)
1150:             8            256  java.util.concurrent.ScheduledThreadPoolExecutor$DelayedWorkQueue (java.base@25)
1151:            16            256  jdk.proxy2.$Proxy146 (jdk.proxy2)
1152:            16            256  org.apache.ibatis.reflection.invoker.GetFieldInvoker
1153:             8            256  org.hibernate.validator.internal.engine.constraintvalidation.ConstraintValidatorManagerImpl$CacheKey
1154:             2            256  org.redisson.config.Config
1155:             8            256  org.springframework.beans.propertyeditors.CustomCollectionEditor
1156:            16            256  org.springframework.boot.actuate.endpoint.web.servlet.AbstractWebMvcEndpointHandlerMapping$OperationHandler
1157:            16            256  org.springframework.boot.actuate.endpoint.web.servlet.AbstractWebMvcEndpointHandlerMapping$ServletWebOperationAdapter
1158:             8            256  org.springframework.util.function.SingletonSupplier
1159:             5            248  [Lio.netty.util.concurrent.EventExecutor;
1160:             1            248  com.alibaba.fastjson2.reader.ORG_4_17_RoomDO
1161:             2            240  [Lcom.fasterxml.jackson.databind.SerializationFeature;
1162:             3            240  [Ljava.sql.Statement; (java.sql@25)
1163:            10            240  [Ljava.util.concurrent.atomic.Striped64$Cell; (java.base@25)
1164:             9            240  [Lorg.springframework.web.bind.annotation.RequestMethod;
1165:            10            240  com.fasterxml.classmate.util.ClassKey
1166:             6            240  com.fasterxml.jackson.core.json.JsonWriteFeature
1167:            10            240  com.fasterxml.jackson.databind.cfg.CoercionInputShape
1168:            10            240  com.fasterxml.jackson.databind.cfg.MutableCoercionConfig
1169:            10            240  com.fasterxml.jackson.databind.deser.DeserializerCache
1170:             5            240  com.fasterxml.jackson.databind.introspect.BasicBeanDescription
1171:            10            240  com.fasterxml.jackson.databind.introspect.SimpleMixInResolver
1172:            10            240  com.fasterxml.jackson.databind.ser.SerializerCache
1173:             3            240  com.flashchat.userservice.dao.entity.AccountDO
1174:             6            240  io.micrometer.core.instrument.internal.DefaultLongTaskTimer
1175:             6            240  java.io.BufferedOutputStream (java.base@25)
1176:            10            240  java.lang.String$$StringConcat/0x00000000122cc000 (java.base@25)
1177:             6            240  java.lang.invoke.LambdaForm$BasicType (java.base@25)
1178:            10            240  java.lang.invoke.MethodHandleImpl$Intrinsic (java.base@25)
1179:             5            240  java.lang.invoke.MethodHandleImpl$IntrinsicMethodHandle (java.base@25)
1180:            10            240  java.lang.module.ModuleDescriptor$Opens (java.base@25)
1181:            10            240  java.nio.charset.CoderResult (java.base@25)
1182:            10            240  java.nio.file.StandardOpenOption (java.base@25)
1183:             6            240  java.text.DigitList (java.base@25)
1184:            15            240  java.util.concurrent.ConcurrentHashMap$EntrySetView (java.base@25)
1185:            15            240  jdk.proxy2.$Proxy26 (jdk.proxy2)
1186:             6            240  jdk.xml.internal.XMLSecurityManager (java.xml@25)
1187:             6            240  org.apache.tomcat.util.descriptor.web.FilterMap
1188:             6            240  org.hibernate.validator.internal.metadata.aggregated.PropertyMetaData
1189:             5            240  org.hibernate.validator.internal.metadata.raw.ConstrainedParameter
1190:             6            240  org.hibernate.validator.internal.util.ConcurrentReferenceHashMap$SoftKeyReference
1191:             3            240  org.springframework.beans.PropertyDescriptorUtils$BasicPropertyDescriptor
1192:            10            240  org.springframework.boot.autoconfigure.cache.CacheType
1193:            15            240  org.springframework.context.annotation.ConfigurationClassEnhancer$BeanFactoryAwareGeneratorStrategy
1194:            10            240  org.springframework.core.ReactiveAdapterRegistry$ReactorAdapter
1195:            10            240  org.springframework.core.ReactiveTypeDescriptor
1196:             6            240  org.springframework.core.codec.StringDecoder
1197:             2            240  org.springframework.http.codec.support.ClientDefaultCodecsImpl
1198:            10            240  reactor.core.publisher.SignalType
1199:            15            240  sun.invoke.util.ValueConversions$WrapperCache (java.base@25)
1200:             3            240  sun.nio.ch.NioSocketImpl (java.base@25)
1201:             5            240  sun.security.provider.MoreDrbgParameters (java.base@25)
1202:             5            232  [Ljava.time.ZoneOffset; (java.base@25)
1203:             7            232  [Ljdk.xml.internal.FeaturePropertyBase$State; (java.xml@25)
1204:             1            232  com.alibaba.fastjson2.reader.ORG_2_14_ChatBroadcastMsgRespDTO
1205:             1            232  org.apache.catalina.core.StandardWrapper
1206:             1            224  [Lcom.baomidou.mybatisplus.annotation.DbType;
1207:            10            224  [Lcom.fasterxml.jackson.databind.deser.Deserializers;
1208:             7            224  [Ljava.lang.Boolean; (java.base@25)
1209:             1            224  [Ljava.lang.invoke.LambdaForm$Kind; (java.base@25)
1210:             1            224  com.alibaba.fastjson2.reader.ORG_1_14_MessageDO
1211:             1            224  com.baomidou.mybatisplus.core.MybatisConfiguration
1212:             7            224  com.fasterxml.jackson.annotation.JsonTypeInfo$Id
1213:             7            224  com.flashchat.chatservice.dao.enums.MessageTypeEnum
1214:             2            224  io.netty.util.concurrent.DefaultEventExecutor
1215:             7            224  java.lang.System$Logger$Level (java.base@25)
1216:             7            224  java.lang.classfile.attribute.StackMapFrameInfo$SimpleVerificationTypeInfo (java.base@25)
1217:             7            224  java.lang.invoke.MethodHandles$Lookup (java.base@25)
1218:             7            224  java.security.MessageDigest$Delegate$CloneableDelegate (java.base@25)
1219:             7            224  jdk.internal.loader.NativeLibraries (java.base@25)
1220:            14            224  jdk.proxy2.$Proxy54 (jdk.proxy2)
1221:            14            224  jdk.proxy2.$Proxy55 (jdk.proxy2)
1222:             7            224  jdk.xml.internal.JdkProperty$State (java.xml@25)
1223:             4            224  jdk.xml.internal.JdkXmlFeatures$XmlFeature (java.xml@25)
1224:             7            224  org.apache.tomcat.util.http.parser.HttpParser$DomainParseState
1225:            14            224  org.apache.tomcat.util.threads.TaskThread$WrappingRunnable
1226:             7            224  org.hibernate.validator.internal.metadata.location.ConstraintLocation$ConstraintLocationKind
1227:             7            224  org.redisson.api.RScript$ReturnType
1228:             7            224  org.redisson.api.StreamMessageId
1229:            14            224  org.springframework.aop.framework.CglibAopProxy$AdvisedDispatcher
1230:            14            224  org.springframework.aop.framework.CglibAopProxy$DynamicAdvisedInterceptor
1231:            14            224  org.springframework.aop.framework.CglibAopProxy$EqualsInterceptor
1232:            14            224  org.springframework.aop.framework.CglibAopProxy$HashCodeInterceptor
1233:            14            224  org.springframework.aop.framework.CglibAopProxy$SerializableNoOp
1234:            14            224  org.springframework.aop.framework.CglibAopProxy$StaticDispatcher
1235:            14            224  org.springframework.aop.framework.CglibAopProxy$StaticUnadvisedInterceptor
1236:            14            224  org.springframework.aop.target.SingletonTargetSource
1237:             7            224  org.springframework.boot.loader.net.protocol.nested.NestedUrlConnectionResources
1238:             7            224  org.springframework.boot.logging.LogLevel
1239:            14            224  org.springframework.cglib.core.ClassLoaderAwareGeneratorStrategy
1240:            14            224  org.springframework.core.convert.support.CollectionToArrayConverter
1241:            14            224  org.springframework.core.convert.support.CollectionToStringConverter
1242:             7            224  org.springframework.transaction.annotation.Propagation
1243:             9            216  [Lcom.fasterxml.jackson.databind.deser.KeyDeserializers;
1244:             1            216  [Lorg.apache.coyote.ActionCode;
1245:             1            216  [Lorg.redisson.misc.AsyncSemaphore;
1246:             9            216  ch.qos.logback.core.rolling.helper.PeriodicityType
1247:             9            216  com.fasterxml.jackson.databind.cfg.SerializerFactoryConfig
1248:             3            216  com.fasterxml.jackson.databind.deser.std.MapDeserializer
1249:             9            216  com.fasterxml.jackson.databind.introspect.TypeResolutionContext$Basic
1250:             9            216  com.fasterxml.jackson.databind.jsontype.impl.AsPropertyTypeSerializer
1251:             9            216  com.fasterxml.jackson.databind.module.SimpleDeserializers
1252:             9            216  com.github.benmanes.caffeine.cache.AccessOrderDeque
1253:             9            216  io.netty.handler.codec.http.HttpMethod$EnumNameMap$Node
1254:             9            216  java.lang.String$$StringConcat/0x00000000120b9000 (java.base@25)
1255:             3            216  java.lang.invoke.BoundMethodHandle$Species_LLLLLLLLL (java.base@25)
1256:             9            216  java.nio.file.attribute.PosixFilePermission (java.base@25)
1257:             9            216  java.time.format.DateTimeFormatterBuilder$LocalizedPrinterParser (java.base@25)
1258:             9            216  java.time.format.DateTimeFormatterBuilder$OffsetIdPrinterParser (java.base@25)
1259:             9            216  org.apache.tomcat.util.net.AbstractEndpoint$Handler$SocketState
1260:             1            216  org.apache.tomcat.util.net.NioEndpoint
1261:             3            216  org.hibernate.validator.internal.metadata.descriptor.ConstraintDescriptorImpl
1262:             1            216  org.springframework.beans.factory.support.DefaultListableBeanFactory
1263:             9            216  org.springframework.context.event.AbstractApplicationEventMulticaster$CachedListenerRetriever
1264:             9            216  org.springframework.context.event.AbstractApplicationEventMulticaster$ListenerCacheKey
1265:             9            216  org.springframework.data.redis.serializer.DefaultSerializationPair
1266:             1            216  reactor.netty.http.client.HttpClientConfig
1267:             2            208  [Lcom.alibaba.fastjson2.JSONWriter$Feature;
1268:             9            208  [Lcom.fasterxml.jackson.databind.deser.BeanDeserializerModifier;
1269:             9            208  [Lcom.fasterxml.jackson.databind.deser.ValueInstantiators;
1270:             9            208  [Lcom.fasterxml.jackson.databind.ser.BeanSerializerModifier;
1271:            13            208  com.baomidou.mybatisplus.core.override.MybatisMapperProxy$PlainMethodInvoker
1272:            13            208  java.util.Optional (java.base@25)
1273:            13            208  jdk.proxy2.$Proxy100 (jdk.proxy2)
1274:            13            208  jdk.proxy2.$Proxy28 (jdk.proxy2)
1275:            13            208  jdk.proxy2.$Proxy40 (jdk.proxy2)
1276:            13            208  org.redisson.client.protocol.decoder.StringMapDataDecoder
1277:            13            208  org.redisson.client.protocol.decoder.StringMapDataDecoder$1
1278:            13            208  org.springframework.util.LinkedMultiValueMap
1279:             4            200  [Ljava.lang.invoke.LambdaForm$NamedFunction; (java.base@25)
1280:             2            200  [Ljava.text.DateFormat$Field; (java.base@25)
1281:             5            200  com.fasterxml.jackson.core.JsonEncoding
1282:             5            200  com.fasterxml.jackson.core.Version
1283:             5            200  io.netty.handler.codec.http.HttpStatusClass
1284:             5            200  java.util.Collections$SingletonMap (java.base@25)
1285:             5            200  org.hibernate.validator.internal.properties.javabean.JavaBeanParameter
1286:             1            200  org.redisson.config.MasterSlaveServersConfig
1287:             5            200  org.springframework.boot.logging.logback.RollingPolicySystemProperty
1288:             5            200  sun.util.locale.provider.LocaleProviderAdapter$Type (java.base@25)
1289:             2            192  [Lcom.fasterxml.jackson.core.JsonParser$Feature;
1290:             4            192  [Lio.micrometer.core.instrument.Statistic;
1291:             8            192  [Lorg.springframework.beans.factory.config.DependencyDescriptor;
1292:             3            192  [Lsun.invoke.util.Wrapper; (java.base@25)
1293:             2            192  com.esotericsoftware.kryo.Kryo
1294:            12            192  com.fasterxml.jackson.core.util.JacksonFeatureSet
1295:            12            192  com.fasterxml.jackson.databind.node.IntNode
1296:             2            192  com.fasterxml.jackson.databind.ser.impl.UnwrappingBeanPropertyWriter
1297:             3            192  com.mysql.cj.conf.MemorySizePropertyDefinition
1298:             3            192  com.mysql.cj.jdbc.DatabaseMetaData
1299:             3            192  com.mysql.cj.protocol.a.NativeAuthenticationProvider
1300:             3            192  com.mysql.cj.protocol.a.NativeServerSession
1301:             8            192  com.mysql.cj.util.SearchMode
1302:             8            192  com.sun.beans.introspect.PropertyInfo$Name (java.desktop@25)
1303:             6            192  com.sun.jmx.mbeanserver.DefaultMXBeanMappingFactory$CollectionMapping (java.management@25)
1304:             6            192  com.sun.org.apache.xerces.internal.util.Status (java.xml@25)
1305:             6            192  io.netty.util.concurrent.DefaultThreadFactory
1306:             8            192  jakarta.validation.ElementKind
1307:             3            192  java.lang.invoke.BoundMethodHandle$Species_LLLLLLLL (java.base@25)
1308:             3            192  java.net.SocksSocketImpl (java.base@25)
1309:             3            192  java.nio.DirectByteBufferR (java.base@25)
1310:             8            192  java.time.Instant (java.base@25)
1311:             6            192  java.time.format.TextStyle (java.base@25)
1312:             8            192  java.util.BitSet (java.base@25)
1313:             4            192  java.util.concurrent.ArrayBlockingQueue (java.base@25)
1314:             4            192  java.util.regex.Pattern$GroupCurly (java.base@25)
1315:             6            192  javax.management.MBeanConstructorInfo (java.management@25)
1316:             6            192  javax.management.StandardEmitterMBean (java.management@25)
1317:            12            192  jdk.proxy2.$Proxy106 (jdk.proxy2)
1318:            12            192  jdk.proxy2.$Proxy107 (jdk.proxy2)
1319:            12            192  jdk.proxy2.$Proxy89 (jdk.proxy2)
1320:             6            192  org.apache.catalina.core.ApplicationFilterConfig
1321:             4            192  org.hibernate.validator.internal.util.ConcurrentReferenceHashMap
1322:             6            192  org.hibernate.validator.internal.util.ConcurrentReferenceHashMap$HashEntry
1323:             2            192  org.redisson.command.RedisExecutor
1324:             6            192  org.springframework.boot.context.properties.source.ConfigurationPropertyName$ElementType
1325:             8            192  org.springframework.boot.logging.DeferredLog
1326:             3            192  org.springframework.core.task.SimpleAsyncTaskExecutor
1327:             2            192  org.springframework.data.redis.core.RedisTemplate
1328:             2            192  org.springframework.data.redis.core.StringRedisTemplate
1329:             3            192  org.springframework.data.redis.core.convert.RedisCustomConversions
1330:             6            192  org.springframework.http.converter.ResourceHttpMessageConverter
1331:             4            192  org.springframework.http.converter.json.MappingJackson2HttpMessageConverter
1332:             6            192  org.springframework.util.ConcurrentLruCache$ReadOperations
1333:             8            192  org.springframework.web.bind.annotation.RequestMethod
1334:             6            192  org.springframework.web.util.pattern.WildcardTheRestPathElement
1335:             6            192  sun.reflect.annotation.AnnotatedTypeFactory$AnnotatedTypeBaseImpl (java.base@25)
1336:             1            184  [Lcom.mysql.cj.MysqlType;
1337:             1            184  com.zaxxer.hikari.HikariDataSource
1338:             4            176  [Lcom.fasterxml.jackson.core.SerializableString;
1339:             1            176  [Ljava.beans.MethodDescriptor; (java.desktop@25)
1340:             1            176  com.alibaba.fastjson2.writer.OWG_1_17_AccountDO
1341:             1            176  com.alibaba.fastjson2.writer.OWG_2_17_RoomDO
1342:            11            176  java.beans.PropertyChangeSupport$PropertyChangeListenerMap (java.desktop@25)
1343:            11            176  java.util.TreeMap$EntrySet (java.base@25)
1344:            11            176  jdk.proxy2.$Proxy42 (jdk.proxy2)
1345:            11            176  jdk.proxy2.$Proxy49 (jdk.proxy2)
1346:             1            176  org.apache.catalina.core.StandardHost
1347:             2            176  sun.nio.ch.ServerSocketChannelImpl (java.base@25)
1348:            11            176  sun.util.logging.internal.LoggingProviderImpl$JULWrapper (java.logging@25)
1349:             5            168  [Lcom.alibaba.fastjson2.internal.asm.Type;
1350:             7            168  [Lcom.fasterxml.jackson.databind.type.TypeModifier;
1351:             2            168  [Ljava.lang.ClassValue$Entry; (java.base@25)
1352:             7            168  [Lorg.springframework.http.MediaType;
1353:             1            168  [[Ljava.math.BigInteger; (java.base@25)
1354:             7            168  ch.qos.logback.classic.Level
1355:             1            168  com.alibaba.fastjson2.writer.OWG_4_14_MessageDO
1356:             1            168  com.alibaba.fastjson2.writer.OWG_5_14_ChatBroadcastMsgRespDTO
1357:             7            168  com.fasterxml.jackson.annotation.JsonInclude$Include
1358:             7            168  com.fasterxml.jackson.annotation.PropertyAccessor
1359:             7            168  com.fasterxml.jackson.core.util.DefaultIndenter
1360:             7            168  com.fasterxml.jackson.databind.ser.impl.PropertySerializerMap$TypeAndSerializer
1361:             3            168  com.fasterxml.jackson.datatype.jsr310.deser.InstantDeserializer
1362:             7            168  com.fasterxml.jackson.module.paramnames.ParameterNamesAnnotationIntrospector
1363:             3            168  com.mysql.cj.protocol.a.NativeCapabilities
1364:             7            168  com.mysql.cj.protocol.a.NativeConstants$IntegerDataType
1365:             7            168  com.sun.org.apache.xerces.internal.util.FeatureState (java.xml@25)
1366:             3            168  com.zaxxer.hikari.pool.PoolEntry
1367:             3            168  java.io.FileCleanable (java.base@25)
1368:             1            168  java.lang.VirtualThread (java.base@25)
1369:             7            168  java.time.DayOfWeek (java.base@25)
1370:             7            168  java.time.ZoneOffset (java.base@25)
1371:             3            168  javax.management.openmbean.OpenMBeanOperationInfoSupport (java.management@25)
1372:             7            168  jdk.internal.classfile.impl.AnnotationImpl (java.base@25)
1373:             7            168  jdk.net.ExtendedSocketOptions$ExtSocketOption (jdk.net@25)
1374:             7            168  org.apache.ibatis.ognl.internal.HashMapCache
1375:             7            168  org.apache.ibatis.ognl.internal.HashMapClassCache
1376:             7            168  org.apache.ibatis.type.StringTypeHandler
1377:             1            168  org.apache.tomcat.util.net.NioEndpoint$NioSocketWrapper
1378:             7            168  org.apache.tomcat.util.net.SocketEvent
1379:             1            168  org.redisson.client.RedisClientConfig
1380:             1            168  org.springframework.boot.web.embedded.tomcat.TomcatServletWebServerFactory
1381:             7            168  org.springframework.cglib.proxy.CallbackInfo
1382:             7            168  org.springframework.context.expression.AnnotatedElementKey
1383:             7            168  org.springframework.core.convert.support.ArrayToArrayConverter
1384:             3            168  org.springframework.expression.spel.support.StandardEvaluationContext
1385:             7            168  org.springframework.scheduling.support.BitsCronField
1386:             7            168  org.springframework.web.servlet.mvc.method.annotation.RequestResponseBodyAdviceChain
1387:             7            168  org.yaml.snakeyaml.scanner.Constant
1388:             2            160  [Lcom.esotericsoftware.kryo.util.Generics$GenericType;
1389:             4            160  [Ljava.lang.Thread$State; (java.base@25)
1390:             2            160  [Ljava.lang.constant.DirectMethodHandleDesc$Kind; (java.base@25)
1391:             2            160  [Ljava.time.temporal.ChronoUnit; (java.base@25)
1392:             2            160  [Ljava.util.concurrent.ForkJoinPool$WorkQueue; (java.base@25)
1393:             3            160  [Ljava.util.logging.Level; (java.logging@25)
1394:             5            160  com.alibaba.fastjson2.internal.asm.ASMUtils$MethodInfo
1395:             2            160  com.alibaba.fastjson2.writer.ObjectWriterImplMap
1396:             5            160  com.baomidou.mybatisplus.annotation.IdType
1397:             4            160  com.fasterxml.jackson.core.Base64Variant
1398:             5            160  com.fasterxml.jackson.core.JsonFactory$Feature
1399:             5            160  com.fasterxml.jackson.databind.cfg.JsonNodeFeature
1400:            10            160  com.fasterxml.jackson.databind.introspect.BasicClassIntrospector
1401:            10            160  com.fasterxml.jackson.databind.jsontype.impl.StdSubtypeResolver
1402:            10            160  com.fasterxml.jackson.databind.util.RootNameLookup
1403:             4            160  com.fasterxml.jackson.datatype.jsr310.ser.LocalDateTimeSerializer
1404:             5            160  com.flashchat.chatservice.dao.enums.RoomStatusEnum
1405:             5            160  com.sun.org.apache.xpath.internal.objects.XNumber (java.xml@25)
1406:             1            160  com.zaxxer.hikari.pool.HikariPool
1407:             4            160  io.netty.buffer.LongLongHashMap
1408:             4            160  io.netty.handler.codec.http.DefaultFullHttpResponse
1409:             5            160  io.netty.handler.codec.http.websocketx.WebSocketVersion
1410:             5            160  io.netty.handler.logging.LogLevel
1411:             2            160  io.netty.util.HashedWheelTimer
1412:             4            160  io.netty.util.internal.ObjectPool$RecyclerObjectPool$1
1413:             4            160  java.lang.ExceptionInInitializerError (java.base@25)
1414:             5            160  java.lang.invoke.VarHandle$AccessType (java.base@25)
1415:            10            160  java.util.regex.CharPredicates$$Lambda/0x00000000125eba48 (java.base@25)
1416:             4            160  java.util.regex.Pattern$Loop (java.base@25)
1417:             4            160  javax.xml.catalog.CatalogFeatures$Feature (java.xml@25)
1418:             5            160  javax.xml.catalog.CatalogFeatures$State (java.xml@25)
1419:            10            160  jdk.proxy1.$Proxy9 (jdk.proxy1)
1420:            10            160  jdk.proxy2.$Proxy145 (jdk.proxy2)
1421:             4            160  org.apache.catalina.core.StandardPipeline
1422:             2            160  org.apache.catalina.deploy.NamingResourcesImpl
1423:             1            160  org.apache.coyote.http11.Http11NioProtocol
1424:             5            160  org.hibernate.validator.messageinterpolation.ExpressionLanguageFeatureLevel
1425:            10            160  org.redisson.client.protocol.convertor.BooleanAmountReplayConvertor
1426:             4            160  org.springframework.beans.propertyeditors.CustomBooleanEditor
1427:             5            160  org.springframework.boot.ansi.AnsiStyle
1428:             1            160  org.springframework.boot.web.servlet.context.AnnotationConfigServletWebServerApplicationContext
1429:             2            160  org.springframework.data.redis.core.mapping.RedisMappingContext
1430:             5            160  org.springframework.expression.spel.SpelParserConfiguration
1431:             5            160  org.springframework.http.HttpStatus$Series
1432:             5            160  org.springframework.scheduling.support.ScheduledMethodRunnable
1433:             5            160  org.springframework.transaction.annotation.Isolation
1434:             5            160  org.springframework.util.unit.DataUnit
1435:             4            160  org.springframework.web.servlet.handler.AbstractHandlerMethodMapping$MappingRegistry
1436:             1            160  org.springframework.web.servlet.mvc.method.annotation.RequestMappingHandlerAdapter
1437:             5            160  org.yaml.snakeyaml.DumperOptions$ScalarStyle
1438:             2            160  reactor.netty.transport.NameResolverProvider
1439:             4            160  sun.util.locale.provider.LocaleResources (java.base@25)
1440:             1            152  [Ljava.util.Set; (java.base@25)
1441:             1            152  com.baomidou.mybatisplus.autoconfigure.MybatisPlusProperties$CoreConfiguration
1442:             1            152  org.apache.catalina.core.StandardServer
1443:             1            152  org.apache.catalina.session.StandardManager
1444:             1            152  org.springframework.boot.web.embedded.tomcat.TomcatEmbeddedWebappClassLoader
1445:             5            144  [Lcom.esotericsoftware.kryo.serializers.FieldSerializer$CachedField;
1446:             2            144  [Lcom.fasterxml.jackson.core.JsonGenerator$Feature;
1447:             2            144  [Ljava.math.BigDecimal; (java.base@25)
1448:             3            144  [Ljava.util.concurrent.TimeUnit; (java.base@25)
1449:             6            144  [Ljava.util.concurrent.atomic.AtomicReferenceArray; (java.base@25)
1450:             2            144  ch.qos.logback.classic.pattern.NamedConverter$NameCache
1451:             1            144  cn.dev33.satoken.config.SaTokenConfig
1452:             2            144  com.alibaba.fastjson2.reader.ObjectReaderImplList
1453:             1            144  com.alibaba.fastjson2.writer.OWG_3_9_RoomMemberDO
1454:             3            144  com.alibaba.fastjson2.writer.ObjectWriterImplList
1455:             6            144  com.esotericsoftware.kryo.util.Generics$GenericType
1456:             3            144  com.esotericsoftware.kryo.util.IntMap
1457:             6            144  com.fasterxml.jackson.annotation.JsonAutoDetect$Visibility
1458:             6            144  com.fasterxml.jackson.core.JsonParser$NumberType
1459:             6            144  com.fasterxml.jackson.databind.ObjectMapper$DefaultTyping
1460:             9            144  com.fasterxml.jackson.databind.deser.BeanDeserializerFactory
1461:             9            144  com.fasterxml.jackson.databind.ser.BeanSerializerFactory
1462:             3            144  com.mysql.cj.protocol.StandardSocketFactory
1463:             9            144  com.mysql.cj.protocol.a.NativeMessageBuilder
1464:             3            144  com.mysql.cj.protocol.a.NativeSocketConnection
1465:             3            144  com.mysql.cj.protocol.a.authentication.AuthenticationKerberosClient
1466:             3            144  com.mysql.cj.protocol.a.authentication.AuthenticationLdapSaslClientPlugin
1467:             3            144  com.mysql.cj.protocol.a.authentication.AuthenticationOciClient
1468:             3            144  com.mysql.cj.protocol.a.authentication.CachingSha2PasswordPlugin
1469:             3            144  com.sun.management.internal.GarbageCollectorExtImpl (jdk.management@25)
1470:             3            144  com.sun.management.internal.GcInfoBuilder (jdk.management@25)
1471:             6            144  io.micrometer.core.instrument.Meter$Type
1472:             9            144  io.netty.handler.codec.http.DefaultHttpHeaders
1473:             9            144  io.netty.handler.codec.http.HttpMethod
1474:             6            144  io.netty.handler.codec.http.websocketx.WebSocket08FrameDecoder$State
1475:             6            144  jakarta.validation.executable.ExecutableType
1476:             6            144  java.lang.Thread$State (java.base@25)
1477:             6            144  java.lang.ThreadLocal$SuppliedThreadLocal (java.base@25)
1478:             2            144  java.lang.invoke.BoundMethodHandle$Species_LLLLLLLLLL (java.base@25)
1479:             3            144  java.lang.invoke.VarHandleReferences$Array (java.base@25)
1480:             3            144  java.time.temporal.JulianFields$Field (java.base@25)
1481:             6            144  java.util.Date (java.base@25)
1482:             9            144  java.util.EnumMap$EntrySet (java.base@25)
1483:             3            144  java.util.concurrent.ConcurrentSkipListMap (java.base@25)
1484:             6            144  java.util.regex.Pattern$$Lambda/0x000000001203b448 (java.base@25)
1485:             3            144  javax.management.openmbean.TabularType (java.management@25)
1486:             6            144  jdk.internal.classfile.impl.UnboundAttribute$UnboundRuntimeVisibleAnnotationsAttribute (java.base@25)
1487:             6            144  jdk.internal.perf.PerfCounter (java.base@25)
1488:             9            144  jdk.proxy2.$Proxy150 (jdk.proxy2)
1489:             9            144  jdk.proxy2.$Proxy60 (jdk.proxy2)
1490:             9            144  jdk.proxy2.$Proxy78 (jdk.proxy2)
1491:             9            144  jdk.proxy2.$Proxy79 (jdk.proxy2)
1492:             9            144  jdk.proxy2.$Proxy98 (jdk.proxy2)
1493:             6            144  jdk.xml.internal.XMLSecurityPropertyManager (java.xml@25)
1494:             6            144  org.apache.coyote.http11.Http11InputBuffer$HeaderParsePosition
1495:             6            144  org.apache.coyote.http11.filters.ChunkedInputFilter$ParseState
1496:             6            144  org.apache.ibatis.mapping.SqlCommandType
1497:             6            144  org.apache.tomcat.util.http.parser.HttpHeaderParser$HeaderParsePosition
1498:             9            144  org.hibernate.validator.internal.engine.valueextraction.ArrayElement
1499:             2            144  org.hibernate.validator.internal.metadata.aggregated.BeanMetaDataImpl
1500:             6            144  org.hibernate.validator.internal.metadata.raw.ConstrainedElement$ConstrainedElementKind
1501:             6            144  org.jboss.logging.Logger$Level
1502:             6            144  org.redisson.client.protocol.pubsub.PubSubType
1503:             9            144  org.redisson.spring.data.connection.ScoredSortedSetReplayDecoder
1504:             6            144  org.springframework.boot.actuate.autoconfigure.health.OnEnabledHealthIndicatorCondition
1505:             6            144  org.springframework.boot.actuate.autoconfigure.info.OnEnabledInfoContributorCondition
1506:             6            144  org.springframework.boot.context.config.ConfigDataEnvironmentContributor$Kind
1507:             3            144  org.springframework.context.annotation.CommonAnnotationBeanPostProcessor$ResourceElement
1508:             6            144  org.springframework.core.SerializableTypeWrapper$FieldTypeProvider
1509:             2            144  org.springframework.core.annotation.AnnotationAttributes
1510:             3            144  org.springframework.core.annotation.TypeMappedAnnotations
1511:             6            144  org.springframework.data.redis.core.StreamObjectMapper$1
1512:             9            144  org.springframework.data.redis.serializer.DefaultRedisElementReader
1513:             9            144  org.springframework.data.redis.serializer.DefaultRedisElementWriter
1514:             9            144  org.springframework.data.redis.serializer.RedisSerializerToSerializationPairAdapter
1515:             6            144  org.springframework.util.ConcurrentLruCache$EvictionQueue
1516:             9            144  org.springframework.web.context.request.RequestScope
1517:             9            144  org.springframework.web.cors.DefaultCorsProcessor
1518:             2            144  org.springframework.web.reactive.function.client.DefaultWebClientBuilder
1519:             6            144  org.springframework.web.servlet.mvc.method.annotation.ServletModelAttributeMethodProcessor
1520:             6            144  org.springframework.web.servlet.resource.DefaultResourceResolverChain
1521:             6            144  sun.management.NotificationEmitterSupport$ListenerInfo (java.management@25)
1522:             1            144  sun.security.pkcs11.SunPKCS11 (jdk.crypto.cryptoki@25)
1523:             1            136  com.alibaba.fastjson2.reader.FieldReaderList
1524:             1            136  com.alibaba.fastjson2.writer.FieldWriterListMethod
1525:             1            136  com.flashchat.chatservice.service.impl.RoomServiceImpl$$SpringCGLIB$$0
1526:             1            128  [Lcom.alibaba.fastjson2.JSONReader$Feature;
1527:             4            128  [Lcom.flashchat.chatservice.dto.enums.RoomDelayEventTypeEnum;
1528:             2            128  ch.qos.logback.classic.PatternLayout
1529:             4            128  com.fasterxml.jackson.core.StreamReadCapability
1530:             4            128  com.fasterxml.jackson.core.util.Separators$Spacing
1531:             8            128  com.fasterxml.jackson.databind.module.SimpleKeyDeserializers
1532:             8            128  com.fasterxml.jackson.databind.type.TypeParser
1533:             4            128  com.fasterxml.jackson.databind.util.EnumValues
1534:             8            128  com.fasterxml.jackson.datatype.jsr310.JavaTimeModule$1
1535:             8            128  com.fasterxml.jackson.datatype.jsr310.deser.JavaTimeDeserializerModifier
1536:             8            128  com.fasterxml.jackson.datatype.jsr310.ser.JavaTimeSerializerModifier
1537:             8            128  com.fasterxml.jackson.datatype.jsr310.ser.ZoneIdSerializer
1538:             4            128  com.flashchat.chatservice.ratelimit.RateLimitResult
1539:             4            128  com.mysql.cj.conf.BooleanPropertyDefinition$AllowableValues
1540:             2            128  com.mysql.cj.util.LRUCache
1541:             4            128  com.sun.jmx.mbeanserver.DefaultMXBeanMappingFactory$ArrayMapping (java.management@25)
1542:             4            128  com.sun.jmx.mbeanserver.DefaultMXBeanMappingFactory$EnumMapping (java.management@25)
1543:             2            128  com.sun.security.sasl.gsskerb.JdkSASL$ProviderService (jdk.security.jgss@25)
1544:             2            128  io.netty.buffer.SizeClasses
1545:             2            128  io.netty.buffer.UnpooledByteBufAllocator$InstrumentedUnpooledUnsafeDirectByteBuf
1546:             4            128  io.netty.channel.nio.NioEventLoopGroup
1547:             2            128  java.lang.invoke.BoundMethodHandle$Species_LLLLLLL (java.base@25)
1548:             4            128  java.lang.module.ModuleDescriptor$Modifier (java.base@25)
1549:             4            128  java.lang.module.ModuleDescriptor$Requires$Modifier (java.base@25)
1550:             8            128  java.util.Collections$UnmodifiableCollection (java.base@25)
1551:             2            128  java.util.jar.JarFile (java.base@25)
1552:             2            128  javax.naming.NameImpl (java.naming@25)
1553:             4            128  jdk.internal.logger.BootstrapLogger$LoggingBackend (java.base@25)
1554:             4            128  jdk.internal.util.ClassFileDumper (java.base@25)
1555:             8            128  jdk.proxy2.$Proxy104 (jdk.proxy2)
1556:             8            128  jdk.proxy2.$Proxy113 (jdk.proxy2)
1557:             1            128  org.apache.catalina.core.StandardEngine
1558:             4            128  org.apache.coyote.ErrorState
1559:             4            128  org.apache.ibatis.mapping.ResultSetType
1560:             4            128  org.apache.tomcat.util.http.SameSiteCookies
1561:             4            128  org.apache.tomcat.util.net.AbstractEndpoint$BindState
1562:             8            128  org.redisson.client.protocol.decoder.MapValueDecoder
1563:             4            128  org.slf4j.helpers.Reporter$Level
1564:             4            128  org.springframework.beans.propertyeditors.CharacterEditor
1565:             4            128  org.springframework.boot.actuate.autoconfigure.endpoint.expose.IncludeExcludeEndpointFilter
1566:             4            128  org.springframework.boot.context.properties.bind.JavaBeanBinder$BeanProperty
1567:             8            128  org.springframework.boot.convert.CollectionToDelimitedStringConverter
1568:             4            128  org.springframework.boot.jdbc.DataSourceBuilder$DataSourceProperty
1569:             4            128  org.springframework.boot.jdbc.EmbeddedDatabaseConnection
1570:             8            128  org.springframework.boot.logging.DeferredLogs$$Lambda/0x00000000120a2860
1571:             8            128  org.springframework.core.DefaultParameterNameDiscoverer
1572:             8            128  org.springframework.core.StandardReflectionParameterNameDiscoverer
1573:             8            128  org.springframework.core.convert.TypeDescriptor$AnnotatedElementAdapter
1574:             4            128  org.springframework.core.task.SimpleAsyncTaskExecutor$ConcurrencyThrottleAdapter
1575:             2            128  org.springframework.core.type.classreading.CachingMetadataReaderFactory$LocalResourceCache
1576:             4            128  org.springframework.data.redis.core.DefaultStreamOperations$1
1577:             4            128  org.springframework.data.redis.core.script.DefaultRedisScript
1578:             8            128  org.springframework.http.HttpMethod
1579:             4            128  org.springframework.http.converter.StringHttpMessageConverter
1580:             4            128  org.springframework.util.PropertyPlaceholderHelper
1581:             4            128  org.springframework.web.method.annotation.RequestParamMethodArgumentResolver
1582:             4            128  org.springframework.web.method.annotation.SessionAttributesHandler
1583:             1            128  org.springframework.web.servlet.DispatcherServlet
1584:             4            128  org.springframework.web.servlet.mvc.method.RequestMappingInfo$BuilderConfiguration
1585:             2            128  sun.nio.cs.DoubleByte$Encoder (java.base@25)
1586:             2            128  sun.security.jgss.SunProvider$ProviderService (java.security.jgss@25)
1587:             1            120  [Lcom.baomidou.mybatisplus.core.enums.SqlMethod;
1588:             5            120  [Lio.netty.channel.socket.InternetProtocolFamily;
1589:             1            120  [Ljava.lang.classfile.Opcode$Kind; (java.base@25)
1590:             3            120  [Ljava.lang.invoke.LambdaForm$BasicType; (java.base@25)
1591:             1            120  [Ljava.lang.reflect.ClassFileFormatVersion; (java.base@25)
1592:             3            120  [[Lcom.github.benmanes.caffeine.cache.Node;
1593:             1            120  ch.qos.logback.classic.LoggerContext
1594:             5            120  ch.qos.logback.core.pattern.parser.TokenStream$TokenizerState
1595:             1            120  ch.qos.logback.core.rolling.helper.RollingCalendar
1596:             5            120  ch.qos.logback.core.subst.Token$Type
1597:             5            120  ch.qos.logback.core.util.CachingDateFormatter
1598:             5            120  ch.qos.logback.core.util.CachingDateFormatter$CacheTuple
1599:             1            120  com.alibaba.fastjson2.writer.OWG_7_3_WsRespDTO
1600:             1            120  com.alibaba.fastjson2.writer.OWG_8_3_IdentityInfoRespDTO
1601:             5            120  com.baomidou.mybatisplus.annotation.FieldStrategy
1602:             1            120  com.baomidou.mybatisplus.core.toolkit.Sequence
1603:             5            120  com.fasterxml.classmate.util.ResolvedTypeKey
1604:             5            120  com.fasterxml.jackson.annotation.JsonTypeInfo$As
1605:             5            120  com.fasterxml.jackson.annotation.Nulls
1606:             5            120  com.fasterxml.jackson.core.type.WritableTypeId$Inclusion
1607:             3            120  com.fasterxml.jackson.databind.PropertyMetadata
1608:             1            120  com.flashchat.chatservice.service.impl.ChatServiceImpl$$SpringCGLIB$$0
1609:             3            120  com.github.benmanes.caffeine.cache.stats.ConcurrentStatsCounter
1610:             5            120  com.mysql.cj.conf.PropertyDefinitions$SslMode
1611:             3            120  com.mysql.cj.protocol.ReadAheadInputStream
1612:             3            120  com.mysql.cj.protocol.a.authentication.Sha256PasswordPlugin
1613:             5            120  com.sun.org.apache.xerces.internal.util.PropertyState (java.xml@25)
1614:             5            120  io.micrometer.common.util.internal.logging.LocationAwareSlf4JLogger
1615:             5            120  io.micrometer.core.instrument.MeterRegistry$$Lambda/0x000000001277ec70
1616:             5            120  io.micrometer.core.instrument.MeterRegistry$1
1617:             5            120  io.micrometer.core.instrument.StrongReferenceGaugeFunction
1618:             3            120  io.netty.util.Signal
1619:             5            120  io.netty.util.concurrent.DefaultEventExecutorChooserFactory$PowerOfTwoEventExecutorChooser
1620:             5            120  io.netty.util.internal.logging.InternalLogLevel
1621:             5            120  jakarta.servlet.DispatcherType
1622:             5            120  jakarta.servlet.http.MappingMatch
1623:             3            120  java.lang.IllegalStateException (java.base@25)
1624:             5            120  java.lang.String$$StringConcat/0x0000000012578000 (java.base@25)
1625:             5            120  java.lang.classfile.AttributeMapper$AttributeStability (java.base@25)
1626:             3            120  java.lang.invoke.BoundMethodHandle$Species_LI (java.base@25)
1627:             3            120  java.lang.invoke.VarHandleBooleans$FieldInstanceReadWrite (java.base@25)
1628:             1            120  java.lang.ref.Finalizer$FinalizerThread (java.base@25)
1629:             3            120  java.net.Socket (java.base@25)
1630:             5            120  java.time.format.SignStyle (java.base@25)
1631:             3            120  java.time.zone.ZoneRules (java.base@25)
1632:             5            120  java.util.concurrent.locks.ReentrantReadWriteLock$Sync$HoldCounter (java.base@25)
1633:             1            120  java.util.logging.LogManager$Cleaner (java.logging@25)
1634:             5            120  java.util.regex.Pattern$$Lambda/0x000000001203afa8 (java.base@25)
1635:             5            120  java.util.regex.Pattern$Prolog (java.base@25)
1636:             5            120  java.util.stream.StreamOpFlag$Type (java.base@25)
1637:             5            120  javax.xml.namespace.QName (java.xml@25)
1638:             3            120  jdk.internal.loader.URLClassPath (java.base@25)
1639:             5            120  jdk.internal.math.FloatingDecimal$PreparedASCIIToBinaryBuffer (java.base@25)
1640:             5            120  jdk.internal.util.ReferencedKeyMap (java.base@25)
1641:             5            120  jdk.xml.internal.FeaturePropertyBase$State (java.xml@25)
1642:             3            120  jdk.xml.internal.XMLSecurityPropertyManager$Property (java.xml@25)
1643:             1            120  org.apache.catalina.connector.Connector
1644:             3            120  org.apache.tomcat.util.buf.UDecoder$DecodeException
1645:             5            120  org.apache.tomcat.util.net.openssl.OpenSSLStatus$Name
1646:             3            120  org.redisson.codec.Kryo5Codec
1647:             5            120  org.springframework.beans.factory.config.EmbeddedValueResolver
1648:             1            120  org.springframework.boot.actuate.endpoint.web.servlet.AdditionalHealthEndpointPathsWebMvcHandlerMapping
1649:             1            120  org.springframework.boot.actuate.endpoint.web.servlet.ControllerEndpointHandlerMapping
1650:             1            120  org.springframework.boot.loader.launch.LaunchedClassLoader
1651:             1            120  org.springframework.boot.web.embedded.tomcat.TomcatWebServer$1
1652:             5            120  org.springframework.context.annotation.FilterType
1653:             3            120  org.springframework.core.SerializableTypeWrapper$MethodInvokeTypeProvider
1654:             3            120  org.springframework.core.io.support.ResourceArrayPropertyEditor
1655:             3            120  org.springframework.data.geo.Metrics
1656:             5            120  org.springframework.data.redis.connection.RedisZSetCommands$ZAddArgs$Flag
1657:             5            120  org.springframework.data.redis.connection.ReturnType
1658:             5            120  org.springframework.data.redis.serializer.JdkSerializationRedisSerializer
1659:             3            120  org.springframework.http.converter.xml.Jaxb2RootElementHttpMessageConverter
1660:             5            120  org.springframework.scheduling.config.ScheduledTask
1661:             5            120  org.springframework.web.accept.ContentNegotiationManager
1662:             3            120  org.springframework.web.servlet.mvc.method.annotation.HttpEntityMethodProcessor
1663:             3            120  org.springframework.web.servlet.mvc.method.annotation.RequestResponseBodyMethodProcessor
1664:             5            120  reactor.core.publisher.FluxSink$OverflowStrategy
1665:             3            120  reactor.core.scheduler.BoundedElasticScheduler$BoundedServices
1666:             5            120  sun.nio.fs.WindowsPathType (java.base@25)
1667:             5            120  sun.security.provider.DRBG (java.base@25)
1668:             1            112  [Lcom.baomidou.mybatisplus.core.enums.SqlKeyword;
1669:             2            112  [Lcom.flashchat.chatservice.dao.enums.RoomDurationEnum;
1670:             3            112  [Ljava.lang.invoke.LambdaFormEditor$Transform; (java.base@25)
1671:             1            112  [Ljava.time.LocalTime; (java.base@25)
1672:             2            112  [Ljavax.management.openmbean.OpenType; (java.management@25)
1673:             2            112  [Lorg.springframework.boot.autoconfigure.cache.CacheType;
1674:             1            112  [Lorg.yaml.snakeyaml.tokens.Token$ID;
1675:             3            112  [Lsun.invoke.util.ValueConversions$WrapperCache; (java.base@25)
1676:             2            112  com.alibaba.fastjson2.reader.ObjectReaderImplMap
1677:             2            112  com.esotericsoftware.kryo.serializers.UnsafeField$StringUnsafeField
1678:             2            112  com.esotericsoftware.kryo.util.DefaultClassResolver
1679:             2            112  com.fasterxml.jackson.databind.ser.impl.UnwrappingBeanSerializer
1680:             7            112  com.fasterxml.jackson.datatype.jdk8.Jdk8Deserializers
1681:             7            112  com.fasterxml.jackson.datatype.jdk8.Jdk8Serializers
1682:             7            112  com.fasterxml.jackson.datatype.jdk8.Jdk8TypeModifier
1683:             7            112  com.fasterxml.jackson.module.paramnames.ParameterExtractor
1684:             7            112  com.sun.proxy.jdk.proxy1.$Proxy29 (jdk.proxy1)
1685:             1            112  java.lang.ref.Reference$ReferenceHandler (java.base@25)
1686:             2            112  java.nio.DirectIntBufferRU (java.base@25)
1687:             2            112  java.security.Security$1 (java.base@25)
1688:             2            112  jdk.internal.classfile.impl.ClassFileImpl (java.base@25)
1689:             7            112  jdk.internal.loader.ClassLoaderValue (java.base@25)
1690:             7            112  jdk.proxy2.$Proxy131 (jdk.proxy2)
1691:             7            112  jdk.proxy2.$Proxy154 (jdk.proxy2)
1692:             7            112  jdk.proxy2.$Proxy157 (jdk.proxy2)
1693:             7            112  jdk.proxy2.$Proxy160 (jdk.proxy2)
1694:             7            112  jdk.proxy2.$Proxy47 (jdk.proxy2)
1695:             7            112  org.apache.ibatis.logging.slf4j.Slf4jImpl
1696:             7            112  org.apache.ibatis.logging.slf4j.Slf4jLocationAwareLoggerImpl
1697:             7            112  org.redisson.client.protocol.decoder.ScoredSortedSetReplayDecoder
1698:             7            112  org.redisson.client.protocol.decoder.StringListReplayDecoder
1699:             1            112  org.springframework.boot.actuate.endpoint.web.servlet.WebMvcEndpointHandlerMapping
1700:             7            112  org.springframework.core.convert.support.ArrayToCollectionConverter
1701:             7            112  org.springframework.core.convert.support.ArrayToObjectConverter
1702:             7            112  org.springframework.core.convert.support.ArrayToStringConverter
1703:             7            112  org.springframework.core.convert.support.ByteBufferConverter
1704:             7            112  org.springframework.core.convert.support.CharacterToNumberFactory
1705:             7            112  org.springframework.core.convert.support.CollectionToCollectionConverter
1706:             7            112  org.springframework.core.convert.support.CollectionToObjectConverter
1707:             7            112  org.springframework.core.convert.support.EnumToIntegerConverter
1708:             7            112  org.springframework.core.convert.support.EnumToStringConverter
1709:             7            112  org.springframework.core.convert.support.FallbackObjectToStringConverter
1710:             7            112  org.springframework.core.convert.support.IntegerToEnumConverterFactory
1711:             7            112  org.springframework.core.convert.support.MapToMapConverter
1712:             7            112  org.springframework.core.convert.support.NumberToCharacterConverter
1713:             7            112  org.springframework.core.convert.support.NumberToNumberConverterFactory
1714:             7            112  org.springframework.core.convert.support.ObjectToArrayConverter
1715:             7            112  org.springframework.core.convert.support.ObjectToCollectionConverter
1716:             7            112  org.springframework.core.convert.support.ObjectToOptionalConverter
1717:             7            112  org.springframework.core.convert.support.PropertiesToStringConverter
1718:             7            112  org.springframework.core.convert.support.StreamConverter
1719:             7            112  org.springframework.core.convert.support.StringToArrayConverter
1720:             7            112  org.springframework.core.convert.support.StringToBooleanConverter
1721:             7            112  org.springframework.core.convert.support.StringToCharacterConverter
1722:             7            112  org.springframework.core.convert.support.StringToCharsetConverter
1723:             7            112  org.springframework.core.convert.support.StringToCollectionConverter
1724:             7            112  org.springframework.core.convert.support.StringToCurrencyConverter
1725:             7            112  org.springframework.core.convert.support.StringToEnumConverterFactory
1726:             7            112  org.springframework.core.convert.support.StringToLocaleConverter
1727:             7            112  org.springframework.core.convert.support.StringToNumberConverterFactory
1728:             7            112  org.springframework.core.convert.support.StringToPatternConverter
1729:             7            112  org.springframework.core.convert.support.StringToPropertiesConverter
1730:             7            112  org.springframework.core.convert.support.StringToTimeZoneConverter
1731:             7            112  org.springframework.core.convert.support.StringToUUIDConverter
1732:             7            112  org.springframework.core.convert.support.ZoneIdToTimeZoneConverter
1733:             7            112  org.springframework.core.convert.support.ZonedDateTimeToCalendarConverter
1734:             2            112  org.springframework.http.codec.multipart.DefaultPartHttpMessageReader
1735:             1            112  org.springframework.scheduling.concurrent.ThreadPoolTaskExecutor
1736:             7            112  sun.reflect.generics.reflectiveObjects.GenericArrayTypeImpl (java.base@25)
1737:             2            112  sun.security.provider.SHA (java.base@25)
1738:             2            104  [Lch.qos.logback.core.rolling.helper.PeriodicityType;
1739:             4            104  [Ljava.util.stream.Collector$Characteristics; (java.base@25)
1740:             6            104  [Lorg.springframework.context.annotation.ComponentScan$Filter;
1741:             4            104  [Lorg.springframework.core.io.Resource;
1742:             2            104  [Lsun.util.logging.PlatformLogger$Level; (java.base@25)
1743:             1            104  com.flashchat.chatservice.service.impl.RoomServiceImpl
1744:             1            104  com.flashchat.gameservice.service.impl.GamePlayServiceImpl$$SpringCGLIB$$0
1745:             1            104  com.sun.crypto.provider.SunJCE (java.base@25)
1746:             1            104  com.sun.security.sasl.Provider (java.security.sasl@25)
1747:             1            104  com.sun.security.sasl.gsskerb.JdkSASL (jdk.security.jgss@25)
1748:             1            104  io.micrometer.core.instrument.composite.CompositeMeterRegistry
1749:             1            104  io.netty.channel.socket.nio.NioServerSocketChannel
1750:             1            104  java.lang.invoke.BoundMethodHandle$Species_LLLLLLLLLLLLLLLLLL (java.base@25)
1751:             1            104  jdk.internal.loader.ClassLoaders$AppClassLoader (java.base@25)
1752:             1            104  jdk.internal.loader.ClassLoaders$BootClassLoader (java.base@25)
1753:             1            104  jdk.internal.loader.ClassLoaders$PlatformClassLoader (java.base@25)
1754:             1            104  org.apache.tomcat.util.net.SocketProperties
1755:             1            104  org.jcp.xml.dsig.internal.dom.XMLDSigRI (java.xml.crypto@25)
1756:             1            104  org.redisson.connection.ServiceManager
1757:             1            104  org.springframework.boot.autoconfigure.web.ServerProperties$Tomcat
1758:             1            104  org.springframework.web.servlet.mvc.method.annotation.RequestMappingHandlerMapping
1759:             1            104  org.springframework.web.servlet.view.InternalResourceViewResolver
1760:             1            104  sun.security.ec.SunEC (java.base@25)
1761:             1            104  sun.security.jca.ProviderList$1 (java.base@25)
1762:             1            104  sun.security.jgss.SunProvider (java.security.jgss@25)
1763:             1            104  sun.security.mscapi.SunMSCAPI (jdk.crypto.mscapi@25)
1764:             1            104  sun.security.provider.Sun (java.base@25)
1765:             1            104  sun.security.provider.certpath.ldap.JdkLDAP (java.naming@25)
1766:             1            104  sun.security.rsa.SunRsaSign (java.base@25)
1767:             1            104  sun.security.smartcardio.SunPCSC (java.smartcardio@25)
1768:             1            104  sun.security.ssl.SunJSSE (java.base@25)
1769:             2             96  [Lcom.fasterxml.jackson.annotation.JsonInclude$Include;
1770:             2             96  [Lcom.fasterxml.jackson.annotation.PropertyAccessor;
1771:             1             96  [Lcom.flashchat.chatservice.dto.enums.WsRespDTOTypeEnum;
1772:             2             96  [Lcom.mysql.cj.util.SearchMode;
1773:             4             96  [Lio.netty.handler.codec.dns.DnsRecordType;
1774:             2             96  [Ljava.lang.System$Logger$Level; (java.base@25)
1775:             2             96  [Ljava.time.DayOfWeek; (java.base@25)
1776:             2             96  [Lorg.springframework.boot.cloud.CloudPlatform;
1777:             1             96  [Lorg.springframework.boot.jdbc.DatabaseDriver;
1778:             2             96  [Lorg.springframework.boot.logging.LogLevel;
1779:             2             96  [Lorg.springframework.transaction.annotation.Propagation;
1780:             1             96  [Lsun.util.locale.BaseLocale; (java.base@25)
1781:             1             96  [[J (java.base@25)
1782:             2             96  ch.qos.logback.classic.encoder.PatternLayoutEncoder
1783:             2             96  ch.qos.logback.classic.pattern.LoggerConverter
1784:             4             96  ch.qos.logback.core.pattern.parser.Token
1785:             2             96  ch.qos.logback.core.rolling.helper.DateTokenConverter
1786:             4             96  ch.qos.logback.core.subst.Token
1787:             3             96  ch.qos.logback.core.util.COWArrayList
1788:             4             96  com.alibaba.fastjson2.reader.ConstructorSupplier
1789:             4             96  com.baomidou.mybatisplus.annotation.FieldFill
1790:             4             96  com.esotericsoftware.kryo.serializers.FieldSerializer$FieldSerializerConfig
1791:             3             96  com.esotericsoftware.kryo.util.Generics$GenericsHierarchy
1792:             4             96  com.fasterxml.classmate.AnnotationInclusion
1793:             4             96  com.fasterxml.jackson.annotation.JsonCreator$Mode
1794:             4             96  com.fasterxml.jackson.annotation.JsonProperty$Access
1795:             2             96  com.fasterxml.jackson.core.util.Separators
1796:             4             96  com.fasterxml.jackson.databind.cfg.CoercionAction
1797:             4             96  com.fasterxml.jackson.databind.cfg.ConstructorDetector
1798:             4             96  com.fasterxml.jackson.databind.cfg.ConstructorDetector$SingleArgConstructor
1799:             4             96  com.fasterxml.jackson.databind.introspect.AnnotationCollector$OneAnnotation
1800:             4             96  com.fasterxml.jackson.databind.ser.impl.ReadOnlyClassToSerializerMap
1801:             2             96  com.fasterxml.jackson.databind.ser.std.CollectionSerializer
1802:             4             96  com.fasterxml.jackson.databind.util.internal.PrivateMaxEntriesMap$EntrySet
1803:             3             96  com.fasterxml.jackson.datatype.jsr310.JavaTimeFeature
1804:             3             96  com.fasterxml.jackson.datatype.jsr310.deser.JSR310StringParsableDeserializer
1805:             3             96  com.flashchat.cache.config.CacheAutoConfiguration$1
1806:             3             96  com.flashchat.chatservice.audit.AuditResultEnum
1807:             3             96  com.flashchat.chatservice.dao.enums.RoomMemberStatusEnum
1808:             3             96  com.flashchat.chatservice.dto.enums.RoomDelayEventTypeEnum
1809:             4             96  com.flashchat.chatservice.service.dispatch.RoomSideEffectMailbox$NamedThreadFactory
1810:             3             96  com.flashchat.gameservice.dao.enums.AiPersonaEnum
1811:             1             96  com.flashchat.userservice.service.impl.AccountServiceImpl$$SpringCGLIB$$0
1812:             3             96  com.github.benmanes.caffeine.cache.FrequencySketch
1813:             3             96  com.google.protobuf.ExtensionRegistry
1814:             4             96  com.mysql.cj.QueryReturnType
1815:             3             96  com.mysql.cj.conf.LongProperty
1816:             4             96  com.mysql.cj.conf.PropertyDefinitions$AuthMech
1817:             4             96  com.mysql.cj.conf.PropertyDefinitions$XdevapiSslMode
1818:             3             96  com.mysql.cj.jdbc.AbandonedConnectionCleanupThread$ConnectionFinalizerPhantomReference
1819:             3             96  com.mysql.cj.jdbc.result.ResultSetFactory
1820:             3             96  com.mysql.cj.protocol.Resultset$Type
1821:             6             96  com.mysql.cj.protocol.a.ColumnDefinitionReader
1822:             3             96  com.mysql.cj.protocol.a.SimplePacketReader
1823:             3             96  com.mysql.cj.protocol.a.TimeTrackingPacketSender
1824:             4             96  com.mysql.cj.protocol.a.authentication.CachingSha2PasswordPlugin$AuthStage
1825:             4             96  com.sun.jmx.interceptor.DefaultMBeanServerInterceptor$ListenerWrapper (java.management@25)
1826:             6             96  io.micrometer.core.instrument.binder.jvm.JvmThreadMetrics$$Lambda/0x000000001277cf18
1827:             4             96  io.micrometer.core.instrument.binder.tomcat.TomcatMetrics$$Lambda/0x00000000127a11e0
1828:             4             96  io.micrometer.core.instrument.binder.tomcat.TomcatMetrics$1
1829:             4             96  io.micrometer.observation.transport.Kind
1830:             1             96  io.micrometer.prometheusmetrics.PrometheusMeterRegistry
1831:             4             96  io.netty.channel.DefaultChannelPipeline$AddStrategy
1832:             6             96  io.netty.channel.ReflectiveChannelFactory
1833:             4             96  io.netty.handler.codec.http.DefaultHttpHeadersFactory
1834:             4             96  io.netty.resolver.ResolvedAddressTypes
1835:             3             96  io.netty.resolver.dns.DefaultAuthoritativeDnsServerCache
1836:             3             96  io.netty.resolver.dns.DefaultDnsCache
1837:             4             96  io.netty.util.Recycler$2
1838:             2             96  io.netty.util.ResourceLeakDetector$DefaultResourceLeak
1839:             4             96  io.netty.util.ResourceLeakDetector$Level
1840:             2             96  io.netty.util.ResourceLeakDetector$TraceRecord
1841:             3             96  io.netty.util.Signal$SignalConstant
1842:             6             96  java.lang.Float (java.base@25)
1843:             3             96  java.lang.Runtime$Version (java.base@25)
1844:             4             96  java.lang.StackWalker$Option (java.base@25)
1845:             4             96  java.lang.String$$StringConcat/0x0000000012260000 (java.base@25)
1846:             4             96  java.lang.String$$StringConcat/0x000000001243c400 (java.base@25)
1847:             3             96  java.lang.constant.DynamicConstantDesc$AnonymousDynamicConstantDesc (java.base@25)
1848:             2             96  java.lang.invoke.MethodHandleImpl$WrappedMember (java.base@25)
1849:             3             96  java.lang.invoke.VarHandleByteArrayAsInts$ArrayHandle (java.base@25)
1850:             3             96  java.lang.invoke.VarHandleByteArrayAsLongs$ArrayHandle (java.base@25)
1851:             4             96  java.time.ZoneRegion (java.base@25)
1852:             4             96  java.time.format.DateTimeFormatterBuilder$SettingsParser (java.base@25)
1853:             4             96  java.time.format.FormatStyle (java.base@25)
1854:             2             96  java.util.Locale$Category (java.base@25)
1855:             3             96  java.util.Random (java.base@25)
1856:             2             96  java.util.concurrent.CompletableFuture$Signaller (java.base@25)
1857:             4             96  java.util.concurrent.ConcurrentSkipListMap$Index (java.base@25)
1858:             4             96  java.util.concurrent.Executors$DelegatedScheduledExecutorService (java.base@25)
1859:             3             96  java.util.concurrent.FutureTask (java.base@25)
1860:             3             96  java.util.concurrent.SynchronousQueue (java.base@25)
1861:             6             96  java.util.concurrent.ThreadPoolExecutor$AbortPolicy (java.base@25)
1862:             4             96  java.util.regex.Pattern$Qtype (java.base@25)
1863:             3             96  java.util.stream.MatchOps$MatchKind (java.base@25)
1864:             4             96  java.util.stream.StreamShape (java.base@25)
1865:             4             96  javax.annotation.meta.When
1866:             4             96  javax.management.NotificationBroadcasterSupport (java.management@25)
1867:             4             96  javax.management.NotificationBroadcasterSupport$ListenerInfo (java.management@25)
1868:             2             96  javax.management.modelmbean.ModelMBeanOperationInfo (java.management@25)
1869:             4             96  jdk.internal.classfile.impl.AbstractPoolEntry$Utf8EntryImpl$State (java.base@25)
1870:             1             96  jdk.internal.jimage.ImageReader$SharedImageReader (java.base@25)
1871:             4             96  jdk.internal.util.OperatingSystem (java.base@25)
1872:             4             96  jdk.internal.vm.Continuation$Pinned (java.base@25)
1873:             6             96  jdk.proxy2.$Proxy102 (jdk.proxy2)
1874:             6             96  jdk.proxy2.$Proxy108 (jdk.proxy2)
1875:             6             96  jdk.proxy2.$Proxy152 (jdk.proxy2)
1876:             6             96  jdk.proxy2.$Proxy66 (jdk.proxy2)
1877:             6             96  jdk.proxy2.$Proxy67 (jdk.proxy2)
1878:             6             96  jdk.proxy2.$Proxy73 (jdk.proxy2)
1879:             3             96  jdk.xml.internal.JdkProperty (java.xml@25)
1880:             4             96  jdk.xml.internal.JdkXmlFeatures (java.xml@25)
1881:             3             96  org.apache.catalina.WebResourceRoot$ArchiveIndexStrategy
1882:             1             96  org.apache.catalina.authenticator.NonLoginAuthenticator
1883:             4             96  org.apache.catalina.webresources.EmptyResource
1884:             3             96  org.apache.coyote.ContinueResponseTiming
1885:             4             96  org.apache.ibatis.type.BigDecimalTypeHandler
1886:             4             96  org.apache.ibatis.type.BlobTypeHandler
1887:             4             96  org.apache.ibatis.type.BooleanTypeHandler
1888:             4             96  org.apache.ibatis.type.NStringTypeHandler
1889:             3             96  org.apache.tomcat.util.buf.EncodedSolidusHandling
1890:             3             96  org.apache.tomcat.util.http.ConcurrentDateFormat
1891:             4             96  org.apache.tomcat.util.log.UserDataHelper$Config
1892:             4             96  org.apache.tomcat.util.net.Acceptor$AcceptorState
1893:             1             96  org.apache.tomcat.util.threads.ThreadPoolExecutor
1894:             1             96  org.apache.tomcat.websocket.server.WsServerContainer
1895:             2             96  org.hibernate.validator.internal.metadata.aggregated.ContainerCascadingMetaData
1896:             3             96  org.hibernate.validator.internal.metadata.core.MetaConstraint
1897:             3             96  org.hibernate.validator.internal.metadata.raw.ConfigurationSource
1898:             3             96  org.hibernate.validator.internal.properties.javabean.JavaBeanField
1899:             3             96  org.hibernate.validator.resourceloading.PlatformResourceBundleLocator
1900:             2             96  org.redisson.RedissonBloomFilter
1901:             4             96  org.redisson.api.BatchOptions$ExecutionMode
1902:             6             96  org.redisson.client.protocol.convertor.EmptyMapConvertor
1903:             6             96  org.redisson.client.protocol.pubsub.PubSubStatusDecoder
1904:             3             96  org.redisson.codec.Kryo5Codec$1
1905:             4             96  org.redisson.config.TransportMode
1906:             2             96  org.redisson.connection.ConnectionsHolder
1907:             6             96  org.redisson.misc.WrappedLock
1908:             2             96  org.springframework.beans.SimpleTypeConverter
1909:             3             96  org.springframework.beans.propertyeditors.ClassArrayEditor
1910:             3             96  org.springframework.beans.propertyeditors.ClassEditor
1911:             3             96  org.springframework.beans.propertyeditors.FileEditor
1912:             3             96  org.springframework.beans.propertyeditors.InputSourceEditor
1913:             3             96  org.springframework.beans.propertyeditors.InputStreamEditor
1914:             3             96  org.springframework.beans.propertyeditors.PathEditor
1915:             3             96  org.springframework.beans.propertyeditors.ReaderEditor
1916:             3             96  org.springframework.beans.propertyeditors.URIEditor
1917:             3             96  org.springframework.beans.propertyeditors.URLEditor
1918:             3             96  org.springframework.boot.actuate.autoconfigure.endpoint.expose.EndpointExposure
1919:             4             96  org.springframework.boot.actuate.endpoint.annotation.EndpointDiscoverer$1
1920:             3             96  org.springframework.boot.actuate.endpoint.annotation.EndpointDiscoverer$ExtensionBean
1921:             4             96  org.springframework.boot.actuate.health.Status
1922:             4             96  org.springframework.boot.actuate.metrics.export.prometheus.PrometheusPushGatewayManager$ShutdownOperation
1923:             4             96  org.springframework.boot.actuate.metrics.jdbc.DataSourcePoolMetrics$CachingDataSourcePoolMetadataProvider$$Lambda/0x00000000127868a8
1924:             6             96  org.springframework.boot.autoconfigure.cache.CacheCondition
1925:             3             96  org.springframework.boot.context.properties.source.SoftReferenceConfigurationPropertyCache
1926:             3             96  org.springframework.boot.context.properties.source.SpringIterableConfigurationPropertySource
1927:             4             96  org.springframework.context.annotation.ScopedProxyMode
1928:             4             96  org.springframework.core.annotation.MergedAnnotations$SearchStrategy
1929:             4             96  org.springframework.core.annotation.TypeMappedAnnotations$IsPresent
1930:             4             96  org.springframework.core.codec.CharSequenceEncoder
1931:             4             96  org.springframework.core.convert.support.DefaultConversionService
1932:             6             96  org.springframework.core.convert.support.IdToEntityConverter
1933:             6             96  org.springframework.core.convert.support.ObjectToObjectConverter
1934:             4             96  org.springframework.core.io.support.PathMatchingResourcePatternResolver
1935:             6             96  org.springframework.data.convert.CustomConversions$ConversionTargetsCache
1936:             3             96  org.springframework.data.convert.CustomConversions$ConverterConfiguration
1937:             4             96  org.springframework.data.mapping.model.EntityInstantiators
1938:             4             96  org.springframework.data.mapping.model.KotlinClassGeneratingEntityInstantiator
1939:             4             96  org.springframework.data.redis.core.DefaultClusterOperations
1940:             4             96  org.springframework.data.redis.core.DefaultStreamOperations
1941:             2             96  org.springframework.data.redis.core.convert.MappingRedisConverter
1942:             4             96  org.springframework.data.util.NullableWrapperConverters$WrapperType
1943:             6             96  org.springframework.format.datetime.DateFormatterRegistrar$CalendarToDateConverter
1944:             6             96  org.springframework.format.datetime.DateFormatterRegistrar$CalendarToLongConverter
1945:             6             96  org.springframework.format.datetime.DateFormatterRegistrar$DateToCalendarConverter
1946:             6             96  org.springframework.format.datetime.DateFormatterRegistrar$DateToLongConverter
1947:             6             96  org.springframework.format.datetime.DateFormatterRegistrar$LongToCalendarConverter
1948:             6             96  org.springframework.format.datetime.DateFormatterRegistrar$LongToDateConverter
1949:             2             96  org.springframework.http.codec.multipart.PartEventHttpMessageReader
1950:             4             96  org.springframework.http.converter.ResourceRegionHttpMessageConverter
1951:             2             96  org.springframework.jdbc.core.JdbcTemplate
1952:             1             96  org.springframework.scheduling.concurrent.ThreadPoolTaskScheduler
1953:             4             96  org.springframework.scheduling.config.FixedDelayTask
1954:             4             96  org.springframework.scheduling.support.DelegatingErrorHandlingRunnable
1955:             3             96  org.springframework.scripting.support.ResourceScriptSource
1956:             3             96  org.springframework.security.crypto.bcrypt.BCryptPasswordEncoder$BCryptVersion
1957:             3             96  org.springframework.util.AntPathMatcher$AntPathStringMatcher
1958:             6             96  org.springframework.util.ConcurrentLruCache$WriteOperations
1959:             4             96  org.springframework.util.ConcurrentReferenceHashMap$TaskOption
1960:             4             96  org.springframework.util.LinkedCaseInsensitiveMap$EntrySet
1961:             4             96  org.springframework.util.comparator.NullSafeComparator
1962:             4             96  org.springframework.web.context.request.async.StandardServletAsyncWebRequest$State
1963:             1             96  org.springframework.web.servlet.handler.SimpleUrlHandlerMapping
1964:             3             96  org.springframework.web.servlet.resource.PathResourceResolver
1965:             4             96  org.springframework.web.util.DefaultUriBuilderFactory$EncodingMode
1966:             3             96  org.yaml.snakeyaml.DumperOptions$FlowStyle
1967:             3             96  org.yaml.snakeyaml.DumperOptions$LineBreak
1968:             4             96  org.yaml.snakeyaml.nodes.NodeId
1969:             4             96  sun.misc.Unsafe$MemoryAccessOption (jdk.unsupported@25)
1970:             3             96  sun.net.spi.DefaultProxySelector$NonProxyInfo (java.base@25)
1971:             2             96  sun.nio.cs.StreamEncoder (java.base@25)
1972:             2             96  sun.nio.fs.WindowsPath$WindowsPathWithAttributes (java.base@25)
1973:             1             88  [Lcom.alibaba.fastjson2.PropertyNamingStrategy;
1974:             2             88  [Ljava.nio.file.attribute.PosixFilePermission; (java.base@25)
1975:             1             88  [Lorg.springframework.boot.ansi.AnsiColor;
1976:             4             88  [Lorg.springframework.boot.context.config.ConfigDataEnvironmentContributors$BinderOption;
1977:             2             88  [Lsun.security.jca.ProviderConfig; (java.base@25)
1978:             1             88  [[I (java.base@25)
1979:             1             88  ch.qos.logback.core.rolling.RollingFileAppender
1980:             1             88  ch.qos.logback.core.rolling.SizeAndTimeBasedRollingPolicy
1981:             1             88  com.alibaba.fastjson2.util.DynamicClassLoader
1982:             1             88  com.flashchat.chatservice.service.impl.ChatServiceImpl
1983:             1             88  com.flashchat.gameservice.service.impl.GameRoomServiceImpl$$SpringCGLIB$$0
1984:             1             88  java.lang.invoke.BoundMethodHandle$Species_LLLLLLLLLLLLL (java.base@25)
1985:             1             88  org.apache.catalina.core.StandardService
1986:             1             88  org.springframework.boot.autoconfigure.web.servlet.WelcomePageHandlerMapping
1987:             1             88  org.springframework.boot.autoconfigure.web.servlet.WelcomePageNotAcceptableHandlerMapping
1988:             1             88  org.springframework.data.redis.connection.DefaultStringRedisConnection
1989:             1             88  org.springframework.data.redis.listener.RedisMessageListenerContainer
1990:             1             88  org.springframework.jmx.export.annotation.AnnotationMBeanExporter
1991:             1             88  org.springframework.web.servlet.function.support.RouterFunctionMapping
1992:             1             88  org.springframework.web.servlet.handler.BeanNameUrlHandlerMapping
1993:             4             80  [Lch.qos.logback.core.filter.Filter;
1994:             1             80  [Lcom.alibaba.fastjson2.JSONFactory$CacheItem;
1995:             2             80  [Lcom.baomidou.mybatisplus.annotation.FieldStrategy;
1996:             2             80  [Lcom.baomidou.mybatisplus.annotation.IdType;
1997:             2             80  [Lcom.fasterxml.jackson.databind.cfg.JsonNodeFeature;
1998:             1             80  [Lio.netty.handler.codec.http.HttpMethod$EnumNameMap$Node;
1999:             2             80  [Lio.netty.handler.codec.http.HttpStatusClass;
2000:             2             80  [Ljakarta.servlet.DispatcherType;
2001:             2             80  [Ljakarta.validation.executable.ExecutableType;
2002:             1             80  [Ljakarta.websocket.CloseReason$CloseCodes;
2003:             2             80  [Ljava.lang.OutOfMemoryError; (java.base@25)
2004:             4             80  [Ljava.nio.file.attribute.FileAttribute; (java.base@25)
2005:             2             80  [Ljava.util.stream.StreamOpFlag$Type; (java.base@25)
2006:             1             80  [Ljdk.xml.internal.XMLSecurityManager$Limit; (java.xml@25)
2007:             2             80  [Lorg.hibernate.validator.internal.metadata.raw.ConstrainedElement$ConstrainedElementKind;
2008:             2             80  [Lorg.redisson.client.protocol.pubsub.PubSubType;
2009:             2             80  [Lorg.springframework.context.annotation.FilterType;
2010:             2             80  [Lorg.springframework.data.redis.connection.RedisZSetCommands$ZAddArgs$Flag;
2011:             2             80  [Lorg.springframework.http.HttpStatus$Series;
2012:             2             80  [Lorg.springframework.transaction.annotation.Isolation;
2013:             2             80  [[Ljava.lang.invoke.MethodHandle; (java.base@25)
2014:             2             80  ch.qos.logback.classic.filter.ThresholdFilter
2015:             2             80  ch.qos.logback.classic.pattern.DateConverter
2016:             1             80  ch.qos.logback.core.rolling.SizeAndTimeBasedFileNamingAndTriggeringPolicy
2017:             2             80  com.esotericsoftware.kryo.serializers.FieldSerializer
2018:             2             80  com.esotericsoftware.kryo.util.DefaultGenerics
2019:             2             80  com.esotericsoftware.kryo.util.IdentityMap
2020:             2             80  com.fasterxml.jackson.databind.deser.std.NumberDeserializers$BooleanDeserializer
2021:             2             80  com.fasterxml.jackson.databind.deser.std.NumberDeserializers$DoubleDeserializer
2022:             2             80  com.fasterxml.jackson.databind.deser.std.NumberDeserializers$IntegerDeserializer
2023:             2             80  com.fasterxml.jackson.databind.deser.std.NumberDeserializers$LongDeserializer
2024:             2             80  com.fasterxml.jackson.datatype.jsr310.deser.LocalDateTimeDeserializer
2025:             2             80  com.fasterxml.jackson.datatype.jsr310.deser.LocalTimeDeserializer
2026:             2             80  com.fasterxml.jackson.datatype.jsr310.ser.LocalDateSerializer
2027:             2             80  com.fasterxml.jackson.datatype.jsr310.ser.LocalTimeSerializer
2028:             2             80  com.sun.beans.util.Cache$Kind$Soft (java.desktop@25)
2029:             2             80  com.sun.jmx.mbeanserver.DefaultMXBeanMappingFactory$TabularMapping (java.management@25)
2030:             2             80  io.lettuce.core.metrics.MicrometerOptions
2031:             2             80  io.lettuce.core.metrics.MicrometerOptions$Builder
2032:             1             80  io.lettuce.core.resource.DefaultClientResources
2033:             2             80  io.netty.buffer.ReadOnlyByteBuf
2034:             2             80  io.netty.handler.codec.http.HttpVersion
2035:             2             80  io.netty.util.ResourceLeakDetector
2036:             5             80  io.netty.util.concurrent.MultithreadEventExecutorGroup$1
2037:             5             80  io.netty.util.concurrent.ThreadPerTaskExecutor
2038:             2             80  java.io.BufferedWriter (java.base@25)
2039:             2             80  java.io.PrintStream (java.base@25)
2040:             2             80  java.lang.ModuleLayer (java.base@25)
2041:             2             80  java.lang.StackWalker (java.base@25)
2042:             2             80  java.lang.ThreadBuilders$VirtualThreadFactory (java.base@25)
2043:             2             80  java.lang.module.Configuration (java.base@25)
2044:             2             80  java.time.format.DateTimeFormatterBuilder$ZoneTextPrinterParser (java.base@25)
2045:             1             80  java.util.zip.ZipFile$Source (java.base@25)
2046:             2             80  jdk.internal.math.FloatingDecimal$BinaryToASCIIBuffer (java.base@25)
2047:             5             80  jdk.internal.module.ServicesCatalog (java.base@25)
2048:             2             80  jdk.internal.ref.CleanerImpl$CleanerCleanable (java.base@25)
2049:             5             80  jdk.internal.util.Preconditions$4 (java.base@25)
2050:             5             80  jdk.proxy2.$Proxy117 (jdk.proxy2)
2051:             5             80  jdk.proxy2.$Proxy161 (jdk.proxy2)
2052:             5             80  jdk.proxy2.$Proxy46 (jdk.proxy2)
2053:             5             80  jdk.proxy2.$Proxy56 (jdk.proxy2)
2054:             5             80  jdk.proxy2.$Proxy70 (jdk.proxy2)
2055:             5             80  jdk.proxy2.$Proxy80 (jdk.proxy2)
2056:             5             80  jdk.proxy2.$Proxy97 (jdk.proxy2)
2057:             1             80  org.apache.catalina.startup.Tomcat$SimpleRealm
2058:             1             80  org.apache.catalina.webresources.StandardRoot
2059:             1             80  org.apache.coyote.RequestGroupInfo
2060:             1             80  org.apache.ibatis.ognl.OgnlCache
2061:             1             80  org.mybatis.spring.mapper.MapperScannerConfigurer
2062:             2             80  org.redisson.client.handler.ConnectionWatchdog
2063:             2             80  org.redisson.client.handler.RedisChannelInitializer
2064:             5             80  org.redisson.client.protocol.convertor.BooleanNullSafeReplayConvertor
2065:             5             80  org.redisson.client.protocol.decoder.ScoredSortedSetReplayDecoderV2
2066:             2             80  org.springframework.boot.actuate.endpoint.jmx.annotation.DiscoveredJmxOperation
2067:             2             80  org.springframework.boot.autoconfigure.data.redis.RedisProperties$Pool
2068:             1             80  org.springframework.boot.autoconfigure.web.ServerProperties
2069:             1             80  org.springframework.boot.autoconfigure.web.servlet.WebMvcAutoConfiguration$EnableWebMvcConfiguration
2070:             2             80  org.springframework.boot.context.config.Profiles$Type
2071:             2             80  org.springframework.boot.convert.ApplicationConversionService
2072:             1             80  org.springframework.boot.loader.net.protocol.jar.JarUrlConnection
2073:             1             80  org.springframework.context.support.PropertySourcesPlaceholderConfigurer
2074:             5             80  org.springframework.core.serializer.DefaultDeserializer
2075:             5             80  org.springframework.core.serializer.DefaultSerializer
2076:             5             80  org.springframework.core.serializer.support.DeserializingConverter
2077:             5             80  org.springframework.core.serializer.support.SerializingConverter
2078:             5             80  org.springframework.data.mapping.model.SimpleTypeHolder
2079:             2             80  org.springframework.data.projection.SpelAwareProxyProjectionFactory
2080:             5             80  org.springframework.expression.spel.standard.SpelExpressionParser
2081:             2             80  org.springframework.expression.spel.support.ReflectivePropertyAccessor
2082:             2             80  org.springframework.http.codec.json.Jackson2JsonEncoder
2083:             2             80  org.springframework.http.codec.multipart.MultipartHttpMessageWriter
2084:             2             80  org.springframework.http.codec.xml.Jaxb2XmlDecoder
2085:             5             80  org.springframework.scheduling.annotation.ScheduledAnnotationBeanPostProcessor$$Lambda/0x0000000012448000
2086:             2             80  org.springframework.scheduling.concurrent.ExecutorLifecycleDelegate
2087:             1             80  org.springframework.scheduling.concurrent.ThreadPoolTaskExecutor$1
2088:             1             80  org.springframework.scheduling.concurrent.ThreadPoolTaskScheduler$1
2089:             5             80  org.springframework.web.accept.HeaderContentNegotiationStrategy
2090:             2             80  org.springframework.web.method.ControllerAdviceBean
2091:             1             80  org.springframework.web.servlet.mvc.method.annotation.ExceptionHandlerExceptionResolver
2092:             5             80  reactor.core.Disposables$AlwaysDisposable
2093:             1             80  reactor.netty.resources.ConnectionProvider$Builder
2094:             1             80  reactor.netty.resources.PooledConnectionProvider$PoolFactory
2095:             2             80  sun.management.MemoryManagerImpl (java.management@25)
2096:             1             80  sun.net.www.protocol.jar.URLJarFile (java.base@25)
2097:             2             80  sun.nio.ch.ServerSocketAdaptor (java.base@25)
2098:             1             80  sun.util.cldr.CLDRLocaleProviderAdapter (java.base@25)
2099:             1             80  sun.util.locale.provider.FallbackLocaleProviderAdapter (java.base@25)
2100:             1             72  [Lcom.fasterxml.jackson.core.JsonToken;
2101:             1             72  [Lcom.fasterxml.jackson.databind.type.LogicalType;
2102:             3             72  [Lcom.github.benmanes.caffeine.cache.Buffer;
2103:             1             72  [Lcom.sun.org.apache.xml.internal.dtm.ref.ExtendedType; (java.xml@25)
2104:             3             72  [Ljakarta.validation.constraintvalidation.ValidationTarget;
2105:             3             72  [Ljava.util.concurrent.ConcurrentHashMap$CounterCell; (java.base@25)
2106:             1             72  [Ljavax.management.openmbean.SimpleType; (java.management@25)
2107:             1             72  [Lorg.apache.coyote.AsyncStateMachine$AsyncState;
2108:             1             72  [Lorg.springframework.boot.logging.LoggingSystemProperty;
2109:             3             72  [Lorg.springframework.core.annotation.MergedAnnotation$Adapt;
2110:             2             72  [[Ljava.lang.String; (java.base@25)
2111:             3             72  ch.qos.logback.classic.spi.Configurator$ExecutionStatus
2112:             3             72  ch.qos.logback.core.pattern.FormatInfo
2113:             3             72  ch.qos.logback.core.rolling.helper.CompressionMode
2114:             3             72  ch.qos.logback.core.spi.FilterReply
2115:             3             72  ch.qos.logback.core.subst.Tokenizer$TokenizerState
2116:             3             72  ch.qos.logback.core.util.FileSize
2117:             3             72  com.alibaba.fastjson2.util.ParameterizedTypeImpl
2118:             1             72  com.baomidou.mybatisplus.core.config.GlobalConfig$DbConfig
2119:             3             72  com.fasterxml.jackson.core.Base64Variant$PaddingReadBehaviour
2120:             1             72  com.fasterxml.jackson.core.util.InternCache
2121:             3             72  com.fasterxml.jackson.databind.annotation.JsonSerialize$Typing
2122:             3             72  com.fasterxml.jackson.databind.jsontype.PolymorphicTypeValidator$Validity
2123:             3             72  com.fasterxml.jackson.databind.ser.std.NumberSerializer
2124:             3             72  com.fasterxml.jackson.databind.util.AccessPattern
2125:             1             72  com.fasterxml.jackson.module.paramnames.ParameterNamesModule
2126:             3             72  com.flashchat.cache.config.RedisDistributedProperties$CacheDomainProperties
2127:             3             72  com.flashchat.chatservice.ratelimit.RateLimitProperties$DimensionConfig
2128:             1             72  com.flashchat.chatservice.service.impl.MessageSideEffectServiceImpl
2129:             1             72  com.flashchat.chatservice.service.impl.RoomMemberServiceImpl$$SpringCGLIB$$0
2130:             1             72  com.flashchat.gameservice.listener.GameEventListener$$SpringCGLIB$$0
2131:             1             72  com.flashchat.gameservice.service.impl.GamePlayServiceImpl
2132:             1             72  com.flashchat.gameservice.service.impl.WordPairServiceImpl$$SpringCGLIB$$0
2133:             1             72  com.flashchat.userservice.service.impl.InviteCodeServiceImpl$$SpringCGLIB$$0
2134:             3             72  com.github.benmanes.caffeine.cache.BoundedBuffer
2135:             3             72  com.github.benmanes.caffeine.cache.BoundedLocalCache$BoundedLocalManualCache
2136:             3             72  com.github.benmanes.caffeine.cache.BoundedLocalCache$PerformCleanupTask
2137:             3             72  com.github.benmanes.caffeine.cache.TimerWheel
2138:             1             72  com.github.benmanes.caffeine.cache.stats.CacheStats
2139:             3             72  com.mysql.cj.Query$CancelStatus
2140:             3             72  com.mysql.cj.conf.PropertyDefinitions$Compression
2141:             3             72  com.mysql.cj.conf.PropertyDefinitions$ZeroDatetimeBehavior
2142:             3             72  com.mysql.cj.jdbc.JdbcPropertySetImpl
2143:             3             72  com.mysql.cj.protocol.NetworkResources
2144:             3             72  com.mysql.cj.protocol.a.NativeConstants$StringSelfDataType
2145:             3             72  com.mysql.cj.protocol.a.NativeServerSessionStateController
2146:             3             72  com.mysql.cj.protocol.a.ResultsetRowReader
2147:             3             72  com.mysql.cj.protocol.a.TimeTrackingPacketReader
2148:             3             72  com.mysql.cj.protocol.a.authentication.AuthenticationFidoClient
2149:             3             72  com.mysql.cj.protocol.a.authentication.MysqlClearPasswordPlugin
2150:             3             72  com.mysql.cj.protocol.a.authentication.MysqlNativePasswordPlugin
2151:             3             72  com.mysql.cj.protocol.a.authentication.MysqlOldPasswordPlugin
2152:             3             72  com.sun.jndi.toolkit.url.Uri$ParseMode (java.naming@25)
2153:             3             72  com.zaxxer.hikari.pool.HikariPool$MaxLifetimeTask
2154:             3             72  com.zaxxer.hikari.util.FastList
2155:             3             72  com.zaxxer.hikari.util.UtilityElf$DefaultThreadFactory
2156:             3             72  io.lettuce.core.resource.EventLoopResourcesWrapper
2157:             3             72  io.micrometer.core.instrument.binder.cache.CaffeineCacheMetrics
2158:             3             72  io.micrometer.core.instrument.binder.jvm.JvmGcMetrics$$Lambda/0x00000000127772c0
2159:             3             72  io.micrometer.core.instrument.binder.jvm.JvmGcMetrics$GcGenerationAge
2160:             3             72  io.micrometer.core.instrument.binder.jvm.JvmHeapPressureMetrics$$Lambda/0x0000000012762d78
2161:             3             72  io.micrometer.core.instrument.config.MeterFilterReply
2162:             3             72  io.netty.channel.ChannelMetadata
2163:             3             72  io.netty.resolver.dns.DefaultAuthoritativeDnsServerCache$1
2164:             3             72  io.netty.resolver.dns.DefaultDnsCache$1
2165:             3             72  io.netty.resolver.dns.DefaultDnsCnameCache
2166:             3             72  io.netty.resolver.dns.DefaultDnsCnameCache$1
2167:             3             72  jakarta.servlet.SessionTrackingMode
2168:             3             72  jakarta.validation.ConstraintTarget
2169:             3             72  jakarta.validation.metadata.ValidateUnwrappedValue
2170:             1             72  java.beans.PropertyDescriptor (java.desktop@25)
2171:             3             72  java.lang.StackStreamFactory$WalkerState (java.base@25)
2172:             3             72  java.lang.String$$StringConcat/0x0000000012408800 (java.base@25)
2173:             3             72  java.lang.WeakPairMap (java.base@25)
2174:             3             72  java.lang.annotation.RetentionPolicy (java.base@25)
2175:             3             72  java.lang.classfile.ClassFile$StackMapsOption (java.base@25)
2176:             3             72  java.lang.invoke.MethodHandleImpl$ArrayAccess (java.base@25)
2177:             3             72  java.net.Proxy$Type (java.base@25)
2178:             3             72  java.net.Socket$SocketInputStream (java.base@25)
2179:             3             72  java.net.Socket$SocketOutputStream (java.base@25)
2180:             3             72  java.net.StandardProtocolFamily (java.base@25)
2181:             3             72  java.security.DrbgParameters$Capability (java.base@25)
2182:             3             72  java.security.SecurityPermission (java.base@25)
2183:             3             72  java.time.format.ResolverStyle (java.base@25)
2184:             3             72  java.util.Base64$Encoder (java.base@25)
2185:             3             72  java.util.Comparator$$Lambda/0x00000000125ebce0 (java.base@25)
2186:             3             72  java.util.concurrent.Executors$DefaultThreadFactory (java.base@25)
2187:             3             72  java.util.concurrent.SynchronousQueue$Transferer (java.base@25)
2188:             3             72  java.util.regex.Pattern$Neg (java.base@25)
2189:             3             72  java.util.stream.Collector$Characteristics (java.base@25)
2190:             1             72  javax.management.modelmbean.ModelMBeanInfoSupport (java.management@25)
2191:             3             72  jdk.internal.math.FloatingDecimal$ExceptionalBinaryToASCIIBuffer (java.base@25)
2192:             3             72  jdk.internal.module.ModuleBootstrap$IllegalNativeAccess (java.base@25)
2193:             3             72  jdk.internal.ref.CleanerImpl$CleanableList$Node (java.base@25)
2194:             3             72  jdk.xml.internal.XMLSecurityManager$Processor (java.xml@25)
2195:             3             72  org.apache.catalina.authenticator.AuthenticatorBase$AllowCorsPreflight
2196:             1             72  org.apache.catalina.core.StandardWrapperValve
2197:             1             72  org.apache.catalina.webresources.DirResourceSet
2198:             3             72  org.apache.coyote.http11.Http11InputBuffer$HeaderParseStatus
2199:             3             72  org.apache.ibatis.mapping.ParameterMode
2200:             3             72  org.apache.ibatis.mapping.StatementType
2201:             3             72  org.apache.ibatis.ognl.internal.entry.DeclaredMethodCacheEntry
2202:             3             72  org.apache.ibatis.session.AutoMappingBehavior
2203:             3             72  org.apache.ibatis.session.ExecutorType
2204:             3             72  org.apache.ibatis.type.ByteTypeHandler
2205:             3             72  org.apache.ibatis.type.DoubleTypeHandler
2206:             3             72  org.apache.ibatis.type.FloatTypeHandler
2207:             3             72  org.apache.ibatis.type.IntegerTypeHandler
2208:             3             72  org.apache.ibatis.type.LongTypeHandler
2209:             3             72  org.apache.ibatis.type.ShortTypeHandler
2210:             3             72  org.apache.tomcat.util.http.parser.HttpHeaderParser$HeaderParseStatus
2211:             3             72  org.apache.tomcat.util.http.parser.SkipResult
2212:             3             72  org.apache.tomcat.util.log.UserDataHelper$Mode
2213:             3             72  org.apache.tomcat.util.net.SendfileState
2214:             3             72  org.apache.tomcat.util.threads.InlineExecutorService
2215:             3             72  org.hibernate.validator.constraints.CompositionType
2216:             3             72  org.hibernate.validator.internal.engine.constraintvalidation.SimpleConstraintTree
2217:             3             72  org.hibernate.validator.internal.metadata.location.FieldConstraintLocation
2218:             3             72  org.hibernate.validator.internal.util.ConcurrentReferenceHashMap$ReferenceType
2219:             3             72  org.redisson.api.NodeType
2220:             3             72  org.redisson.client.ChannelName
2221:             3             72  org.redisson.client.RedisConnection$Status
2222:             1             72  org.redisson.client.RedisPubSubConnection
2223:             1             72  org.redisson.client.handler.CommandPubSubDecoder
2224:             3             72  org.redisson.codec.Kryo5Codec$2
2225:             3             72  org.redisson.codec.Kryo5Codec$3
2226:             3             72  org.redisson.config.ReadMode
2227:             3             72  org.redisson.liveobject.core.RedissonObjectBuilder$ReferenceType
2228:             1             72  org.redisson.pubsub.PublishSubscribeService
2229:             3             72  org.springframework.aop.framework.JdkDynamicAopProxy
2230:             3             72  org.springframework.aop.framework.JdkDynamicAopProxy$ProxiedInterfacesCache
2231:             1             72  org.springframework.aop.framework.autoproxy.InfrastructureAdvisorAutoProxyCreator
2232:             3             72  org.springframework.aop.support.annotation.AnnotationClassFilter
2233:             3             72  org.springframework.beans.factory.config.YamlProcessor$ResolutionMethod
2234:             3             72  org.springframework.boot.Banner$Mode
2235:             3             72  org.springframework.boot.WebApplicationType
2236:             3             72  org.springframework.boot.actuate.autoconfigure.metrics.MeterRegistryPostProcessor$CompositeMeterRegistries
2237:             3             72  org.springframework.boot.actuate.autoconfigure.web.ManagementContextType
2238:             3             72  org.springframework.boot.actuate.autoconfigure.web.server.ManagementPortType
2239:             3             72  org.springframework.boot.actuate.endpoint.OperationType
2240:             3             72  org.springframework.boot.actuate.endpoint.Show
2241:             3             72  org.springframework.boot.actuate.endpoint.annotation.EndpointDiscoverer$$Lambda/0x0000000012436108
2242:             3             72  org.springframework.boot.actuate.endpoint.web.WebEndpointHttpMethod
2243:             3             72  org.springframework.boot.ansi.AnsiOutput$Enabled
2244:             3             72  org.springframework.boot.autoconfigure.condition.ConditionalOnWebApplication$Type
2245:             3             72  org.springframework.boot.autoconfigure.condition.SearchStrategy
2246:             1             72  org.springframework.boot.autoconfigure.data.redis.RedisProperties
2247:             1             72  org.springframework.boot.autoconfigure.jackson.JacksonProperties
2248:             3             72  org.springframework.boot.autoconfigure.web.ErrorProperties$IncludeAttribute
2249:             1             72  org.springframework.boot.autoconfigure.web.ServerProperties$Undertow
2250:             3             72  org.springframework.boot.context.config.ConfigData$Option
2251:             3             72  org.springframework.boot.context.properties.source.ConfigurationPropertyName$Form
2252:             3             72  org.springframework.boot.context.properties.source.ConfigurationPropertyState
2253:             1             72  org.springframework.boot.jackson.JsonComponentModule
2254:             1             72  org.springframework.boot.jackson.JsonMixinModule
2255:             3             72  org.springframework.boot.loader.zip.ZipContent$Kind
2256:             3             72  org.springframework.boot.loader.zip.ZipString$CompareType
2257:             3             72  org.springframework.boot.sql.init.DatabaseInitializationMode
2258:             3             72  org.springframework.context.annotation.AnnotationScopeMetadataResolver
2259:             1             72  org.springframework.context.annotation.ClassPathBeanDefinitionScanner
2260:             3             72  org.springframework.context.annotation.CommonAnnotationBeanPostProcessor$1
2261:             1             72  org.springframework.context.annotation.ConfigurationClassPostProcessor
2262:             3             72  org.springframework.core.annotation.PackagesAnnotationFilter
2263:             3             72  org.springframework.core.io.support.EncodedResource
2264:             3             72  org.springframework.data.convert.CustomConversions$ConverterRegistrationIntent$ConverterOrigin
2265:             3             72  org.springframework.data.convert.PropertyValueConverterFactories$CachingPropertyValueConverterFactory
2266:             3             72  org.springframework.data.convert.PropertyValueConverterFactories$CachingPropertyValueConverterFactory$Cache
2267:             3             72  org.springframework.data.convert.SimplePropertyValueConversions
2268:             1             72  org.springframework.data.geo.GeoModule
2269:             3             72  org.springframework.data.redis.core.RedisKeyValueAdapter$EnableKeyspaceEvents
2270:             3             72  org.springframework.data.redis.core.RedisKeyValueAdapter$ShadowCopy
2271:             3             72  org.springframework.data.repository.config.BootstrapMode
2272:             3             72  org.springframework.data.repository.query.QueryLookupStrategy$Key
2273:             3             72  org.springframework.data.util.NullableWrapperConverters$WrapperType$Cardinality
2274:             1             72  org.springframework.data.web.config.SpringDataJacksonConfiguration$PageModule
2275:             3             72  org.springframework.expression.TypedValue
2276:             3             72  org.springframework.expression.spel.SpelCompilerMode
2277:             3             72  org.springframework.format.datetime.standard.DateTimeFormatterRegistrar$Type
2278:             3             72  org.springframework.http.converter.ByteArrayHttpMessageConverter
2279:             3             72  org.springframework.jmx.support.RegistrationPolicy
2280:             3             72  org.springframework.util.ConcurrentLruCache$CacheEntryState
2281:             3             72  org.springframework.web.context.request.async.WebAsyncManager$State
2282:             3             72  org.springframework.web.method.support.HandlerMethodArgumentResolverComposite
2283:             3             72  org.springframework.web.servlet.mvc.condition.ConsumesRequestCondition
2284:             3             72  org.springframework.web.servlet.mvc.condition.ConsumesRequestCondition$ConsumeMediaTypeExpression
2285:             3             72  org.springframework.web.servlet.mvc.method.annotation.RequestAttributeMethodArgumentResolver
2286:             3             72  org.springframework.web.servlet.mvc.method.annotation.SessionAttributeMethodArgumentResolver
2287:             3             72  org.springframework.web.servlet.resource.DefaultResourceTransformerChain
2288:             3             72  org.yaml.snakeyaml.comments.CommentType
2289:             3             72  org.yaml.snakeyaml.introspector.BeanAccess
2290:             3             72  reactor.core.scheduler.SchedulerState
2291:             3             72  reactor.netty.http.HttpProtocol
2292:             3             72  reactor.netty.transport.logging.AdvancedByteBufFormat
2293:             3             72  sun.management.ManagementFactoryHelper$1 (java.management@25)
2294:             2             64  [Lcom.baomidou.mybatisplus.annotation.FieldFill;
2295:             4             64  [Lcom.fasterxml.classmate.ResolvedType;
2296:             1             64  [Lcom.fasterxml.jackson.annotation.JsonFormat$Feature;
2297:             1             64  [Lcom.fasterxml.jackson.annotation.JsonFormat$Shape;
2298:             2             64  [Lcom.fasterxml.jackson.annotation.JsonProperty$Access;
2299:             1             64  [Lcom.fasterxml.jackson.databind.node.IntNode;
2300:             2             64  [Lcom.fasterxml.jackson.databind.ser.impl.PropertySerializerMap$TypeAndSerializer;
2301:             2             64  [Lcom.flashchat.gameservice.dao.enums.AiPersonaEnum;
2302:             2             64  [Lcom.mysql.cj.conf.BooleanPropertyDefinition$AllowableValues;
2303:             2             64  [Lcom.sun.jndi.toolkit.url.Uri$ParseMode; (java.naming@25)
2304:             2             64  [Lio.netty.buffer.PoolArena;
2305:             1             64  [Lio.netty.handler.codec.http.HttpObjectDecoder$State;
2306:             2             64  [Ljakarta.servlet.SessionTrackingMode;
2307:             2             64  [Ljava.lang.StackWalker$Option; (java.base@25)
2308:             2             64  [Ljava.lang.annotation.RetentionPolicy; (java.base@25)
2309:             3             64  [Ljava.lang.constant.ConstantDesc; (java.base@25)
2310:             2             64  [Ljava.nio.charset.CoderResult; (java.base@25)
2311:             2             64  [Ljavax.annotation.meta.When;
2312:             1             64  [Ljdk.internal.classfile.impl.StackMapGenerator$Type; (java.base@25)
2313:             2             64  [Ljdk.internal.util.OperatingSystem; (java.base@25)
2314:             1             64  [Lorg.apache.catalina.LifecycleState;
2315:             2             64  [Lorg.springframework.boot.actuate.autoconfigure.web.ManagementContextType;
2316:             2             64  [Lorg.springframework.boot.actuate.autoconfigure.web.server.ManagementPortType;
2317:             2             64  [Lorg.springframework.boot.actuate.endpoint.OperationType;
2318:             2             64  [Lorg.springframework.boot.actuate.endpoint.Show;
2319:             2             64  [Lorg.springframework.boot.actuate.metrics.export.prometheus.PrometheusOutputFormat;
2320:             2             64  [Lorg.springframework.boot.autoconfigure.condition.ConditionalOnWebApplication$Type;
2321:             2             64  [Lorg.springframework.boot.autoconfigure.condition.SearchStrategy;
2322:             2             64  [Lorg.springframework.boot.context.config.ConfigData$Option;
2323:             2             64  [Lorg.springframework.context.annotation.ScopedProxyMode;
2324:             2             64  [Lorg.springframework.data.redis.core.RedisKeyValueAdapter$EnableKeyspaceEvents;
2325:             2             64  [Lorg.springframework.data.redis.core.RedisKeyValueAdapter$ShadowCopy;
2326:             2             64  [Lorg.springframework.data.repository.query.QueryLookupStrategy$Key;
2327:             2             64  [Lorg.springframework.format.datetime.standard.DateTimeFormatterRegistrar$Type;
2328:             2             64  [Lorg.springframework.util.ConcurrentReferenceHashMap$TaskOption;
2329:             1             64  [Lorg.yaml.snakeyaml.events.Event$ID;
2330:             2             64  [Lorg.yaml.snakeyaml.nodes.NodeId;
2331:             1             64  [Lsun.reflect.annotation.TypeAnnotation$TypeAnnotationTarget; (java.base@25)
2332:             2             64  ch.qos.logback.classic.pattern.LevelConverter
2333:             2             64  ch.qos.logback.classic.pattern.LineSeparatorConverter
2334:             2             64  ch.qos.logback.classic.pattern.MessageConverter
2335:             2             64  ch.qos.logback.classic.pattern.ThreadConverter
2336:             1             64  ch.qos.logback.core.ConsoleAppender
2337:             2             64  ch.qos.logback.core.joran.spi.ConsoleTarget
2338:             2             64  ch.qos.logback.core.rolling.helper.FileNamePattern
2339:             2             64  ch.qos.logback.core.rolling.helper.IntegerTokenConverter
2340:             1             64  ch.qos.logback.core.rolling.helper.SizeAndTimeBasedArchiveRemover
2341:             1             64  com.alibaba.fastjson2.reader.ObjectReaderProvider
2342:             1             64  com.alibaba.fastjson2.reader.ObjectReaderProvider$LRUAutoTypeCache
2343:             4             64  com.baomidou.mybatisplus.core.override.MybatisMapperProxy$DefaultMethodInvoker
2344:             2             64  com.esotericsoftware.kryo.serializers.CachedFields
2345:             2             64  com.esotericsoftware.kryo.serializers.ImmutableCollectionsSerializers$JdkImmutableMapSerializer
2346:             1             64  com.fasterxml.classmate.util.LRUTypeCache$CacheMap
2347:             2             64  com.fasterxml.jackson.annotation.JsonInclude$Value
2348:             2             64  com.fasterxml.jackson.core.StreamWriteCapability
2349:             2             64  com.fasterxml.jackson.core.io.ContentReference
2350:             2             64  com.fasterxml.jackson.databind.cfg.EnumFeature
2351:             2             64  com.fasterxml.jackson.databind.introspect.VisibilityChecker$Std
2352:             2             64  com.fasterxml.jackson.databind.ser.impl.PropertySerializerMap$Double
2353:             2             64  com.fasterxml.jackson.databind.ser.std.EnumSerializer
2354:             2             64  com.fasterxml.jackson.databind.ser.std.NumberSerializers$DoubleSerializer
2355:             2             64  com.fasterxml.jackson.databind.ser.std.NumberSerializers$IntegerSerializer
2356:             2             64  com.fasterxml.jackson.databind.ser.std.NumberSerializers$LongSerializer
2357:             2             64  com.fasterxml.jackson.datatype.jsr310.deser.LocalDateDeserializer
2358:             2             64  com.flashchat.chatservice.dao.enums.RoomMemberMuteStatusEnum
2359:             2             64  com.flashchat.chatservice.dao.enums.RoomMemberRoleEnum
2360:             1             64  com.flashchat.chatservice.websocket.NettyWebSocketServer$$SpringCGLIB$$0
2361:             1             64  com.flashchat.gameservice.service.impl.GameDescriptionServiceImpl$$SpringCGLIB$$0
2362:             1             64  com.flashchat.gameservice.service.impl.GamePersistServiceImpl$$SpringCGLIB$$0
2363:             1             64  com.flashchat.gameservice.service.impl.GamePlayerServiceImpl$$SpringCGLIB$$0
2364:             1             64  com.flashchat.gameservice.service.impl.GameRoundServiceImpl$$SpringCGLIB$$0
2365:             1             64  com.flashchat.gameservice.service.impl.GameVoteServiceImpl$$SpringCGLIB$$0
2366:             2             64  com.flashchat.userservice.dao.enums.AccountStatusEnum
2367:             1             64  com.flashchat.userservice.service.impl.AccountServiceImpl
2368:             2             64  com.mysql.cj.protocol.Resultset$Concurrency
2369:             2             64  com.sun.org.apache.xerces.internal.impl.PropertyManager (java.xml@25)
2370:             1             64  com.zaxxer.hikari.metrics.micrometer.MicrometerMetricsTracker
2371:             2             64  io.micrometer.core.instrument.config.MeterFilter$9
2372:             2             64  io.micrometer.observation.ObservationRegistry$ObservationConfig
2373:             2             64  io.netty.buffer.EmptyByteBuf
2374:             1             64  io.netty.buffer.PooledByteBufAllocator
2375:             2             64  io.netty.channel.socket.InternetProtocolFamily
2376:             1             64  io.netty.channel.socket.nio.NioServerSocketChannel$NioServerSocketChannelConfig
2377:             2             64  io.netty.resolver.dns.DnsAddressResolverGroup
2378:             2             64  io.netty.util.HashedWheelTimer$Worker
2379:             1             64  io.netty.util.concurrent.GlobalEventExecutor
2380:             4             64  io.netty.util.internal.ObjectPool$RecyclerObjectPool
2381:             1             64  io.prometheus.metrics.config.MetricsProperties
2382:             1             64  java.lang.ClassValue$ClassValueMap (java.base@25)
2383:             2             64  java.lang.System$Out (java.base@25)
2384:             2             64  java.lang.invoke.VarHandleByteArrayAsChars$ArrayHandle (java.base@25)
2385:             2             64  java.lang.invoke.VarHandleByteArrayAsDoubles$ArrayHandle (java.base@25)
2386:             2             64  java.lang.invoke.VarHandleByteArrayAsFloats$ArrayHandle (java.base@25)
2387:             2             64  java.lang.invoke.VarHandleByteArrayAsShorts$ArrayHandle (java.base@25)
2388:             2             64  java.lang.management.MemoryType (java.management@25)
2389:             2             64  java.lang.module.ModuleDescriptor$Version (java.base@25)
2390:             2             64  java.lang.ref.ReferenceQueue$Null (java.base@25)
2391:             4             64  java.time.format.DateTimeFormatterBuilder$StringLiteralPrinterParser (java.base@25)
2392:             2             64  java.time.temporal.IsoFields$Unit (java.base@25)
2393:             2             64  java.util.Collections$SynchronizedMap (java.base@25)
2394:             4             64  java.util.Comparator$$Lambda/0x0000000012148f50 (java.base@25)
2395:             2             64  java.util.HexFormat (java.base@25)
2396:             2             64  java.util.Vector (java.base@25)
2397:             4             64  java.util.WeakHashMap$EntrySet (java.base@25)
2398:             2             64  java.util.concurrent.Semaphore$NonfairSync (java.base@25)
2399:             2             64  java.util.concurrent.locks.AbstractQueuedSynchronizer$SharedNode (java.base@25)
2400:             1             64  java.util.jar.JarVerifier (java.base@25)
2401:             1             64  java.util.logging.LogManager$RootLogger (java.logging@25)
2402:             2             64  java.util.stream.FindOps$FindOp (java.base@25)
2403:             2             64  jdk.jfr.internal.jfc.JFC$KnownConfiguration (jdk.jfr@25)
2404:             4             64  jdk.proxy2.$Proxy10 (jdk.proxy2)
2405:             4             64  jdk.proxy2.$Proxy147 (jdk.proxy2)
2406:             4             64  jdk.proxy2.$Proxy24 (jdk.proxy2)
2407:             4             64  jdk.proxy2.$Proxy32 (jdk.proxy2)
2408:             4             64  jdk.proxy2.$Proxy33 (jdk.proxy2)
2409:             4             64  jdk.proxy2.$Proxy61 (jdk.proxy2)
2410:             4             64  jdk.proxy2.$Proxy7 (jdk.proxy2)
2411:             1             64  org.apache.catalina.core.ApplicationContext
2412:             1             64  org.apache.catalina.mapper.Mapper$ContextVersion
2413:             2             64  org.apache.tomcat.util.buf.UEncoder$SafeCharsSet
2414:             1             64  org.apache.tomcat.util.collections.ConcurrentLruCache$LimitedLinkedHashMap
2415:             2             64  org.apache.tomcat.util.http.CookiesWithoutEquals
2416:             2             64  org.apache.tomcat.util.threads.TaskThreadFactory
2417:             4             64  org.hibernate.validator.internal.properties.javabean.JavaBeanField$FieldAccessor
2418:             4             64  org.mybatis.logging.Logger
2419:             1             64  org.redisson.client.RedisClient
2420:             2             64  org.redisson.client.protocol.CommandData
2421:             4             64  org.redisson.client.protocol.convertor.BooleanNotNullReplayConvertor
2422:             4             64  org.redisson.client.protocol.convertor.DoubleNullSafeReplayConvertor
2423:             4             64  org.redisson.client.protocol.convertor.DoubleReplayConvertor
2424:             4             64  org.redisson.client.protocol.convertor.EmptyListConvertor
2425:             4             64  org.redisson.client.protocol.convertor.StreamIdConvertor
2426:             4             64  org.redisson.client.protocol.decoder.ListObjectDecoder
2427:             4             64  org.redisson.client.protocol.decoder.ListScanResultReplayDecoder
2428:             2             64  org.redisson.command.RedisExecutor$$Lambda/0x00000000126844c8
2429:             1             64  org.redisson.connection.ClientConnectionsEntry
2430:             2             64  org.redisson.connection.IdleConnectionWatcher$Entry
2431:             2             64  org.redisson.connection.NodeSource
2432:             1             64  org.redisson.connection.SingleEntry
2433:             1             64  org.redisson.connection.TrackedConnectionsHolder
2434:             4             64  org.redisson.spring.data.connection.PropertiesDecoder
2435:             1             64  org.redisson.spring.data.connection.RedissonConnection
2436:             4             64  org.redisson.spring.data.connection.ScoredSortedSetReplayDecoderV2
2437:             2             64  org.springframework.beans.propertyeditors.CustomMapEditor
2438:             2             64  org.springframework.beans.propertyeditors.PatternEditor
2439:             2             64  org.springframework.boot.actuate.endpoint.ApiVersion
2440:             4             64  org.springframework.boot.actuate.metrics.jdbc.DataSourcePoolMetrics$$Lambda/0x0000000012787290
2441:             1             64  org.springframework.boot.autoconfigure.jdbc.DataSourceProperties
2442:             1             64  org.springframework.boot.autoconfigure.template.TemplateAvailabilityProviders$1
2443:             1             64  org.springframework.boot.autoconfigure.web.ServerProperties$Tomcat$Accesslog
2444:             1             64  org.springframework.boot.autoconfigure.web.WebProperties$Resources$Cache$Cachecontrol
2445:             1             64  org.springframework.boot.autoconfigure.web.servlet.WebMvcProperties
2446:             2             64  org.springframework.boot.availability.AvailabilityChangeEvent
2447:             4             64  org.springframework.boot.convert.ArrayToDelimitedStringConverter
2448:             4             64  org.springframework.boot.convert.DelimitedStringToArrayConverter
2449:             4             64  org.springframework.boot.convert.DelimitedStringToCollectionConverter
2450:             4             64  org.springframework.boot.convert.StringToDataSizeConverter
2451:             4             64  org.springframework.boot.convert.StringToDurationConverter
2452:             4             64  org.springframework.boot.convert.StringToPeriodConverter
2453:             2             64  org.springframework.boot.env.OriginTrackedMapPropertySource
2454:             1             64  org.springframework.context.annotation.CommonAnnotationBeanPostProcessor
2455:             2             64  org.springframework.context.annotation.ConditionEvaluator$ConditionContextImpl
2456:             2             64  org.springframework.core.NativeDetector$Context
2457:             2             64  org.springframework.core.type.StandardAnnotationMetadata
2458:             4             64  org.springframework.data.mapping.model.ClassGeneratingEntityInstantiator$ObjectInstantiatorClassGenerator
2459:             2             64  org.springframework.data.mapping.model.ClassGeneratingPropertyAccessorFactory
2460:             4             64  org.springframework.data.redis.core.BoundOperationsProxyFactory
2461:             4             64  org.springframework.data.redis.core.DefaultGeoOperations
2462:             4             64  org.springframework.data.redis.core.DefaultHashOperations
2463:             4             64  org.springframework.data.redis.core.DefaultHyperLogLogOperations
2464:             4             64  org.springframework.data.redis.core.DefaultListOperations
2465:             2             64  org.springframework.data.redis.core.DefaultReactiveStreamOperations$1
2466:             4             64  org.springframework.data.redis.core.DefaultSetOperations
2467:             4             64  org.springframework.data.redis.core.DefaultValueOperations
2468:             4             64  org.springframework.data.redis.core.DefaultZSetOperations
2469:             1             64  org.springframework.data.redis.core.ReactiveRedisTemplate
2470:             1             64  org.springframework.data.redis.core.ReactiveStringRedisTemplate
2471:             2             64  org.springframework.data.redis.core.convert.DefaultRedisTypeMapper
2472:             2             64  org.springframework.data.redis.core.mapping.RedisMappingContext$ConfigAwareTimeToLiveAccessor
2473:             4             64  org.springframework.data.redis.core.script.DefaultScriptExecutor
2474:             2             64  org.springframework.data.redis.serializer.DefaultRedisSerializationContext
2475:             4             64  org.springframework.data.redis.serializer.StringRedisSerializer
2476:             2             64  org.springframework.data.repository.support.Repositories
2477:             2             64  org.springframework.data.web.ProxyingHandlerMethodArgumentResolver
2478:             2             64  org.springframework.data.web.SortHandlerMethodArgumentResolver
2479:             2             64  org.springframework.http.codec.FormHttpMessageReader
2480:             2             64  org.springframework.http.codec.json.Jackson2JsonDecoder
2481:             2             64  org.springframework.http.codec.multipart.PartEventHttpMessageWriter
2482:             2             64  org.springframework.http.codec.multipart.PartHttpMessageWriter
2483:             2             64  org.springframework.http.codec.support.BaseCodecConfigurer$DefaultCustomCodecs
2484:             2             64  org.springframework.http.codec.xml.Jaxb2XmlEncoder
2485:             4             64  org.springframework.http.codec.xml.JaxbContextContainer
2486:             2             64  org.springframework.http.codec.xml.XmlEventDecoder
2487:             2             64  org.springframework.http.converter.support.AllEncompassingFormHttpMessageConverter
2488:             1             64  org.springframework.scheduling.annotation.ScheduledAnnotationBeanPostProcessor
2489:             1             64  org.springframework.validation.beanvalidation.LocalValidatorFactoryBean
2490:             2             64  org.springframework.validation.beanvalidation.MethodValidationAdapter
2491:             4             64  org.springframework.web.method.annotation.ModelMethodProcessor
2492:             2             64  org.springframework.web.servlet.handler.MappedInterceptor
2493:             4             64  org.springframework.web.servlet.mvc.method.RequestMappingInfoHandlerMethodMappingNamingStrategy
2494:             1             64  org.springframework.web.servlet.mvc.method.annotation.RequestMappingHandlerAdapter$MvcSimpleAsyncTaskExecutor
2495:             1             64  org.springframework.web.servlet.view.AbstractCachingViewResolver$2
2496:             2             64  reactor.core.publisher.ImmutableSignal
2497:             2             64  reactor.core.publisher.MonoCacheTime
2498:             1             64  reactor.netty.resources.DefaultLoopResources
2499:             1             64  sun.nio.ch.FileChannelImpl (java.base@25)
2500:             1             64  sun.nio.fs.WindowsFileAttributes (java.base@25)
2501:             1             64  sun.security.provider.certpath.ldap.JdkLDAP$ProviderService (java.naming@25)
2502:             1             64  sun.security.smartcardio.SunPCSC$ProviderService (java.smartcardio@25)
2503:             1             56  [Lcom.baomidou.mybatisplus.core.conditions.segments.MatchSegment;
2504:             1             56  [Lcom.fasterxml.jackson.databind.cfg.CoercionInputShape;
2505:             1             56  [Lcom.mysql.cj.conf.ConnectionUrl$Type;
2506:             1             56  [Lcom.sun.org.apache.xerces.internal.impl.XMLScanner$NameType; (java.xml@25)
2507:             1             56  [Ljava.lang.Runnable; (java.base@25)
2508:             1             56  [Ljava.lang.classfile.TypeKind; (java.base@25)
2509:             1             56  [Ljava.lang.invoke.MethodHandleImpl$Intrinsic; (java.base@25)
2510:             1             56  [Ljava.lang.reflect.AccessFlag$Location; (java.base@25)
2511:             1             56  [Ljava.nio.file.StandardOpenOption; (java.base@25)
2512:             1             56  [Ljava.text.Format; (java.base@25)
2513:             3             56  [Ljava.util.Map$Entry; (java.base@25)
2514:             1             56  [Lorg.apache.tomcat.util.net.AbstractEndpoint$Handler$SocketState;
2515:             1             56  [Lreactor.core.publisher.SignalType;
2516:             2             56  [Lreactor.netty.http.HttpProtocol;
2517:             1             56  com.baomidou.mybatisplus.autoconfigure.MybatisPlusAutoConfiguration
2518:             1             56  com.baomidou.mybatisplus.autoconfigure.MybatisPlusProperties
2519:             1             56  com.baomidou.mybatisplus.core.config.GlobalConfig
2520:             1             56  com.fasterxml.jackson.databind.type.ResolvedRecursiveType
2521:             1             56  com.fasterxml.jackson.datatype.jsr310.ser.InstantSerializer
2522:             1             56  com.fasterxml.jackson.datatype.jsr310.ser.OffsetDateTimeSerializer
2523:             1             56  com.fasterxml.jackson.datatype.jsr310.ser.ZonedDateTimeSerializer
2524:             1             56  com.flashchat.chatservice.websocket.manager.RoomChannelManager
2525:             1             56  com.flashchat.gameservice.service.impl.GameRoomServiceImpl
2526:             1             56  com.mysql.cj.conf.LongPropertyDefinition
2527:             1             56  com.zaxxer.hikari.pool.HikariPool$1
2528:             1             56  io.micrometer.core.instrument.binder.jvm.JvmGcMetrics
2529:             1             56  io.micrometer.core.instrument.binder.logging.MetricsTurboFilter
2530:             1             56  io.netty.channel.ServerChannelRecvByteBufAllocator$1
2531:             1             56  io.prometheus.metrics.config.ExporterOpenTelemetryProperties
2532:             1             56  java.lang.invoke.BoundMethodHandle$Specializer (java.base@25)
2533:             1             56  java.util.ServiceLoader (java.base@25)
2534:             1             56  java.util.logging.LogManager (java.logging@25)
2535:             1             56  jdk.internal.classfile.impl.SplitConstantPool (java.base@25)
2536:             1             56  org.apache.catalina.loader.WebappLoader
2537:             1             56  org.apache.catalina.util.StandardSessionIdGenerator
2538:             1             56  org.apache.catalina.webresources.Cache
2539:             1             56  org.apache.tomcat.util.modeler.NoDescriptorRegistry
2540:             1             56  org.apache.tomcat.util.modeler.NoDescriptorRegistry$PassthroughMBean
2541:             1             56  org.apache.tomcat.util.scan.StandardJarScanFilter
2542:             1             56  org.hibernate.validator.internal.engine.ValidatorFactoryImpl
2543:             1             56  org.hibernate.validator.internal.engine.ValidatorFactoryScopedContext
2544:             1             56  org.hibernate.validator.internal.xml.config.BootstrapConfigurationImpl
2545:             1             56  org.hibernate.validator.messageinterpolation.ResourceBundleMessageInterpolator
2546:             1             56  org.redisson.connection.SingleConnectionManager
2547:             1             56  org.springframework.asm.Label
2548:             1             56  org.springframework.beans.factory.annotation.AutowiredAnnotationBeanPostProcessor
2549:             1             56  org.springframework.boot.autoconfigure.web.servlet.DispatcherServletRegistrationBean
2550:             1             56  org.springframework.boot.context.properties.source.ConfigurationPropertySourcesPropertyResolver
2551:             1             56  org.springframework.boot.context.properties.source.ConfigurationPropertySourcesPropertyResolver$DefaultResolver
2552:             1             56  org.springframework.boot.loader.zip.FileDataBlock$FileAccess
2553:             1             56  org.springframework.boot.task.TaskExecutorBuilder
2554:             1             56  org.springframework.boot.task.ThreadPoolTaskExecutorBuilder
2555:             1             56  org.springframework.boot.validation.beanvalidation.FilteredMethodValidationPostProcessor
2556:             1             56  org.springframework.boot.web.embedded.tomcat.LazySessionIdGenerator
2557:             1             56  org.springframework.boot.web.servlet.FilterRegistrationBean
2558:             1             56  org.springframework.core.env.PropertySourcesPropertyResolver
2559:             1             56  org.springframework.data.redis.core.RedisKeyValueAdapter
2560:             1             56  org.springframework.http.client.ReactorResourceFactory
2561:             1             56  org.springframework.scheduling.annotation.AsyncAnnotationBeanPostProcessor
2562:             1             56  org.springframework.scheduling.config.ScheduledTaskRegistrar
2563:             1             56  org.springframework.web.reactive.function.client.DefaultWebClient
2564:             1             56  org.springframework.web.servlet.config.annotation.PathMatchConfigurer
2565:             1             56  org.springframework.web.servlet.view.ContentNegotiatingViewResolver
2566:             1             56  org.springframework.web.util.UriComponentsBuilder
2567:             1             56  reactor.netty.resources.DefaultPooledConnectionProvider
2568:             1             48  [Lcom.fasterxml.jackson.annotation.JsonTypeInfo$Id;
2569:             2             48  [Lcom.fasterxml.jackson.databind.cfg.EnumFeature;
2570:             1             48  [Lcom.flashchat.chatservice.dao.enums.MessageTypeEnum;
2571:             1             48  [Lcom.mysql.cj.protocol.a.NativeConstants$IntegerDataType;
2572:             1             48  [Lcom.sun.beans.introspect.PropertyInfo$Name; (java.desktop@25)
2573:             1             48  [Lcom.sun.beans.util.Cache$CacheEntry; (java.desktop@25)
2574:             2             48  [Lio.micrometer.core.instrument.config.MeterFilter;
2575:             2             48  [Ljakarta.annotation.Resource$AuthenticationType;
2576:             1             48  [Ljakarta.validation.ElementKind;
2577:             1             48  [Ljava.beans.WeakIdentityMap$Entry; (java.desktop@25)
2578:             1             48  [Ljava.lang.classfile.attribute.StackMapFrameInfo$SimpleVerificationTypeInfo; (java.base@25)
2579:             1             48  [Ljava.lang.management.MemoryPoolMXBean; (java.management@25)
2580:             1             48  [Ljava.lang.reflect.ProxyGenerator$PrimitiveTypeInfo; (java.base@25)
2581:             1             48  [Ljava.math.RoundingMode; (java.base@25)
2582:             2             48  [Ljava.security.ProtectionDomain; (java.base@25)
2583:             1             48  [Ljdk.internal.classfile.impl.BootstrapMethodEntryImpl; (java.base@25)
2584:             1             48  [Ljdk.xml.internal.JdkProperty$ImplPropMap; (java.xml@25)
2585:             3             48  [Lorg.apache.catalina.mapper.Mapper$MappedWrapper;
2586:             1             48  [Lorg.apache.tomcat.util.http.parser.HttpParser$DomainParseState;
2587:             1             48  [Lorg.apache.tomcat.util.net.SocketEvent;
2588:             1             48  [Lorg.hibernate.validator.internal.metadata.location.ConstraintLocation$ConstraintLocationKind;
2589:             2             48  [Lorg.hibernate.validator.internal.util.ConcurrentReferenceHashMap$Option;
2590:             1             48  [Lorg.redisson.api.RScript$ReturnType;
2591:             2             48  [Lorg.springframework.aop.ClassFilter;
2592:             2             48  [Lorg.springframework.boot.actuate.autoconfigure.info.InfoContributorFallback;
2593:             2             48  [Lorg.springframework.boot.actuate.endpoint.ApiVersion;
2594:             2             48  [Lorg.springframework.boot.actuate.endpoint.annotation.Selector$Match;
2595:             2             48  [Lorg.springframework.boot.autoconfigure.thread.Threading;
2596:             2             48  [Lorg.springframework.boot.context.properties.bind.Bindable$BindRestriction;
2597:             2             48  [Lorg.springframework.boot.context.properties.source.PropertyMapper;
2598:             1             48  [Lorg.springframework.boot.convert.DurationStyle$Unit;
2599:             1             48  [Lorg.springframework.cglib.proxy.CallbackInfo;
2600:             2             48  [Lorg.springframework.context.annotation.AdviceMode;
2601:             2             48  [Lorg.springframework.data.web.config.EnableSpringDataWebSupport$PageSerializationMode;
2602:             1             48  [Lorg.springframework.http.HttpMethod;
2603:             1             48  [Lorg.springframework.scheduling.support.CronField$Type;
2604:             1             48  [Lorg.springframework.scheduling.support.CronField;
2605:             2             48  [Lorg.springframework.web.servlet.handler.MappedInterceptor$PatternAdapter;
2606:             1             48  [[Ljava.lang.Object; (java.base@25)
2607:             2             48  ch.qos.logback.classic.pattern.NamedConverter$CacheMissCalculator
2608:             1             48  ch.qos.logback.classic.pattern.ThrowableProxyConverter
2609:             1             48  ch.qos.logback.core.recovery.ResilientFileOutputStream
2610:             2             48  ch.qos.logback.core.rolling.SizeAndTimeBasedFileNamingAndTriggeringPolicy$Usage
2611:             2             48  ch.qos.logback.core.subst.Node$Type
2612:             1             48  com.alibaba.fastjson2.internal.asm.Label
2613:             1             48  com.alibaba.fastjson2.writer.ObjectWriterProvider
2614:             1             48  com.esotericsoftware.kryo.io.Input
2615:             1             48  com.esotericsoftware.kryo.io.Output
2616:             2             48  com.esotericsoftware.kryo.serializers.DefaultSerializers$EnumSerializer
2617:             2             48  com.esotericsoftware.kryo.serializers.DefaultSerializers$PriorityQueueSerializer
2618:             2             48  com.esotericsoftware.kryo.serializers.ImmutableCollectionsSerializers$JdkImmutableListSerializer
2619:             2             48  com.esotericsoftware.kryo.serializers.ImmutableCollectionsSerializers$JdkImmutableSetSerializer
2620:             2             48  com.esotericsoftware.kryo.util.IntArray
2621:             2             48  com.fasterxml.jackson.databind.AnnotationIntrospector$ReferenceProperty$Type
2622:             1             48  com.fasterxml.jackson.databind.cfg.ConfigOverride$Empty
2623:             2             48  com.fasterxml.jackson.databind.deser.impl.NullsConstantProvider
2624:             2             48  com.fasterxml.jackson.databind.deser.std.StdKeyDeserializer$StringKD
2625:             1             48  com.fasterxml.jackson.databind.deser.std.UntypedObjectDeserializer
2626:             2             48  com.fasterxml.jackson.databind.ser.impl.PropertySerializerMap$Multi
2627:             2             48  com.fasterxml.jackson.databind.ser.std.BooleanSerializer
2628:             1             48  com.fasterxml.jackson.databind.util.StdDateFormat
2629:             1             48  com.flashchat.cache.config.RedisDistributedProperties
2630:             2             48  com.flashchat.chatservice.audit.hander.SensitiveWordAuditHandler$DfaAutomaton
2631:             1             48  com.flashchat.chatservice.config.MsgIdGenerator
2632:             2             48  com.flashchat.chatservice.config.RBloomFilterConfiguration$$SpringCGLIB$$FastClass$$0
2633:             2             48  com.flashchat.chatservice.config.RBloomFilterConfiguration$$SpringCGLIB$$FastClass$$1
2634:             2             48  com.flashchat.chatservice.config.RoomDelayQueueConfiguration$$SpringCGLIB$$FastClass$$0
2635:             2             48  com.flashchat.chatservice.config.RoomDelayQueueConfiguration$$SpringCGLIB$$FastClass$$1
2636:             2             48  com.flashchat.chatservice.service.persist.PersistResult$PersistMode
2637:             2             48  com.flashchat.gameservice.config.GameThreadPoolConfig$$SpringCGLIB$$FastClass$$0
2638:             2             48  com.flashchat.gameservice.config.GameThreadPoolConfig$$SpringCGLIB$$FastClass$$1
2639:             1             48  com.flashchat.gameservice.engine.WhoIsSpyEngine
2640:             3             48  com.github.benmanes.caffeine.cache.BoundedLocalCache$$Lambda/0x0000000012630708
2641:             2             48  com.mysql.cj.conf.PropertyDefinitions$DatabaseTerm
2642:             3             48  com.mysql.cj.log.StandardLogger
2643:             3             48  com.mysql.cj.protocol.FullReadInputStream
2644:             3             48  com.mysql.cj.protocol.a.BinaryResultsetReader
2645:             3             48  com.mysql.cj.protocol.a.MultiPacketReader
2646:             3             48  com.mysql.cj.protocol.a.NativeAuthenticationProvider$$Lambda/0x00000000125bf658
2647:             2             48  com.mysql.cj.protocol.a.NativeConstants$StringLengthDataType
2648:             3             48  com.mysql.cj.protocol.a.NativeServerSessionStateController$NativeServerSessionStateChanges
2649:             3             48  com.mysql.cj.protocol.a.SimplePacketSender
2650:             3             48  com.mysql.cj.protocol.a.TextResultsetReader
2651:             3             48  com.mysql.cj.protocol.a.authentication.AuthenticationKerberosClient$$Lambda/0x00000000126093e0
2652:             3             48  com.mysql.cj.protocol.a.authentication.AuthenticationLdapSaslClientPlugin$$Lambda/0x0000000012608ca0
2653:             2             48  com.sun.jmx.mbeanserver.ClassLoaderRepositorySupport$LoaderEntry (java.management@25)
2654:             1             48  com.sun.jmx.mbeanserver.DefaultMXBeanMappingFactory$Mappings (java.management@25)
2655:             1             48  com.sun.jmx.mbeanserver.MBeanIntrospector$MBeanInfoMap (java.management@25)
2656:             1             48  com.sun.jmx.mbeanserver.MBeanIntrospector$PerInterfaceMap (java.management@25)
2657:             2             48  com.sun.jmx.mbeanserver.WeakIdentityHashMap (java.management@25)
2658:             1             48  com.sun.jndi.dns.ZoneNode (jdk.naming.dns@25)
2659:             3             48  com.sun.org.apache.xerces.internal.impl.dv.dtd.ListDatatypeValidator (java.xml@25)
2660:             2             48  com.sun.xml.internal.stream.XMLInputFactoryImpl (java.xml@25)
2661:             2             48  com.zaxxer.hikari.pool.HikariPool$PoolEntryCreator
2662:             2             48  io.micrometer.common.util.internal.logging.WarnThenDebugLogger
2663:             3             48  io.micrometer.core.instrument.binder.cache.CacheMeterBinder$$Lambda/0x0000000012636000
2664:             3             48  io.micrometer.core.instrument.binder.cache.CacheMeterBinder$$Lambda/0x0000000012638458
2665:             3             48  io.micrometer.core.instrument.binder.cache.CacheMeterBinder$$Lambda/0x0000000012639730
2666:             3             48  io.micrometer.core.instrument.binder.cache.CacheMeterBinder$$Lambda/0x0000000012639ba8
2667:             3             48  io.micrometer.core.instrument.binder.cache.CacheMeterBinder$$Lambda/0x000000001263a020
2668:             1             48  io.micrometer.core.instrument.binder.jvm.JvmGcMetrics$GcGenerationAge$1
2669:             1             48  io.micrometer.core.instrument.binder.jvm.JvmHeapPressureMetrics
2670:             3             48  io.micrometer.core.instrument.binder.jvm.JvmHeapPressureMetrics$$Lambda/0x0000000012762920
2671:             2             48  io.micrometer.core.instrument.config.validate.InvalidReason
2672:             2             48  io.netty.buffer.PoolArena$SizeClass
2673:             2             48  io.netty.buffer.UnreleasableByteBuf
2674:             1             48  io.netty.handler.codec.DefaultHeaders
2675:             2             48  io.netty.handler.codec.http.cookie.ClientCookieDecoder
2676:             2             48  io.netty.handler.codec.http.websocketx.WebSocketServerProtocolHandler$ServerHandshakeStateEvent
2677:             2             48  io.netty.handler.logging.ByteBufFormat
2678:             2             48  io.netty.resolver.dns.DnsNameResolverChannelStrategy
2679:             1             48  io.netty.util.ResourceLeakDetector$TraceRecord$1
2680:             1             48  io.netty.util.collection.IntObjectHashMap
2681:             3             48  io.netty.util.concurrent.PromiseTask$SentinelRunnable
2682:             2             48  io.prometheus.metrics.expositionformats.ExpositionFormats
2683:             2             48  io.prometheus.metrics.model.registry.PrometheusRegistry
2684:             2             48  jakarta.annotation.Resource$AuthenticationType
2685:             2             48  jakarta.el.ExpressionFactory$CacheValue
2686:             2             48  jakarta.el.Util$CacheValue
2687:             2             48  jakarta.validation.constraintvalidation.ValidationTarget
2688:             1             48  java.beans.BeanDescriptor (java.desktop@25)
2689:             2             48  java.io.File$PathStatus (java.base@25)
2690:             2             48  java.io.OutputStreamWriter (java.base@25)
2691:             2             48  java.lang.ClassValue$Entry (java.base@25)
2692:             3             48  java.lang.ClassValue$Identity (java.base@25)
2693:             3             48  java.lang.ClassValue$Version (java.base@25)
2694:             1             48  java.lang.NullPointerException (java.base@25)
2695:             1             48  java.lang.ProcessEnvironment (java.base@25)
2696:             2             48  java.lang.String$$StringConcat/0x0000000012260800 (java.base@25)
2697:             2             48  java.lang.String$$StringConcat/0x0000000012408000 (java.base@25)
2698:             2             48  java.lang.String$$StringConcat/0x00000000128e8000 (java.base@25)
2699:             2             48  java.lang.String$$StringConcat/0x000000001291c400 (java.base@25)
2700:             1             48  java.lang.VirtualThread$VThreadContinuation (java.base@25)
2701:             1             48  java.lang.invoke.BoundMethodHandle$Specializer$Factory (java.base@25)
2702:             3             48  java.nio.charset.CodingErrorAction (java.base@25)
2703:             2             48  java.security.Security$SecPropLoader$LoadingMode (java.base@25)
2704:             2             48  java.sql.SQLPermission (java.sql@25)
2705:             3             48  java.text.AttributedCharacterIterator$Attribute (java.base@25)
2706:             2             48  java.time.Clock$FixedClock (java.base@25)
2707:             3             48  java.time.Clock$SystemClock (java.base@25)
2708:             2             48  java.time.OffsetDateTime (java.base@25)
2709:             2             48  java.time.OffsetTime (java.base@25)
2710:             2             48  java.time.format.DateTimeFormatterBuilder$ZoneIdPrinterParser (java.base@25)
2711:             2             48  java.time.format.DateTimeTextProvider$LocaleStore (java.base@25)
2712:             3             48  java.util.Comparator$$Lambda/0x000000001202df40 (java.base@25)
2713:             3             48  java.util.IdentityHashMap$EntrySet (java.base@25)
2714:             3             48  java.util.ResourceBundle$NoFallbackControl (java.base@25)
2715:             3             48  java.util.concurrent.ConcurrentSkipListSet (java.base@25)
2716:             1             48  java.util.concurrent.locks.ReentrantReadWriteLock$FairSync (java.base@25)
2717:             2             48  java.util.logging.Logger$LoggerBundle (java.logging@25)
2718:             2             48  java.util.regex.Pattern$$Lambda/0x0000000012849750 (java.base@25)
2719:             3             48  javax.management.modelmbean.DescriptorSupport (java.management@25)
2720:             3             48  javax.xml.catalog.CatalogFeatures$Builder (java.xml@25)
2721:             2             48  jdk.internal.classfile.impl.ClassHierarchyImpl$ClassHierarchyInfoImpl (java.base@25)
2722:             1             48  jdk.internal.jimage.ImageHeader (java.base@25)
2723:             2             48  jdk.internal.misc.Signal (java.base@25)
2724:             2             48  jdk.internal.misc.Signal$NativeHandler (java.base@25)
2725:             2             48  jdk.internal.module.ModuleHashes (java.base@25)
2726:             2             48  jdk.internal.module.SystemModuleFinders$SystemModuleFinder (java.base@25)
2727:             2             48  jdk.internal.ref.CleanerImpl (java.base@25)
2728:             2             48  jdk.internal.ref.CleanerImpl$CleanableList (java.base@25)
2729:             1             48  jdk.management.jfr.FlightRecorderMXBeanImpl (jdk.management.jfr@25)
2730:             3             48  jdk.proxy1.$Proxy136 (jdk.proxy1)
2731:             3             48  jdk.proxy2.$Proxy126 (jdk.proxy2)
2732:             3             48  jdk.proxy2.$Proxy162 (jdk.proxy2)
2733:             3             48  jdk.proxy2.$Proxy37 (jdk.proxy2)
2734:             3             48  jdk.proxy2.$Proxy45 (jdk.proxy2)
2735:             3             48  jdk.proxy2.$Proxy52 (jdk.proxy2)
2736:             3             48  jdk.proxy2.$Proxy76 (jdk.proxy2)
2737:             3             48  jdk.xml.internal.TransformErrorListener (java.xml@25)
2738:             2             48  jdk.xml.internal.XMLSecurityManager$StringMapper (java.xml@25)
2739:             1             48  org.apache.catalina.core.DefaultInstanceManager
2740:             1             48  org.apache.catalina.core.StandardContextValve
2741:             1             48  org.apache.catalina.core.StandardEngineValve
2742:             1             48  org.apache.catalina.core.StandardHostValve
2743:             1             48  org.apache.catalina.mapper.MapperListener
2744:             3             48  org.apache.catalina.realm.RealmBase$AllRolesMode
2745:             1             48  org.apache.catalina.startup.Tomcat
2746:             2             48  org.apache.catalina.util.ErrorPageSupport
2747:             2             48  org.apache.catalina.util.URLEncoder
2748:             1             48  org.apache.catalina.valves.ErrorReportValve
2749:             2             48  org.apache.ibatis.ognl.internal.entry.DeclaredMethodCacheEntry$MethodType
2750:             3             48  org.apache.ibatis.ognl.internal.entry.MethodAccessEntryValue
2751:             2             48  org.apache.ibatis.reflection.DefaultReflectorFactory
2752:             2             48  org.apache.ibatis.session.LocalCacheScope
2753:             2             48  org.apache.ibatis.type.ArrayTypeHandler
2754:             2             48  org.apache.ibatis.type.BlobByteObjectArrayTypeHandler
2755:             2             48  org.apache.ibatis.type.CharacterTypeHandler
2756:             2             48  org.apache.ibatis.type.ClobTypeHandler
2757:             2             48  org.apache.ibatis.type.DateOnlyTypeHandler
2758:             2             48  org.apache.ibatis.type.DateTypeHandler
2759:             2             48  org.apache.ibatis.type.NClobTypeHandler
2760:             2             48  org.apache.ibatis.type.TimeOnlyTypeHandler
2761:             2             48  org.apache.tomcat.util.http.parser.HttpParser
2762:             1             48  org.apache.tomcat.util.modeler.AttributeInfo
2763:             1             48  org.apache.tomcat.util.net.NioEndpoint$Poller
2764:             1             48  org.apache.tomcat.util.threads.TaskQueue
2765:             2             48  org.hibernate.validator.internal.constraintvalidators.bv.size.SizeValidatorForCharSequence
2766:             1             48  org.hibernate.validator.internal.engine.ValidatorImpl
2767:             1             48  org.hibernate.validator.internal.engine.validationcontext.ValidatorScopedContext
2768:             1             48  org.hibernate.validator.internal.metadata.BeanMetaDataManagerImpl
2769:             2             48  org.hibernate.validator.internal.metadata.aggregated.NonContainerCascadingMetaData
2770:             2             48  org.hibernate.validator.internal.metadata.core.ConstraintOrigin
2771:             2             48  org.hibernate.validator.internal.metadata.descriptor.ConstraintDescriptorImpl$ConstraintType
2772:             1             48  org.hibernate.validator.internal.properties.javabean.JavaBeanGetter
2773:             3             48  org.redisson.client.codec.StringCodec$1
2774:             3             48  org.redisson.client.codec.StringCodec$2
2775:             2             48  org.redisson.client.handler.PingConnectionHandler
2776:             2             48  org.redisson.client.handler.RedisChannelInitializer$Type
2777:             2             48  org.redisson.client.protocol.QueueCommandHolder
2778:             3             48  org.redisson.client.protocol.decoder.ListResultReplayDecoder
2779:             3             48  org.redisson.client.protocol.decoder.Long2MultiDecoder
2780:             3             48  org.redisson.client.protocol.decoder.MapKeyDecoder
2781:             2             48  org.redisson.client.protocol.decoder.ScoredSortedSetScanDecoder
2782:             3             48  org.redisson.client.protocol.decoder.StreamResultDecoder
2783:             3             48  org.redisson.client.protocol.decoder.StreamResultDecoderV2
2784:             3             48  org.redisson.codec.Kryo5Codec$4
2785:             3             48  org.redisson.codec.Kryo5Codec$5
2786:             1             48  org.redisson.command.CommandAsyncService
2787:             2             48  org.redisson.command.RedisExecutor$$Lambda/0x0000000012655ae8
2788:             2             48  org.redisson.command.RedisExecutor$$Lambda/0x00000000126576b8
2789:             2             48  org.redisson.config.Protocol
2790:             2             48  org.redisson.config.SslProvider
2791:             2             48  org.redisson.config.SubscriptionMode
2792:             2             48  org.redisson.connection.ConnectionEventsHub$Status
2793:             2             48  org.redisson.connection.NodeSource$Redirect
2794:             3             48  org.redisson.spring.data.connection.ScoredSortedSingleReplayDecoder
2795:             3             48  org.slf4j.helpers.BasicMarkerFactory
2796:             2             48  org.slf4j.helpers.Reporter$TargetChoice
2797:             2             48  org.springframework.aop.support.ComposablePointcut
2798:             2             48  org.springframework.beans.TypeConverterDelegate
2799:             2             48  org.springframework.beans.propertyeditors.ByteArrayPropertyEditor
2800:             2             48  org.springframework.beans.propertyeditors.CharArrayPropertyEditor
2801:             2             48  org.springframework.beans.propertyeditors.CharsetEditor
2802:             2             48  org.springframework.beans.propertyeditors.CurrencyEditor
2803:             2             48  org.springframework.beans.propertyeditors.LocaleEditor
2804:             2             48  org.springframework.beans.propertyeditors.PropertiesEditor
2805:             2             48  org.springframework.beans.propertyeditors.TimeZoneEditor
2806:             2             48  org.springframework.beans.propertyeditors.UUIDEditor
2807:             2             48  org.springframework.beans.propertyeditors.ZoneIdEditor
2808:             2             48  org.springframework.boot.BootstrapRegistry$Scope
2809:             2             48  org.springframework.boot.actuate.autoconfigure.info.InfoContributorFallback
2810:             2             48  org.springframework.boot.actuate.autoconfigure.metrics.OnlyOnceLoggingDenyMeterFilter
2811:             2             48  org.springframework.boot.actuate.autoconfigure.metrics.export.prometheus.PrometheusProperties$HistogramFlavor
2812:             1             48  org.springframework.boot.actuate.autoconfigure.metrics.export.prometheus.PrometheusProperties$Pushgateway
2813:             3             48  org.springframework.boot.actuate.autoconfigure.web.server.OnManagementPortCondition
2814:             2             48  org.springframework.boot.actuate.endpoint.annotation.Selector$Match
2815:             3             48  org.springframework.boot.actuate.endpoint.web.EndpointMapping
2816:             3             48  org.springframework.boot.actuate.endpoint.web.servlet.SkipPathExtensionContentNegotiation
2817:             3             48  org.springframework.boot.actuate.health.AbstractHealthIndicator$$Lambda/0x00000000127428a8
2818:             3             48  org.springframework.boot.actuate.health.HealthIndicatorReactiveAdapter
2819:             2             48  org.springframework.boot.actuate.health.SimpleStatusAggregator
2820:             2             48  org.springframework.boot.actuate.info.InfoPropertiesInfoContributor$Mode
2821:             3             48  org.springframework.boot.autoconfigure.condition.OnThreadingCondition
2822:             2             48  org.springframework.boot.autoconfigure.jdbc.DataSourceAutoConfiguration$PooledDataSourceCondition
2823:             2             48  org.springframework.boot.autoconfigure.reactor.ReactorProperties$ContextPropagationMode
2824:             1             48  org.springframework.boot.autoconfigure.sql.init.SqlInitializationProperties
2825:             2             48  org.springframework.boot.autoconfigure.web.ServerProperties$Jetty$Accesslog$FORMAT
2826:             2             48  org.springframework.boot.autoconfigure.web.WebProperties$LocaleResolver
2827:             2             48  org.springframework.boot.autoconfigure.web.client.NotReactiveWebApplicationCondition
2828:             1             48  org.springframework.boot.autoconfigure.web.servlet.WebMvcAutoConfiguration$WebMvcAutoConfigurationAdapter
2829:             2             48  org.springframework.boot.autoconfigure.web.servlet.WebMvcProperties$MatchingStrategy
2830:             2             48  org.springframework.boot.availability.LivenessState
2831:             2             48  org.springframework.boot.availability.ReadinessState
2832:             3             48  org.springframework.boot.context.config.ConfigData$Options
2833:             2             48  org.springframework.boot.context.config.ConfigDataEnvironmentContributor$ImportPhase
2834:             2             48  org.springframework.boot.context.config.ConfigDataLocation
2835:             2             48  org.springframework.boot.context.config.LocationResourceLoader$ResourceType
2836:             2             48  org.springframework.boot.context.properties.bind.BindConverter$TypeConverterConversionService
2837:             2             48  org.springframework.boot.context.properties.bind.BindConverter$TypeConverterConverter
2838:             2             48  org.springframework.boot.context.properties.bind.BindMethod
2839:             2             48  org.springframework.boot.context.properties.bind.ValueObjectBinder$Discoverer
2840:             2             48  org.springframework.boot.context.properties.source.DefaultPropertyMapper$LastMapping
2841:             2             48  org.springframework.boot.context.properties.source.SpringConfigurationPropertySources
2842:             2             48  org.springframework.boot.convert.CharSequenceToObjectConverter
2843:             2             48  org.springframework.boot.loader.zip.NameOffsetLookups
2844:             2             48  org.springframework.boot.logging.LoggerGroup
2845:             1             48  org.springframework.boot.logging.logback.ExtendedWhitespaceThrowableProxyConverter
2846:             2             48  org.springframework.boot.origin.OriginTrackedResource
2847:             2             48  org.springframework.boot.web.server.Shutdown
2848:             1             48  org.springframework.boot.web.servlet.filter.OrderedCharacterEncodingFilter
2849:             1             48  org.springframework.boot.web.servlet.filter.OrderedFormContentFilter
2850:             1             48  org.springframework.boot.web.servlet.filter.OrderedRequestContextFilter
2851:             2             48  org.springframework.boot.web.servlet.server.Encoding$Type
2852:             2             48  org.springframework.context.annotation.AdviceMode
2853:             2             48  org.springframework.context.annotation.ConfigurationCondition$ConfigurationPhase
2854:             3             48  org.springframework.context.expression.BeanFactoryResolver
2855:             2             48  org.springframework.context.support.ApplicationListenerDetector
2856:             2             48  org.springframework.core.NamedInheritableThreadLocal
2857:             2             48  org.springframework.core.ResolvableType$WildcardBounds$Kind
2858:             2             48  org.springframework.core.annotation.AnnotationTypeMappings$Cache
2859:             2             48  org.springframework.core.annotation.MergedAnnotation$Adapt
2860:             2             48  org.springframework.core.codec.ByteArrayDecoder
2861:             2             48  org.springframework.core.codec.ByteArrayEncoder
2862:             2             48  org.springframework.core.codec.ByteBufferDecoder
2863:             2             48  org.springframework.core.codec.ByteBufferEncoder
2864:             2             48  org.springframework.core.codec.DataBufferDecoder
2865:             2             48  org.springframework.core.codec.DataBufferEncoder
2866:             2             48  org.springframework.core.codec.NettyByteBufDecoder
2867:             2             48  org.springframework.core.codec.NettyByteBufEncoder
2868:             2             48  org.springframework.core.codec.ResourceDecoder
2869:             2             48  org.springframework.core.codec.ResourceEncoder
2870:             2             48  org.springframework.core.codec.ResourceRegionEncoder
2871:             2             48  org.springframework.core.convert.support.GenericConversionService
2872:             2             48  org.springframework.core.env.CommandLineArgs
2873:             2             48  org.springframework.core.env.PropertiesPropertySource
2874:             2             48  org.springframework.core.type.classreading.CachingMetadataReaderFactory
2875:             2             48  org.springframework.core.type.filter.AnnotationTypeFilter
2876:             1             48  org.springframework.dao.annotation.PersistenceExceptionTranslationPostProcessor
2877:             3             48  org.springframework.data.convert.CustomConversions$$Lambda/0x000000001253df48
2878:             3             48  org.springframework.data.convert.CustomConversions$$Lambda/0x000000001253e198
2879:             3             48  org.springframework.data.convert.CustomConversions$$Lambda/0x000000001253e3e8
2880:             2             48  org.springframework.data.convert.CustomConversions$StoreConversions
2881:             2             48  org.springframework.data.convert.MappingContextTypeInformationMapper
2882:             3             48  org.springframework.data.convert.PropertyValueConverterFactories$SimplePropertyConverterFactory
2883:             3             48  org.springframework.data.convert.SimplePropertyValueConverterRegistry
2884:             2             48  org.springframework.data.convert.SimpleTypeInformationMapper
2885:             2             48  org.springframework.data.domain.PageRequest
2886:             2             48  org.springframework.data.domain.Sort$Direction
2887:             2             48  org.springframework.data.mapping.context.PersistentPropertyPathFactory
2888:             2             48  org.springframework.data.mapping.model.InstantiationAwarePropertyAccessorFactory
2889:             3             48  org.springframework.data.redis.connection.convert.ListConverter
2890:             3             48  org.springframework.data.redis.connection.convert.SetConverter
2891:             2             48  org.springframework.data.redis.connection.stream.StreamReadOptions
2892:             2             48  org.springframework.data.redis.core.DefaultReactiveGeoOperations
2893:             2             48  org.springframework.data.redis.core.DefaultReactiveHashOperations
2894:             2             48  org.springframework.data.redis.core.DefaultReactiveHyperLogLogOperations
2895:             2             48  org.springframework.data.redis.core.DefaultReactiveListOperations
2896:             2             48  org.springframework.data.redis.core.DefaultReactiveSetOperations
2897:             2             48  org.springframework.data.redis.core.DefaultReactiveStreamOperations
2898:             2             48  org.springframework.data.redis.core.DefaultReactiveValueOperations
2899:             2             48  org.springframework.data.redis.core.DefaultReactiveZSetOperations
2900:             1             48  org.springframework.data.redis.core.RedisKeyValueTemplate
2901:             2             48  org.springframework.data.redis.core.convert.DefaultRedisTypeMapper$BucketTypeAliasAccessor
2902:             2             48  org.springframework.data.redis.core.convert.MappingConfiguration
2903:             2             48  org.springframework.data.redis.core.script.DefaultReactiveScriptExecutor
2904:             1             48  org.springframework.data.redis.listener.RedisMessageListenerContainer$BlockingSubscriber
2905:             1             48  org.springframework.data.redis.serializer.GenericJackson2JsonRedisSerializer$TypeResolverBuilder
2906:             1             48  org.springframework.data.web.PageableHandlerMethodArgumentResolver
2907:             2             48  org.springframework.data.web.config.EnableSpringDataWebSupport$PageSerializationMode
2908:             1             48  org.springframework.data.web.config.SpringDataWebConfiguration
2909:             2             48  org.springframework.expression.spel.support.StandardTypeLocator
2910:             3             48  org.springframework.format.datetime.DateTimeFormatAnnotationFormatterFactory
2911:             3             48  org.springframework.format.datetime.standard.DateTimeConverters$CalendarToInstantConverter
2912:             3             48  org.springframework.format.datetime.standard.DateTimeConverters$CalendarToLocalDateConverter
2913:             3             48  org.springframework.format.datetime.standard.DateTimeConverters$CalendarToLocalDateTimeConverter
2914:             3             48  org.springframework.format.datetime.standard.DateTimeConverters$CalendarToLocalTimeConverter
2915:             3             48  org.springframework.format.datetime.standard.DateTimeConverters$CalendarToOffsetDateTimeConverter
2916:             3             48  org.springframework.format.datetime.standard.DateTimeConverters$CalendarToZonedDateTimeConverter
2917:             3             48  org.springframework.format.datetime.standard.DateTimeConverters$InstantToLongConverter
2918:             3             48  org.springframework.format.datetime.standard.DateTimeConverters$LocalDateTimeToLocalDateConverter
2919:             3             48  org.springframework.format.datetime.standard.DateTimeConverters$LocalDateTimeToLocalTimeConverter
2920:             3             48  org.springframework.format.datetime.standard.DateTimeConverters$LongToInstantConverter
2921:             3             48  org.springframework.format.datetime.standard.DateTimeConverters$OffsetDateTimeToInstantConverter
2922:             3             48  org.springframework.format.datetime.standard.DateTimeConverters$OffsetDateTimeToLocalDateConverter
2923:             3             48  org.springframework.format.datetime.standard.DateTimeConverters$OffsetDateTimeToLocalDateTimeConverter
2924:             3             48  org.springframework.format.datetime.standard.DateTimeConverters$OffsetDateTimeToLocalTimeConverter
2925:             3             48  org.springframework.format.datetime.standard.DateTimeConverters$OffsetDateTimeToZonedDateTimeConverter
2926:             3             48  org.springframework.format.datetime.standard.DateTimeConverters$ZonedDateTimeToInstantConverter
2927:             3             48  org.springframework.format.datetime.standard.DateTimeConverters$ZonedDateTimeToLocalDateConverter
2928:             3             48  org.springframework.format.datetime.standard.DateTimeConverters$ZonedDateTimeToLocalDateTimeConverter
2929:             3             48  org.springframework.format.datetime.standard.DateTimeConverters$ZonedDateTimeToLocalTimeConverter
2930:             3             48  org.springframework.format.datetime.standard.DateTimeConverters$ZonedDateTimeToOffsetDateTimeConverter
2931:             3             48  org.springframework.format.datetime.standard.DurationFormatter
2932:             3             48  org.springframework.format.datetime.standard.InstantFormatter
2933:             3             48  org.springframework.format.datetime.standard.Jsr310DateTimeFormatAnnotationFormatterFactory
2934:             3             48  org.springframework.format.datetime.standard.MonthDayFormatter
2935:             3             48  org.springframework.format.datetime.standard.MonthFormatter
2936:             3             48  org.springframework.format.datetime.standard.PeriodFormatter
2937:             3             48  org.springframework.format.datetime.standard.YearFormatter
2938:             3             48  org.springframework.format.datetime.standard.YearMonthFormatter
2939:             3             48  org.springframework.format.number.NumberFormatAnnotationFormatterFactory
2940:             2             48  org.springframework.http.ReadOnlyHttpHeaders
2941:             2             48  org.springframework.http.codec.FormHttpMessageWriter
2942:             2             48  org.springframework.http.codec.ResourceHttpMessageReader
2943:             2             48  org.springframework.http.codec.ResourceHttpMessageWriter
2944:             2             48  org.springframework.http.codec.ServerSentEventHttpMessageReader
2945:             2             48  org.springframework.http.codec.multipart.FileStorage$TempFileStorage
2946:             2             48  org.springframework.http.codec.multipart.MultipartHttpMessageReader
2947:             2             48  org.springframework.http.codec.protobuf.ProtobufDecoder
2948:             2             48  org.springframework.http.codec.protobuf.ProtobufHttpMessageWriter
2949:             2             48  org.springframework.http.codec.support.DefaultClientCodecConfigurer
2950:             2             48  org.springframework.http.server.DefaultPathContainer$DefaultSeparator
2951:             1             48  org.springframework.jdbc.support.JdbcTransactionManager
2952:             3             48  org.springframework.jmx.export.annotation.AnnotationJmxAttributeSource
2953:             2             48  org.springframework.objenesis.SpringObjenesis
2954:             2             48  org.springframework.scheduling.annotation.AbstractAsyncConfiguration$$Lambda/0x00000000123128b8
2955:             1             48  org.springframework.scheduling.concurrent.ReschedulingRunnable
2956:             1             48  org.springframework.transaction.interceptor.AbstractFallbackTransactionAttributeSource$1
2957:             1             48  org.springframework.transaction.interceptor.TransactionInterceptor
2958:             2             48  org.springframework.util.ConcurrentReferenceHashMap$ReferenceType
2959:             2             48  org.springframework.util.ConcurrentReferenceHashMap$Restructure
2960:             2             48  org.springframework.validation.DefaultMessageCodesResolver
2961:             1             48  org.springframework.web.accept.ContentNegotiationManagerFactoryBean
2962:             2             48  org.springframework.web.cors.CorsConfiguration$OriginPattern
2963:             1             48  org.springframework.web.filter.ServerHttpObservationFilter
2964:             2             48  org.springframework.web.method.HandlerTypePredicate
2965:             2             48  org.springframework.web.method.annotation.AbstractNamedValueMethodArgumentResolver$NamedValueInfo
2966:             2             48  org.springframework.web.method.annotation.ExceptionHandlerMethodResolver
2967:             2             48  org.springframework.web.method.annotation.ExpressionValueMethodArgumentResolver
2968:             3             48  org.springframework.web.method.annotation.MapMethodProcessor
2969:             2             48  org.springframework.web.reactive.function.client.DefaultExchangeStrategiesBuilder$DefaultExchangeStrategies
2970:             2             48  org.springframework.web.servlet.handler.MappedInterceptor$PatternAdapter
2971:             1             48  org.springframework.web.servlet.mvc.annotation.ResponseStatusExceptionResolver
2972:             2             48  org.springframework.web.servlet.mvc.method.annotation.MatrixVariableMethodArgumentResolver
2973:             2             48  org.springframework.web.servlet.mvc.method.annotation.PathVariableMethodArgumentResolver
2974:             3             48  org.springframework.web.servlet.mvc.method.annotation.PrincipalMethodArgumentResolver
2975:             2             48  org.springframework.web.servlet.mvc.method.annotation.RequestMappingHandlerAdapter$$Lambda/0x000000001271d7e8
2976:             3             48  org.springframework.web.servlet.mvc.method.annotation.ServletRequestMethodArgumentResolver
2977:             3             48  org.springframework.web.servlet.mvc.method.annotation.ServletResponseMethodArgumentResolver
2978:             2             48  org.yaml.snakeyaml.DumperOptions$NonPrintableStyle
2979:             2             48  reactor.core.publisher.FluxCreate$CreateMode
2980:             2             48  reactor.core.scheduler.BoundedElasticScheduler$BoundedServices$BusyStates
2981:             1             48  reactor.netty.transport.logging.ReactorNettyLoggingHandler
2982:             3             48  sun.nio.ch.NioSocketImpl$$Lambda/0x00000000124ff858 (java.base@25)
2983:             3             48  sun.nio.ch.NioSocketImpl$1 (java.base@25)
2984:             3             48  sun.nio.ch.NioSocketImpl$2 (java.base@25)
2985:             3             48  sun.nio.ch.SocketDispatcher (java.base@25)
2986:             2             48  sun.security.jca.ProviderList (java.base@25)
2987:             2             48  sun.security.jca.ProviderList$2 (java.base@25)
2988:             2             48  sun.util.locale.provider.LocaleServiceProviderPool (java.base@25)
2989:             2             40  [Lch.qos.logback.core.Appender;
2990:             1             40  [Lch.qos.logback.core.pattern.parser.TokenStream$TokenizerState;
2991:             1             40  [Lch.qos.logback.core.subst.Token$Type;
2992:             1             40  [Lcom.fasterxml.jackson.annotation.JsonAutoDetect$Visibility;
2993:             1             40  [Lcom.fasterxml.jackson.annotation.JsonTypeInfo$As;
2994:             1             40  [Lcom.fasterxml.jackson.annotation.Nulls;
2995:             1             40  [Lcom.fasterxml.jackson.core.JsonEncoding;
2996:             1             40  [Lcom.fasterxml.jackson.core.JsonFactory$Feature;
2997:             1             40  [Lcom.fasterxml.jackson.core.JsonParser$NumberType;
2998:             1             40  [Lcom.fasterxml.jackson.core.json.JsonWriteFeature;
2999:             1             40  [Lcom.fasterxml.jackson.core.type.WritableTypeId$Inclusion;
3000:             1             40  [Lcom.fasterxml.jackson.databind.ObjectMapper$DefaultTyping;
3001:             1             40  [Lcom.flashchat.chatservice.dao.enums.RoomStatusEnum;
3002:             1             40  [Lcom.github.benmanes.caffeine.cache.RemovalCause;
3003:             1             40  [Lcom.mysql.cj.conf.PropertyDefinitions$SslMode;
3004:             2             40  [Lcom.sun.jmx.mbeanserver.ClassLoaderRepositorySupport$LoaderEntry; (java.management@25)
3005:             1             40  [Lcom.sun.org.apache.xerces.internal.util.Status; (java.xml@25)
3006:             1             40  [Lio.micrometer.core.instrument.Meter$Type;
3007:             1             40  [Lio.netty.handler.codec.http.websocketx.WebSocket08FrameDecoder$State;
3008:             1             40  [Lio.netty.handler.codec.http.websocketx.WebSocketVersion;
3009:             1             40  [Lio.netty.handler.logging.LogLevel;
3010:             1             40  [Lio.netty.util.internal.logging.InternalLogLevel;
3011:             1             40  [Ljakarta.servlet.http.MappingMatch;
3012:             2             40  [Ljava.beans.PropertyDescriptor; (java.desktop@25)
3013:             1             40  [Ljava.lang.classfile.AttributeMapper$AttributeStability; (java.base@25)
3014:             1             40  [Ljava.lang.invoke.VarHandle$AccessType; (java.base@25)
3015:             1             40  [Ljava.lang.management.MemoryManagerMXBean; (java.management@25)
3016:             1             40  [Ljava.nio.charset.Charset; (java.base@25)
3017:             1             40  [Ljava.time.format.SignStyle; (java.base@25)
3018:             1             40  [Ljava.time.format.TextStyle; (java.base@25)
3019:             1             40  [Ljava.util.stream.StreamOpFlag; (java.base@25)
3020:             2             40  [Ljavax.management.modelmbean.ModelMBeanOperationInfo; (java.management@25)
3021:             1             40  [Ljavax.xml.catalog.CatalogFeatures$State; (java.xml@25)
3022:             1             40  [Lorg.apache.coyote.http11.Http11InputBuffer$HeaderParsePosition;
3023:             1             40  [Lorg.apache.coyote.http11.filters.ChunkedInputFilter$ParseState;
3024:             1             40  [Lorg.apache.ibatis.mapping.SqlCommandType;
3025:             1             40  [Lorg.apache.ibatis.plugin.Signature;
3026:             1             40  [Lorg.apache.tomcat.util.descriptor.web.FilterMap;
3027:             1             40  [Lorg.apache.tomcat.util.http.parser.HttpHeaderParser$HeaderParsePosition;
3028:             1             40  [Lorg.apache.tomcat.util.net.openssl.OpenSSLStatus$Name;
3029:             1             40  [Lorg.hibernate.validator.messageinterpolation.ExpressionLanguageFeatureLevel;
3030:             1             40  [Lorg.jboss.logging.Logger$Level;
3031:             1             40  [Lorg.springframework.boot.ansi.AnsiStyle;
3032:             1             40  [Lorg.springframework.boot.context.config.ConfigDataEnvironmentContributor$Kind;
3033:             2             40  [Lorg.springframework.boot.context.config.ConfigDataLocation;
3034:             1             40  [Lorg.springframework.boot.logging.logback.RollingPolicySystemProperty;
3035:             1             40  [Lorg.springframework.data.redis.connection.ReturnType;
3036:             1             40  [Lorg.springframework.http.client.observation.ClientHttpObservationDocumentation$LowCardinalityKeyNames;
3037:             1             40  [Lorg.springframework.http.server.observation.ServerHttpObservationDocumentation$LowCardinalityKeyNames;
3038:             1             40  [Lorg.springframework.util.unit.DataUnit;
3039:             1             40  [Lorg.springframework.web.reactive.function.client.ClientHttpObservationDocumentation$LowCardinalityKeyNames;
3040:             1             40  [Lorg.yaml.snakeyaml.DumperOptions$ScalarStyle;
3041:             1             40  [Lreactor.core.publisher.FluxSink$OverflowStrategy;
3042:             1             40  [Lsun.nio.fs.WindowsPathType; (java.base@25)
3043:             1             40  [Lsun.util.locale.provider.LocaleProviderAdapter$Type; (java.base@25)
3044:             1             40  [[Ljava.lang.invoke.LambdaForm$Name; (java.base@25)
3045:             1             40  ch.qos.logback.core.BasicStatusManager
3046:             1             40  cn.dev33.satoken.strategy.SaStrategy
3047:             1             40  com.alibaba.fastjson2.reader.ObjectReaderImplLocalDateTime
3048:             1             40  com.alibaba.fastjson2.writer.ObjectWriterImplLocalDateTime
3049:             1             40  com.esotericsoftware.kryo.util.IdentityObjectIntMap
3050:             1             40  com.esotericsoftware.kryo.util.ObjectMap
3051:             1             40  com.fasterxml.jackson.annotation.JsonFormat$Value
3052:             1             40  com.fasterxml.jackson.core.StreamReadConstraints
3053:             1             40  com.fasterxml.jackson.datatype.jsr310.deser.OffsetTimeDeserializer
3054:             1             40  com.fasterxml.jackson.datatype.jsr310.ser.DurationSerializer
3055:             1             40  com.fasterxml.jackson.datatype.jsr310.ser.MonthDaySerializer
3056:             1             40  com.fasterxml.jackson.datatype.jsr310.ser.OffsetTimeSerializer
3057:             1             40  com.fasterxml.jackson.datatype.jsr310.ser.YearMonthSerializer
3058:             1             40  com.fasterxml.jackson.datatype.jsr310.ser.YearSerializer
3059:             1             40  com.flashchat.chatservice.audit.AuditProperties$SensitiveWordConfig
3060:             1             40  com.flashchat.chatservice.config.FileUploadConfig$$SpringCGLIB$$0
3061:             1             40  com.flashchat.chatservice.service.impl.RoomMemberServiceImpl
3062:             1             40  com.flashchat.chatservice.websocket.handlers.NettyWebSocketServerHandler
3063:             1             40  com.flashchat.gameservice.config.GameAiProperties
3064:             1             40  com.flashchat.gameservice.config.GameThreadPoolConfig$$SpringCGLIB$$0
3065:             1             40  com.flashchat.gameservice.listener.GameEventListener
3066:             1             40  com.flashchat.gameservice.service.impl.WordPairServiceImpl
3067:             1             40  com.flashchat.userservice.service.impl.InviteCodeServiceImpl
3068:             1             40  com.mysql.cj.conf.HostInfo
3069:             1             40  com.mysql.cj.conf.url.SingleConnectionUrl
3070:             1             40  com.sun.beans.introspect.ClassInfo$1 (java.desktop@25)
3071:             1             40  com.sun.jmx.interceptor.DefaultMBeanServerInterceptor (java.management@25)
3072:             1             40  com.sun.jmx.mbeanserver.JmxMBeanServer (java.management@25)
3073:             1             40  com.sun.jmx.mbeanserver.MBeanServerDelegateImpl (java.management@25)
3074:             1             40  com.sun.management.internal.DiagnosticCommandImpl (jdk.management@25)
3075:             1             40  com.sun.org.apache.xerces.internal.impl.XMLEntityScanner$1 (java.xml@25)
3076:             1             40  com.zaxxer.hikari.util.ConcurrentBag
3077:             1             40  io.lettuce.core.resource.DefaultEventLoopGroupProvider
3078:             1             40  io.micrometer.core.instrument.binder.system.ProcessorMetrics
3079:             1             40  io.micrometer.core.instrument.distribution.TimeWindowSum
3080:             1             40  io.micrometer.observation.Observation$Context
3081:             1             40  io.netty.bootstrap.ServerBootstrap$ServerBootstrapAcceptor
3082:             1             40  io.netty.buffer.UnpooledSlicedByteBuf
3083:             1             40  io.netty.channel.group.DefaultChannelGroup
3084:             1             40  io.netty.handler.codec.http.HttpStatusClass$1
3085:             1             40  io.netty.resolver.DefaultHostsFileEntriesResolver
3086:             1             40  io.netty.util.concurrent.DefaultPromise$StacklessCancellationException
3087:             1             40  io.prometheus.metrics.config.PrometheusProperties
3088:             1             40  jakarta.servlet.MultipartConfigElement
3089:             1             40  java.beans.GenericBeanInfo (java.desktop@25)
3090:             1             40  java.beans.WeakIdentityMap$Entry (java.desktop@25)
3091:             1             40  java.io.BufferedInputStream (java.base@25)
3092:             1             40  java.io.FileNotFoundException (java.base@25)
3093:             1             40  java.io.RandomAccessFile (java.base@25)
3094:             1             40  java.lang.ArithmeticException (java.base@25)
3095:             1             40  java.lang.ArrayIndexOutOfBoundsException (java.base@25)
3096:             1             40  java.lang.ArrayStoreException (java.base@25)
3097:             1             40  java.lang.ClassCastException (java.base@25)
3098:             1             40  java.lang.InternalError (java.base@25)
3099:             1             40  java.lang.StackOverflowError (java.base@25)
3100:             1             40  java.lang.System$In (java.base@25)
3101:             1             40  java.lang.UnsupportedOperationException (java.base@25)
3102:             1             40  java.lang.invoke.VarHandleLongs$Array (java.base@25)
3103:             1             40  java.net.InetAddress$CachedLookup (java.base@25)
3104:             1             40  java.text.MessageFormat (java.base@25)
3105:             1             40  java.time.format.DateTimeFormatterBuilder$ReducedPrinterParser (java.base@25)
3106:             1             40  java.util.Collections$UnmodifiableNavigableMap$EmptyNavigableMap (java.base@25)
3107:             1             40  java.util.ResourceBundle$2 (java.base@25)
3108:             1             40  java.util.ServiceLoader$LazyClassPathLookupIterator (java.base@25)
3109:             1             40  java.util.concurrent.LinkedBlockingDeque (java.base@25)
3110:             1             40  java.util.concurrent.ThreadPerTaskExecutor (java.base@25)
3111:             1             40  java.util.concurrent.ThreadPerTaskExecutor$ThreadBoundFuture (java.base@25)
3112:             1             40  java.util.regex.Pattern$LazyLoop (java.base@25)
3113:             1             40  jdk.internal.classfile.impl.EntryMap (java.base@25)
3114:             1             40  jdk.internal.event.SecurityProviderServiceEvent (java.base@25)
3115:             1             40  jdk.internal.event.VirtualThreadEndEvent (java.base@25)
3116:             1             40  jdk.internal.event.VirtualThreadStartEvent (java.base@25)
3117:             1             40  jdk.internal.module.ArchivedModuleGraph (java.base@25)
3118:             1             40  net.sf.jsqlparser.schema.Column
3119:             1             40  org.apache.catalina.realm.MessageDigestCredentialHandler
3120:             1             40  org.apache.coyote.AbstractProtocol$RecycledProcessors
3121:             1             40  org.apache.ibatis.cache.CacheKey$1
3122:             1             40  org.apache.ibatis.ognl.OgnlParser$LookaheadSuccess
3123:             1             40  org.hibernate.validator.internal.engine.constraintvalidation.ConstraintValidatorManagerImpl
3124:             1             40  org.hibernate.validator.internal.metadata.core.AnnotationProcessingOptionsImpl
3125:             1             40  org.hibernate.validator.internal.metadata.core.ConstraintHelper
3126:             1             40  org.redisson.Redisson
3127:             1             40  org.redisson.RedissonDelayedQueue
3128:             1             40  org.redisson.RedissonDelayedQueue$1
3129:             1             40  org.redisson.connection.SequentialDnsAddressResolverFactory$1
3130:             1             40  org.redisson.misc.RedisURI
3131:             1             40  org.redisson.pubsub.PubSubConnectionEntry
3132:             1             40  org.slf4j.bridge.SLF4JBridgeHandler
3133:             1             40  org.springframework.beans.factory.annotation.InitDestroyAnnotationBeanPostProcessor$1
3134:             1             40  org.springframework.beans.propertyeditors.StringArrayPropertyEditor
3135:             1             40  org.springframework.boot.SpringApplicationShutdownHook
3136:             1             40  org.springframework.boot.actuate.autoconfigure.endpoint.web.CorsEndpointProperties
3137:             1             40  org.springframework.boot.actuate.autoconfigure.health.AutoConfiguredHealthEndpointGroup
3138:             1             40  org.springframework.boot.actuate.autoconfigure.health.HealthEndpointProperties
3139:             1             40  org.springframework.boot.actuate.autoconfigure.metrics.MeterRegistryPostProcessor
3140:             1             40  org.springframework.boot.actuate.autoconfigure.metrics.MetricsProperties
3141:             1             40  org.springframework.boot.actuate.autoconfigure.metrics.MetricsProperties$Distribution
3142:             1             40  org.springframework.boot.actuate.autoconfigure.observation.ObservationRegistryConfigurer
3143:             1             40  org.springframework.boot.actuate.autoconfigure.observation.ObservationRegistryPostProcessor
3144:             1             40  org.springframework.boot.actuate.endpoint.jmx.JmxEndpointExporter
3145:             1             40  org.springframework.boot.actuate.endpoint.web.annotation.ControllerEndpointDiscoverer
3146:             1             40  org.springframework.boot.actuate.endpoint.web.annotation.ServletEndpointDiscoverer
3147:             1             40  org.springframework.boot.actuate.endpoint.web.annotation.WebEndpointDiscoverer
3148:             1             40  org.springframework.boot.autoconfigure.data.redis.LettuceConnectionConfiguration
3149:             1             40  org.springframework.boot.autoconfigure.data.web.SpringDataWebProperties$Pageable
3150:             1             40  org.springframework.boot.autoconfigure.task.TaskExecutionProperties$Pool
3151:             1             40  org.springframework.boot.autoconfigure.web.ErrorProperties
3152:             1             40  org.springframework.boot.autoconfigure.web.ServerProperties$Jetty
3153:             1             40  org.springframework.boot.autoconfigure.web.ServerProperties$Jetty$Accesslog
3154:             1             40  org.springframework.boot.autoconfigure.web.ServerProperties$Jetty$Threads
3155:             1             40  org.springframework.boot.autoconfigure.web.ServerProperties$Netty
3156:             1             40  org.springframework.boot.autoconfigure.web.ServerProperties$Servlet
3157:             1             40  org.springframework.boot.autoconfigure.web.ServerProperties$Tomcat$Remoteip
3158:             1             40  org.springframework.boot.context.logging.LoggingApplicationListener
3159:             1             40  org.springframework.boot.context.properties.ConfigurationPropertiesBinder
3160:             1             40  org.springframework.boot.jdbc.DatabaseDriver$1
3161:             1             40  org.springframework.boot.jdbc.DatabaseDriver$2
3162:             1             40  org.springframework.boot.jdbc.DatabaseDriver$3
3163:             1             40  org.springframework.boot.jdbc.DatabaseDriver$4
3164:             1             40  org.springframework.boot.jdbc.DatabaseDriver$5
3165:             1             40  org.springframework.boot.jdbc.DatabaseDriver$6
3166:             1             40  org.springframework.boot.jdbc.DatabaseDriver$7
3167:             1             40  org.springframework.boot.loader.zip.VirtualZipDataBlock
3168:             1             40  org.springframework.boot.sql.init.DatabaseInitializationSettings
3169:             1             40  org.springframework.boot.task.SimpleAsyncTaskExecutorBuilder
3170:             1             40  org.springframework.boot.web.server.Cookie
3171:             1             40  org.springframework.boot.web.servlet.server.Session
3172:             1             40  org.springframework.boot.web.servlet.server.Session$Cookie
3173:             1             40  org.springframework.cglib.core.ClassNameReader$EarlyExitException
3174:             1             40  org.springframework.context.annotation.ConfigurationClassBeanDefinitionReader
3175:             1             40  org.springframework.context.event.EventListenerMethodProcessor
3176:             1             40  org.springframework.context.event.SimpleApplicationEventMulticaster
3177:             1             40  org.springframework.context.expression.StandardBeanExpressionResolver
3178:             1             40  org.springframework.context.support.DefaultLifecycleProcessor
3179:             1             40  org.springframework.core.codec.CharBufferDecoder
3180:             1             40  org.springframework.jndi.support.SimpleJndiBeanFactory
3181:             1             40  org.springframework.scheduling.annotation.AnnotationAsyncExecutionInterceptor
3182:             1             40  org.springframework.transaction.interceptor.BeanFactoryTransactionAttributeSourceAdvisor
3183:             1             40  org.springframework.transaction.support.TransactionTemplate
3184:             1             40  org.springframework.ui.context.support.ResourceBundleThemeSource
3185:             1             40  org.springframework.web.bind.support.ConfigurableWebBindingInitializer
3186:             1             40  org.springframework.web.servlet.mvc.support.DefaultHandlerExceptionResolver
3187:             1             40  org.springframework.web.servlet.resource.ResourceUrlProvider
3188:             1             40  reactor.core.scheduler.BoundedElasticScheduler
3189:             1             40  reactor.netty.http.client.HttpResponseDecoderSpec
3190:             1             40  sun.management.MappedMXBeanType$CompositeDataMXBeanType (java.management@25)
3191:             1             40  sun.management.MappedMXBeanType$MapMXBeanType (java.management@25)
3192:             1             40  sun.nio.cs.StandardCharsets$Aliases (java.base@25)
3193:             1             40  sun.nio.cs.StandardCharsets$Cache (java.base@25)
3194:             1             40  sun.nio.cs.StandardCharsets$Classes (java.base@25)
3195:             1             40  sun.util.locale.InternalLocaleBuilder (java.base@25)
3196:             1             40  sun.util.resources.Bundles$1 (java.base@25)
3197:             1             32  [Lch.qos.logback.classic.spi.Configurator$ExecutionStatus;
3198:             1             32  [Lch.qos.logback.core.rolling.helper.CompressionMode;
3199:             1             32  [Lch.qos.logback.core.spi.FilterReply;
3200:             1             32  [Lch.qos.logback.core.subst.Tokenizer$TokenizerState;
3201:             1             32  [Lcom.fasterxml.classmate.AnnotationInclusion;
3202:             1             32  [Lcom.fasterxml.jackson.annotation.JsonCreator$Mode;
3203:             1             32  [Lcom.fasterxml.jackson.core.Base64Variant$PaddingReadBehaviour;
3204:             1             32  [Lcom.fasterxml.jackson.core.StreamReadCapability;
3205:             1             32  [Lcom.fasterxml.jackson.core.util.Separators$Spacing;
3206:             1             32  [Lcom.fasterxml.jackson.databind.annotation.JsonSerialize$Typing;
3207:             1             32  [Lcom.fasterxml.jackson.databind.cfg.ConstructorDetector$SingleArgConstructor;
3208:             1             32  [Lcom.fasterxml.jackson.databind.jsontype.PolymorphicTypeValidator$Validity;
3209:             1             32  [Lcom.fasterxml.jackson.databind.util.AccessPattern;
3210:             1             32  [Lcom.fasterxml.jackson.databind.util.internal.PrivateMaxEntriesMap$DrainStatus;
3211:             1             32  [Lcom.fasterxml.jackson.datatype.jsr310.JavaTimeFeature;
3212:             1             32  [Lcom.flashchat.chatservice.audit.AuditResultEnum;
3213:             1             32  [Lcom.flashchat.chatservice.dao.enums.RoomMemberStatusEnum;
3214:             1             32  [Lcom.flashchat.chatservice.ratelimit.RateLimitResult;
3215:             1             32  [Lcom.mysql.cj.Query$CancelStatus;
3216:             1             32  [Lcom.mysql.cj.QueryReturnType;
3217:             1             32  [Lcom.mysql.cj.conf.ConnectionUrl$HostsCardinality;
3218:             1             32  [Lcom.mysql.cj.conf.PropertyDefinitions$AuthMech;
3219:             1             32  [Lcom.mysql.cj.conf.PropertyDefinitions$Compression;
3220:             1             32  [Lcom.mysql.cj.conf.PropertyDefinitions$XdevapiSslMode;
3221:             1             32  [Lcom.mysql.cj.conf.PropertyDefinitions$ZeroDatetimeBehavior;
3222:             1             32  [Lcom.mysql.cj.protocol.Resultset$Type;
3223:             1             32  [Lcom.mysql.cj.protocol.a.NativeConstants$StringSelfDataType;
3224:             1             32  [Lcom.mysql.cj.protocol.a.authentication.CachingSha2PasswordPlugin$AuthStage;
3225:             1             32  [Lcom.sun.beans.util.Cache$Kind; (java.desktop@25)
3226:             1             32  [Lio.micrometer.core.instrument.Counter;
3227:             1             32  [Lio.micrometer.core.instrument.Timer;
3228:             1             32  [Lio.micrometer.core.instrument.binder.jvm.JvmGcMetrics$GcGenerationAge;
3229:             1             32  [Lio.micrometer.core.instrument.config.MeterFilterReply;
3230:             2             32  [Lio.micrometer.core.instrument.distribution.CountAtBucket;
3231:             1             32  [Lio.micrometer.observation.transport.Kind;
3232:             1             32  [Lio.netty.channel.DefaultChannelPipeline$AddStrategy;
3233:             1             32  [Lio.netty.resolver.ResolvedAddressTypes;
3234:             1             32  [Lio.netty.util.ResourceLeakDetector$Level;
3235:             1             32  [Ljakarta.validation.ConstraintTarget;
3236:             1             32  [Ljakarta.validation.metadata.ValidateUnwrappedValue;
3237:             1             32  [Ljava.lang.StackStreamFactory$WalkerState; (java.base@25)
3238:             1             32  [Ljava.lang.ThreadGroup; (java.base@25)
3239:             2             32  [Ljava.lang.Throwable; (java.base@25)
3240:             1             32  [Ljava.lang.classfile.ClassFile$StackMapsOption; (java.base@25)
3241:             1             32  [Ljava.lang.invoke.MethodHandleImpl$ArrayAccess; (java.base@25)
3242:             2             32  [Ljava.lang.management.LockInfo; (java.management@25)
3243:             2             32  [Ljava.lang.management.MonitorInfo; (java.management@25)
3244:             1             32  [Ljava.lang.module.ModuleDescriptor$Modifier; (java.base@25)
3245:             1             32  [Ljava.lang.module.ModuleDescriptor$Requires$Modifier; (java.base@25)
3246:             1             32  [Ljava.lang.ref.WeakReference; (java.base@25)
3247:             1             32  [Ljava.net.Proxy$Type; (java.base@25)
3248:             1             32  [Ljava.net.StandardProtocolFamily; (java.base@25)
3249:             1             32  [Ljava.security.DrbgParameters$Capability; (java.base@25)
3250:             2             32  [Ljava.security.cert.Certificate; (java.base@25)
3251:             1             32  [Ljava.time.format.DateTimeFormatter; (java.base@25)
3252:             1             32  [Ljava.time.format.DateTimeFormatterBuilder$SettingsParser; (java.base@25)
3253:             1             32  [Ljava.time.format.FormatStyle; (java.base@25)
3254:             1             32  [Ljava.time.format.ResolverStyle; (java.base@25)
3255:             1             32  [Ljava.time.temporal.IsoFields$Field; (java.base@25)
3256:             1             32  [Ljava.time.temporal.JulianFields$Field; (java.base@25)
3257:             1             32  [Ljava.util.Locale; (java.base@25)
3258:             1             32  [Ljava.util.concurrent.ThreadPoolExecutor; (java.base@25)
3259:             1             32  [Ljava.util.regex.Pattern$Qtype; (java.base@25)
3260:             1             32  [Ljava.util.stream.MatchOps$MatchKind; (java.base@25)
3261:             1             32  [Ljava.util.stream.StreamShape; (java.base@25)
3262:             2             32  [Ljavax.management.modelmbean.ModelMBeanAttributeInfo; (java.management@25)
3263:             2             32  [Ljavax.management.modelmbean.ModelMBeanConstructorInfo; (java.management@25)
3264:             2             32  [Ljavax.management.modelmbean.ModelMBeanNotificationInfo; (java.management@25)
3265:             1             32  [Ljavax.xml.catalog.CatalogFeatures$Feature; (java.xml@25)
3266:             1             32  [Ljdk.internal.classfile.impl.AbstractPoolEntry$Utf8EntryImpl$State; (java.base@25)
3267:             1             32  [Ljdk.internal.logger.BootstrapLogger$LoggingBackend; (java.base@25)
3268:             1             32  [Ljdk.internal.module.ModuleBootstrap$IllegalNativeAccess; (java.base@25)
3269:             1             32  [Ljdk.internal.module.ServicesCatalog; (java.base@25)
3270:             1             32  [Ljdk.internal.vm.Continuation$Pinned; (java.base@25)
3271:             1             32  [Ljdk.xml.internal.JdkXmlFeatures$XmlFeature; (java.xml@25)
3272:             1             32  [Ljdk.xml.internal.XMLSecurityManager$Processor; (java.xml@25)
3273:             1             32  [Ljdk.xml.internal.XMLSecurityPropertyManager$Property; (java.xml@25)
3274:             1             32  [Lorg.apache.catalina.WebResourceRoot$ArchiveIndexStrategy;
3275:             1             32  [Lorg.apache.catalina.authenticator.AuthenticatorBase$AllowCorsPreflight;
3276:             1             32  [Lorg.apache.coyote.ContinueResponseTiming;
3277:             1             32  [Lorg.apache.coyote.ErrorState;
3278:             1             32  [Lorg.apache.coyote.http11.Http11InputBuffer$HeaderParseStatus;
3279:             1             32  [Lorg.apache.ibatis.mapping.ParameterMode;
3280:             1             32  [Lorg.apache.ibatis.mapping.ResultSetType;
3281:             1             32  [Lorg.apache.ibatis.mapping.StatementType;
3282:             1             32  [Lorg.apache.ibatis.session.AutoMappingBehavior;
3283:             1             32  [Lorg.apache.ibatis.session.AutoMappingUnknownColumnBehavior;
3284:             1             32  [Lorg.apache.ibatis.session.ExecutorType;
3285:             1             32  [Lorg.apache.tomcat.util.buf.EncodedSolidusHandling;
3286:             1             32  [Lorg.apache.tomcat.util.http.ConcurrentDateFormat;
3287:             1             32  [Lorg.apache.tomcat.util.http.SameSiteCookies;
3288:             1             32  [Lorg.apache.tomcat.util.http.parser.HttpHeaderParser$HeaderParseStatus;
3289:             1             32  [Lorg.apache.tomcat.util.http.parser.SkipResult;
3290:             1             32  [Lorg.apache.tomcat.util.log.UserDataHelper$Config;
3291:             1             32  [Lorg.apache.tomcat.util.log.UserDataHelper$Mode;
3292:             1             32  [Lorg.apache.tomcat.util.net.AbstractEndpoint$BindState;
3293:             1             32  [Lorg.apache.tomcat.util.net.Acceptor$AcceptorState;
3294:             1             32  [Lorg.apache.tomcat.util.net.SendfileState;
3295:             1             32  [Lorg.hibernate.validator.constraints.CompositionType;
3296:             1             32  [Lorg.hibernate.validator.internal.metadata.raw.ConfigurationSource;
3297:             1             32  [Lorg.hibernate.validator.internal.util.ConcurrentReferenceHashMap$ReferenceType;
3298:             1             32  [Lorg.redisson.api.BatchOptions$ExecutionMode;
3299:             1             32  [Lorg.redisson.api.NodeType;
3300:             1             32  [Lorg.redisson.client.RedisConnection$Status;
3301:             1             32  [Lorg.redisson.config.ReadMode;
3302:             1             32  [Lorg.redisson.config.TransportMode;
3303:             1             32  [Lorg.redisson.liveobject.core.RedissonObjectBuilder$ReferenceType;
3304:             1             32  [Lorg.slf4j.helpers.Reporter$Level;
3305:             1             32  [Lorg.springframework.beans.factory.config.YamlProcessor$ResolutionMethod;
3306:             1             32  [Lorg.springframework.boot.Banner$Mode;
3307:             1             32  [Lorg.springframework.boot.WebApplicationType;
3308:             1             32  [Lorg.springframework.boot.actuate.autoconfigure.metrics.MeterRegistryPostProcessor$CompositeMeterRegistries;
3309:             1             32  [Lorg.springframework.boot.actuate.endpoint.web.WebEndpointHttpMethod;
3310:             1             32  [Lorg.springframework.boot.actuate.metrics.export.prometheus.PrometheusPushGatewayManager$ShutdownOperation;
3311:             1             32  [Lorg.springframework.boot.ansi.AnsiOutput$Enabled;
3312:             1             32  [Lorg.springframework.boot.autoconfigure.web.ErrorProperties$IncludeAttribute;
3313:             1             32  [Lorg.springframework.boot.context.properties.source.ConfigurationPropertyName$Form;
3314:             1             32  [Lorg.springframework.boot.context.properties.source.ConfigurationPropertyState;
3315:             1             32  [Lorg.springframework.boot.jdbc.DataSourceBuilder$DataSourceProperty;
3316:             1             32  [Lorg.springframework.boot.jdbc.EmbeddedDatabaseConnection;
3317:             1             32  [Lorg.springframework.boot.loader.zip.ZipContent$Kind;
3318:             1             32  [Lorg.springframework.boot.loader.zip.ZipString$CompareType;
3319:             1             32  [Lorg.springframework.boot.sql.init.DatabaseInitializationMode;
3320:             1             32  [Lorg.springframework.boot.web.servlet.ServletContextInitializer;
3321:             1             32  [Lorg.springframework.cglib.proxy.Callback;
3322:             1             32  [Lorg.springframework.core.annotation.MergedAnnotations$SearchStrategy;
3323:             1             32  [Lorg.springframework.core.annotation.TypeMappedAnnotations$IsPresent;
3324:             1             32  [Lorg.springframework.data.convert.CustomConversions$ConverterRegistrationIntent$ConverterOrigin;
3325:             1             32  [Lorg.springframework.data.geo.Metrics;
3326:             1             32  [Lorg.springframework.data.repository.config.BootstrapMode;
3327:             1             32  [Lorg.springframework.data.util.NullableWrapperConverters$WrapperType$Cardinality;
3328:             1             32  [Lorg.springframework.expression.spel.SpelCompilerMode;
3329:             1             32  [Lorg.springframework.jmx.support.RegistrationPolicy;
3330:             1             32  [Lorg.springframework.scheduling.support.ScheduledTaskObservationDocumentation$LowCardinalityKeyNames;
3331:             1             32  [Lorg.springframework.security.crypto.bcrypt.BCryptPasswordEncoder$BCryptVersion;
3332:             1             32  [Lorg.springframework.util.ConcurrentLruCache$CacheEntryState;
3333:             1             32  [Lorg.springframework.util.ConcurrentLruCache$DrainStatus;
3334:             1             32  [Lorg.springframework.web.context.request.async.StandardServletAsyncWebRequest$State;
3335:             1             32  [Lorg.springframework.web.context.request.async.WebAsyncManager$State;
3336:             1             32  [Lorg.springframework.web.util.DefaultUriBuilderFactory$EncodingMode;
3337:             1             32  [Lorg.yaml.snakeyaml.DumperOptions$FlowStyle;
3338:             1             32  [Lorg.yaml.snakeyaml.DumperOptions$LineBreak;
3339:             1             32  [Lorg.yaml.snakeyaml.comments.CommentType;
3340:             1             32  [Lorg.yaml.snakeyaml.introspector.BeanAccess;
3341:             2             32  [Lreactor.core.publisher.SinkManyBestEffort$DirectInner;
3342:             2             32  [Lreactor.core.scheduler.BoundedElasticScheduler$BoundedState;
3343:             1             32  [Lreactor.netty.transport.logging.AdvancedByteBufFormat;
3344:             1             32  [Lsun.misc.Unsafe$MemoryAccessOption; (jdk.unsupported@25)
3345:             2             32  [Lsun.reflect.annotation.TypeAnnotation; (java.base@25)
3346:             1             32  ch.qos.logback.classic.jul.LevelChangePropagator
3347:             2             32  ch.qos.logback.classic.pattern.EnsureExceptionHandling
3348:             2             32  ch.qos.logback.classic.pattern.TargetLengthBasedClassNameAbbreviator
3349:             1             32  ch.qos.logback.classic.spi.LoggerContextVO
3350:             1             32  ch.qos.logback.classic.util.ContextInitializer
3351:             1             32  ch.qos.logback.core.helpers.CyclicBuffer
3352:             1             32  ch.qos.logback.core.rolling.helper.Compressor
3353:             2             32  ch.qos.logback.core.spi.FilterAttachableImpl
3354:             2             32  ch.qos.logback.core.spi.LogbackLock
3355:             2             32  ch.qos.logback.core.util.StatusPrinter2
3356:             1             32  cn.dev33.satoken.config.SaCookieConfig
3357:             1             32  cn.dev33.satoken.dao.SaTokenDaoRedisJackson
3358:             1             32  cn.dev33.satoken.strategy.SaAnnotationStrategy
3359:             2             32  com.alibaba.fastjson2.function.impl.ToBoolean
3360:             2             32  com.alibaba.fastjson2.function.impl.ToByte
3361:             2             32  com.alibaba.fastjson2.function.impl.ToDouble
3362:             2             32  com.alibaba.fastjson2.function.impl.ToFloat
3363:             2             32  com.alibaba.fastjson2.function.impl.ToInteger
3364:             2             32  com.alibaba.fastjson2.function.impl.ToLong
3365:             2             32  com.alibaba.fastjson2.function.impl.ToShort
3366:             1             32  com.baomidou.mybatisplus.core.MybatisMapperRegistry
3367:             1             32  com.baomidou.mybatisplus.core.config.GlobalConfig$Sequence
3368:             1             32  com.baomidou.mybatisplus.core.enums.WrapperKeyword
3369:             1             32  com.baomidou.mybatisplus.extension.plugins.inner.PaginationInnerInterceptor
3370:             2             32  com.esotericsoftware.kryo.SerializerFactory$FieldSerializerFactory
3371:             2             32  com.esotericsoftware.kryo.serializers.DefaultSerializers$BitSetSerializer
3372:             2             32  com.esotericsoftware.kryo.serializers.DefaultSerializers$BooleanSerializer
3373:             2             32  com.esotericsoftware.kryo.serializers.DefaultSerializers$ByteSerializer
3374:             2             32  com.esotericsoftware.kryo.serializers.DefaultSerializers$CharSerializer
3375:             2             32  com.esotericsoftware.kryo.serializers.DefaultSerializers$DoubleSerializer
3376:             2             32  com.esotericsoftware.kryo.serializers.DefaultSerializers$FloatSerializer
3377:             2             32  com.esotericsoftware.kryo.serializers.DefaultSerializers$IntSerializer
3378:             2             32  com.esotericsoftware.kryo.serializers.DefaultSerializers$LongSerializer
3379:             2             32  com.esotericsoftware.kryo.serializers.DefaultSerializers$PatternSerializer
3380:             2             32  com.esotericsoftware.kryo.serializers.DefaultSerializers$ShortSerializer
3381:             2             32  com.esotericsoftware.kryo.serializers.DefaultSerializers$StringSerializer
3382:             2             32  com.esotericsoftware.kryo.serializers.DefaultSerializers$URISerializer
3383:             2             32  com.esotericsoftware.kryo.serializers.DefaultSerializers$UUIDSerializer
3384:             2             32  com.esotericsoftware.kryo.serializers.DefaultSerializers$VoidSerializer
3385:             1             32  com.fasterxml.classmate.TypeBindings
3386:             1             32  com.fasterxml.jackson.databind.ObjectWriter$GeneratorSettings
3387:             1             32  com.fasterxml.jackson.databind.cfg.DatatypeFeatures
3388:             1             32  com.fasterxml.jackson.databind.deser.std.JsonNodeDeserializer
3389:             1             32  com.fasterxml.jackson.databind.introspect.DefaultAccessorNamingStrategy$Provider
3390:             2             32  com.fasterxml.jackson.databind.ser.impl.PropertySerializerMap$Empty
3391:             1             32  com.fasterxml.jackson.databind.ser.std.CalendarSerializer
3392:             1             32  com.fasterxml.jackson.databind.ser.std.DateSerializer
3393:             1             32  com.fasterxml.jackson.databind.ser.std.NumberSerializers$FloatSerializer
3394:             1             32  com.fasterxml.jackson.databind.ser.std.NumberSerializers$IntLikeSerializer
3395:             1             32  com.fasterxml.jackson.databind.ser.std.NumberSerializers$ShortSerializer
3396:             1             32  com.fasterxml.jackson.datatype.jsr310.deser.DurationDeserializer
3397:             1             32  com.fasterxml.jackson.datatype.jsr310.deser.MonthDayDeserializer
3398:             1             32  com.fasterxml.jackson.datatype.jsr310.deser.YearDeserializer
3399:             1             32  com.fasterxml.jackson.datatype.jsr310.deser.YearMonthDeserializer
3400:             1             32  com.flashchat.aggregation.AggregationServiceApplication$$SpringCGLIB$$0
3401:             1             32  com.flashchat.cache.config.LocalCacheManager
3402:             1             32  com.flashchat.cache.config.RedisDistributedProperties$LocalCacheProperties
3403:             1             32  com.flashchat.chatservice.ChatServiceApplication$$SpringCGLIB$$0
3404:             1             32  com.flashchat.chatservice.audit.hander.SensitiveWordAuditHandler
3405:             1             32  com.flashchat.chatservice.config.AsyncConfiguration$$SpringCGLIB$$0
3406:             1             32  com.flashchat.chatservice.config.DataBaseConfiguration$$SpringCGLIB$$0
3407:             1             32  com.flashchat.chatservice.config.FlashChatPropertiesConfig$$SpringCGLIB$$0
3408:             1             32  com.flashchat.chatservice.config.RBloomFilterConfiguration$$SpringCGLIB$$0
3409:             1             32  com.flashchat.chatservice.config.RoomDelayQueueConfiguration$$SpringCGLIB$$0
3410:             1             32  com.flashchat.chatservice.config.WebSocketThreadPoolConfig$$SpringCGLIB$$0
3411:             1             32  com.flashchat.chatservice.delay.consumer.RoomDelayConsumer
3412:             1             32  com.flashchat.chatservice.ratelimit.RateLimitProperties
3413:             1             32  com.flashchat.chatservice.service.dispatch.RoomSerialLock
3414:             1             32  com.flashchat.chatservice.service.impl.MessagePersistServiceImpl
3415:             1             32  com.flashchat.chatservice.service.impl.SystemMessageServiceImpl
3416:             1             32  com.flashchat.chatservice.service.impl.UnreadServiceImpl
3417:             1             32  com.flashchat.chatservice.stream.MessageStreamConsumer
3418:             1             32  com.flashchat.gameservice.GameServiceApplication$$SpringCGLIB$$0
3419:             1             32  com.flashchat.gameservice.config.GamePropertiesConfig$$SpringCGLIB$$0
3420:             1             32  com.flashchat.gameservice.service.impl.GameDescriptionServiceImpl
3421:             1             32  com.flashchat.gameservice.service.impl.GamePersistServiceImpl
3422:             1             32  com.flashchat.gameservice.service.impl.GamePlayerServiceImpl
3423:             1             32  com.flashchat.gameservice.service.impl.GameRoundServiceImpl
3424:             1             32  com.flashchat.gameservice.service.impl.GameVoteServiceImpl
3425:             1             32  com.flashchat.userservice.UserServiceApplication$$SpringCGLIB$$0
3426:             1             32  com.flashchat.userservice.config.SecurityConfiguration$$SpringCGLIB$$0
3427:             1             32  com.flashchat.userservice.controller.AccountController
3428:             1             32  com.github.benmanes.caffeine.cache.NodeFactory$DeadWeakKey
3429:             1             32  com.github.benmanes.caffeine.cache.NodeFactory$RetiredWeakKey
3430:             1             32  com.sun.beans.finder.BeanInfoFinder (java.desktop@25)
3431:             1             32  com.sun.beans.introspect.ClassInfo (java.desktop@25)
3432:             1             32  com.sun.beans.util.Cache$CacheEntry (java.desktop@25)
3433:             1             32  com.sun.jmx.mbeanserver.Repository (java.management@25)
3434:             2             32  com.sun.org.apache.xerces.internal.impl.dv.dtd.ENTITYDatatypeValidator (java.xml@25)
3435:             2             32  com.sun.proxy.jdk.proxy1.$Proxy158 (jdk.proxy1)
3436:             2             32  com.sun.xml.internal.stream.StaxEntityResolverWrapper (java.xml@25)
3437:             1             32  com.zaxxer.hikari.pool.HikariPool$HouseKeeper
3438:             1             32  com.zaxxer.hikari.pool.ProxyLeakTask$1
3439:             2             32  io.lettuce.core.event.DefaultEventPublisherOptions
3440:             1             32  io.lettuce.core.metrics.DefaultCommandLatencyCollectorOptions
3441:             1             32  io.lettuce.core.metrics.MicrometerCommandLatencyRecorder
3442:             1             32  io.lettuce.core.tracing.NoOpTracing
3443:             2             32  io.micrometer.core.instrument.MeterRegistry$Config
3444:             2             32  io.micrometer.core.instrument.MeterRegistry$More
3445:             1             32  io.micrometer.core.instrument.binder.system.FileDescriptorMetrics
3446:             1             32  io.micrometer.core.instrument.binder.tomcat.TomcatMetrics
3447:             2             32  io.micrometer.core.instrument.distribution.pause.NoPauseDetector
3448:             1             32  io.micrometer.observation.NoopObservationConfig
3449:             2             32  io.micrometer.observation.SimpleObservationRegistry
3450:             2             32  io.netty.bootstrap.Bootstrap$ExternalAddressResolver
3451:             1             32  io.netty.buffer.ByteBufInputStream
3452:             1             32  io.netty.buffer.ByteBufOutputStream
3453:             2             32  io.netty.handler.codec.DecoderResult
3454:             2             32  io.netty.handler.codec.http.cookie.ClientCookieEncoder
3455:             1             32  io.netty.handler.codec.http2.Http2StreamFrameToHttpObjectCodec
3456:             1             32  io.netty.handler.logging.LoggingHandler
3457:             1             32  io.netty.util.concurrent.DefaultEventExecutorGroup
3458:             2             32  io.netty.util.concurrent.FastThreadLocal
3459:             2             32  io.netty.util.internal.logging.Slf4JLoggerFactory
3460:             1             32  io.prometheus.metrics.config.ExporterFilterProperties
3461:             2             32  io.prometheus.metrics.expositionformats.OpenMetricsTextFormatWriter
3462:             2             32  io.prometheus.metrics.expositionformats.PrometheusProtobufWriter
3463:             2             32  io.prometheus.metrics.expositionformats.PrometheusTextFormatWriter
3464:             1             32  java.beans.ThreadGroupContext (java.desktop@25)
3465:             1             32  java.beans.ThreadGroupContext$1 (java.desktop@25)
3466:             1             32  java.io.ByteArrayInputStream (java.base@25)
3467:             1             32  java.io.FileOutputStream (java.base@25)
3468:             2             32  java.lang.Boolean (java.base@25)
3469:             1             32  java.lang.Module$ArchivedData (java.base@25)
3470:             1             32  java.lang.ProcessHandleImpl (java.base@25)
3471:             2             32  java.lang.Shutdown$Lock (java.base@25)
3472:             1             32  java.lang.invoke.SimpleMethodHandle (java.base@25)
3473:             2             32  java.lang.ref.Cleaner (java.base@25)
3474:             1             32  java.net.InetAddress$CachedLocalHost (java.base@25)
3475:             2             32  java.nio.ByteOrder (java.base@25)
3476:             2             32  java.nio.file.attribute.PosixFilePermissions$1 (java.base@25)
3477:             1             32  java.text.DontCareFieldPosition (java.base@25)
3478:             2             32  java.time.format.DateTimeFormatterBuilder$1 (java.base@25)
3479:             2             32  java.util.AbstractMap$1 (java.base@25)
3480:             2             32  java.util.IdentityHashMap$Values (java.base@25)
3481:             2             32  java.util.ResourceBundle$SingleFormatControl (java.base@25)
3482:             1             32  java.util.ServiceLoader$ModuleServicesLookupIterator (java.base@25)
3483:             2             32  java.util.concurrent.Semaphore (java.base@25)
3484:             1             32  java.util.concurrent.ThreadLocalRandom (java.base@25)
3485:             1             32  java.util.regex.Pattern$BnM (java.base@25)
3486:             2             32  javax.naming.CompositeName (java.naming@25)
3487:             1             32  jdk.internal.loader.ArchivedClassLoaders (java.base@25)
3488:             1             32  jdk.internal.loader.URLClassPath$JarLoader (java.base@25)
3489:             2             32  jdk.internal.math.DoubleToDecimal (java.base@25)
3490:             2             32  jdk.internal.module.ModuleTarget (java.base@25)
3491:             2             32  jdk.internal.reflect.ReflectionFactory$Config (java.base@25)
3492:             2             32  jdk.internal.util.ReferencedKeySet (java.base@25)
3493:             1             32  jdk.net.ExtendedSocketOptions$1 (jdk.net@25)
3494:             2             32  jdk.proxy2.$Proxy105 (jdk.proxy2)
3495:             2             32  jdk.proxy2.$Proxy114 (jdk.proxy2)
3496:             2             32  jdk.proxy2.$Proxy120 (jdk.proxy2)
3497:             2             32  jdk.proxy2.$Proxy127 (jdk.proxy2)
3498:             2             32  jdk.proxy2.$Proxy142 (jdk.proxy2)
3499:             2             32  jdk.proxy2.$Proxy15 (jdk.proxy2)
3500:             2             32  jdk.proxy2.$Proxy155 (jdk.proxy2)
3501:             2             32  jdk.proxy2.$Proxy164 (jdk.proxy2)
3502:             2             32  jdk.proxy2.$Proxy23 (jdk.proxy2)
3503:             2             32  jdk.proxy2.$Proxy31 (jdk.proxy2)
3504:             2             32  jdk.proxy2.$Proxy50 (jdk.proxy2)
3505:             2             32  jdk.proxy2.$Proxy59 (jdk.proxy2)
3506:             2             32  jdk.proxy2.$Proxy62 (jdk.proxy2)
3507:             2             32  jdk.proxy2.$Proxy65 (jdk.proxy2)
3508:             2             32  jdk.proxy2.$Proxy75 (jdk.proxy2)
3509:             2             32  jdk.proxy2.$Proxy81 (jdk.proxy2)
3510:             2             32  jdk.proxy2.$Proxy86 (jdk.proxy2)
3511:             2             32  jdk.proxy2.$Proxy88 (jdk.proxy2)
3512:             1             32  jdk.xml.internal.JdkXmlConfig (java.xml@25)
3513:             1             32  org.apache.catalina.authenticator.jaspic.AuthConfigFactoryImpl
3514:             1             32  org.apache.catalina.mapper.Mapper
3515:             1             32  org.apache.catalina.mapper.Mapper$MappedHost
3516:             1             32  org.apache.coyote.AbstractProtocol$ConnectionHandler
3517:             1             32  org.apache.coyote.CompressionConfig
3518:             2             32  org.apache.ibatis.ognl.OgnlRuntime$ClassPropertyMethodCache
3519:             1             32  org.apache.ibatis.reflection.MetaObject
3520:             2             32  org.apache.ibatis.reflection.factory.DefaultObjectFactory
3521:             2             32  org.apache.ibatis.reflection.wrapper.DefaultObjectWrapperFactory
3522:             1             32  org.apache.ibatis.type.TypeHandlerRegistry
3523:             1             32  org.apache.ibatis.type.UnknownTypeHandler
3524:             1             32  org.apache.tomcat.util.collections.ManagedConcurrentWeakHashMap
3525:             1             32  org.apache.tomcat.util.collections.SynchronizedQueue
3526:             1             32  org.apache.tomcat.util.descriptor.web.ErrorPage
3527:             1             32  org.apache.tomcat.util.descriptor.web.LoginConfig
3528:             1             32  org.apache.tomcat.util.net.Acceptor
3529:             1             32  org.apache.tomcat.util.net.NioChannel
3530:             1             32  org.apache.tomcat.util.net.NioChannel$1
3531:             1             32  org.apache.tomcat.util.scan.StandardJarScanner
3532:             1             32  org.apache.tomcat.util.threads.LimitLatch
3533:             1             32  org.apache.tomcat.util.threads.LimitLatch$Sync
3534:             1             32  org.apache.tomcat.websocket.server.WsWriteTimeout
3535:             2             32  org.hibernate.validator.internal.constraintvalidators.bv.NotBlankValidator
3536:             1             32  org.hibernate.validator.internal.engine.ConstraintCreationContext
3537:             1             32  org.hibernate.validator.internal.engine.ValidatorFactoryImpl$BeanMetaDataManagerKey
3538:             1             32  org.hibernate.validator.internal.engine.constraintvalidation.HibernateConstraintValidatorInitializationContextImpl
3539:             1             32  org.hibernate.validator.internal.engine.scripting.DefaultScriptEvaluatorFactory
3540:             1             32  org.hibernate.validator.internal.engine.valueextraction.ValueExtractorResolver
3541:             1             32  org.hibernate.validator.internal.metadata.aggregated.FieldCascadable
3542:             1             32  org.hibernate.validator.internal.metadata.provider.AnnotationMetaDataProvider
3543:             1             32  org.hibernate.validator.internal.metadata.raw.BeanConfiguration
3544:             1             32  org.hibernate.validator.internal.properties.javabean.JavaBeanConstructor
3545:             1             32  org.mybatis.spring.SqlSessionTemplate
3546:             2             32  org.objenesis.strategy.StdInstantiatorStrategy
3547:             1             32  org.redisson.RedissonBlockingQueue
3548:             1             32  org.redisson.client.codec.DoubleCodec
3549:             1             32  org.redisson.client.codec.LongCodec
3550:             1             32  org.redisson.client.handler.RedisPubSubConnectionHandler
3551:             2             32  org.redisson.client.protocol.convertor.TrueReplayConvertor
3552:             2             32  org.redisson.client.protocol.decoder.ClusterNodesDecoder
3553:             2             32  org.redisson.client.protocol.decoder.ObjectMapEntryReplayDecoder
3554:             2             32  org.redisson.client.protocol.decoder.ObjectMapReplayDecoder2
3555:             2             32  org.redisson.client.protocol.decoder.RankedEntryDecoder
3556:             2             32  org.redisson.client.protocol.decoder.RedisURIDecoder
3557:             2             32  org.redisson.client.protocol.decoder.ScoredSortedSetPolledObjectDecoder
3558:             2             32  org.redisson.client.protocol.decoder.StringDataDecoder
3559:             2             32  org.redisson.client.protocol.decoder.StringListListReplayDecoder
3560:             2             32  org.redisson.client.protocol.decoder.StringMapReplayDecoder
3561:             2             32  org.redisson.client.protocol.decoder.TimeLongObjectDecoder
3562:             2             32  org.redisson.codec.Kryo5Codec$SimpleInstantiatorStrategy
3563:             1             32  org.redisson.command.RedisExecutor$$Lambda/0x0000000012654a38
3564:             2             32  org.redisson.command.RedisExecutor$$Lambda/0x0000000012655d28
3565:             2             32  org.redisson.command.RedisExecutor$$Lambda/0x00000000126578f8
3566:             1             32  org.redisson.connection.pool.MasterConnectionPool
3567:             1             32  org.redisson.connection.pool.MasterPubSubConnectionPool
3568:             1             32  org.redisson.connection.pool.PubSubConnectionPool
3569:             1             32  org.redisson.connection.pool.SlaveConnectionPool
3570:             1             32  org.redisson.liveobject.core.RedissonObjectBuilder
3571:             1             32  org.redisson.misc.RandomXoshiro256PlusPlus
3572:             2             32  org.redisson.spring.data.connection.GeoResultsDecoder
3573:             2             32  org.redisson.spring.data.connection.ObjectMapEntryReplayDecoder
3574:             2             32  org.redisson.spring.data.connection.PointDecoder
3575:             2             32  org.redisson.spring.data.connection.PropertiesListDecoder
3576:             2             32  org.redisson.spring.data.connection.ScoredSortedListReplayDecoder
3577:             2             32  org.redisson.spring.data.connection.ScoredSortedSingleBlockingReplayDecoder
3578:             2             32  org.redisson.spring.data.connection.SingleMapEntryDecoder
3579:             1             32  org.redisson.spring.starter.RedissonAutoConfigurationV2
3580:             2             32  org.slf4j.helpers.ThreadLocalMapOfStacks
3581:             1             32  org.springframework.aop.support.MethodMatchers$ClassFilterAwareUnionMethodMatcher
3582:             1             32  org.springframework.beans.factory.support.AbstractBeanFactory$BeanPostProcessorCache
3583:             1             32  org.springframework.beans.factory.support.BeanDefinitionDefaults
3584:             2             32  org.springframework.beans.factory.support.NullBean
3585:             1             32  org.springframework.boot.DefaultApplicationArguments$Source
3586:             2             32  org.springframework.boot.LazyInitializationExcludeFilter$$Lambda/0x00000000127671a0
3587:             1             32  org.springframework.boot.actuate.autoconfigure.endpoint.jmx.DefaultEndpointObjectNameFactory
3588:             1             32  org.springframework.boot.actuate.autoconfigure.endpoint.web.WebEndpointProperties
3589:             1             32  org.springframework.boot.actuate.autoconfigure.health.AutoConfiguredHealthContributorRegistry
3590:             1             32  org.springframework.boot.actuate.autoconfigure.health.AutoConfiguredReactiveHealthContributorRegistry
3591:             2             32  org.springframework.boot.actuate.autoconfigure.metrics.export.OnMetricsExportEnabledCondition
3592:             1             32  org.springframework.boot.actuate.autoconfigure.metrics.export.prometheus.PrometheusProperties
3593:             1             32  org.springframework.boot.actuate.autoconfigure.observation.ObservationProperties
3594:             1             32  org.springframework.boot.actuate.autoconfigure.web.server.ManagementContextAutoConfiguration$SameManagementContextConfiguration$1
3595:             1             32  org.springframework.boot.actuate.autoconfigure.web.server.ManagementServerProperties
3596:             1             32  org.springframework.boot.actuate.context.properties.ConfigurationPropertiesReportEndpoint
3597:             2             32  org.springframework.boot.actuate.endpoint.Sanitizer
3598:             1             32  org.springframework.boot.actuate.endpoint.jmx.EndpointMBean
3599:             1             32  org.springframework.boot.actuate.endpoint.jmx.annotation.JmxEndpointDiscoverer
3600:             2             32  org.springframework.boot.actuate.endpoint.web.WebServerNamespace
3601:             2             32  org.springframework.boot.actuate.health.SimpleStatusAggregator$StatusComparator
3602:             1             32  org.springframework.boot.actuate.jdbc.DataSourceHealthIndicator
3603:             1             32  org.springframework.boot.actuate.management.HeapDumpWebEndpoint
3604:             1             32  org.springframework.boot.actuate.metrics.data.MetricsRepositoryMethodInvocationListener
3605:             1             32  org.springframework.boot.actuate.metrics.export.prometheus.PrometheusOutputFormat$1
3606:             1             32  org.springframework.boot.actuate.metrics.export.prometheus.PrometheusOutputFormat$2
3607:             1             32  org.springframework.boot.actuate.metrics.export.prometheus.PrometheusOutputFormat$3
3608:             1             32  org.springframework.boot.actuate.metrics.startup.StartupTimeMetricsListener
3609:             2             32  org.springframework.boot.actuate.metrics.startup.StartupTimeMetricsListener$$Lambda/0x00000000127a0910
3610:             1             32  org.springframework.boot.actuate.system.DiskSpaceHealthIndicator
3611:             1             32  org.springframework.boot.autoconfigure.condition.ConditionEvaluationReport
3612:             2             32  org.springframework.boot.autoconfigure.condition.OnResourceCondition
3613:             1             32  org.springframework.boot.autoconfigure.jmx.JmxProperties
3614:             1             32  org.springframework.boot.autoconfigure.jmx.ParentAwareNamingStrategy
3615:             1             32  org.springframework.boot.autoconfigure.task.TaskExecutionProperties
3616:             1             32  org.springframework.boot.autoconfigure.task.TaskSchedulingProperties
3617:             1             32  org.springframework.boot.autoconfigure.web.ServerProperties$Undertow$Accesslog
3618:             1             32  org.springframework.boot.autoconfigure.web.WebProperties$Resources
3619:             1             32  org.springframework.boot.autoconfigure.web.format.WebConversionService
3620:             1             32  org.springframework.boot.autoconfigure.web.servlet.MultipartProperties
3621:             1             32  org.springframework.boot.autoconfigure.web.servlet.ServletWebServerFactoryCustomizer
3622:             1             32  org.springframework.boot.autoconfigure.web.servlet.error.DefaultErrorViewResolver
3623:             1             32  org.springframework.boot.cloud.CloudPlatform$7
3624:             2             32  org.springframework.boot.context.config.ConfigData$AlwaysPropertySourceOptions
3625:             2             32  org.springframework.boot.context.properties.bind.BindConverter
3626:             1             32  org.springframework.boot.context.properties.bind.Binder
3627:             2             32  org.springframework.boot.convert.CharArrayFormatter
3628:             1             32  org.springframework.boot.convert.DurationStyle$1
3629:             1             32  org.springframework.boot.convert.DurationStyle$2
3630:             2             32  org.springframework.boot.convert.DurationToNumberConverter
3631:             2             32  org.springframework.boot.convert.DurationToStringConverter
3632:             2             32  org.springframework.boot.convert.InetAddressFormatter
3633:             2             32  org.springframework.boot.convert.InputStreamSourceToByteArrayConverter
3634:             2             32  org.springframework.boot.convert.IsoOffsetFormatter
3635:             2             32  org.springframework.boot.convert.LenientBooleanToEnumConverterFactory
3636:             2             32  org.springframework.boot.convert.LenientStringToEnumConverterFactory
3637:             2             32  org.springframework.boot.convert.NumberToDataSizeConverter
3638:             2             32  org.springframework.boot.convert.NumberToDurationConverter
3639:             2             32  org.springframework.boot.convert.NumberToPeriodConverter
3640:             2             32  org.springframework.boot.convert.PeriodToStringConverter
3641:             2             32  org.springframework.boot.convert.StringToFileConverter
3642:             1             32  org.springframework.boot.env.SystemEnvironmentPropertySourceEnvironmentPostProcessor$OriginAwareSystemEnvironmentPropertySource
3643:             2             32  org.springframework.boot.jdbc.metadata.CompositeDataSourcePoolMetadataProvider
3644:             2             32  org.springframework.boot.loader.net.protocol.nested.Handler
3645:             1             32  org.springframework.boot.logging.logback.ApplicationNameConverter
3646:             1             32  org.springframework.boot.logging.logback.LogbackLoggingSystem$1
3647:             1             32  org.springframework.boot.task.SimpleAsyncTaskSchedulerBuilder
3648:             1             32  org.springframework.boot.task.TaskSchedulerBuilder
3649:             1             32  org.springframework.boot.task.ThreadPoolTaskSchedulerBuilder
3650:             1             32  org.springframework.boot.web.embedded.tomcat.TomcatWebServer
3651:             1             32  org.springframework.boot.web.server.Compression
3652:             2             32  org.springframework.boot.web.server.MimeMappings
3653:             1             32  org.springframework.boot.web.servlet.context.ApplicationServletEnvironment
3654:             1             32  org.springframework.boot.web.servlet.server.Encoding
3655:             1             32  org.springframework.cglib.core.AbstractClassGenerator$ClassLoaderData
3656:             2             32  org.springframework.cglib.core.AbstractClassGenerator$Source
3657:             2             32  org.springframework.cglib.proxy.DispatcherGenerator
3658:             1             32  org.springframework.context.annotation.AnnotatedBeanDefinitionReader
3659:             2             32  org.springframework.context.annotation.ConditionEvaluator
3660:             1             32  org.springframework.context.annotation.ConfigurationClassParser$ImportStack
3661:             1             32  org.springframework.context.event.EventExpressionEvaluator
3662:             2             32  org.springframework.context.expression.BeanExpressionContextAccessor
3663:             2             32  org.springframework.context.expression.BeanFactoryAccessor
3664:             2             32  org.springframework.context.expression.EnvironmentAccessor
3665:             2             32  org.springframework.context.expression.MapAccessor
3666:             2             32  org.springframework.context.expression.StandardBeanExpressionResolver$$Lambda/0x00000000121ac748
3667:             1             32  org.springframework.context.support.DelegatingMessageSource
3668:             1             32  org.springframework.context.support.PropertySourcesPlaceholderConfigurer$1
3669:             2             32  org.springframework.core.annotation.MergedAnnotationPredicates$$Lambda/0x0000000012703490
3670:             1             32  org.springframework.core.annotation.TypeMappedAnnotations$Aggregate
3671:             2             32  org.springframework.core.convert.support.GenericConversionService$NoOpConverter
3672:             2             32  org.springframework.core.env.MutablePropertySources
3673:             1             32  org.springframework.core.env.SimpleCommandLinePropertySource
3674:             1             32  org.springframework.core.io.FileUrlResource
3675:             2             32  org.springframework.data.convert.DefaultTypeMapper$$Lambda/0x0000000012548b50
3676:             2             32  org.springframework.data.domain.ManagedTypes$$Lambda/0x0000000012542550
3677:             1             32  org.springframework.data.keyvalue.core.DefaultIdentifierGenerator
3678:             2             32  org.springframework.data.redis.connection.DefaultStringRedisConnection$TupleConverter
3679:             2             32  org.springframework.data.redis.connection.convert.MapConverter
3680:             1             32  org.springframework.data.redis.core.DefaultStreamOperations$5
3681:             2             32  org.springframework.data.redis.core.convert.BinaryConverters$StringToBytesConverter
3682:             2             32  org.springframework.data.redis.core.convert.KeyspaceConfiguration
3683:             1             32  org.springframework.data.redis.core.convert.PathIndexResolver
3684:             2             32  org.springframework.data.redis.core.index.IndexConfiguration
3685:             2             32  org.springframework.data.redis.core.mapping.RedisMappingContext$ConfigAwareKeySpaceResolver
3686:             1             32  org.springframework.data.redis.serializer.GenericJackson2JsonRedisSerializer
3687:             1             32  org.springframework.data.repository.support.DomainClassConverter
3688:             2             32  org.springframework.data.util.CustomCollections$SearchableTypes
3689:             2             32  org.springframework.expression.spel.support.StandardTypeConverter
3690:             2             32  org.springframework.http.client.observation.DefaultClientRequestObservationConvention
3691:             1             32  org.springframework.http.client.reactive.ReactorClientHttpConnector
3692:             2             32  org.springframework.http.codec.multipart.DefaultPartHttpMessageReader$$Lambda/0x00000000126c3050
3693:             2             32  org.springframework.http.codec.protobuf.ProtobufEncoder
3694:             2             32  org.springframework.http.codec.support.BaseCodecConfigurer$$Lambda/0x00000000126caea0
3695:             2             32  org.springframework.http.codec.support.BaseDefaultCodecs$$Lambda/0x00000000126c9bd8
3696:             2             32  org.springframework.http.server.PathContainer$Options
3697:             2             32  org.springframework.http.server.observation.DefaultServerRequestObservationConvention
3698:             1             32  org.springframework.jmx.export.assembler.MetadataMBeanInfoAssembler
3699:             2             32  org.springframework.objenesis.strategy.StdInstantiatorStrategy
3700:             1             32  org.springframework.scheduling.config.TaskSchedulerRouter
3701:             1             32  org.springframework.scheduling.support.SimpleTriggerContext
3702:             1             32  org.springframework.security.crypto.bcrypt.BCryptPasswordEncoder
3703:             1             32  org.springframework.transaction.annotation.AnnotationTransactionAttributeSource
3704:             1             32  org.springframework.util.UnmodifiableMultiValueMap
3705:             1             32  org.springframework.util.backoff.FixedBackOff
3706:             2             32  org.springframework.validation.beanvalidation.MethodValidationAdapter$$Lambda/0x00000000123208e0
3707:             2             32  org.springframework.web.method.annotation.RequestParamMapMethodArgumentResolver
3708:             2             32  org.springframework.web.method.support.HandlerMethodReturnValueHandlerComposite
3709:             2             32  org.springframework.web.reactive.function.client.DefaultClientRequestObservationConvention
3710:             1             32  org.springframework.web.servlet.config.annotation.AsyncSupportConfigurer
3711:             2             32  org.springframework.web.servlet.mvc.condition.HeadersRequestCondition
3712:             1             32  org.springframework.web.servlet.mvc.condition.PatternsRequestCondition
3713:             2             32  org.springframework.web.servlet.mvc.method.annotation.JsonViewResponseBodyAdvice
3714:             2             32  org.springframework.web.servlet.mvc.method.annotation.MatrixVariableMapMethodArgumentResolver
3715:             2             32  org.springframework.web.servlet.mvc.method.annotation.ModelAndViewMethodReturnValueHandler
3716:             2             32  org.springframework.web.servlet.mvc.method.annotation.PathVariableMapMethodArgumentResolver
3717:             2             32  org.springframework.web.servlet.mvc.method.annotation.RedirectAttributesMethodArgumentResolver
3718:             1             32  org.springframework.web.servlet.mvc.method.annotation.ServletCookieValueMethodArgumentResolver
3719:             2             32  org.springframework.web.servlet.mvc.method.annotation.ViewMethodReturnValueHandler
3720:             2             32  org.springframework.web.servlet.mvc.method.annotation.ViewNameMethodReturnValueHandler
3721:             1             32  org.springframework.web.servlet.view.BeanNameViewResolver
3722:             1             32  org.springframework.web.servlet.view.DefaultRequestToViewNameTranslator
3723:             1             32  org.springframework.web.util.DefaultUriBuilderFactory
3724:             2             32  reactor.core.publisher.MonoCallable
3725:             1             32  reactor.core.publisher.SinkManySerialized
3726:             2             32  reactor.core.publisher.SinksSpecs$UnicastSpecImpl
3727:             1             32  reactor.core.scheduler.BoundedElasticScheduler$BoundedServices$1
3728:             1             32  reactor.core.scheduler.ReactorThreadFactory
3729:             1             32  reactor.netty.http.HttpResources
3730:             1             32  sun.management.MappedMXBeanType$InProgress (java.management@25)
3731:             2             32  sun.net.www.protocol.file.Handler (java.base@25)
3732:             2             32  sun.net.www.protocol.jrt.Handler (java.base@25)
3733:             1             32  sun.nio.ch.NativeThreadSet (java.base@25)
3734:             1             32  sun.nio.cs.ext.ExtendedCharsets (jdk.charsets@25)
3735:             1             24  [Lch.qos.logback.core.joran.spi.ConsoleTarget;
3736:             1             24  [Lch.qos.logback.core.rolling.SizeAndTimeBasedFileNamingAndTriggeringPolicy$Usage;
3737:             1             24  [Lch.qos.logback.core.subst.Node$Type;
3738:             1             24  [Lcom.baomidou.mybatisplus.core.enums.WrapperKeyword;
3739:             1             24  [Lcom.fasterxml.jackson.core.StreamWriteCapability;
3740:             1             24  [Lcom.fasterxml.jackson.databind.AnnotationIntrospector$ReferenceProperty$Type;
3741:             1             24  [Lcom.flashchat.chatservice.dao.enums.RoomMemberMuteStatusEnum;
3742:             1             24  [Lcom.flashchat.chatservice.dao.enums.RoomMemberRoleEnum;
3743:             1             24  [Lcom.flashchat.chatservice.service.persist.PersistResult$PersistMode;
3744:             1             24  [Lcom.flashchat.userservice.dao.enums.AccountStatusEnum;
3745:             1             24  [Lcom.github.benmanes.caffeine.cache.DisabledScheduler;
3746:             1             24  [Lcom.github.benmanes.caffeine.cache.SingletonWeigher;
3747:             1             24  [Lcom.github.benmanes.caffeine.cache.SystemTicker;
3748:             1             24  [Lcom.mysql.cj.conf.PropertyDefinitions$DatabaseTerm;
3749:             1             24  [Lcom.mysql.cj.protocol.Resultset$Concurrency;
3750:             1             24  [Lcom.mysql.cj.protocol.a.NativeConstants$StringLengthDataType;
3751:             1             24  [Lio.lettuce.core.event.jfr.NoOpEventRecorder;
3752:             1             24  [Lio.lettuce.core.resource.DefaultNettyCustomizer;
3753:             1             24  [Lio.lettuce.core.resource.DefaultThreadFactoryProvider;
3754:             1             24  [Lio.lettuce.core.resource.DnsResolvers;
3755:             1             24  [Lio.lettuce.core.resource.UnavailableResources;
3756:             1             24  [Lio.lettuce.core.tracing.NoOpTracing;
3757:             1             24  [Lio.micrometer.core.instrument.config.validate.InvalidReason;
3758:             1             24  [Lio.netty.buffer.PoolArena$SizeClass;
3759:             1             24  [Lio.netty.handler.codec.http.websocketx.WebSocketServerProtocolHandler$ServerHandshakeStateEvent;
3760:             1             24  [Lio.netty.handler.logging.ByteBufFormat;
3761:             1             24  [Lio.netty.resolver.dns.DnsNameResolverChannelStrategy;
3762:             1             24  [Ljava.io.File$PathStatus; (java.base@25)
3763:             1             24  [Ljava.lang.StackWalker$ExtendedOption; (java.base@25)
3764:             1             24  [Ljava.lang.management.MemoryType; (java.management@25)
3765:             1             24  [Ljava.net.InetSocketAddress; (java.base@25)
3766:             1             24  [Ljava.net.SocketAddress; (java.base@25)
3767:             1             24  [Ljava.nio.charset.spi.CharsetProvider; (java.base@25)
3768:             1             24  [Ljava.security.Security$SecPropLoader$LoadingMode; (java.base@25)
3769:             1             24  [Ljava.time.temporal.IsoFields$Unit; (java.base@25)
3770:             1             24  [Ljava.util.Comparators$NaturalOrderComparator; (java.base@25)
3771:             1             24  [Ljava.util.Locale$Category; (java.base@25)
3772:             1             24  [Ljava.util.jar.Manifest; (java.base@25)
3773:             1             24  [Lorg.apache.catalina.Service;
3774:             1             24  [Lorg.apache.catalina.WebResource;
3775:             1             24  [Lorg.apache.catalina.connector.Connector;
3776:             1             24  [Lorg.apache.catalina.mapper.Mapper$ContextVersion;
3777:             1             24  [Lorg.apache.catalina.mapper.Mapper$MappedContext;
3778:             1             24  [Lorg.apache.catalina.mapper.Mapper$MappedHost;
3779:             1             24  [Lorg.apache.ibatis.executor.ExecutionPlaceholder;
3780:             1             24  [Lorg.apache.ibatis.ognl.internal.entry.DeclaredMethodCacheEntry$MethodType;
3781:             1             24  [Lorg.apache.ibatis.plugin.Interceptor;
3782:             1             24  [Lorg.apache.ibatis.session.LocalCacheScope;
3783:             1             24  [Lorg.apache.tomcat.util.buf.UEncoder$SafeCharsSet;
3784:             1             24  [Lorg.apache.tomcat.util.http.CookiesWithoutEquals;
3785:             1             24  [Lorg.hibernate.validator.internal.metadata.core.ConstraintOrigin;
3786:             1             24  [Lorg.hibernate.validator.internal.metadata.descriptor.ConstraintDescriptorImpl$ConstraintType;
3787:             1             24  [Lorg.redisson.client.handler.RedisChannelInitializer$Type;
3788:             1             24  [Lorg.redisson.config.Protocol;
3789:             1             24  [Lorg.redisson.config.SslProvider;
3790:             1             24  [Lorg.redisson.config.SubscriptionMode;
3791:             1             24  [Lorg.redisson.connection.ConnectionEventsHub$Status;
3792:             1             24  [Lorg.redisson.connection.NodeSource$Redirect;
3793:             1             24  [Lorg.slf4j.helpers.Reporter$TargetChoice;
3794:             1             24  [Lorg.springframework.boot.BootstrapRegistry$Scope;
3795:             1             24  [Lorg.springframework.boot.actuate.autoconfigure.metrics.export.prometheus.PrometheusProperties$HistogramFlavor;
3796:             1             24  [Lorg.springframework.boot.actuate.info.InfoPropertiesInfoContributor$Mode;
3797:             1             24  [Lorg.springframework.boot.autoconfigure.condition.ConditionMessage$Style;
3798:             1             24  [Lorg.springframework.boot.autoconfigure.condition.FilteringSpringBootCondition$ClassNameFilter;
3799:             1             24  [Lorg.springframework.boot.autoconfigure.reactor.ReactorProperties$ContextPropagationMode;
3800:             1             24  [Lorg.springframework.boot.autoconfigure.web.ServerProperties$Jetty$Accesslog$FORMAT;
3801:             1             24  [Lorg.springframework.boot.autoconfigure.web.WebProperties$LocaleResolver;
3802:             1             24  [Lorg.springframework.boot.autoconfigure.web.servlet.WebMvcProperties$MatchingStrategy;
3803:             1             24  [Lorg.springframework.boot.availability.LivenessState;
3804:             1             24  [Lorg.springframework.boot.availability.ReadinessState;
3805:             1             24  [Lorg.springframework.boot.context.ConfigurationWarningsApplicationContextInitializer$Check;
3806:             1             24  [Lorg.springframework.boot.context.config.ConfigDataEnvironmentContributor$ImportPhase;
3807:             1             24  [Lorg.springframework.boot.context.config.ConfigDataNotFoundAction;
3808:             1             24  [Lorg.springframework.boot.context.config.LocationResourceLoader$ResourceType;
3809:             1             24  [Lorg.springframework.boot.context.config.Profiles$Type;
3810:             1             24  [Lorg.springframework.boot.context.properties.bind.BindMethod;
3811:             1             24  [Lorg.springframework.boot.convert.DurationStyle;
3812:             1             24  [Lorg.springframework.boot.web.server.Shutdown;
3813:             1             24  [Lorg.springframework.boot.web.servlet.server.Encoding$Type;
3814:             1             24  [Lorg.springframework.context.annotation.ConfigurationCondition$ConfigurationPhase;
3815:             1             24  [Lorg.springframework.core.NativeDetector$Context;
3816:             1             24  [Lorg.springframework.core.ResolvableType$WildcardBounds$Kind;
3817:             1             24  [Lorg.springframework.core.annotation.IntrospectionFailureLogger;
3818:             1             24  [Lorg.springframework.data.convert.Jsr310Converters$DateToInstantConverter;
3819:             1             24  [Lorg.springframework.data.convert.Jsr310Converters$DateToLocalDateConverter;
3820:             1             24  [Lorg.springframework.data.convert.Jsr310Converters$DateToLocalDateTimeConverter;
3821:             1             24  [Lorg.springframework.data.convert.Jsr310Converters$DateToLocalTimeConverter;
3822:             1             24  [Lorg.springframework.data.convert.Jsr310Converters$DurationToStringConverter;
3823:             1             24  [Lorg.springframework.data.convert.Jsr310Converters$InstantToDateConverter;
3824:             1             24  [Lorg.springframework.data.convert.Jsr310Converters$InstantToLocalDateTimeConverter;
3825:             1             24  [Lorg.springframework.data.convert.Jsr310Converters$LocalDateTimeToDateConverter;
3826:             1             24  [Lorg.springframework.data.convert.Jsr310Converters$LocalDateTimeToInstantConverter;
3827:             1             24  [Lorg.springframework.data.convert.Jsr310Converters$LocalDateToDateConverter;
3828:             1             24  [Lorg.springframework.data.convert.Jsr310Converters$LocalTimeToDateConverter;
3829:             1             24  [Lorg.springframework.data.convert.Jsr310Converters$PeriodToStringConverter;
3830:             1             24  [Lorg.springframework.data.convert.Jsr310Converters$StringToDurationConverter;
3831:             1             24  [Lorg.springframework.data.convert.Jsr310Converters$StringToInstantConverter;
3832:             1             24  [Lorg.springframework.data.convert.Jsr310Converters$StringToLocalDateConverter;
3833:             1             24  [Lorg.springframework.data.convert.Jsr310Converters$StringToLocalDateTimeConverter;
3834:             1             24  [Lorg.springframework.data.convert.Jsr310Converters$StringToPeriodConverter;
3835:             1             24  [Lorg.springframework.data.convert.Jsr310Converters$StringToZoneIdConverter;
3836:             1             24  [Lorg.springframework.data.convert.Jsr310Converters$ZoneIdToStringConverter;
3837:             1             24  [Lorg.springframework.data.domain.Sort$Direction;
3838:             1             24  [Lorg.springframework.data.geo.format.DistanceFormatter;
3839:             1             24  [Lorg.springframework.data.geo.format.PointFormatter;
3840:             1             24  [Lorg.springframework.data.keyvalue.core.DefaultIdentifierGenerator;
3841:             1             24  [Lorg.springframework.data.projection.ProxyProjectionFactory$MapAccessingMethodInterceptorFactory;
3842:             1             24  [Lorg.springframework.data.projection.ProxyProjectionFactory$PropertyAccessingMethodInvokerFactory;
3843:             1             24  [Lorg.springframework.data.redis.connection.stream.StreamOffset;
3844:             1             24  [Lorg.springframework.data.redis.core.convert.MappingRedisConverter$NaturalOrderingKeyComparator;
3845:             1             24  [Lorg.springframework.data.redis.serializer.ByteArrayRedisSerializer;
3846:             1             24  [Lorg.springframework.data.repository.support.Repositories$EmptyRepositoryFactoryInformation;
3847:             1             24  [Lorg.springframework.data.util.NullableWrapperConverters$GuavaOptionalUnwrapper;
3848:             1             24  [Lorg.springframework.data.util.NullableWrapperConverters$Jdk8OptionalUnwrapper;
3849:             1             24  [Lorg.springframework.http.client.observation.ClientHttpObservationDocumentation$HighCardinalityKeyNames;
3850:             1             24  [Lorg.springframework.http.server.observation.ServerHttpObservationDocumentation$HighCardinalityKeyNames;
3851:             1             24  [Lorg.springframework.http.server.observation.ServerHttpObservationDocumentation;
3852:             1             24  [Lorg.springframework.scheduling.support.ScheduledTaskObservationDocumentation;
3853:             1             24  [Lorg.springframework.util.ConcurrentReferenceHashMap$ReferenceType;
3854:             1             24  [Lorg.springframework.util.ConcurrentReferenceHashMap$Restructure;
3855:             1             24  [Lorg.springframework.validation.DefaultMessageCodesResolver$Format;
3856:             1             24  [Lorg.springframework.web.reactive.function.client.ClientHttpObservationDocumentation$HighCardinalityKeyNames;
3857:             1             24  [Lorg.yaml.snakeyaml.DumperOptions$NonPrintableStyle;
3858:             1             24  [Lreactor.core.publisher.FluxCreate$CreateMode;
3859:             1             24  [[Ljava.lang.annotation.Annotation; (java.base@25)
3860:             1             24  ch.qos.logback.classic.BasicConfigurator
3861:             1             24  ch.qos.logback.classic.spi.LogbackServiceProvider
3862:             1             24  ch.qos.logback.classic.spi.TurboFilterList
3863:             1             24  ch.qos.logback.classic.util.LogbackMDCAdapter
3864:             1             24  ch.qos.logback.core.rolling.helper.RenameUtil
3865:             1             24  ch.qos.logback.core.spi.ContextAwareImpl
3866:             1             24  ch.qos.logback.core.util.ExecutorServiceUtil$1
3867:             1             24  cn.dev33.satoken.config.SaSignConfig
3868:             1             24  cn.dev33.satoken.interceptor.SaInterceptor
3869:             1             24  cn.dev33.satoken.spring.context.path.ApplicationContextPathLoading
3870:             1             24  cn.dev33.satoken.stp.StpLogic
3871:             1             24  com.alibaba.fastjson2.reader.ObjectReaderBaseModule
3872:             1             24  com.alibaba.fastjson2.reader.ObjectReaderCreator
3873:             1             24  com.alibaba.fastjson2.reader.ObjectReaderCreatorASM
3874:             1             24  com.alibaba.fastjson2.writer.ObjectWriterBaseModule
3875:             1             24  com.alibaba.fastjson2.writer.ObjectWriterCreator
3876:             1             24  com.alibaba.fastjson2.writer.ObjectWriterCreatorASM
3877:             1             24  com.alibaba.ttl.TransmittableThreadLocal
3878:             1             24  com.esotericsoftware.minlog.Log$Logger
3879:             1             24  com.fasterxml.classmate.AnnotationConfiguration$StdConfiguration
3880:             1             24  com.fasterxml.classmate.util.LRUTypeCache
3881:             1             24  com.fasterxml.jackson.annotation.JsonFormat$Features
3882:             1             24  com.fasterxml.jackson.annotation.JsonIgnoreProperties$Value
3883:             1             24  com.fasterxml.jackson.annotation.JsonSetter$Value
3884:             1             24  com.fasterxml.jackson.core.ErrorReportConfiguration
3885:             1             24  com.fasterxml.jackson.core.util.MinimalPrettyPrinter
3886:             1             24  com.fasterxml.jackson.databind.AnnotationIntrospector$ReferenceProperty
3887:             1             24  com.fasterxml.jackson.databind.ObjectWriter$Prefetch
3888:             1             24  com.fasterxml.jackson.databind.cfg.ContextAttributes$Impl
3889:             1             24  com.fasterxml.jackson.databind.cfg.DefaultCacheProvider
3890:             1             24  com.fasterxml.jackson.databind.deser.impl.FailingDeserializer
3891:             1             24  com.fasterxml.jackson.databind.deser.impl.TypeWrappedDeserializer
3892:             1             24  com.fasterxml.jackson.databind.deser.std.NumberDeserializers$NumberDeserializer
3893:             1             24  com.fasterxml.jackson.databind.deser.std.StringDeserializer
3894:             1             24  com.fasterxml.jackson.databind.deser.std.UntypedObjectDeserializerNR
3895:             1             24  com.fasterxml.jackson.databind.ext.OptionalHandlerFactory
3896:             1             24  com.fasterxml.jackson.databind.introspect.JacksonAnnotationIntrospector
3897:             1             24  com.fasterxml.jackson.databind.ser.impl.FailingSerializer
3898:             1             24  com.fasterxml.jackson.databind.ser.impl.StringCollectionSerializer
3899:             1             24  com.fasterxml.jackson.databind.ser.impl.TypeWrappedSerializer
3900:             1             24  com.fasterxml.jackson.databind.ser.std.StdArraySerializers$BooleanArraySerializer
3901:             1             24  com.fasterxml.jackson.databind.ser.std.StdArraySerializers$DoubleArraySerializer
3902:             1             24  com.fasterxml.jackson.databind.ser.std.StdArraySerializers$FloatArraySerializer
3903:             1             24  com.fasterxml.jackson.databind.ser.std.StdArraySerializers$IntArraySerializer
3904:             1             24  com.fasterxml.jackson.databind.ser.std.StdArraySerializers$LongArraySerializer
3905:             1             24  com.fasterxml.jackson.databind.ser.std.StdArraySerializers$ShortArraySerializer
3906:             1             24  com.fasterxml.jackson.databind.ser.std.UUIDSerializer
3907:             1             24  com.fasterxml.jackson.databind.util.internal.PrivateMaxEntriesMap$DrainStatus$1
3908:             1             24  com.fasterxml.jackson.databind.util.internal.PrivateMaxEntriesMap$DrainStatus$2
3909:             1             24  com.fasterxml.jackson.databind.util.internal.PrivateMaxEntriesMap$DrainStatus$3
3910:             1             24  com.flashchat.cache.MultistageCacheProxy
3911:             1             24  com.flashchat.cache.StringRedisTemplateProxy
3912:             1             24  com.flashchat.cache.config.RedisDistributedProperties$RedisProperties
3913:             1             24  com.flashchat.chatservice.audit.AuditProperties
3914:             1             24  com.flashchat.chatservice.audit.AuditProperties$ContentLengthConfig
3915:             1             24  com.flashchat.chatservice.config.AsyncConfiguration$$SpringCGLIB$$FastClass$$0
3916:             1             24  com.flashchat.chatservice.config.AsyncConfiguration$$SpringCGLIB$$FastClass$$1
3917:             1             24  com.flashchat.chatservice.config.DataBaseConfiguration$$SpringCGLIB$$FastClass$$0
3918:             1             24  com.flashchat.chatservice.config.DataBaseConfiguration$$SpringCGLIB$$FastClass$$1
3919:             1             24  com.flashchat.chatservice.config.RoomMemberCountReconcileJob
3920:             1             24  com.flashchat.chatservice.config.UnreadCleanupJob
3921:             1             24  com.flashchat.chatservice.config.WebSocketThreadPoolConfig$$SpringCGLIB$$FastClass$$0
3922:             1             24  com.flashchat.chatservice.config.WebSocketThreadPoolConfig$$SpringCGLIB$$FastClass$$1
3923:             1             24  com.flashchat.chatservice.delay.RoomExpireCompensateJob
3924:             1             24  com.flashchat.chatservice.listener.UserEventListener
3925:             1             24  com.flashchat.chatservice.ratelimit.RedisMessageRateLimiter
3926:             1             24  com.flashchat.chatservice.service.dispatch.RoomSideEffectMailbox
3927:             1             24  com.flashchat.chatservice.service.impl.FileServiceImpl
3928:             1             24  com.flashchat.chatservice.service.impl.MessageWindowServiceImpl
3929:             1             24  com.flashchat.chatservice.websocket.NettyWebSocketServer$1
3930:             1             24  com.flashchat.chatservice.websocket.manager.RoomMemberCleanupJob
3931:             1             24  com.flashchat.gameservice.ai.AiPlayerServiceImpl
3932:             1             24  com.flashchat.gameservice.ai.llm.provider.KimiLlmClient
3933:             1             24  com.flashchat.gameservice.controller.GameController
3934:             1             24  com.flashchat.gameservice.engine.GameContextManager
3935:             1             24  com.flashchat.userservice.config.SecurityConfiguration$$SpringCGLIB$$FastClass$$0
3936:             1             24  com.flashchat.userservice.config.SecurityConfiguration$$SpringCGLIB$$FastClass$$1
3937:             1             24  com.flashchat.userservice.service.impl.CreditServiceImpl
3938:             1             24  com.github.benmanes.caffeine.cache.DisabledScheduler
3939:             1             24  com.github.benmanes.caffeine.cache.RemovalCause$1
3940:             1             24  com.github.benmanes.caffeine.cache.RemovalCause$2
3941:             1             24  com.github.benmanes.caffeine.cache.RemovalCause$3
3942:             1             24  com.github.benmanes.caffeine.cache.RemovalCause$4
3943:             1             24  com.github.benmanes.caffeine.cache.RemovalCause$5
3944:             1             24  com.github.benmanes.caffeine.cache.SingletonWeigher
3945:             1             24  com.github.benmanes.caffeine.cache.SystemTicker
3946:             1             24  com.mysql.cj.conf.ConnectionUrl$HostsCardinality$1
3947:             1             24  com.mysql.cj.conf.ConnectionUrl$HostsCardinality$2
3948:             1             24  com.mysql.cj.conf.ConnectionUrl$HostsCardinality$3
3949:             1             24  com.sun.beans.util.Cache$Kind$1 (java.desktop@25)
3950:             1             24  com.sun.beans.util.Cache$Kind$2 (java.desktop@25)
3951:             1             24  com.sun.beans.util.Cache$Kind$3 (java.desktop@25)
3952:             1             24  com.sun.jmx.mbeanserver.ClassLoaderRepositorySupport (java.management@25)
3953:             1             24  com.sun.jmx.mbeanserver.MXBeanLookup (java.management@25)
3954:             1             24  com.sun.jmx.remote.util.ClassLogger (java.management@25)
3955:             1             24  com.sun.management.internal.HotSpotThreadImpl (jdk.management@25)
3956:             1             24  com.sun.management.internal.OperatingSystemImpl (jdk.management@25)
3957:             1             24  com.sun.management.internal.PlatformMBeanProviderImpl$2 (jdk.management@25)
3958:             1             24  com.sun.management.internal.PlatformMBeanProviderImpl$3 (jdk.management@25)
3959:             1             24  com.sun.management.internal.PlatformMBeanProviderImpl$6 (jdk.management@25)
3960:             1             24  com.sun.org.apache.xerces.internal.impl.Constants$ArrayEnumeration (java.xml@25)
3961:             1             24  com.zaxxer.hikari.pool.ProxyLeakTaskFactory
3962:             1             24  com.zaxxer.hikari.util.DriverDataSource
3963:             1             24  io.lettuce.core.event.DefaultEventBus
3964:             1             24  io.lettuce.core.event.jfr.NoOpEventRecorder
3965:             1             24  io.lettuce.core.metrics.DefaultCommandLatencyCollectorOptions$Builder
3966:             1             24  io.lettuce.core.resource.DefaultNettyCustomizer
3967:             1             24  io.lettuce.core.resource.DefaultThreadFactoryProvider
3968:             1             24  io.lettuce.core.resource.DnsResolvers$1
3969:             1             24  io.lettuce.core.resource.DnsResolvers$2
3970:             1             24  io.lettuce.core.resource.UnavailableResources
3971:             1             24  io.micrometer.common.KeyValues
3972:             1             24  io.micrometer.core.instrument.binder.jvm.JvmGcMetrics$GcMetricsNotificationListener
3973:             1             24  io.micrometer.core.instrument.binder.logging.LogbackMetrics
3974:             1             24  io.micrometer.core.instrument.binder.system.UptimeMetrics
3975:             1             24  io.micrometer.core.instrument.binder.tomcat.TomcatMetrics$$Lambda/0x00000000127a0d68
3976:             1             24  io.micrometer.core.instrument.binder.tomcat.TomcatMetrics$$Lambda/0x00000000127a1410
3977:             1             24  io.micrometer.core.instrument.binder.tomcat.TomcatMetrics$$Lambda/0x00000000127a1650
3978:             1             24  io.micrometer.core.instrument.binder.tomcat.TomcatMetrics$$Lambda/0x00000000127a1890
3979:             1             24  io.micrometer.core.instrument.observation.DefaultMeterObservationHandler
3980:             1             24  io.micrometer.prometheusmetrics.PrometheusMeterRegistry$$Lambda/0x000000001277dc20
3981:             1             24  io.netty.bootstrap.ServerBootstrap$ServerBootstrapAcceptor$1
3982:             1             24  io.netty.buffer.PooledByteBufAllocator$PoolThreadLocalCache
3983:             1             24  io.netty.buffer.UnpooledByteBufAllocator
3984:             1             24  io.netty.buffer.UnpooledByteBufAllocator$UnpooledByteBufAllocatorMetric
3985:             1             24  io.netty.channel.ChannelOption$1
3986:             1             24  io.netty.channel.ServerChannelRecvByteBufAllocator
3987:             1             24  io.netty.channel.WriteBufferWaterMark
3988:             1             24  io.netty.handler.codec.MessageToMessageCodec$1
3989:             1             24  io.netty.handler.codec.MessageToMessageCodec$2
3990:             1             24  io.netty.handler.codec.dns.DatagramDnsQueryEncoder
3991:             1             24  io.netty.handler.codec.dns.DatagramDnsResponseDecoder$1
3992:             1             24  io.netty.handler.codec.http.HttpMethod$EnumNameMap
3993:             1             24  io.netty.handler.codec.http.websocketx.WebSocketDecoderConfig
3994:             1             24  io.netty.resolver.HostsFileEntriesProvider
3995:             1             24  io.netty.resolver.dns.DnsNameResolver$2
3996:             1             24  io.netty.resolver.dns.DnsServerAddressStreamProviders$DefaultProviderHolder$1
3997:             1             24  io.netty.resolver.dns.DnsServerAddresses$1
3998:             1             24  io.netty.resolver.dns.UnixResolverOptions
3999:             1             24  io.netty.util.AttributeKey$1
4000:             1             24  io.netty.util.ResourceLeakDetectorFactory$DefaultResourceLeakDetectorFactory
4001:             1             24  io.netty.util.Signal$1
4002:             1             24  io.netty.util.concurrent.FailedFuture
4003:             1             24  io.netty.util.internal.ThreadExecutorMap$3
4004:             1             24  io.prometheus.metrics.config.ExemplarsProperties
4005:             1             24  io.prometheus.metrics.config.ExporterProperties
4006:             1             24  io.prometheus.metrics.model.snapshots.ClassicHistogramBuckets
4007:             1             24  io.prometheus.metrics.model.snapshots.Labels
4008:             1             24  io.prometheus.metrics.model.snapshots.NativeHistogramBuckets
4009:             1             24  jakarta.el.ExpressionFactory$CacheKey
4010:             1             24  jakarta.el.Util$CacheKey
4011:             1             24  jakarta.websocket.CloseReason
4012:             1             24  java.io.ByteArrayOutputStream (java.base@25)
4013:             1             24  java.io.WinNTFileSystem (java.base@25)
4014:             1             24  java.lang.ProcessHandleImpl$$Lambda/0x0000000012037460 (java.base@25)
4015:             1             24  java.lang.RuntimePermission (java.base@25)
4016:             1             24  java.lang.StackWalker$ExtendedOption (java.base@25)
4017:             1             24  java.lang.String$$StringConcat/0x000000001205a400 (java.base@25)
4018:             1             24  java.lang.String$$StringConcat/0x0000000012104400 (java.base@25)
4019:             1             24  java.lang.String$$StringConcat/0x0000000012278400 (java.base@25)
4020:             1             24  java.lang.String$$StringConcat/0x00000000123fc000 (java.base@25)
4021:             1             24  java.lang.String$$StringConcat/0x0000000012710400 (java.base@25)
4022:             1             24  java.lang.String$$StringConcat/0x000000001277a800 (java.base@25)
4023:             1             24  java.lang.String$$StringConcat/0x00000000127b0000 (java.base@25)
4024:             1             24  java.lang.String$$StringConcat/0x00000000127b8000 (java.base@25)
4025:             1             24  java.lang.StringBuilder (java.base@25)
4026:             1             24  java.lang.VirtualThread$VThreadContinuation$1 (java.base@25)
4027:             1             24  java.lang.invoke.MethodHandleImpl$ArrayAccessor$1 (java.base@25)
4028:             1             24  java.lang.invoke.MethodHandleImpl$Makers$3 (java.base@25)
4029:             1             24  java.lang.reflect.Proxy$1 (java.base@25)
4030:             1             24  java.math.MutableBigInteger (java.base@25)
4031:             1             24  java.net.Inet6AddressImpl (java.base@25)
4032:             1             24  java.net.Proxy (java.base@25)
4033:             1             24  java.security.AccessControlContext (java.base@25)
4034:             1             24  java.sql.DriverInfo (java.sql@25)
4035:             1             24  java.time.Clock$TickClock (java.base@25)
4036:             1             24  java.time.Period (java.base@25)
4037:             1             24  java.time.format.DecimalStyle (java.base@25)
4038:             1             24  java.time.temporal.IsoFields$Field$1 (java.base@25)
4039:             1             24  java.time.temporal.IsoFields$Field$2 (java.base@25)
4040:             1             24  java.time.temporal.IsoFields$Field$3 (java.base@25)
4041:             1             24  java.time.temporal.IsoFields$Field$4 (java.base@25)
4042:             1             24  java.time.zone.TzdbZoneRulesProvider (java.base@25)
4043:             1             24  java.util.Collections$3 (java.base@25)
4044:             1             24  java.util.Collections$EmptyMap (java.base@25)
4045:             1             24  java.util.Collections$SynchronizedCollection (java.base@25)
4046:             1             24  java.util.Collections$SynchronizedSet (java.base@25)
4047:             1             24  java.util.Collections$UnmodifiableNavigableSet$EmptyNavigableSet (java.base@25)
4048:             1             24  java.util.Comparators$NaturalOrderComparator (java.base@25)
4049:             1             24  java.util.Comparators$NullComparator (java.base@25)
4050:             1             24  java.util.Formatter (java.base@25)
4051:             1             24  java.util.OptionalDouble (java.base@25)
4052:             1             24  java.util.OptionalInt (java.base@25)
4053:             1             24  java.util.OptionalLong (java.base@25)
4054:             1             24  java.util.ServiceLoader$1 (java.base@25)
4055:             1             24  java.util.concurrent.CopyOnWriteArrayList$COWIterator (java.base@25)
4056:             1             24  java.util.concurrent.Executors$AutoShutdownDelegatedExecutorService (java.base@25)
4057:             1             24  java.util.concurrent.atomic.AtomicStampedReference$Pair (java.base@25)
4058:             1             24  java.util.logging.LogManager$LoggerContext (java.logging@25)
4059:             1             24  java.util.logging.LogManager$SystemLoggerContext (java.logging@25)
4060:             1             24  java.util.regex.Pattern$Pos (java.base@25)
4061:             1             24  java.util.zip.ZipCoder$UTF8ZipCoder (java.base@25)
4062:             1             24  java.util.zip.ZipFile$Source$Key (java.base@25)
4063:             1             24  jdk.internal.classfile.impl.AbstractAttributeMapper$BootstrapMethodsMapper (java.base@25)
4064:             1             24  jdk.internal.classfile.impl.AbstractAttributeMapper$CodeMapper (java.base@25)
4065:             1             24  jdk.internal.classfile.impl.AbstractAttributeMapper$ExceptionsMapper (java.base@25)
4066:             1             24  jdk.internal.classfile.impl.AbstractAttributeMapper$RuntimeVisibleAnnotationsMapper (java.base@25)
4067:             1             24  jdk.internal.classfile.impl.AbstractAttributeMapper$SourceFileMapper (java.base@25)
4068:             1             24  jdk.internal.classfile.impl.AbstractAttributeMapper$StackMapTableMapper (java.base@25)
4069:             1             24  jdk.internal.jimage.ImageReader (java.base@25)
4070:             1             24  jdk.internal.logger.BootstrapLogger$RedirectedLoggers (java.base@25)
4071:             1             24  jdk.internal.vm.ThreadContainers$RootContainer$TrackingRootContainer (java.base@25)
4072:             1             24  jdk.jfr.internal.management.StreamManager (jdk.jfr@25)
4073:             1             24  jdk.management.jfr.internal.FlightRecorderMXBeanProvider$SingleMBeanComponent (jdk.management.jfr@25)
4074:             1             24  net.sf.jsqlparser.expression.Alias
4075:             1             24  net.sf.jsqlparser.statement.select.SelectItem
4076:             1             24  org.apache.catalina.core.ApplicationContextFacade
4077:             1             24  org.apache.catalina.core.ApplicationSessionCookieConfig
4078:             1             24  org.apache.catalina.core.StandardContext$ContextFilterMaps
4079:             1             24  org.apache.catalina.core.StandardWrapperFacade
4080:             1             24  org.apache.catalina.mapper.Mapper$ContextList
4081:             1             24  org.apache.catalina.mapper.Mapper$MappedContext
4082:             1             24  org.apache.catalina.mapper.Mapper$MappedWrapper
4083:             1             24  org.apache.catalina.startup.CatalinaBaseConfigurationSource
4084:             1             24  org.apache.catalina.webresources.TomcatURLStreamHandlerFactory
4085:             1             24  org.apache.ibatis.binding.MapperRegistry
4086:             1             24  org.apache.ibatis.executor.ExecutionPlaceholder
4087:             1             24  org.apache.ibatis.io.ClassLoaderWrapper
4088:             1             24  org.apache.ibatis.javassist.util.proxy.ProxyFactory$2
4089:             1             24  org.apache.ibatis.mapping.Environment
4090:             1             24  org.apache.ibatis.ognl.OgnlRuntime$ArgsCompatbilityReport
4091:             1             24  org.apache.ibatis.ognl.enhance.ExpressionCompiler
4092:             1             24  org.apache.ibatis.reflection.MetaClass
4093:             1             24  org.apache.ibatis.reflection.wrapper.BeanWrapper
4094:             1             24  org.apache.ibatis.scripting.LanguageDriverRegistry
4095:             1             24  org.apache.ibatis.session.AutoMappingUnknownColumnBehavior$1
4096:             1             24  org.apache.ibatis.session.AutoMappingUnknownColumnBehavior$2
4097:             1             24  org.apache.ibatis.session.AutoMappingUnknownColumnBehavior$3
4098:             1             24  org.apache.ibatis.session.RowBounds
4099:             1             24  org.apache.ibatis.type.BigIntegerTypeHandler
4100:             1             24  org.apache.ibatis.type.BlobInputStreamTypeHandler
4101:             1             24  org.apache.ibatis.type.ByteArrayTypeHandler
4102:             1             24  org.apache.ibatis.type.ByteObjectArrayTypeHandler
4103:             1             24  org.apache.ibatis.type.ClobReaderTypeHandler
4104:             1             24  org.apache.ibatis.type.InstantTypeHandler
4105:             1             24  org.apache.ibatis.type.JapaneseDateTypeHandler
4106:             1             24  org.apache.ibatis.type.LocalDateTimeTypeHandler
4107:             1             24  org.apache.ibatis.type.LocalDateTypeHandler
4108:             1             24  org.apache.ibatis.type.LocalTimeTypeHandler
4109:             1             24  org.apache.ibatis.type.MonthTypeHandler
4110:             1             24  org.apache.ibatis.type.ObjectTypeHandler
4111:             1             24  org.apache.ibatis.type.OffsetDateTimeTypeHandler
4112:             1             24  org.apache.ibatis.type.OffsetTimeTypeHandler
4113:             1             24  org.apache.ibatis.type.SqlDateTypeHandler
4114:             1             24  org.apache.ibatis.type.SqlTimeTypeHandler
4115:             1             24  org.apache.ibatis.type.SqlTimestampTypeHandler
4116:             1             24  org.apache.ibatis.type.SqlxmlTypeHandler
4117:             1             24  org.apache.ibatis.type.YearMonthTypeHandler
4118:             1             24  org.apache.ibatis.type.YearTypeHandler
4119:             1             24  org.apache.ibatis.type.ZonedDateTimeTypeHandler
4120:             1             24  org.apache.naming.StringManager
4121:             1             24  org.apache.tomcat.util.buf.CharsetCache$DummyCharset
4122:             1             24  org.apache.tomcat.util.collections.ConcurrentCache
4123:             1             24  org.apache.tomcat.util.collections.ConcurrentLruCache
4124:             1             24  org.apache.tomcat.util.file.ConfigurationSource$1
4125:             1             24  org.apache.tomcat.util.http.Rfc6265CookieProcessor
4126:             1             24  org.apache.tomcat.util.net.SocketBufferHandler
4127:             1             24  org.apache.tomcat.util.net.SocketBufferHandler$1
4128:             1             24  org.apache.tomcat.util.net.WriteBuffer
4129:             1             24  org.apache.tomcat.websocket.WsExtension
4130:             1             24  org.apache.tomcat.websocket.server.WsFilter
4131:             1             24  org.hibernate.validator.internal.constraintvalidators.bv.number.bound.MaxValidatorForInteger
4132:             1             24  org.hibernate.validator.internal.constraintvalidators.bv.number.bound.MinValidatorForInteger
4133:             1             24  org.hibernate.validator.internal.constraintvalidators.bv.size.SizeValidatorForCollection
4134:             1             24  org.hibernate.validator.internal.engine.MethodValidationConfiguration
4135:             1             24  org.hibernate.validator.internal.engine.groups.Sequence
4136:             1             24  org.hibernate.validator.internal.engine.messageinterpolation.DefaultLocaleResolverContext
4137:             1             24  org.hibernate.validator.internal.engine.valueextraction.ValueExtractorManager
4138:             1             24  org.hibernate.validator.internal.engine.valueextraction.ValueExtractorResolver$ValueExtractorCacheKey
4139:             1             24  org.hibernate.validator.internal.properties.javabean.JavaBeanHelper
4140:             1             24  org.hibernate.validator.internal.util.ConcurrentReferenceHashMap$Option
4141:             1             24  org.mybatis.spring.MyBatisExceptionTranslator
4142:             1             24  org.redisson.ElementsSubscribeService
4143:             1             24  org.redisson.PubSubMessageListener
4144:             1             24  org.redisson.PubSubStatusListener
4145:             1             24  org.redisson.QueueTransferTask$TimeoutTask
4146:             1             24  org.redisson.WriteBehindService
4147:             1             24  org.redisson.client.FailedConnectionDetector
4148:             1             24  org.redisson.client.SubscribeListener
4149:             1             24  org.redisson.client.codec.ByteArrayCodec
4150:             1             24  org.redisson.client.codec.StringCodec
4151:             1             24  org.redisson.client.handler.CommandBatchEncoder
4152:             1             24  org.redisson.client.handler.CommandsQueuePubSub
4153:             1             24  org.redisson.client.handler.PubSubEntry
4154:             1             24  org.redisson.client.protocol.RedisCommands$16
4155:             1             24  org.redisson.client.protocol.RedisCommands$6
4156:             1             24  org.redisson.client.protocol.convertor.BooleanNumberReplayConvertor
4157:             1             24  org.redisson.client.protocol.decoder.ScoredSortedSetRandomMapDecoder
4158:             1             24  org.redisson.cluster.ClusterSlotRange
4159:             1             24  org.redisson.codec.CompositeCodec
4160:             1             24  org.redisson.codec.Kryo5Codec$SimpleInstantiatorStrategy$1
4161:             1             24  org.redisson.command.RedisExecutor$$Lambda/0x00000000127f7880
4162:             1             24  org.redisson.command.RedisExecutor$1
4163:             1             24  org.redisson.config.Credentials
4164:             1             24  org.redisson.connection.ConnectionEventsHub
4165:             1             24  org.redisson.connection.IdleConnectionWatcher
4166:             1             24  org.redisson.connection.IdleConnectionWatcher$$Lambda/0x00000000124998a8
4167:             1             24  org.redisson.connection.MasterSlaveConnectionManager$$Lambda/0x000000001249d468
4168:             1             24  org.redisson.connection.MasterSlaveConnectionManager$$Lambda/0x000000001249d6a8
4169:             1             24  org.redisson.eviction.EvictionScheduler
4170:             1             24  org.redisson.pubsub.CountDownLatchPubSub
4171:             1             24  org.redisson.pubsub.LockPubSub
4172:             1             24  org.redisson.pubsub.PublishSubscribeService$PubSubKey
4173:             1             24  org.redisson.pubsub.SemaphorePubSub
4174:             1             24  org.redisson.spring.data.connection.RedissonConnectionFactory
4175:             1             24  org.redisson.spring.starter.RedissonProperties
4176:             1             24  org.slf4j.helpers.BasicMDCAdapter
4177:             1             24  org.slf4j.helpers.BasicMDCAdapter$1
4178:             1             24  org.slf4j.helpers.BasicMarker
4179:             1             24  org.slf4j.helpers.FormattingTuple
4180:             1             24  org.slf4j.helpers.NOP_FallbackServiceProvider
4181:             1             24  org.slf4j.helpers.SubstituteLoggerFactory
4182:             1             24  org.slf4j.helpers.SubstituteServiceProvider
4183:             1             24  org.springframework.aop.framework.autoproxy.AbstractAdvisorAutoProxyCreator$BeanFactoryAdvisorRetrievalHelperAdapter
4184:             1             24  org.springframework.aop.support.DefaultPointcutAdvisor
4185:             1             24  org.springframework.aop.support.annotation.AnnotationMatchingPointcut
4186:             1             24  org.springframework.aop.support.annotation.AnnotationMethodMatcher
4187:             1             24  org.springframework.beans.CachedIntrospectionResults
4188:             1             24  org.springframework.beans.SimpleBeanInfoFactory$1
4189:             1             24  org.springframework.beans.factory.annotation.InjectionMetadata$1
4190:             1             24  org.springframework.beans.factory.support.AbstractBeanFactory$BeanPostProcessorCacheAwareList
4191:             1             24  org.springframework.beans.support.ResourceEditorRegistrar
4192:             1             24  org.springframework.boot.DefaultApplicationArguments
4193:             1             24  org.springframework.boot.SpringApplicationBannerPrinter$PrintedBanner
4194:             1             24  org.springframework.boot.SpringApplicationShutdownHook$Handlers
4195:             1             24  org.springframework.boot.actuate.autoconfigure.context.properties.ConfigurationPropertiesReportEndpointProperties
4196:             1             24  org.springframework.boot.actuate.autoconfigure.data.redis.RedisReactiveHealthContributorAutoConfiguration
4197:             1             24  org.springframework.boot.actuate.autoconfigure.endpoint.jmx.JmxEndpointAutoConfiguration
4198:             1             24  org.springframework.boot.actuate.autoconfigure.endpoint.jmx.JmxEndpointProperties
4199:             1             24  org.springframework.boot.actuate.autoconfigure.endpoint.jmx.JmxEndpointProperties$Exposure
4200:             1             24  org.springframework.boot.actuate.autoconfigure.endpoint.web.WebEndpointAutoConfiguration
4201:             1             24  org.springframework.boot.actuate.autoconfigure.endpoint.web.WebEndpointProperties$Exposure
4202:             1             24  org.springframework.boot.actuate.autoconfigure.env.EnvironmentEndpointProperties
4203:             1             24  org.springframework.boot.actuate.autoconfigure.health.AutoConfiguredHealthEndpointGroups
4204:             1             24  org.springframework.boot.actuate.autoconfigure.health.HealthEndpointConfiguration$AdaptedReactiveHealthContributors$1
4205:             1             24  org.springframework.boot.actuate.autoconfigure.health.HealthEndpointConfiguration$HealthEndpointGroupMembershipValidator
4206:             1             24  org.springframework.boot.actuate.autoconfigure.health.HealthProperties$Status
4207:             1             24  org.springframework.boot.actuate.autoconfigure.jdbc.DataSourceHealthContributorAutoConfiguration
4208:             1             24  org.springframework.boot.actuate.autoconfigure.metrics.AutoTimeProperties
4209:             1             24  org.springframework.boot.actuate.autoconfigure.metrics.CompositeMeterRegistryConfiguration$MultipleNonPrimaryMeterRegistriesCondition
4210:             1             24  org.springframework.boot.actuate.autoconfigure.metrics.MetricsProperties$Data$Repository
4211:             1             24  org.springframework.boot.actuate.autoconfigure.metrics.MetricsProperties$Web
4212:             1             24  org.springframework.boot.actuate.autoconfigure.metrics.PropertiesMeterFilter
4213:             1             24  org.springframework.boot.actuate.autoconfigure.metrics.jdbc.DataSourcePoolMetricsAutoConfiguration$DataSourcePoolMetadataMetricsConfiguration$DataSourcePoolMetadataMeterBinder
4214:             1             24  org.springframework.boot.actuate.autoconfigure.metrics.redis.LettuceMetricsAutoConfiguration$$Lambda/0x0000000012732b18
4215:             1             24  org.springframework.boot.actuate.autoconfigure.observation.ObservationProperties$Http
4216:             1             24  org.springframework.boot.actuate.autoconfigure.observation.PropertiesObservationFilterPredicate
4217:             1             24  org.springframework.boot.actuate.autoconfigure.system.DiskSpaceHealthIndicatorProperties
4218:             1             24  org.springframework.boot.actuate.autoconfigure.web.ManagementContextFactory
4219:             1             24  org.springframework.boot.actuate.context.properties.ConfigurationPropertiesReportEndpointWebExtension
4220:             1             24  org.springframework.boot.actuate.data.redis.RedisReactiveHealthIndicator
4221:             1             24  org.springframework.boot.actuate.endpoint.jmx.JacksonJmxOperationResponseMapper
4222:             1             24  org.springframework.boot.actuate.endpoint.jmx.annotation.DiscoveredJmxOperation$DiscoveredJmxOperationParameter
4223:             1             24  org.springframework.boot.actuate.endpoint.web.EndpointMediaTypes
4224:             1             24  org.springframework.boot.actuate.endpoint.web.PathMappedEndpoints
4225:             1             24  org.springframework.boot.actuate.endpoint.web.ServletEndpointRegistrar
4226:             1             24  org.springframework.boot.actuate.env.EnvironmentEndpoint
4227:             1             24  org.springframework.boot.actuate.env.EnvironmentEndpointWebExtension
4228:             1             24  org.springframework.boot.actuate.health.Health
4229:             1             24  org.springframework.boot.actuate.health.HealthEndpoint
4230:             1             24  org.springframework.boot.actuate.health.HealthEndpointWebExtension
4231:             1             24  org.springframework.boot.actuate.health.PingHealthIndicator
4232:             1             24  org.springframework.boot.actuate.logging.LoggersEndpoint
4233:             1             24  org.springframework.boot.actuate.metrics.export.prometheus.PrometheusScrapeEndpoint
4234:             1             24  org.springframework.boot.actuate.metrics.system.DiskSpaceMetricsBinder
4235:             1             24  org.springframework.boot.actuate.metrics.web.client.ObservationRestClientCustomizer
4236:             1             24  org.springframework.boot.actuate.metrics.web.client.ObservationRestTemplateCustomizer
4237:             1             24  org.springframework.boot.actuate.metrics.web.reactive.client.ObservationWebClientCustomizer
4238:             1             24  org.springframework.boot.actuate.metrics.web.tomcat.TomcatMetricsBinder
4239:             1             24  org.springframework.boot.autoconfigure.AutoConfigurationImportSelector$AutoConfigurationEntry
4240:             1             24  org.springframework.boot.autoconfigure.AutoConfigurationPackages$BasePackages
4241:             1             24  org.springframework.boot.autoconfigure.codec.CodecProperties
4242:             1             24  org.springframework.boot.autoconfigure.condition.ConditionMessage$Style$1
4243:             1             24  org.springframework.boot.autoconfigure.condition.ConditionMessage$Style$2
4244:             1             24  org.springframework.boot.autoconfigure.condition.FilteringSpringBootCondition$ClassNameFilter$1
4245:             1             24  org.springframework.boot.autoconfigure.condition.FilteringSpringBootCondition$ClassNameFilter$2
4246:             1             24  org.springframework.boot.autoconfigure.data.redis.RedisProperties$Lettuce
4247:             1             24  org.springframework.boot.autoconfigure.data.redis.RedisProperties$Lettuce$Cluster$Refresh
4248:             1             24  org.springframework.boot.autoconfigure.data.redis.RedisProperties$Ssl
4249:             1             24  org.springframework.boot.autoconfigure.data.web.SpringDataWebProperties
4250:             1             24  org.springframework.boot.autoconfigure.freemarker.FreeMarkerTemplateAvailabilityProvider
4251:             1             24  org.springframework.boot.autoconfigure.groovy.template.GroovyTemplateAvailabilityProvider
4252:             1             24  org.springframework.boot.autoconfigure.http.HttpMessageConvertersAutoConfiguration$NotReactiveWebApplicationCondition
4253:             1             24  org.springframework.boot.autoconfigure.info.ProjectInfoProperties
4254:             1             24  org.springframework.boot.autoconfigure.info.ProjectInfoProperties$Build
4255:             1             24  org.springframework.boot.autoconfigure.info.ProjectInfoProperties$Git
4256:             1             24  org.springframework.boot.autoconfigure.jackson.JacksonAutoConfiguration$Jackson2ObjectMapperBuilderCustomizerConfiguration$StandardJackson2ObjectMapperBuilderCustomizer
4257:             1             24  org.springframework.boot.autoconfigure.jackson.JacksonProperties$Datatype
4258:             1             24  org.springframework.boot.autoconfigure.jdbc.DataSourceAutoConfiguration$EmbeddedDatabaseCondition
4259:             1             24  org.springframework.boot.autoconfigure.jdbc.DataSourceJmxConfiguration$Hikari
4260:             1             24  org.springframework.boot.autoconfigure.jdbc.DataSourceProperties$Xa
4261:             1             24  org.springframework.boot.autoconfigure.jdbc.HikariJdbcConnectionDetailsBeanPostProcessor
4262:             1             24  org.springframework.boot.autoconfigure.jdbc.JdbcProperties$Template
4263:             1             24  org.springframework.boot.autoconfigure.logging.ConditionEvaluationReportLogger
4264:             1             24  org.springframework.boot.autoconfigure.logging.ConditionEvaluationReportLoggingListener$ConditionEvaluationReportListener
4265:             1             24  org.springframework.boot.autoconfigure.security.DefaultWebSecurityCondition
4266:             1             24  org.springframework.boot.autoconfigure.sql.init.SqlDataSourceScriptDatabaseInitializer
4267:             1             24  org.springframework.boot.autoconfigure.sql.init.SqlInitializationAutoConfiguration$SqlInitializationModeCondition
4268:             1             24  org.springframework.boot.autoconfigure.ssl.FileWatcher
4269:             1             24  org.springframework.boot.autoconfigure.ssl.SslAutoConfiguration
4270:             1             24  org.springframework.boot.autoconfigure.ssl.SslProperties$Bundles
4271:             1             24  org.springframework.boot.autoconfigure.ssl.SslPropertiesBundleRegistrar
4272:             1             24  org.springframework.boot.autoconfigure.task.TaskExecutionProperties$Shutdown
4273:             1             24  org.springframework.boot.autoconfigure.task.TaskExecutorConfigurations$SimpleAsyncTaskExecutorBuilderConfiguration
4274:             1             24  org.springframework.boot.autoconfigure.task.TaskSchedulingConfigurations$SimpleAsyncTaskSchedulerBuilderConfiguration
4275:             1             24  org.springframework.boot.autoconfigure.task.TaskSchedulingProperties$Shutdown
4276:             1             24  org.springframework.boot.autoconfigure.template.TemplateAvailabilityProviders
4277:             1             24  org.springframework.boot.autoconfigure.thread.Threading$1
4278:             1             24  org.springframework.boot.autoconfigure.thread.Threading$2
4279:             1             24  org.springframework.boot.autoconfigure.transaction.TransactionProperties
4280:             1             24  org.springframework.boot.autoconfigure.validation.ValidatorAdapter
4281:             1             24  org.springframework.boot.autoconfigure.web.ServerProperties$Reactive$Session
4282:             1             24  org.springframework.boot.autoconfigure.web.ServerProperties$Tomcat$Resource
4283:             1             24  org.springframework.boot.autoconfigure.web.ServerProperties$Tomcat$Threads
4284:             1             24  org.springframework.boot.autoconfigure.web.ServerProperties$Undertow$Options
4285:             1             24  org.springframework.boot.autoconfigure.web.ServerProperties$Undertow$Threads
4286:             1             24  org.springframework.boot.autoconfigure.web.WebProperties
4287:             1             24  org.springframework.boot.autoconfigure.web.WebProperties$Resources$Cache
4288:             1             24  org.springframework.boot.autoconfigure.web.WebProperties$Resources$Chain
4289:             1             24  org.springframework.boot.autoconfigure.web.WebProperties$Resources$Chain$Strategy
4290:             1             24  org.springframework.boot.autoconfigure.web.WebProperties$Resources$Chain$Strategy$Content
4291:             1             24  org.springframework.boot.autoconfigure.web.WebProperties$Resources$Chain$Strategy$Fixed
4292:             1             24  org.springframework.boot.autoconfigure.web.embedded.NettyWebServerFactoryCustomizer
4293:             1             24  org.springframework.boot.autoconfigure.web.embedded.TomcatWebServerFactoryCustomizer
4294:             1             24  org.springframework.boot.autoconfigure.web.embedded.TomcatWebServerFactoryCustomizer$$Lambda/0x0000000012401e18
4295:             1             24  org.springframework.boot.autoconfigure.web.reactive.function.client.AutoConfiguredWebClientSsl
4296:             1             24  org.springframework.boot.autoconfigure.web.reactive.function.client.ReactorClientHttpConnectorFactory
4297:             1             24  org.springframework.boot.autoconfigure.web.servlet.WebMvcProperties$Contentnegotiation
4298:             1             24  org.springframework.boot.autoconfigure.web.servlet.WebMvcProperties$Format
4299:             1             24  org.springframework.boot.autoconfigure.web.servlet.WebMvcProperties$Servlet
4300:             1             24  org.springframework.boot.autoconfigure.web.servlet.WebMvcProperties$View
4301:             1             24  org.springframework.boot.autoconfigure.web.servlet.WelcomePage
4302:             1             24  org.springframework.boot.autoconfigure.web.servlet.error.BasicErrorController
4303:             1             24  org.springframework.boot.autoconfigure.web.servlet.error.ErrorMvcAutoConfiguration$DefaultErrorViewResolverConfiguration
4304:             1             24  org.springframework.boot.autoconfigure.web.servlet.error.ErrorMvcAutoConfiguration$ErrorPageCustomizer
4305:             1             24  org.springframework.boot.availability.ApplicationAvailabilityBean
4306:             1             24  org.springframework.boot.builder.ParentContextCloserApplicationListener
4307:             1             24  org.springframework.boot.cloud.CloudPlatform$1
4308:             1             24  org.springframework.boot.cloud.CloudPlatform$2
4309:             1             24  org.springframework.boot.cloud.CloudPlatform$3
4310:             1             24  org.springframework.boot.cloud.CloudPlatform$4
4311:             1             24  org.springframework.boot.cloud.CloudPlatform$5
4312:             1             24  org.springframework.boot.cloud.CloudPlatform$6
4313:             1             24  org.springframework.boot.context.ContextIdApplicationContextInitializer$ContextId
4314:             1             24  org.springframework.boot.context.config.ConfigData
4315:             1             24  org.springframework.boot.context.config.ConfigDataEnvironmentContributors$BinderOption
4316:             1             24  org.springframework.boot.context.config.ConfigDataNotFoundAction$1
4317:             1             24  org.springframework.boot.context.config.ConfigDataNotFoundAction$2
4318:             1             24  org.springframework.boot.context.config.DelegatingApplicationListener
4319:             1             24  org.springframework.boot.context.logging.LoggingApplicationListener$Lifecycle
4320:             1             24  org.springframework.boot.context.properties.ConfigurationPropertiesBindingPostProcessor
4321:             1             24  org.springframework.boot.context.properties.PropertyMapper
4322:             1             24  org.springframework.boot.context.properties.bind.Bindable$BindRestriction
4323:             1             24  org.springframework.boot.context.properties.bind.DefaultBindConstructorProvider$Constructors
4324:             1             24  org.springframework.boot.context.properties.bind.JavaBeanBinder$Bean
4325:             1             24  org.springframework.boot.context.properties.bind.PropertySourcesPlaceholdersResolver
4326:             1             24  org.springframework.boot.context.properties.source.ConfigurationPropertySourcesPropertySource
4327:             1             24  org.springframework.boot.context.properties.source.DefaultPropertyMapper
4328:             1             24  org.springframework.boot.env.EnvironmentPostProcessorApplicationListener
4329:             1             24  org.springframework.boot.env.RandomValuePropertySource
4330:             1             24  org.springframework.boot.io.ApplicationResourceLoader
4331:             1             24  org.springframework.boot.loader.launch.JarFileArchive
4332:             1             24  org.springframework.boot.loader.net.protocol.jar.UrlJarFiles
4333:             1             24  org.springframework.boot.loader.net.protocol.jar.UrlJarFiles$Cache
4334:             1             24  org.springframework.boot.logging.AbstractLoggingSystem$LogLevels
4335:             1             24  org.springframework.boot.logging.DeferredLogs
4336:             1             24  org.springframework.boot.logging.LogFile
4337:             1             24  org.springframework.boot.logging.logback.LogbackLoggingSystem
4338:             1             24  org.springframework.boot.type.classreading.ConcurrentReferenceCachingMetadataReaderFactory
4339:             1             24  org.springframework.boot.validation.MessageSourceMessageInterpolator
4340:             1             24  org.springframework.boot.validation.beanvalidation.MethodValidationExcludeFilter$$Lambda/0x000000001231bd40
4341:             1             24  org.springframework.boot.web.context.WebServerGracefulShutdownLifecycle
4342:             1             24  org.springframework.boot.web.embedded.tomcat.TomcatServletWebServerFactory$StaticResourceConfigurer
4343:             1             24  org.springframework.boot.web.embedded.tomcat.TomcatStarter
4344:             1             24  org.springframework.boot.web.embedded.tomcat.TomcatWebServer$$Lambda/0x0000000012402a38
4345:             1             24  org.springframework.boot.web.server.ErrorPage
4346:             1             24  org.springframework.boot.web.server.ErrorPageRegistrarBeanPostProcessor
4347:             1             24  org.springframework.boot.web.server.MimeMappings$DefaultMimeMappings
4348:             1             24  org.springframework.boot.web.server.MimeMappings$LazyMimeMappingsCopy
4349:             1             24  org.springframework.boot.web.server.WebServerFactoryCustomizerBeanPostProcessor
4350:             1             24  org.springframework.boot.web.servlet.context.WebApplicationContextServletContextAwareProcessor
4351:             1             24  org.springframework.boot.web.servlet.context.WebServerStartStopLifecycle
4352:             1             24  org.springframework.boot.web.servlet.server.DocumentRoot
4353:             1             24  org.springframework.boot.web.servlet.server.Jsp
4354:             1             24  org.springframework.cglib.core.EmitUtils$ArrayDelimiters
4355:             1             24  org.springframework.cglib.core.internal.LoadingCache
4356:             1             24  org.springframework.context.annotation.ConfigurationClassEnhancer$ConditionalCallbackFilter
4357:             1             24  org.springframework.context.annotation.ContextAnnotationAutowireCandidateResolver
4358:             1             24  org.springframework.context.event.AbstractApplicationEventMulticaster$DefaultListenerRetriever
4359:             1             24  org.springframework.context.support.ApplicationContextAwareProcessor
4360:             1             24  org.springframework.context.support.PostProcessorRegistrationDelegate$BeanPostProcessorChecker
4361:             1             24  org.springframework.context.support.PropertySourcesPlaceholderConfigurer$$Lambda/0x00000000122e69a0
4362:             1             24  org.springframework.core.OrderComparator$$Lambda/0x000000001231e920
4363:             1             24  org.springframework.core.annotation.IntrospectionFailureLogger$1
4364:             1             24  org.springframework.core.annotation.IntrospectionFailureLogger$2
4365:             1             24  org.springframework.core.env.MapPropertySource
4366:             1             24  org.springframework.core.env.PropertySource$StubPropertySource
4367:             1             24  org.springframework.dao.annotation.PersistenceExceptionTranslationAdvisor
4368:             1             24  org.springframework.dao.support.PersistenceExceptionTranslationInterceptor
4369:             1             24  org.springframework.data.convert.Jsr310Converters$DateToInstantConverter
4370:             1             24  org.springframework.data.convert.Jsr310Converters$DateToLocalDateConverter
4371:             1             24  org.springframework.data.convert.Jsr310Converters$DateToLocalDateTimeConverter
4372:             1             24  org.springframework.data.convert.Jsr310Converters$DateToLocalTimeConverter
4373:             1             24  org.springframework.data.convert.Jsr310Converters$DurationToStringConverter
4374:             1             24  org.springframework.data.convert.Jsr310Converters$InstantToDateConverter
4375:             1             24  org.springframework.data.convert.Jsr310Converters$InstantToLocalDateTimeConverter
4376:             1             24  org.springframework.data.convert.Jsr310Converters$LocalDateTimeToDateConverter
4377:             1             24  org.springframework.data.convert.Jsr310Converters$LocalDateTimeToInstantConverter
4378:             1             24  org.springframework.data.convert.Jsr310Converters$LocalDateToDateConverter
4379:             1             24  org.springframework.data.convert.Jsr310Converters$LocalTimeToDateConverter
4380:             1             24  org.springframework.data.convert.Jsr310Converters$PeriodToStringConverter
4381:             1             24  org.springframework.data.convert.Jsr310Converters$StringToDurationConverter
4382:             1             24  org.springframework.data.convert.Jsr310Converters$StringToInstantConverter
4383:             1             24  org.springframework.data.convert.Jsr310Converters$StringToLocalDateConverter
4384:             1             24  org.springframework.data.convert.Jsr310Converters$StringToLocalDateTimeConverter
4385:             1             24  org.springframework.data.convert.Jsr310Converters$StringToPeriodConverter
4386:             1             24  org.springframework.data.convert.Jsr310Converters$StringToZoneIdConverter
4387:             1             24  org.springframework.data.convert.Jsr310Converters$ZoneIdToStringConverter
4388:             1             24  org.springframework.data.geo.format.DistanceFormatter
4389:             1             24  org.springframework.data.geo.format.PointFormatter
4390:             1             24  org.springframework.data.projection.ProxyProjectionFactory$MapAccessingMethodInterceptorFactory
4391:             1             24  org.springframework.data.projection.ProxyProjectionFactory$PropertyAccessingMethodInvokerFactory
4392:             1             24  org.springframework.data.redis.connection.RedisStreamCommands$XAddOptions
4393:             1             24  org.springframework.data.redis.connection.stream.Consumer
4394:             1             24  org.springframework.data.redis.connection.stream.StreamOffset
4395:             1             24  org.springframework.data.redis.core.RedisQueryEngine
4396:             1             24  org.springframework.data.redis.core.convert.BinaryConverters$BooleanToBytesConverter
4397:             1             24  org.springframework.data.redis.core.convert.MappingRedisConverter$NaturalOrderingKeyComparator
4398:             1             24  org.springframework.data.redis.core.convert.ReferenceResolverImpl
4399:             1             24  org.springframework.data.redis.listener.SynchronizingMessageListener
4400:             1             24  org.springframework.data.redis.serializer.ByteArrayRedisSerializer
4401:             1             24  org.springframework.data.redis.serializer.GenericJackson2JsonRedisSerializer$$Lambda/0x0000000012723c70
4402:             1             24  org.springframework.data.redis.serializer.GenericJackson2JsonRedisSerializer$NullValueSerializer
4403:             1             24  org.springframework.data.redis.serializer.GenericJackson2JsonRedisSerializer$TypeResolver
4404:             1             24  org.springframework.data.repository.config.RepositoryRegistrationAotProcessor
4405:             1             24  org.springframework.data.repository.support.DefaultRepositoryInvokerFactory
4406:             1             24  org.springframework.data.repository.support.DomainClassConverter$$Lambda/0x00000000126f0b00
4407:             1             24  org.springframework.data.repository.support.DomainClassConverter$ToEntityConverter
4408:             1             24  org.springframework.data.repository.support.DomainClassConverter$ToIdConverter
4409:             1             24  org.springframework.data.repository.support.Repositories$EmptyRepositoryFactoryInformation
4410:             1             24  org.springframework.data.spel.ExtensionAwareEvaluationContextProvider
4411:             1             24  org.springframework.data.util.Lazy$$Lambda/0x0000000012726000
4412:             1             24  org.springframework.data.util.NullableWrapperConverters$GuavaOptionalUnwrapper
4413:             1             24  org.springframework.data.util.NullableWrapperConverters$Jdk8OptionalUnwrapper
4414:             1             24  org.springframework.data.util.NullableWrapperConverters$NullableWrapperToGuavaOptionalConverter
4415:             1             24  org.springframework.data.util.NullableWrapperConverters$NullableWrapperToJdk8OptionalConverter
4416:             1             24  org.springframework.data.web.OffsetScrollPositionHandlerMethodArgumentResolver
4417:             1             24  org.springframework.http.HttpEntity
4418:             1             24  org.springframework.http.client.observation.ClientHttpObservationDocumentation$HighCardinalityKeyNames$1
4419:             1             24  org.springframework.http.client.observation.ClientHttpObservationDocumentation$HighCardinalityKeyNames$2
4420:             1             24  org.springframework.http.client.observation.ClientHttpObservationDocumentation$LowCardinalityKeyNames$1
4421:             1             24  org.springframework.http.client.observation.ClientHttpObservationDocumentation$LowCardinalityKeyNames$2
4422:             1             24  org.springframework.http.client.observation.ClientHttpObservationDocumentation$LowCardinalityKeyNames$3
4423:             1             24  org.springframework.http.client.observation.ClientHttpObservationDocumentation$LowCardinalityKeyNames$4
4424:             1             24  org.springframework.http.client.observation.ClientHttpObservationDocumentation$LowCardinalityKeyNames$5
4425:             1             24  org.springframework.http.client.observation.ClientHttpObservationDocumentation$LowCardinalityKeyNames$6
4426:             1             24  org.springframework.http.server.DefaultPathContainer
4427:             1             24  org.springframework.http.server.observation.ServerHttpObservationDocumentation$1
4428:             1             24  org.springframework.http.server.observation.ServerHttpObservationDocumentation$HighCardinalityKeyNames$1
4429:             1             24  org.springframework.http.server.observation.ServerHttpObservationDocumentation$LowCardinalityKeyNames$1
4430:             1             24  org.springframework.http.server.observation.ServerHttpObservationDocumentation$LowCardinalityKeyNames$2
4431:             1             24  org.springframework.http.server.observation.ServerHttpObservationDocumentation$LowCardinalityKeyNames$3
4432:             1             24  org.springframework.http.server.observation.ServerHttpObservationDocumentation$LowCardinalityKeyNames$4
4433:             1             24  org.springframework.http.server.observation.ServerHttpObservationDocumentation$LowCardinalityKeyNames$5
4434:             1             24  org.springframework.jdbc.core.namedparam.NamedParameterJdbcTemplate
4435:             1             24  org.springframework.jdbc.core.simple.DefaultJdbcClient
4436:             1             24  org.springframework.jmx.export.naming.MetadataNamingStrategy
4437:             1             24  org.springframework.jndi.JndiTemplate
4438:             1             24  org.springframework.scheduling.annotation.AsyncAnnotationAdvisor
4439:             1             24  org.springframework.scheduling.annotation.ProxyAsyncConfiguration
4440:             1             24  org.springframework.scheduling.config.CronTask
4441:             1             24  org.springframework.scheduling.support.CronExpression
4442:             1             24  org.springframework.scheduling.support.CronTrigger
4443:             1             24  org.springframework.scheduling.support.ScheduledTaskObservationDocumentation$1
4444:             1             24  org.springframework.scheduling.support.ScheduledTaskObservationDocumentation$LowCardinalityKeyNames$1
4445:             1             24  org.springframework.scheduling.support.ScheduledTaskObservationDocumentation$LowCardinalityKeyNames$2
4446:             1             24  org.springframework.scheduling.support.ScheduledTaskObservationDocumentation$LowCardinalityKeyNames$3
4447:             1             24  org.springframework.scheduling.support.ScheduledTaskObservationDocumentation$LowCardinalityKeyNames$4
4448:             1             24  org.springframework.scripting.support.StaticScriptSource
4449:             1             24  org.springframework.transaction.annotation.ProxyTransactionManagementConfiguration
4450:             1             24  org.springframework.transaction.interceptor.TransactionAttributeSourcePointcut
4451:             1             24  org.springframework.util.ConcurrentLruCache$DrainStatus$1
4452:             1             24  org.springframework.util.ConcurrentLruCache$DrainStatus$2
4453:             1             24  org.springframework.util.ConcurrentLruCache$DrainStatus$3
4454:             1             24  org.springframework.validation.DefaultMessageCodesResolver$Format$1
4455:             1             24  org.springframework.validation.DefaultMessageCodesResolver$Format$2
4456:             1             24  org.springframework.validation.beanvalidation.MethodValidationInterceptor
4457:             1             24  org.springframework.web.accept.MappingMediaTypeFileExtensionResolver
4458:             1             24  org.springframework.web.context.support.ServletContextPropertySource
4459:             1             24  org.springframework.web.context.support.ServletContextResource
4460:             1             24  org.springframework.web.context.support.ServletContextResourcePatternResolver
4461:             1             24  org.springframework.web.context.support.ServletContextScope
4462:             1             24  org.springframework.web.method.annotation.HandlerMethodValidator
4463:             1             24  org.springframework.web.method.annotation.RequestHeaderMethodArgumentResolver
4464:             1             24  org.springframework.web.method.support.CompositeUriComponentsContributor
4465:             1             24  org.springframework.web.reactive.function.client.ClientHttpObservationDocumentation$HighCardinalityKeyNames$1
4466:             1             24  org.springframework.web.reactive.function.client.ClientHttpObservationDocumentation$HighCardinalityKeyNames$2
4467:             1             24  org.springframework.web.reactive.function.client.ClientHttpObservationDocumentation$LowCardinalityKeyNames$1
4468:             1             24  org.springframework.web.reactive.function.client.ClientHttpObservationDocumentation$LowCardinalityKeyNames$2
4469:             1             24  org.springframework.web.reactive.function.client.ClientHttpObservationDocumentation$LowCardinalityKeyNames$3
4470:             1             24  org.springframework.web.reactive.function.client.ClientHttpObservationDocumentation$LowCardinalityKeyNames$4
4471:             1             24  org.springframework.web.reactive.function.client.ClientHttpObservationDocumentation$LowCardinalityKeyNames$5
4472:             1             24  org.springframework.web.reactive.function.client.ClientHttpObservationDocumentation$LowCardinalityKeyNames$6
4473:             1             24  org.springframework.web.reactive.function.client.ExchangeFunctions$DefaultExchangeFunction
4474:             1             24  org.springframework.web.servlet.function.support.HandlerFunctionAdapter
4475:             1             24  org.springframework.web.servlet.handler.HandlerExceptionResolverComposite
4476:             1             24  org.springframework.web.servlet.i18n.AcceptHeaderLocaleResolver
4477:             1             24  org.springframework.web.servlet.mvc.method.annotation.ReactiveTypeHandler
4478:             1             24  org.springframework.web.servlet.mvc.method.annotation.RequestPartMethodArgumentResolver
4479:             1             24  org.springframework.web.servlet.mvc.method.annotation.ResponseBodyEmitterReturnValueHandler
4480:             1             24  org.springframework.web.servlet.support.SessionFlashMapManager
4481:             1             24  org.springframework.web.servlet.view.ViewResolverComposite
4482:             1             24  org.springframework.web.util.UrlPathHelper$1
4483:             1             24  org.springframework.web.util.pattern.PathPattern$PathMatchInfo
4484:             1             24  org.springframework.web.util.pattern.PathPatternParser$1
4485:             1             24  org.yaml.snakeyaml.external.com.google.gdata.util.common.base.PercentEscaper
4486:             1             24  reactor.core.publisher.MonoFlatMap$FlatMapInner
4487:             1             24  reactor.core.publisher.SinkManyBestEffort
4488:             1             24  reactor.core.scheduler.DelegateServiceScheduler
4489:             1             24  reactor.core.scheduler.Schedulers$CachedScheduler
4490:             1             24  reactor.netty.http.client.HttpConnectionProvider
4491:             1             24  reactor.netty.resources.ColocatedEventLoopGroup
4492:             1             24  reactor.netty.resources.DefaultLoopResources$EventLoopFactory
4493:             1             24  reactor.netty.transport.NameResolverProvider$$Lambda/0x00000000127998d0
4494:             1             24  reactor.netty.transport.NameResolverProvider$$Lambda/0x0000000012799b18
4495:             1             24  sun.management.CompilationImpl (java.management@25)
4496:             1             24  sun.management.ManagementFactoryHelper$LoggingMXBeanAccess (java.management@25)
4497:             1             24  sun.management.ManagementFactoryHelper$PlatformLoggingImpl (java.management@25)
4498:             1             24  sun.management.MemoryImpl (java.management@25)
4499:             1             24  sun.management.RuntimeImpl (java.management@25)
4500:             1             24  sun.management.VMManagementImpl (java.management@25)
4501:             1             24  sun.net.www.protocol.http.Handler (java.base@25)
4502:             1             24  sun.nio.cs.GB18030 (java.base@25)
4503:             1             24  sun.nio.cs.GBK (java.base@25)
4504:             1             24  sun.nio.cs.IBM437 (java.base@25)
4505:             1             24  sun.nio.cs.IBM850 (java.base@25)
4506:             1             24  sun.nio.cs.IBM852 (java.base@25)
4507:             1             24  sun.nio.cs.IBM866 (java.base@25)
4508:             1             24  sun.nio.cs.ISO_8859_1 (java.base@25)
4509:             1             24  sun.nio.cs.ISO_8859_13 (java.base@25)
4510:             1             24  sun.nio.cs.ISO_8859_2 (java.base@25)
4511:             1             24  sun.nio.cs.ISO_8859_7 (java.base@25)
4512:             1             24  sun.nio.cs.ISO_8859_9 (java.base@25)
4513:             1             24  sun.nio.cs.KOI8_R (java.base@25)
4514:             1             24  sun.nio.cs.MS1250 (java.base@25)
4515:             1             24  sun.nio.cs.MS1251 (java.base@25)
4516:             1             24  sun.nio.cs.MS1252 (java.base@25)
4517:             1             24  sun.nio.cs.MS1256 (java.base@25)
4518:             1             24  sun.nio.cs.MS1257 (java.base@25)
4519:             1             24  sun.nio.cs.MS932 (java.base@25)
4520:             1             24  sun.nio.cs.MS936 (java.base@25)
4521:             1             24  sun.nio.cs.SJIS (java.base@25)
4522:             1             24  sun.nio.cs.StandardCharsets (java.base@25)
4523:             1             24  sun.nio.cs.ThreadLocalCoders$1 (java.base@25)
4524:             1             24  sun.nio.cs.ThreadLocalCoders$2 (java.base@25)
4525:             1             24  sun.nio.cs.US_ASCII (java.base@25)
4526:             1             24  sun.nio.cs.UTF_16 (java.base@25)
4527:             1             24  sun.nio.cs.UTF_16BE (java.base@25)
4528:             1             24  sun.nio.cs.UTF_16LE (java.base@25)
4529:             1             24  sun.nio.cs.UTF_32 (java.base@25)
4530:             1             24  sun.nio.cs.UTF_32BE (java.base@25)
4531:             1             24  sun.nio.cs.UTF_32LE (java.base@25)
4532:             1             24  sun.nio.cs.UTF_8 (java.base@25)
4533:             1             24  sun.nio.fs.WindowsFileSystem (java.base@25)
4534:             1             24  sun.nio.fs.WindowsSecurityDescriptor (java.base@25)
4535:             1             24  sun.reflect.annotation.TypeAnnotation$LocationInfo (java.base@25)
4536:             1             24  sun.util.cldr.CLDRCalendarDataProviderImpl (java.base@25)
4537:             1             24  sun.util.cldr.CLDRTimeZoneNameProviderImpl (java.base@25)
4538:             1             24  sun.util.locale.provider.CalendarProviderImpl (java.base@25)
4539:             1             24  sun.util.locale.provider.DateFormatSymbolsProviderImpl (java.base@25)
4540:             1             24  sun.util.locale.provider.DecimalFormatSymbolsProviderImpl (java.base@25)
4541:             1             24  sun.util.locale.provider.NumberFormatProviderImpl (java.base@25)
4542:             1             24  sun.util.locale.provider.TimeZoneNameProviderImpl (java.base@25)
4543:             1             16  [Lcom.fasterxml.classmate.members.RawConstructor;
4544:             1             16  [Lcom.fasterxml.classmate.members.RawField;
4545:             1             16  [Lcom.fasterxml.classmate.members.ResolvedConstructor;
4546:             1             16  [Lcom.fasterxml.classmate.members.ResolvedField;
4547:             1             16  [Lcom.fasterxml.classmate.members.ResolvedMethod;
4548:             1             16  [Lcom.fasterxml.jackson.databind.AbstractTypeResolver;
4549:             1             16  [Lcom.fasterxml.jackson.databind.util.ClassUtil$Ctor;
4550:             1             16  [Lio.micrometer.common.KeyValue;
4551:             1             16  [Lio.micrometer.common.docs.KeyName;
4552:             1             16  [Lio.micrometer.core.instrument.distribution.ValueAtPercentile;
4553:             1             16  [Lio.micrometer.observation.Observation$Event;
4554:             1             16  [Lio.netty.handler.codec.dns.DnsRecord;
4555:             1             16  [Lio.netty.util.AsciiString;
4556:             1             16  [Ljava.beans.EventSetDescriptor; (java.desktop@25)
4557:             1             16  [Ljava.beans.PropertyChangeListener; (java.desktop@25)
4558:             1             16  [Ljava.lang.classfile.Attribute; (java.base@25)
4559:             1             16  [Ljava.lang.classfile.attribute.StackMapFrameInfo; (java.base@25)
4560:             1             16  [Ljava.lang.classfile.constantpool.ClassEntry; (java.base@25)
4561:             1             16  [Ljava.lang.classfile.instruction.CharacterRange; (java.base@25)
4562:             1             16  [Ljava.lang.classfile.instruction.LocalVariable; (java.base@25)
4563:             1             16  [Ljava.lang.classfile.instruction.LocalVariableType; (java.base@25)
4564:             1             16  [Ljava.lang.management.ThreadInfo; (java.management@25)
4565:             1             16  [Ljava.lang.reflect.AnnotatedType; (java.base@25)
4566:             1             16  [Ljava.security.Provider; (java.base@25)
4567:             1             16  [Ljava.security.cert.X509Certificate; (java.base@25)
4568:             1             16  [Ljava.text.FieldPosition; (java.base@25)
4569:             1             16  [Ljava.time.zone.ZoneOffsetTransitionRule; (java.base@25)
4570:             1             16  [Ljava.util.logging.Handler; (java.logging@25)
4571:             1             16  [Ljavax.security.cert.X509Certificate; (java.base@25)
4572:             1             16  [Ljdk.internal.classfile.impl.DirectCodeBuilder$DeferredLabel; (java.base@25)
4573:             1             16  [Ljdk.internal.classfile.impl.StackMapGenerator$Frame; (java.base@25)
4574:             1             16  [Ljdk.internal.classfile.impl.Util$Writable; (java.base@25)
4575:             1             16  [Lorg.apache.catalina.core.DefaultInstanceManager$AnnotationCacheEntry;
4576:             1             16  [Lorg.apache.tomcat.util.descriptor.web.ApplicationParameter;
4577:             1             16  [Lorg.apache.tomcat.util.descriptor.web.SecurityConstraint;
4578:             1             16  [Lorg.apache.tomcat.util.modeler.NotificationInfo;
4579:             1             16  [Lorg.springframework.boot.autoconfigure.web.reactive.function.client.ReactorNettyHttpClientMapper;
4580:             1             16  [Lorg.springframework.data.domain.Sort$Order;
4581:             1             16  [Lorg.springframework.web.context.request.async.CallableProcessingInterceptor;
4582:             1             16  [Lorg.springframework.web.context.request.async.DeferredResultProcessingInterceptor;
4583:             1             16  [Lsun.reflect.annotation.TypeAnnotation$LocationInfo$Location; (java.base@25)
4584:             1             16  ch.qos.logback.classic.util.ContextInitializer$1
4585:             1             16  ch.qos.logback.core.LifeCycleManager
4586:             1             16  ch.qos.logback.core.joran.spi.ConsoleTarget$1
4587:             1             16  ch.qos.logback.core.joran.spi.ConsoleTarget$2
4588:             1             16  ch.qos.logback.core.rolling.LengthCounterBase
4589:             1             16  ch.qos.logback.core.spi.AppenderAttachableImpl
4590:             1             16  cn.dev33.satoken.annotation.handler.SaCheckDisableHandler
4591:             1             16  cn.dev33.satoken.annotation.handler.SaCheckHttpBasicHandler
4592:             1             16  cn.dev33.satoken.annotation.handler.SaCheckHttpDigestHandler
4593:             1             16  cn.dev33.satoken.annotation.handler.SaCheckLoginHandler
4594:             1             16  cn.dev33.satoken.annotation.handler.SaCheckOrHandler
4595:             1             16  cn.dev33.satoken.annotation.handler.SaCheckPermissionHandler
4596:             1             16  cn.dev33.satoken.annotation.handler.SaCheckRoleHandler
4597:             1             16  cn.dev33.satoken.annotation.handler.SaCheckSafeHandler
4598:             1             16  cn.dev33.satoken.annotation.handler.SaIgnoreHandler
4599:             1             16  cn.dev33.satoken.dao.SaTokenDaoRedisJackson$$Lambda/0x0000000012729740
4600:             1             16  cn.dev33.satoken.filter.SaPathCheckFilterForJakartaServlet
4601:             1             16  cn.dev33.satoken.interceptor.SaInterceptor$$Lambda/0x00000000126f2ab0
4602:             1             16  cn.dev33.satoken.listener.SaTokenListenerForLog
4603:             1             16  cn.dev33.satoken.log.SaLogForConsole
4604:             1             16  cn.dev33.satoken.spring.SaBeanInject
4605:             1             16  cn.dev33.satoken.spring.SaBeanRegister
4606:             1             16  cn.dev33.satoken.spring.SaTokenContextForSpringInJakartaServlet
4607:             1             16  cn.dev33.satoken.spring.SaTokenContextRegister
4608:             1             16  cn.dev33.satoken.spring.json.SaJsonTemplateForJackson
4609:             1             16  cn.dev33.satoken.strategy.SaAnnotationStrategy$$Lambda/0x00000000128006a8
4610:             1             16  cn.dev33.satoken.strategy.SaAnnotationStrategy$$Lambda/0x0000000012800900
4611:             1             16  cn.dev33.satoken.strategy.SaAnnotationStrategy$$Lambda/0x0000000012800b50
4612:             1             16  cn.dev33.satoken.strategy.SaStrategy$$Lambda/0x0000000012728218
4613:             1             16  cn.dev33.satoken.strategy.SaStrategy$$Lambda/0x0000000012728468
4614:             1             16  cn.dev33.satoken.strategy.SaStrategy$$Lambda/0x00000000127286c8
4615:             1             16  cn.dev33.satoken.strategy.SaStrategy$$Lambda/0x0000000012728918
4616:             1             16  cn.dev33.satoken.strategy.SaStrategy$$Lambda/0x00000000127292b8
4617:             1             16  cn.dev33.satoken.strategy.SaStrategy$$Lambda/0x0000000012729518
4618:             1             16  cn.hutool.extra.spring.SpringUtil
4619:             1             16  com.alibaba.fastjson2.JSONFactory$$Lambda/0x000000001282ea00
4620:             1             16  com.alibaba.fastjson2.JSONPathCompilerReflect
4621:             1             16  com.alibaba.fastjson2.JSONPathCompilerReflectASM
4622:             1             16  com.alibaba.fastjson2.function.impl.ToBigDecimal
4623:             1             16  com.alibaba.fastjson2.function.impl.ToBigInteger
4624:             1             16  com.alibaba.fastjson2.function.impl.ToNumber
4625:             1             16  com.alibaba.fastjson2.function.impl.ToString
4626:             1             16  com.alibaba.fastjson2.reader.ObjectArrayReader
4627:             1             16  com.alibaba.fastjson2.reader.ObjectReaderBaseModule$$Lambda/0x000000001289e610
4628:             1             16  com.alibaba.fastjson2.reader.ObjectReaderBaseModule$$Lambda/0x00000000128a04a8
4629:             1             16  com.alibaba.fastjson2.reader.ObjectReaderBaseModule$$Lambda/0x00000000128a06f0
4630:             1             16  com.alibaba.fastjson2.reader.ObjectReaderBaseModule$$Lambda/0x00000000128a0938
4631:             1             16  com.alibaba.fastjson2.reader.ObjectReaderBaseModule$ReaderAnnotationProcessor
4632:             1             16  com.alibaba.fastjson2.reader.ObjectReaderCreator$$Lambda/0x0000000012930ac8
4633:             1             16  com.alibaba.fastjson2.reader.ObjectReaderCreator$$Lambda/0x0000000012931b08
4634:             1             16  com.alibaba.fastjson2.reader.ObjectReaderCreatorASM$$Lambda/0x0000000012933b40
4635:             1             16  com.alibaba.fastjson2.reader.ObjectReaderCreatorASM$$Lambda/0x0000000012936ec0
4636:             1             16  com.alibaba.fastjson2.reader.ObjectReaderCreatorASM$$Lambda/0x0000000012937590
4637:             1             16  com.alibaba.fastjson2.reader.ObjectReaderCreatorASM$$Lambda/0x0000000012937a28
4638:             1             16  com.alibaba.fastjson2.reader.ObjectReaderImplBoolean
4639:             1             16  com.alibaba.fastjson2.reader.ObjectReaderImplInt64
4640:             1             16  com.alibaba.fastjson2.reader.ObjectReaderImplMap$$Lambda/0x000000001288b458
4641:             1             16  com.alibaba.fastjson2.reader.ObjectReaderImplString
4642:             1             16  com.alibaba.fastjson2.util.TypeUtils$Cache
4643:             1             16  com.alibaba.fastjson2.writer.ObjectWriterBaseModule$VoidObjectWriter
4644:             1             16  com.alibaba.fastjson2.writer.ObjectWriterBaseModule$WriterAnnotationProcessor
4645:             1             16  com.alibaba.fastjson2.writer.ObjectWriterImplBoolean
4646:             1             16  com.alibaba.fastjson2.writer.ObjectWriterImplString
4647:             1             16  com.alibaba.ttl.TransmittableThreadLocal$1
4648:             1             16  com.baomidou.mybatisplus.autoconfigure.DdlAutoConfiguration
4649:             1             16  com.baomidou.mybatisplus.autoconfigure.MybatisPlusProperties$$Lambda/0x00000000125706d0
4650:             1             16  com.baomidou.mybatisplus.core.MybatisConfiguration$$Lambda/0x000000001256afa0
4651:             1             16  com.baomidou.mybatisplus.core.MybatisMapperAnnotationBuilder$$Lambda/0x0000000012579c38
4652:             1             16  com.baomidou.mybatisplus.core.MybatisMapperAnnotationBuilder$$Lambda/0x000000001257de68
4653:             1             16  com.baomidou.mybatisplus.core.MybatisMapperAnnotationBuilder$$Lambda/0x000000001257e0b0
4654:             1             16  com.baomidou.mybatisplus.core.MybatisMapperAnnotationBuilder$$Lambda/0x000000001257e2f8
4655:             1             16  com.baomidou.mybatisplus.core.MybatisMapperAnnotationBuilder$$Lambda/0x00000000125844c8
4656:             1             16  com.baomidou.mybatisplus.core.MybatisXMLLanguageDriver
4657:             1             16  com.baomidou.mybatisplus.core.MybatisXMLScriptBuilder$$Lambda/0x00000000125830e8
4658:             1             16  com.baomidou.mybatisplus.core.MybatisXMLScriptBuilder$$Lambda/0x0000000012590238
4659:             1             16  com.baomidou.mybatisplus.core.conditions.segments.MatchSegment$$Lambda/0x00000000128eb000
4660:             1             16  com.baomidou.mybatisplus.core.conditions.segments.MatchSegment$$Lambda/0x00000000128eb258
4661:             1             16  com.baomidou.mybatisplus.core.conditions.segments.MatchSegment$$Lambda/0x00000000128eb4b0
4662:             1             16  com.baomidou.mybatisplus.core.conditions.segments.MatchSegment$$Lambda/0x00000000128ef0c0
4663:             1             16  com.baomidou.mybatisplus.core.conditions.segments.MatchSegment$$Lambda/0x00000000128ef318
4664:             1             16  com.baomidou.mybatisplus.core.conditions.segments.MatchSegment$$Lambda/0x00000000128ef570
4665:             1             16  com.baomidou.mybatisplus.core.conditions.segments.MatchSegment$$Lambda/0x00000000128ef7c8
4666:             1             16  com.baomidou.mybatisplus.core.conditions.segments.MatchSegment$$Lambda/0x00000000128efa20
4667:             1             16  com.baomidou.mybatisplus.core.conditions.segments.MatchSegment$$Lambda/0x00000000128efc78
4668:             1             16  com.baomidou.mybatisplus.core.conditions.segments.NormalSegmentList$$Lambda/0x00000000128f1758
4669:             1             16  com.baomidou.mybatisplus.core.config.GlobalConfig$1
4670:             1             16  com.baomidou.mybatisplus.core.config.GlobalConfig$2
4671:             1             16  com.baomidou.mybatisplus.core.incrementer.DefaultIdentifierGenerator
4672:             1             16  com.baomidou.mybatisplus.core.injector.DefaultSqlInjector
4673:             1             16  com.baomidou.mybatisplus.core.injector.methods.DeleteById$$Lambda/0x000000001261f588
4674:             1             16  com.baomidou.mybatisplus.core.injector.methods.DeleteById$$Lambda/0x000000001261f7e0
4675:             1             16  com.baomidou.mybatisplus.core.injector.methods.DeleteById$$Lambda/0x000000001261fa38
4676:             1             16  com.baomidou.mybatisplus.core.injector.methods.DeleteByIds$$Lambda/0x000000001261fc80
4677:             1             16  com.baomidou.mybatisplus.core.injector.methods.DeleteByIds$$Lambda/0x0000000012624000
4678:             1             16  com.baomidou.mybatisplus.core.injector.methods.DeleteByIds$$Lambda/0x0000000012624258
4679:             1             16  com.baomidou.mybatisplus.core.metadata.TableInfo$$Lambda/0x0000000012588800
4680:             1             16  com.baomidou.mybatisplus.core.metadata.TableInfo$$Lambda/0x0000000012588ca8
4681:             1             16  com.baomidou.mybatisplus.core.metadata.TableInfo$$Lambda/0x0000000012590db0
4682:             1             16  com.baomidou.mybatisplus.core.metadata.TableInfo$$Lambda/0x0000000012591928
4683:             1             16  com.baomidou.mybatisplus.core.metadata.TableInfo$$Lambda/0x0000000012591ff0
4684:             1             16  com.baomidou.mybatisplus.core.metadata.TableInfo$$Lambda/0x0000000012592248
4685:             1             16  com.baomidou.mybatisplus.core.metadata.TableInfoHelper$$Lambda/0x000000001258cd90
4686:             1             16  com.baomidou.mybatisplus.core.toolkit.GlobalConfigUtils$$Lambda/0x0000000012574648
4687:             1             16  com.baomidou.mybatisplus.core.toolkit.IdWorker$$Lambda/0x00000000125755c0
4688:             1             16  com.baomidou.mybatisplus.core.toolkit.ReflectionKit$$Lambda/0x000000001258d1c8
4689:             1             16  com.baomidou.mybatisplus.core.toolkit.ReflectionKit$$Lambda/0x000000001258d410
4690:             1             16  com.baomidou.mybatisplus.core.toolkit.ReflectionKit$$Lambda/0x000000001258d658
4691:             1             16  com.baomidou.mybatisplus.core.toolkit.ReflectionKit$$Lambda/0x000000001258d8a8
4692:             1             16  com.baomidou.mybatisplus.core.toolkit.ReflectionKit$$Lambda/0x000000001258df70
4693:             1             16  com.baomidou.mybatisplus.core.toolkit.ReflectionKit$$Lambda/0x000000001258e1c8
4694:             1             16  com.baomidou.mybatisplus.extension.plugins.MybatisPlusInterceptor
4695:             1             16  com.baomidou.mybatisplus.extension.spi.SpringCompatibleSet
4696:             1             16  com.baomidou.mybatisplus.extension.spring.MybatisPlusApplicationContextAware
4697:             1             16  com.baomidou.mybatisplus.extension.spring.MybatisSqlSessionFactoryBean$$Lambda/0x0000000012572740
4698:             1             16  com.baomidou.mybatisplus.extension.spring.MybatisSqlSessionFactoryBean$$Lambda/0x0000000012572968
4699:             1             16  com.baomidou.mybatisplus.extension.spring.MybatisSqlSessionFactoryBean$$Lambda/0x0000000012574420
4700:             1             16  com.fasterxml.classmate.TypeResolver
4701:             1             16  com.fasterxml.jackson.annotation.JsonIncludeProperties$Value
4702:             1             16  com.fasterxml.jackson.core.StreamWriteConstraints
4703:             1             16  com.fasterxml.jackson.core.io.JsonStringEncoder
4704:             1             16  com.fasterxml.jackson.core.util.DefaultPrettyPrinter$FixedSpaceIndenter
4705:             1             16  com.fasterxml.jackson.core.util.DefaultPrettyPrinter$NopIndenter
4706:             1             16  com.fasterxml.jackson.core.util.JsonRecyclerPools$ThreadLocalPool
4707:             1             16  com.fasterxml.jackson.databind.deser.impl.JDKValueInstantiators$ArrayListInstantiator
4708:             1             16  com.fasterxml.jackson.databind.deser.impl.JDKValueInstantiators$ConcurrentHashMapInstantiator
4709:             1             16  com.fasterxml.jackson.databind.deser.impl.JDKValueInstantiators$LinkedHashMapInstantiator
4710:             1             16  com.fasterxml.jackson.databind.deser.std.StdKeyDeserializers
4711:             1             16  com.fasterxml.jackson.databind.ext.Java7HandlersImpl
4712:             1             16  com.fasterxml.jackson.databind.ext.Java7SupportImpl
4713:             1             16  com.fasterxml.jackson.databind.introspect.AnnotationCollector$EmptyCollector
4714:             1             16  com.fasterxml.jackson.databind.introspect.AnnotationCollector$NoAnnotations
4715:             1             16  com.fasterxml.jackson.databind.introspect.NopAnnotationIntrospector$1
4716:             1             16  com.fasterxml.jackson.databind.jsontype.impl.LaissezFaireSubTypeValidator
4717:             1             16  com.fasterxml.jackson.databind.jsontype.impl.SubTypeValidator
4718:             1             16  com.fasterxml.jackson.databind.node.JsonNodeFactory
4719:             1             16  com.fasterxml.jackson.databind.node.NullNode
4720:             1             16  com.fasterxml.jackson.databind.node.TextNode
4721:             1             16  com.fasterxml.jackson.databind.ser.impl.UnknownSerializer
4722:             1             16  com.fasterxml.jackson.databind.ser.std.ByteArraySerializer
4723:             1             16  com.fasterxml.jackson.databind.ser.std.NullSerializer
4724:             1             16  com.fasterxml.jackson.databind.ser.std.StdArraySerializers$CharArraySerializer
4725:             1             16  com.fasterxml.jackson.databind.ser.std.StdKeySerializer
4726:             1             16  com.fasterxml.jackson.databind.ser.std.StdKeySerializers$StringKeySerializer
4727:             1             16  com.fasterxml.jackson.databind.ser.std.StringSerializer
4728:             1             16  com.fasterxml.jackson.databind.util.NameTransformer$NopTransformer
4729:             1             16  com.fasterxml.jackson.databind.util.ViewMatcher
4730:             1             16  com.fasterxml.jackson.datatype.jsr310.deser.InstantDeserializer$$Lambda/0x0000000012234bd8
4731:             1             16  com.fasterxml.jackson.datatype.jsr310.deser.InstantDeserializer$$Lambda/0x0000000012235248
4732:             1             16  com.fasterxml.jackson.datatype.jsr310.deser.InstantDeserializer$$Lambda/0x00000000122356a8
4733:             1             16  com.fasterxml.jackson.datatype.jsr310.deser.InstantDeserializer$$Lambda/0x00000000122358f0
4734:             1             16  com.fasterxml.jackson.datatype.jsr310.deser.InstantDeserializer$$Lambda/0x0000000012235d70
4735:             1             16  com.fasterxml.jackson.datatype.jsr310.deser.InstantDeserializer$$Lambda/0x0000000012235fb8
4736:             1             16  com.fasterxml.jackson.datatype.jsr310.deser.InstantDeserializer$$Lambda/0x0000000012236200
4737:             1             16  com.fasterxml.jackson.datatype.jsr310.deser.InstantDeserializer$$Lambda/0x0000000012236448
4738:             1             16  com.fasterxml.jackson.datatype.jsr310.deser.InstantDeserializer$$Lambda/0x0000000012236680
4739:             1             16  com.fasterxml.jackson.datatype.jsr310.deser.InstantDeserializer$$Lambda/0x00000000122368c8
4740:             1             16  com.fasterxml.jackson.datatype.jsr310.deser.InstantDeserializer$$Lambda/0x0000000012236b10
4741:             1             16  com.fasterxml.jackson.datatype.jsr310.deser.InstantDeserializer$$Lambda/0x0000000012236d58
4742:             1             16  com.fasterxml.jackson.datatype.jsr310.deser.key.DurationKeyDeserializer
4743:             1             16  com.fasterxml.jackson.datatype.jsr310.deser.key.InstantKeyDeserializer
4744:             1             16  com.fasterxml.jackson.datatype.jsr310.deser.key.LocalDateKeyDeserializer
4745:             1             16  com.fasterxml.jackson.datatype.jsr310.deser.key.LocalDateTimeKeyDeserializer
4746:             1             16  com.fasterxml.jackson.datatype.jsr310.deser.key.LocalTimeKeyDeserializer
4747:             1             16  com.fasterxml.jackson.datatype.jsr310.deser.key.MonthDayKeyDeserializer
4748:             1             16  com.fasterxml.jackson.datatype.jsr310.deser.key.OffsetDateTimeKeyDeserializer
4749:             1             16  com.fasterxml.jackson.datatype.jsr310.deser.key.OffsetTimeKeyDeserializer
4750:             1             16  com.fasterxml.jackson.datatype.jsr310.deser.key.PeriodKeyDeserializer
4751:             1             16  com.fasterxml.jackson.datatype.jsr310.deser.key.YearKeyDeserializer
4752:             1             16  com.fasterxml.jackson.datatype.jsr310.deser.key.YearMonthKeyDeserializer
4753:             1             16  com.fasterxml.jackson.datatype.jsr310.deser.key.ZoneIdKeyDeserializer
4754:             1             16  com.fasterxml.jackson.datatype.jsr310.deser.key.ZoneOffsetKeyDeserializer
4755:             1             16  com.fasterxml.jackson.datatype.jsr310.deser.key.ZonedDateTimeKeyDeserializer
4756:             1             16  com.fasterxml.jackson.datatype.jsr310.ser.InstantSerializer$$Lambda/0x0000000012238a68
4757:             1             16  com.fasterxml.jackson.datatype.jsr310.ser.InstantSerializer$$Lambda/0x0000000012238c90
4758:             1             16  com.fasterxml.jackson.datatype.jsr310.ser.InstantSerializer$$Lambda/0x0000000012238eb8
4759:             1             16  com.fasterxml.jackson.datatype.jsr310.ser.OffsetDateTimeSerializer$$Lambda/0x00000000122390e0
4760:             1             16  com.fasterxml.jackson.datatype.jsr310.ser.OffsetDateTimeSerializer$$Lambda/0x0000000012239308
4761:             1             16  com.fasterxml.jackson.datatype.jsr310.ser.OffsetDateTimeSerializer$$Lambda/0x0000000012239530
4762:             1             16  com.fasterxml.jackson.datatype.jsr310.ser.ZonedDateTimeSerializer$$Lambda/0x0000000012239758
4763:             1             16  com.fasterxml.jackson.datatype.jsr310.ser.ZonedDateTimeSerializer$$Lambda/0x0000000012239980
4764:             1             16  com.fasterxml.jackson.datatype.jsr310.ser.ZonedDateTimeSerializer$$Lambda/0x0000000012239ba8
4765:             1             16  com.fasterxml.jackson.datatype.jsr310.ser.key.ZonedDateTimeKeySerializer
4766:             1             16  com.flashchat.cache.config.CacheAutoConfiguration
4767:             1             16  com.flashchat.cache.config.LocalCacheManager$NullValueMarker
4768:             1             16  com.flashchat.cache.toolkit.CacheUtil$$Lambda/0x0000000012805870
4769:             1             16  com.flashchat.cache.toolkit.CacheUtil$$Lambda/0x0000000012806328
4770:             1             16  com.flashchat.chatservice.audit.MessageAuditChain
4771:             1             16  com.flashchat.chatservice.audit.MessageAuditChain$$Lambda/0x00000000124488e8
4772:             1             16  com.flashchat.chatservice.audit.hander.ContentLengthAuditHandler
4773:             1             16  com.flashchat.chatservice.audit.hander.SensitiveWordAuditHandler$DfaAutomaton$$Lambda/0x0000000012442490
4774:             1             16  com.flashchat.chatservice.cache.RoomCacheGetFilter
4775:             1             16  com.flashchat.chatservice.cache.RoomCacheIfAbsentHandler
4776:             1             16  com.flashchat.chatservice.config.AsyncConfiguration$$Lambda/0x00000000126da978
4777:             1             16  com.flashchat.chatservice.config.MyMetaObjectHandler
4778:             1             16  com.flashchat.chatservice.config.RoomMemberCountReconcileJob$$Lambda/0x00000000129726a8
4779:             1             16  com.flashchat.chatservice.config.RoomMemberCountReconcileJob$$Lambda/0x0000000012972908
4780:             1             16  com.flashchat.chatservice.config.RoomMemberCountReconcileJob$$Lambda/0x0000000012972b68
4781:             1             16  com.flashchat.chatservice.config.RoomMemberCountReconcileJob$$Lambda/0x0000000012972dc8
4782:             1             16  com.flashchat.chatservice.config.SaTokenExceptionHandler
4783:             1             16  com.flashchat.chatservice.config.WebSocketThreadPoolConfig$WsRejectPolicy
4784:             1             16  com.flashchat.chatservice.controller.ChatController
4785:             1             16  com.flashchat.chatservice.controller.FileController
4786:             1             16  com.flashchat.chatservice.controller.RoomController
4787:             1             16  com.flashchat.chatservice.dao.enums.MessageTypeEnum$$Lambda/0x0000000012684dd0
4788:             1             16  com.flashchat.chatservice.delay.RoomExpireCompensateJob$$Lambda/0x0000000012949c50
4789:             1             16  com.flashchat.chatservice.delay.RoomExpireCompensateJob$$Lambda/0x000000001294a310
4790:             1             16  com.flashchat.chatservice.delay.RoomExpireCompensateJob$$Lambda/0x000000001294a7c0
4791:             1             16  com.flashchat.chatservice.delay.RoomExpireCompensateJob$$Lambda/0x000000001294aa20
4792:             1             16  com.flashchat.chatservice.delay.RoomExpireCompensateJob$$Lambda/0x000000001294ac80
4793:             1             16  com.flashchat.chatservice.delay.RoomExpireCompensateJob$$Lambda/0x000000001294aee0
4794:             1             16  com.flashchat.chatservice.delay.consumer.RoomDelayConsumer$$Lambda/0x000000001267fa08
4795:             1             16  com.flashchat.chatservice.delay.producer.RoomDelayProducer
4796:             1             16  com.flashchat.chatservice.listener.GameEndedListener
4797:             1             16  com.flashchat.chatservice.service.dispatch.RoomSideEffectMailbox$$Lambda/0x000000001267e830
4798:             1             16  com.flashchat.chatservice.service.impl.ChatServiceImpl$$Lambda/0x0000000012947458
4799:             1             16  com.flashchat.chatservice.service.impl.ChatServiceImpl$$Lambda/0x00000000129476b8
4800:             1             16  com.flashchat.chatservice.service.impl.ChatServiceImpl$$Lambda/0x0000000012947918
4801:             1             16  com.flashchat.chatservice.service.impl.MessageWindowServiceImpl$$Lambda/0x0000000012948248
4802:             1             16  com.flashchat.chatservice.service.impl.RoomMemberServiceImpl$$Lambda/0x00000000128fb758
4803:             1             16  com.flashchat.chatservice.service.impl.RoomMemberServiceImpl$$Lambda/0x00000000128fb9b8
4804:             1             16  com.flashchat.chatservice.service.impl.RoomMemberServiceImpl$$Lambda/0x00000000129770a0
4805:             1             16  com.flashchat.chatservice.service.impl.RoomServiceImpl$$Lambda/0x00000000128ebd70
4806:             1             16  com.flashchat.chatservice.service.impl.RoomServiceImpl$$Lambda/0x00000000128edf08
4807:             1             16  com.flashchat.chatservice.service.impl.RoomServiceImpl$$Lambda/0x00000000128f22b0
4808:             1             16  com.flashchat.chatservice.service.impl.RoomServiceImpl$$Lambda/0x00000000128f2510
4809:             1             16  com.flashchat.chatservice.service.impl.RoomServiceImpl$$Lambda/0x00000000128f6c00
4810:             1             16  com.flashchat.chatservice.service.impl.RoomServiceImpl$$Lambda/0x00000000128f7d48
4811:             1             16  com.flashchat.chatservice.service.impl.RoomServiceImpl$$Lambda/0x00000000128f8000
4812:             1             16  com.flashchat.chatservice.service.impl.RoomServiceImpl$$Lambda/0x00000000128fec00
4813:             1             16  com.flashchat.chatservice.service.impl.RoomServiceImpl$$Lambda/0x000000001293ef10
4814:             1             16  com.flashchat.chatservice.service.impl.RoomServiceImpl$$Lambda/0x000000001293f3d0
4815:             1             16  com.flashchat.chatservice.service.impl.RoomServiceImpl$$Lambda/0x0000000012960620
4816:             1             16  com.flashchat.chatservice.service.impl.RoomServiceImpl$$Lambda/0x0000000012960880
4817:             1             16  com.flashchat.chatservice.service.impl.RoomServiceImpl$$Lambda/0x0000000012960d30
4818:             1             16  com.flashchat.chatservice.service.impl.RoomServiceImpl$$Lambda/0x0000000012973b20
4819:             1             16  com.flashchat.chatservice.service.impl.RoomServiceImpl$$Lambda/0x0000000012973d80
4820:             1             16  com.flashchat.chatservice.service.impl.RoomServiceImpl$$Lambda/0x0000000012976000
4821:             1             16  com.flashchat.chatservice.service.impl.RoomServiceImpl$$Lambda/0x0000000012976260
4822:             1             16  com.flashchat.chatservice.service.impl.RoomServiceImpl$$Lambda/0x00000000129764c0
4823:             1             16  com.flashchat.chatservice.service.impl.RoomServiceImpl$$Lambda/0x0000000012976720
4824:             1             16  com.flashchat.chatservice.service.impl.RoomServiceImpl$$Lambda/0x0000000012976980
4825:             1             16  com.flashchat.chatservice.service.impl.RoomServiceImpl$$Lambda/0x0000000012976be0
4826:             1             16  com.flashchat.chatservice.service.impl.RoomServiceImpl$$Lambda/0x0000000012976e40
4827:             1             16  com.flashchat.chatservice.service.impl.RoomServiceImpl$$Lambda/0x0000000012977540
4828:             1             16  com.flashchat.chatservice.service.impl.RoomServiceImpl$$Lambda/0x00000000129777a0
4829:             1             16  com.flashchat.chatservice.service.impl.RoomServiceImpl$$Lambda/0x0000000012977a00
4830:             1             16  com.flashchat.chatservice.service.impl.RoomServiceImpl$$Lambda/0x0000000012978b48
4831:             1             16  com.flashchat.chatservice.service.impl.RoomServiceImpl$$Lambda/0x0000000012978da8
4832:             1             16  com.flashchat.chatservice.service.impl.RoomServiceImpl$$Lambda/0x0000000012979008
4833:             1             16  com.flashchat.chatservice.service.impl.RoomServiceImpl$$Lambda/0x0000000012979268
4834:             1             16  com.flashchat.chatservice.service.strategy.msg.FileMsgHandler
4835:             1             16  com.flashchat.chatservice.service.strategy.msg.ImageMsgHandler
4836:             1             16  com.flashchat.chatservice.service.strategy.msg.TextMsgHandler
4837:             1             16  com.flashchat.chatservice.service.strategy.msg.VoiceMsgHandler
4838:             1             16  com.flashchat.chatservice.stream.MessageStreamConsumer$$Lambda/0x0000000012685228
4839:             1             16  com.flashchat.chatservice.stream.MessageStreamConsumer$$Lambda/0x0000000012685458
4840:             1             16  com.flashchat.chatservice.websocket.manager.RoomChannelManager$$Lambda/0x00000000128e5768
4841:             1             16  com.flashchat.chatservice.websocket.manager.RoomChannelManager$$Lambda/0x00000000128e5c00
4842:             1             16  com.flashchat.chatservice.websocket.manager.RoomChannelManager$$Lambda/0x0000000012939970
4843:             1             16  com.flashchat.chatservice.websocket.manager.RoomChannelManager$$Lambda/0x00000000129448f8
4844:             1             16  com.flashchat.convention.web.GlobalExceptionHandler
4845:             1             16  com.flashchat.gameservice.ai.AiContextAssembler
4846:             1             16  com.flashchat.gameservice.ai.prompt.WhoIsSpyPromptBuilder
4847:             1             16  com.flashchat.gameservice.config.GameThreadPoolConfig$$Lambda/0x00000000126d94a8
4848:             1             16  com.flashchat.gameservice.config.GameThreadPoolConfig$$Lambda/0x00000000126d96d0
4849:             1             16  com.flashchat.gameservice.config.GameThreadPoolConfig$$Lambda/0x00000000126d9900
4850:             1             16  com.flashchat.gameservice.controller.GameAiDebugController
4851:             1             16  com.flashchat.gameservice.engine.GameActionLockManager
4852:             1             16  com.flashchat.gameservice.service.impl.GameStateQueryServiceImpl
4853:             1             16  com.flashchat.gameservice.timer.GameTurnTimer
4854:             1             16  com.flashchat.user.config.SaTokenConfiguration
4855:             1             16  com.flashchat.user.config.SaTokenConfiguration$$Lambda/0x00000000126f2888
4856:             1             16  com.flashchat.user.config.SaTokenConfiguration$$Lambda/0x0000000012803080
4857:             1             16  com.flashchat.user.config.UserContextAutoConfiguration
4858:             1             16  com.flashchat.user.core.UserContext$$Lambda/0x00000000128d7d48
4859:             1             16  com.flashchat.user.core.UserContextInterceptor
4860:             1             16  com.github.benmanes.caffeine.cache.Caffeine$$Lambda/0x000000001262a3c0
4861:             1             16  com.github.benmanes.caffeine.cache.LocalCacheFactory$$Lambda/0x000000001262ae18
4862:             1             16  com.github.benmanes.caffeine.cache.NodeFactory$$Lambda/0x000000001262f658
4863:             1             16  com.github.benmanes.caffeine.cache.NodeFactory$DeadStrongKey
4864:             1             16  com.github.benmanes.caffeine.cache.NodeFactory$RetiredStrongKey
4865:             1             16  com.github.benmanes.caffeine.cache.SS$$Lambda/0x000000001262d870
4866:             1             16  com.github.benmanes.caffeine.cache.SSS$$Lambda/0x000000001262da98
4867:             1             16  com.github.benmanes.caffeine.cache.SSSMS$$Lambda/0x000000001262dcc0
4868:             1             16  com.github.benmanes.caffeine.cache.SSSMSA$$Lambda/0x000000001262dee8
4869:             1             16  com.google.common.base.Absent
4870:             1             16  com.google.common.base.Platform$JdkPatternCompiler
4871:             1             16  com.google.protobuf.ExtensionRegistryLite
4872:             1             16  com.mysql.cj.jdbc.AbandonedConnectionCleanupThread
4873:             1             16  com.mysql.cj.jdbc.AbandonedConnectionCleanupThread$$Lambda/0x0000000012558c78
4874:             1             16  com.mysql.cj.jdbc.ClientPreparedStatement$$Lambda/0x0000000012616440
4875:             1             16  com.mysql.cj.jdbc.ConnectionImpl$$Lambda/0x00000000125b3d30
4876:             1             16  com.mysql.cj.jdbc.ConnectionImpl$$Lambda/0x000000001260f5c0
4877:             1             16  com.mysql.cj.jdbc.ConnectionImpl$$Lambda/0x000000001260f808
4878:             1             16  com.mysql.cj.jdbc.ConnectionImpl$$Lambda/0x000000001296efc0
4879:             1             16  com.mysql.cj.jdbc.Driver
4880:             1             16  com.mysql.cj.log.NullLogger
4881:             1             16  com.mysql.cj.protocol.ExportControlled$$Lambda/0x000000001296e6e0
4882:             1             16  com.mysql.cj.protocol.ExportControlled$$Lambda/0x000000001296e918
4883:             1             16  com.mysql.cj.protocol.ExportControlled$$Lambda/0x000000001296eb50
4884:             1             16  com.mysql.cj.protocol.ExportControlled$$Lambda/0x000000001296ed88
4885:             1             16  com.mysql.cj.protocol.a.NativeProtocol$$Lambda/0x00000000125b6a00
4886:             1             16  com.mysql.cj.protocol.a.NativeProtocol$$Lambda/0x00000000125b6c28
4887:             1             16  com.mysql.cj.protocol.a.NativeProtocol$$Lambda/0x00000000125b7460
4888:             1             16  com.mysql.cj.protocol.a.NativeProtocol$$Lambda/0x00000000125b7988
4889:             1             16  com.mysql.cj.protocol.a.NativeProtocol$$Lambda/0x00000000125b7bb0
4890:             1             16  com.mysql.cj.protocol.a.NativeProtocol$$Lambda/0x00000000125b8300
4891:             1             16  com.mysql.cj.protocol.a.NativeProtocol$$Lambda/0x00000000125b8828
4892:             1             16  com.mysql.cj.protocol.a.NativeProtocol$$Lambda/0x00000000125b9060
4893:             1             16  com.mysql.cj.protocol.a.NativeProtocol$$Lambda/0x00000000125b9588
4894:             1             16  com.mysql.cj.protocol.a.NativeProtocol$$Lambda/0x00000000125b9ab0
4895:             1             16  com.mysql.cj.protocol.a.NativeProtocol$$Lambda/0x00000000125b9cd8
4896:             1             16  com.mysql.cj.protocol.a.NativeProtocol$$Lambda/0x00000000125ba200
4897:             1             16  com.mysql.cj.protocol.a.NativeProtocol$$Lambda/0x00000000125ba428
4898:             1             16  com.mysql.cj.protocol.a.NativeProtocol$$Lambda/0x00000000125ba650
4899:             1             16  com.mysql.cj.protocol.a.NativeProtocol$$Lambda/0x00000000125bab78
4900:             1             16  com.mysql.cj.protocol.a.NativeProtocol$$Lambda/0x00000000125bada0
4901:             1             16  com.mysql.cj.protocol.a.NativeProtocol$$Lambda/0x00000000125bb2c8
4902:             1             16  com.mysql.cj.protocol.a.NativeProtocol$$Lambda/0x00000000125bb7f0
4903:             1             16  com.mysql.cj.protocol.a.NativeProtocol$$Lambda/0x00000000125bbd18
4904:             1             16  com.mysql.cj.protocol.a.NativeProtocol$$Lambda/0x00000000125bbf40
4905:             1             16  com.mysql.cj.protocol.a.NativeProtocol$$Lambda/0x00000000125bc468
4906:             1             16  com.mysql.cj.protocol.a.NativeProtocol$$Lambda/0x00000000125bc990
4907:             1             16  com.mysql.cj.protocol.a.NativeProtocol$$Lambda/0x00000000125bcbb8
4908:             1             16  com.mysql.cj.protocol.a.NativeProtocol$$Lambda/0x00000000125bcde0
4909:             1             16  com.mysql.cj.protocol.a.NativeProtocol$$Lambda/0x00000000125bd308
4910:             1             16  com.mysql.cj.protocol.a.NativeProtocol$$Lambda/0x00000000125bd830
4911:             1             16  com.mysql.cj.protocol.a.NativeProtocol$$Lambda/0x00000000125bdd58
4912:             1             16  com.mysql.cj.protocol.a.NativeProtocol$$Lambda/0x00000000125be280
4913:             1             16  com.mysql.cj.protocol.a.NativeProtocol$$Lambda/0x0000000012944e40
4914:             1             16  com.mysql.cj.util.Util$$Lambda/0x00000000125b3170
4915:             1             16  com.mysql.cj.util.Util$$Lambda/0x00000000125b3618
4916:             1             16  com.sun.beans.WeakCache (java.desktop@25)
4917:             1             16  com.sun.beans.introspect.EventSetInfo$$Lambda/0x0000000012852408 (java.desktop@25)
4918:             1             16  com.sun.beans.introspect.MethodInfo$MethodOrder (java.desktop@25)
4919:             1             16  com.sun.beans.introspect.PropertyInfo$$Lambda/0x0000000012852878 (java.desktop@25)
4920:             1             16  com.sun.jmx.interceptor.DefaultMBeanServerInterceptor$ResourceContext$1 (java.management@25)
4921:             1             16  com.sun.jmx.mbeanserver.DefaultMXBeanMappingFactory (java.management@25)
4922:             1             16  com.sun.jmx.mbeanserver.DescriptorCache (java.management@25)
4923:             1             16  com.sun.jmx.mbeanserver.MBeanAnalyzer$MethodOrder (java.management@25)
4924:             1             16  com.sun.jmx.mbeanserver.MBeanInstantiator (java.management@25)
4925:             1             16  com.sun.jmx.mbeanserver.MXBeanIntrospector (java.management@25)
4926:             1             16  com.sun.jmx.mbeanserver.SecureClassLoaderRepository (java.management@25)
4927:             1             16  com.sun.jndi.dns.DnsContextFactory (jdk.naming.dns@25)
4928:             1             16  com.sun.jndi.dns.DnsNameParser (jdk.naming.dns@25)
4929:             1             16  com.sun.management.internal.HotSpotDiagnostic (jdk.management@25)
4930:             1             16  com.sun.management.internal.PlatformMBeanProviderImpl$1 (jdk.management@25)
4931:             1             16  com.sun.management.internal.PlatformMBeanProviderImpl$4 (jdk.management@25)
4932:             1             16  com.sun.management.internal.PlatformMBeanProviderImpl$5 (jdk.management@25)
4933:             1             16  com.sun.management.internal.VirtualThreadSchedulerImpls$VirtualThreadSchedulerImpl (jdk.management@25)
4934:             1             16  com.sun.naming.internal.VersionHelper (java.naming@25)
4935:             1             16  com.sun.org.apache.xerces.internal.dom.CharacterDataImpl$1 (java.xml@25)
4936:             1             16  com.sun.org.apache.xerces.internal.impl.dv.dtd.IDDatatypeValidator (java.xml@25)
4937:             1             16  com.sun.org.apache.xerces.internal.impl.dv.dtd.IDREFDatatypeValidator (java.xml@25)
4938:             1             16  com.sun.org.apache.xerces.internal.impl.dv.dtd.NMTOKENDatatypeValidator (java.xml@25)
4939:             1             16  com.sun.org.apache.xerces.internal.impl.dv.dtd.NOTATIONDatatypeValidator (java.xml@25)
4940:             1             16  com.sun.org.apache.xerces.internal.impl.dv.dtd.StringDatatypeValidator (java.xml@25)
4941:             1             16  com.sun.org.apache.xpath.internal.objects.EqualComparator (java.xml@25)
4942:             1             16  com.sun.org.apache.xpath.internal.objects.GreaterThanComparator (java.xml@25)
4943:             1             16  com.sun.org.apache.xpath.internal.objects.GreaterThanOrEqualComparator (java.xml@25)
4944:             1             16  com.sun.org.apache.xpath.internal.objects.LessThanComparator (java.xml@25)
4945:             1             16  com.sun.org.apache.xpath.internal.objects.LessThanOrEqualComparator (java.xml@25)
4946:             1             16  com.sun.org.apache.xpath.internal.objects.NotEqualComparator (java.xml@25)
4947:             1             16  com.sun.org.apache.xpath.internal.objects.XMLStringFactoryImpl (java.xml@25)
4948:             1             16  com.zaxxer.hikari.metrics.micrometer.MicrometerMetricsTracker$$Lambda/0x0000000012785068
4949:             1             16  com.zaxxer.hikari.metrics.micrometer.MicrometerMetricsTracker$$Lambda/0x0000000012785290
4950:             1             16  com.zaxxer.hikari.metrics.micrometer.MicrometerMetricsTracker$$Lambda/0x00000000127854b8
4951:             1             16  com.zaxxer.hikari.metrics.micrometer.MicrometerMetricsTracker$$Lambda/0x00000000127856e0
4952:             1             16  com.zaxxer.hikari.metrics.micrometer.MicrometerMetricsTracker$$Lambda/0x0000000012785908
4953:             1             16  com.zaxxer.hikari.metrics.micrometer.MicrometerMetricsTracker$$Lambda/0x0000000012785b30
4954:             1             16  com.zaxxer.hikari.metrics.micrometer.MicrometerMetricsTrackerFactory
4955:             1             16  com.zaxxer.hikari.pool.PoolBase$MetricsTrackerDelegate
4956:             1             16  com.zaxxer.hikari.pool.PoolBase$SynchronousExecutor
4957:             1             16  com.zaxxer.hikari.pool.ProxyConnection$ClosedConnection$$Lambda/0x000000001261e208
4958:             1             16  com.zaxxer.hikari.util.ClockSource$NanosecondClockSource
4959:             1             16  com.zaxxer.hikari.util.ConcurrentBag$$Lambda/0x000000001259c720
4960:             1             16  com.zaxxer.hikari.util.SuspendResumeLock$1
4961:             1             16  com.zaxxer.hikari.util.UtilityElf$CustomDiscardPolicy
4962:             1             16  io.lettuce.core.event.jfr.JfrEventRecorder
4963:             1             16  io.lettuce.core.metrics.MicrometerOptions$Builder$$Lambda/0x00000000127328c0
4964:             1             16  io.lettuce.core.resource.DefaultClientResources$$Lambda/0x0000000012733828
4965:             1             16  io.lettuce.core.resource.EpollProvider$$Lambda/0x0000000012738c88
4966:             1             16  io.lettuce.core.resource.IOUringProvider$$Lambda/0x0000000012735d68
4967:             1             16  io.lettuce.core.resource.KqueueProvider$$Lambda/0x0000000012735930
4968:             1             16  io.lettuce.core.resource.SocketAddressResolver
4969:             1             16  io.lettuce.core.tracing.NoOpTracing$1
4970:             1             16  io.micrometer.common.util.internal.logging.Slf4JLoggerFactory
4971:             1             16  io.micrometer.core.instrument.Clock$1
4972:             1             16  io.micrometer.core.instrument.Gauge$$Lambda/0x000000001277d7c0
4973:             1             16  io.micrometer.core.instrument.MeterRegistry$$Lambda/0x000000001241d6b8
4974:             1             16  io.micrometer.core.instrument.MeterRegistry$$Lambda/0x000000001241d900
4975:             1             16  io.micrometer.core.instrument.MeterRegistry$$Lambda/0x000000001241db50
4976:             1             16  io.micrometer.core.instrument.MeterRegistry$$Lambda/0x0000000012636e08
4977:             1             16  io.micrometer.core.instrument.MeterRegistry$$Lambda/0x000000001263b180
4978:             1             16  io.micrometer.core.instrument.MeterRegistry$$Lambda/0x0000000012647040
4979:             1             16  io.micrometer.core.instrument.MeterRegistry$$Lambda/0x0000000012648418
4980:             1             16  io.micrometer.core.instrument.MeterRegistry$More$$Lambda/0x0000000012638dd0
4981:             1             16  io.micrometer.core.instrument.MeterRegistry$More$$Lambda/0x000000001277ea28
4982:             1             16  io.micrometer.core.instrument.MeterRegistry$More$$Lambda/0x00000000127ba220
4983:             1             16  io.micrometer.core.instrument.Metrics$More
4984:             1             16  io.micrometer.core.instrument.TimeGauge$$Lambda/0x00000000127a0b40
4985:             1             16  io.micrometer.core.instrument.binder.cache.CaffeineCacheMetrics$$Lambda/0x0000000012633cd8
4986:             1             16  io.micrometer.core.instrument.binder.cache.CaffeineCacheMetrics$$Lambda/0x0000000012638000
4987:             1             16  io.micrometer.core.instrument.binder.cache.CaffeineCacheMetrics$$Lambda/0x0000000012639dd8
4988:             1             16  io.micrometer.core.instrument.binder.cache.CaffeineCacheMetrics$$Lambda/0x000000001263a250
4989:             1             16  io.micrometer.core.instrument.binder.cache.CaffeineCacheMetrics$$Lambda/0x00000000127f3ca8
4990:             1             16  io.micrometer.core.instrument.binder.cache.CaffeineCacheMetrics$$Lambda/0x00000000127f3ed0
4991:             1             16  io.micrometer.core.instrument.binder.jvm.ClassLoaderMetrics
4992:             1             16  io.micrometer.core.instrument.binder.jvm.ClassLoaderMetrics$$Lambda/0x000000001277d148
4993:             1             16  io.micrometer.core.instrument.binder.jvm.ClassLoaderMetrics$$Lambda/0x000000001277d370
4994:             1             16  io.micrometer.core.instrument.binder.jvm.ExecutorServiceMetrics$$Lambda/0x0000000012769b50
4995:             1             16  io.micrometer.core.instrument.binder.jvm.ExecutorServiceMetrics$$Lambda/0x0000000012769d78
4996:             1             16  io.micrometer.core.instrument.binder.jvm.ExecutorServiceMetrics$$Lambda/0x0000000012769fa0
4997:             1             16  io.micrometer.core.instrument.binder.jvm.ExecutorServiceMetrics$$Lambda/0x000000001276a1c8
4998:             1             16  io.micrometer.core.instrument.binder.jvm.ExecutorServiceMetrics$$Lambda/0x000000001276a3f0
4999:             1             16  io.micrometer.core.instrument.binder.jvm.ExecutorServiceMetrics$$Lambda/0x000000001276a618
5000:             1             16  io.micrometer.core.instrument.binder.jvm.ExecutorServiceMetrics$$Lambda/0x000000001276a840
5001:             1             16  io.micrometer.core.instrument.binder.jvm.JvmCompilationMetrics
5002:             1             16  io.micrometer.core.instrument.binder.jvm.JvmCompilationMetrics$$Lambda/0x000000001277de50
5003:             1             16  io.micrometer.core.instrument.binder.jvm.JvmGcMetrics$$Lambda/0x00000000127767f8
5004:             1             16  io.micrometer.core.instrument.binder.jvm.JvmGcMetrics$$Lambda/0x0000000012776a20
5005:             1             16  io.micrometer.core.instrument.binder.jvm.JvmGcMetrics$$Lambda/0x0000000012776c48
5006:             1             16  io.micrometer.core.instrument.binder.jvm.JvmGcMetrics$$Lambda/0x0000000012776e70
5007:             1             16  io.micrometer.core.instrument.binder.jvm.JvmGcMetrics$$Lambda/0x0000000012777098
5008:             1             16  io.micrometer.core.instrument.binder.jvm.JvmHeapPressureMetrics$$Lambda/0x00000000127626d8
5009:             1             16  io.micrometer.core.instrument.binder.jvm.JvmHeapPressureMetrics$$Lambda/0x0000000012762b50
5010:             1             16  io.micrometer.core.instrument.binder.jvm.JvmHeapPressureMetrics$$Lambda/0x00000000127774f0
5011:             1             16  io.micrometer.core.instrument.binder.jvm.JvmHeapPressureMetrics$$Lambda/0x0000000012777718
5012:             1             16  io.micrometer.core.instrument.binder.jvm.JvmInfoMetrics
5013:             1             16  io.micrometer.core.instrument.binder.jvm.JvmInfoMetrics$$Lambda/0x000000001277d598
5014:             1             16  io.micrometer.core.instrument.binder.jvm.JvmMemory$$Lambda/0x0000000012762228
5015:             1             16  io.micrometer.core.instrument.binder.jvm.JvmMemory$$Lambda/0x0000000012762480
5016:             1             16  io.micrometer.core.instrument.binder.jvm.JvmMemoryMetrics
5017:             1             16  io.micrometer.core.instrument.binder.jvm.JvmMemoryMetrics$$Lambda/0x0000000012777948
5018:             1             16  io.micrometer.core.instrument.binder.jvm.JvmMemoryMetrics$$Lambda/0x0000000012777b70
5019:             1             16  io.micrometer.core.instrument.binder.jvm.JvmMemoryMetrics$$Lambda/0x0000000012777d98
5020:             1             16  io.micrometer.core.instrument.binder.jvm.JvmMemoryMetrics$$Lambda/0x000000001277c000
5021:             1             16  io.micrometer.core.instrument.binder.jvm.JvmMemoryMetrics$$Lambda/0x000000001277c228
5022:             1             16  io.micrometer.core.instrument.binder.jvm.JvmMemoryMetrics$$Lambda/0x000000001277c450
5023:             1             16  io.micrometer.core.instrument.binder.jvm.JvmMemoryMetrics$$Lambda/0x00000000127f64a0
5024:             1             16  io.micrometer.core.instrument.binder.jvm.JvmMemoryMetrics$$Lambda/0x00000000127f66c8
5025:             1             16  io.micrometer.core.instrument.binder.jvm.JvmMemoryMetrics$$Lambda/0x00000000127f68f0
5026:             1             16  io.micrometer.core.instrument.binder.jvm.JvmThreadMetrics
5027:             1             16  io.micrometer.core.instrument.binder.jvm.JvmThreadMetrics$$Lambda/0x000000001277c678
5028:             1             16  io.micrometer.core.instrument.binder.jvm.JvmThreadMetrics$$Lambda/0x000000001277c8a0
5029:             1             16  io.micrometer.core.instrument.binder.jvm.JvmThreadMetrics$$Lambda/0x000000001277cac8
5030:             1             16  io.micrometer.core.instrument.binder.jvm.JvmThreadMetrics$$Lambda/0x000000001277ccf0
5031:             1             16  io.micrometer.core.instrument.binder.logging.LogbackMetrics$1
5032:             1             16  io.micrometer.core.instrument.binder.system.DiskSpaceMetrics$$Lambda/0x0000000012784238
5033:             1             16  io.micrometer.core.instrument.binder.system.DiskSpaceMetrics$$Lambda/0x0000000012784460
5034:             1             16  io.micrometer.core.instrument.binder.system.ProcessorMetrics$$Lambda/0x000000001277f3b0
5035:             1             16  io.micrometer.core.instrument.binder.system.ProcessorMetrics$$Lambda/0x000000001277f5d8
5036:             1             16  io.micrometer.core.instrument.binder.system.ProcessorMetrics$$Lambda/0x000000001277f808
5037:             1             16  io.micrometer.core.instrument.binder.system.ProcessorMetrics$$Lambda/0x000000001277fa38
5038:             1             16  io.micrometer.core.instrument.binder.system.UptimeMetrics$$Lambda/0x000000001277e078
5039:             1             16  io.micrometer.core.instrument.binder.system.UptimeMetrics$$Lambda/0x000000001277f188
5040:             1             16  io.micrometer.core.instrument.binder.tomcat.TomcatMetrics$$Lambda/0x00000000127a1ad0
5041:             1             16  io.micrometer.core.instrument.binder.tomcat.TomcatMetrics$$Lambda/0x00000000127a1cf8
5042:             1             16  io.micrometer.core.instrument.binder.tomcat.TomcatMetrics$$Lambda/0x00000000127a1f20
5043:             1             16  io.micrometer.core.instrument.binder.tomcat.TomcatMetrics$$Lambda/0x00000000127a2148
5044:             1             16  io.micrometer.core.instrument.binder.tomcat.TomcatMetrics$$Lambda/0x00000000127a2370
5045:             1             16  io.micrometer.core.instrument.binder.tomcat.TomcatMetrics$$Lambda/0x00000000127a2598
5046:             1             16  io.micrometer.core.instrument.composite.CompositeMeterRegistry$$Lambda/0x0000000012429400
5047:             1             16  io.micrometer.core.instrument.composite.CompositeMeterRegistry$$Lambda/0x0000000012429640
5048:             1             16  io.micrometer.core.instrument.composite.CompositeMeterRegistry$$Lambda/0x000000001242a160
5049:             1             16  io.micrometer.core.instrument.config.MeterFilter$1
5050:             1             16  io.micrometer.core.instrument.config.MeterRegistryConfigValidator$$Lambda/0x000000001241a000
5051:             1             16  io.micrometer.core.instrument.config.MeterRegistryConfigValidator$$Lambda/0x000000001241a590
5052:             1             16  io.micrometer.core.instrument.config.MeterRegistryConfigValidator$$Lambda/0x000000001241fb48
5053:             1             16  io.micrometer.core.instrument.config.NamingConvention$$Lambda/0x000000001241e8c8
5054:             1             16  io.micrometer.core.instrument.config.NamingConvention$1
5055:             1             16  io.micrometer.core.instrument.config.NamingConvention$1$$Lambda/0x0000000012635720
5056:             1             16  io.micrometer.core.instrument.config.NamingConvention$2
5057:             1             16  io.micrometer.core.instrument.config.NamingConvention$3
5058:             1             16  io.micrometer.core.instrument.config.NamingConvention$4
5059:             1             16  io.micrometer.core.instrument.config.validate.Validated$$Lambda/0x000000001241afb0
5060:             1             16  io.micrometer.core.instrument.distribution.NoopHistogram
5061:             1             16  io.micrometer.core.instrument.distribution.TimeWindowFixedBoundaryHistogram$$Lambda/0x000000001264d800
5062:             1             16  io.micrometer.core.instrument.distribution.TimeWindowFixedBoundaryHistogram$$Lambda/0x000000001264da58
5063:             1             16  io.micrometer.core.instrument.internal.DefaultLongTaskTimer$$Lambda/0x00000000127fcd80
5064:             1             16  io.micrometer.core.instrument.internal.DefaultLongTaskTimer$$Lambda/0x00000000127fcfc8
5065:             1             16  io.micrometer.core.instrument.search.Search$$Lambda/0x00000000127fdf38
5066:             1             16  io.micrometer.observation.NoopObservation
5067:             1             16  io.micrometer.observation.NoopObservation$NoopScope
5068:             1             16  io.micrometer.observation.NoopObservationRegistry
5069:             1             16  io.micrometer.observation.ObservationConvention$$Lambda/0x000000001242b8c8
5070:             1             16  io.micrometer.observation.ObservationHandler$FirstMatchingCompositeObservationHandler
5071:             1             16  io.micrometer.prometheusmetrics.MicrometerCollector$$Lambda/0x0000000012634a50
5072:             1             16  io.micrometer.prometheusmetrics.MicrometerCollector$$Lambda/0x00000000127f3188
5073:             1             16  io.micrometer.prometheusmetrics.PrometheusConfig$$Lambda/0x0000000012414800
5074:             1             16  io.micrometer.prometheusmetrics.PrometheusConfig$$Lambda/0x000000001241f4a0
5075:             1             16  io.micrometer.prometheusmetrics.PrometheusMeterRegistry$$Lambda/0x0000000012424108
5076:             1             16  io.micrometer.prometheusmetrics.PrometheusMeterRegistry$$Lambda/0x0000000012634c98
5077:             1             16  io.micrometer.prometheusmetrics.PrometheusMeterRegistry$$Lambda/0x0000000012639960
5078:             1             16  io.micrometer.prometheusmetrics.PrometheusMeterRegistry$$Lambda/0x00000000127bacb8
5079:             1             16  io.micrometer.prometheusmetrics.PrometheusMeterRegistry$$Lambda/0x00000000127f2248
5080:             1             16  io.micrometer.prometheusmetrics.PrometheusMeterRegistry$$Lambda/0x00000000127f3860
5081:             1             16  io.micrometer.prometheusmetrics.PrometheusMeterRegistry$$Lambda/0x00000000127f40f8
5082:             1             16  io.micrometer.prometheusmetrics.PrometheusMeterRegistry$$Lambda/0x00000000127f6258
5083:             1             16  io.micrometer.prometheusmetrics.PrometheusMeterRegistry$$Lambda/0x00000000127f6d78
5084:             1             16  io.micrometer.prometheusmetrics.PrometheusMeterRegistry$$Lambda/0x00000000127fc248
5085:             1             16  io.micrometer.prometheusmetrics.PrometheusNamingConvention
5086:             1             16  io.netty.bootstrap.ChannelInitializerExtensions$EmptyExtensions
5087:             1             16  io.netty.buffer.AbstractReferenceCountedByteBuf$1
5088:             1             16  io.netty.buffer.ByteBufUtil$1
5089:             1             16  io.netty.buffer.ByteBufUtil$2
5090:             1             16  io.netty.buffer.CompositeByteBuf$1
5091:             1             16  io.netty.buffer.CompositeByteBuf$2
5092:             1             16  io.netty.buffer.PoolThreadCache$MemoryRegionCache$1
5093:             1             16  io.netty.buffer.PooledByteBufAllocator$1
5094:             1             16  io.netty.buffer.PooledByteBufAllocatorMetric
5095:             1             16  io.netty.buffer.PooledUnsafeDirectByteBuf$1
5096:             1             16  io.netty.channel.AbstractChannelHandlerContext$WriteTask$1
5097:             1             16  io.netty.channel.ChannelFutureListener$1
5098:             1             16  io.netty.channel.ChannelFutureListener$2
5099:             1             16  io.netty.channel.ChannelFutureListener$3
5100:             1             16  io.netty.channel.ChannelHandlerMask$1
5101:             1             16  io.netty.channel.ChannelOutboundBuffer$1
5102:             1             16  io.netty.channel.ChannelOutboundBuffer$Entry$1
5103:             1             16  io.netty.channel.DefaultChannelPipeline$1
5104:             1             16  io.netty.channel.DefaultMessageSizeEstimator
5105:             1             16  io.netty.channel.DefaultMessageSizeEstimator$HandleImpl
5106:             1             16  io.netty.channel.DefaultSelectStrategy
5107:             1             16  io.netty.channel.DefaultSelectStrategyFactory
5108:             1             16  io.netty.channel.group.DefaultChannelGroup$1
5109:             1             16  io.netty.channel.group.VoidChannelGroupFuture
5110:             1             16  io.netty.handler.codec.ByteToMessageDecoder$1
5111:             1             16  io.netty.handler.codec.ByteToMessageDecoder$2
5112:             1             16  io.netty.handler.codec.CharSequenceValueConverter
5113:             1             16  io.netty.handler.codec.CodecOutputList$1
5114:             1             16  io.netty.handler.codec.CodecOutputList$2
5115:             1             16  io.netty.handler.codec.DefaultHeaders$NameValidator$1
5116:             1             16  io.netty.handler.codec.DefaultHeaders$ValueValidator$1
5117:             1             16  io.netty.handler.codec.dns.DefaultDnsRecordDecoder
5118:             1             16  io.netty.handler.codec.dns.DefaultDnsRecordEncoder
5119:             1             16  io.netty.handler.codec.dns.DnsQueryEncoder
5120:             1             16  io.netty.handler.codec.http.DefaultHttpHeaders$HeaderValueConverter
5121:             1             16  io.netty.handler.codec.http.DefaultHttpHeadersFactory$1
5122:             1             16  io.netty.handler.codec.http.DefaultHttpHeadersFactory$2
5123:             1             16  io.netty.handler.codec.http.DefaultHttpHeadersFactory$3
5124:             1             16  io.netty.handler.codec.http.EmptyHttpHeaders
5125:             1             16  io.netty.handler.codec.http.HttpObjectDecoder$1
5126:             1             16  io.netty.handler.codec.http.LastHttpContent$1
5127:             1             16  io.netty.handler.codec.http.cookie.ClientCookieEncoder$1
5128:             1             16  io.netty.handler.codec.http.websocketx.WebSocketUtil$1
5129:             1             16  io.netty.handler.codec.http.websocketx.WebSocketUtil$2
5130:             1             16  io.netty.resolver.HostsFileEntriesProvider$ParserImpl
5131:             1             16  io.netty.resolver.dns.Cache$1
5132:             1             16  io.netty.resolver.dns.DefaultDnsServerAddressStreamProvider
5133:             1             16  io.netty.resolver.dns.DnsNameResolver$1
5134:             1             16  io.netty.resolver.dns.NoopDnsQueryLifecycleObserverFactory
5135:             1             16  io.netty.util.AbstractReferenceCounted$1
5136:             1             16  io.netty.util.AsciiString$1
5137:             1             16  io.netty.util.AsciiString$2
5138:             1             16  io.netty.util.NettyRuntime$AvailableProcessorsHolder
5139:             1             16  io.netty.util.Recycler$1
5140:             1             16  io.netty.util.collection.IntObjectHashMap$1
5141:             1             16  io.netty.util.collection.IntObjectHashMap$EntrySet
5142:             1             16  io.netty.util.collection.IntObjectHashMap$KeySet
5143:             1             16  io.netty.util.concurrent.AbstractScheduledEventExecutor$1
5144:             1             16  io.netty.util.concurrent.AbstractScheduledEventExecutor$2
5145:             1             16  io.netty.util.concurrent.DefaultEventExecutorChooserFactory
5146:             1             16  io.netty.util.concurrent.DefaultPromise$CauseHolder
5147:             1             16  io.netty.util.concurrent.GlobalEventExecutor$1
5148:             1             16  io.netty.util.concurrent.GlobalEventExecutor$TaskRunner
5149:             1             16  io.netty.util.concurrent.ImmediateExecutor
5150:             1             16  io.netty.util.concurrent.RejectedExecutionHandlers$1
5151:             1             16  io.netty.util.concurrent.SingleThreadEventExecutor$1
5152:             1             16  io.netty.util.internal.CleanerJava9
5153:             1             16  io.netty.util.internal.PlatformDependent$1
5154:             1             16  io.netty.util.internal.PlatformDependent$2
5155:             1             16  io.netty.util.internal.TypeParameterMatcher$1
5156:             1             16  io.prometheus.metrics.config.ExemplarsProperties$$Lambda/0x0000000012421728
5157:             1             16  io.prometheus.metrics.config.ExemplarsProperties$$Lambda/0x0000000012421980
5158:             1             16  io.prometheus.metrics.config.ExemplarsProperties$$Lambda/0x0000000012421bd8
5159:             1             16  io.prometheus.metrics.config.ExporterHttpServerProperties
5160:             1             16  io.prometheus.metrics.config.ExporterHttpServerProperties$$Lambda/0x00000000124224b0
5161:             1             16  io.prometheus.metrics.config.ExporterOpenTelemetryProperties$$Lambda/0x0000000012422970
5162:             1             16  io.prometheus.metrics.config.ExporterOpenTelemetryProperties$$Lambda/0x0000000012422bc8
5163:             1             16  io.prometheus.metrics.config.MetricsProperties$$Lambda/0x0000000012420490
5164:             1             16  io.prometheus.metrics.config.MetricsProperties$$Lambda/0x00000000124206e8
5165:             1             16  io.prometheus.metrics.config.MetricsProperties$$Lambda/0x0000000012420940
5166:             1             16  io.prometheus.metrics.config.MetricsProperties$$Lambda/0x0000000012420b98
5167:             1             16  io.prometheus.metrics.config.MetricsProperties$$Lambda/0x0000000012420df0
5168:             1             16  io.prometheus.metrics.config.MetricsProperties$$Lambda/0x0000000012421048
5169:             1             16  io.prometheus.metrics.config.MetricsProperties$$Lambda/0x00000000124212a0
5170:             1             16  io.prometheus.metrics.model.snapshots.Exemplars
5171:             1             16  io.prometheus.metrics.model.snapshots.MetricSnapshot$$Lambda/0x00000000127f33d0
5172:             1             16  io.prometheus.metrics.model.snapshots.MetricSnapshots$$Lambda/0x00000000127f3618
5173:             1             16  io.prometheus.metrics.model.snapshots.Quantiles
5174:             1             16  io.prometheus.metrics.model.snapshots.Quantiles$$Lambda/0x00000000127fc000
5175:             1             16  jakarta.security.auth.message.config.AuthConfigFactory$$Lambda/0x00000000127b34b0
5176:             1             16  jakarta.validation.Validation$GetValidationProviderListAction
5177:             1             16  java.beans.Introspector$1 (java.desktop@25)
5178:             1             16  java.io.Console$1 (java.base@25)
5179:             1             16  java.io.DeleteOnExitHook$1 (java.base@25)
5180:             1             16  java.io.FileDescriptor$1 (java.base@25)
5181:             1             16  java.io.RandomAccessFile$2 (java.base@25)
5182:             1             16  java.lang.ApplicationShutdownHooks$1 (java.base@25)
5183:             1             16  java.lang.CharacterData00 (java.base@25)
5184:             1             16  java.lang.CharacterDataLatin1 (java.base@25)
5185:             1             16  java.lang.CharacterDataUndefined (java.base@25)
5186:             1             16  java.lang.Class$$Lambda/0x0000000012148d08 (java.base@25)
5187:             1             16  java.lang.Module$$Lambda/0x0000000012018da0 (java.base@25)
5188:             1             16  java.lang.ProcessEnvironment$CheckedKeySet (java.base@25)
5189:             1             16  java.lang.ProcessEnvironment$EntryComparator (java.base@25)
5190:             1             16  java.lang.ProcessEnvironment$NameComparator (java.base@25)
5191:             1             16  java.lang.Runtime (java.base@25)
5192:             1             16  java.lang.String$$Lambda/0x00000000128499c0 (java.base@25)
5193:             1             16  java.lang.String$$Lambda/0x0000000012849c18 (java.base@25)
5194:             1             16  java.lang.String$$Lambda/0x000000001284ac40 (java.base@25)
5195:             1             16  java.lang.String$$Lambda/0x000000001284ae68 (java.base@25)
5196:             1             16  java.lang.String$CaseInsensitiveComparator (java.base@25)
5197:             1             16  java.lang.System$1 (java.base@25)
5198:             1             16  java.lang.Terminator$1 (java.base@25)
5199:             1             16  java.lang.VirtualThread$$Lambda/0x0000000012855108 (java.base@25)
5200:             1             16  java.lang.VirtualThread$$Lambda/0x0000000012855330 (java.base@25)
5201:             1             16  java.lang.VirtualThread$$Lambda/0x0000000012855558 (java.base@25)
5202:             1             16  java.lang.VirtualThread$$Lambda/0x00000000128557b0 (java.base@25)
5203:             1             16  java.lang.VirtualThread$$Lambda/0x0000000012855e80 (java.base@25)
5204:             1             16  java.lang.classfile.ClassHierarchyResolver$1Factory (java.base@25)
5205:             1             16  java.lang.invoke.ClassSpecializer$1 (java.base@25)
5206:             1             16  java.lang.invoke.MemberName$Factory (java.base@25)
5207:             1             16  java.lang.invoke.MethodHandleImpl$1 (java.base@25)
5208:             1             16  java.lang.invoke.MethodHandleImpl$Makers$1 (java.base@25)
5209:             1             16  java.lang.invoke.MethodHandleImpl$Makers$2 (java.base@25)
5210:             1             16  java.lang.invoke.StringConcatFactory$InlineHiddenClassStrategy$1 (java.base@25)
5211:             1             16  java.lang.management.DefaultPlatformMBeanProvider$1 (java.management@25)
5212:             1             16  java.lang.management.DefaultPlatformMBeanProvider$10 (java.management@25)
5213:             1             16  java.lang.management.DefaultPlatformMBeanProvider$2 (java.management@25)
5214:             1             16  java.lang.management.DefaultPlatformMBeanProvider$3 (java.management@25)
5215:             1             16  java.lang.management.DefaultPlatformMBeanProvider$5 (java.management@25)
5216:             1             16  java.lang.management.DefaultPlatformMBeanProvider$5$$Lambda/0x00000000125d24a8 (java.management@25)
5217:             1             16  java.lang.management.DefaultPlatformMBeanProvider$6 (java.management@25)
5218:             1             16  java.lang.management.DefaultPlatformMBeanProvider$7 (java.management@25)
5219:             1             16  java.lang.management.DefaultPlatformMBeanProvider$9 (java.management@25)
5220:             1             16  java.lang.management.ManagementFactory$$Lambda/0x00000000125c8c08 (java.management@25)
5221:             1             16  java.lang.management.ManagementFactory$$Lambda/0x00000000125c8e60 (java.management@25)
5222:             1             16  java.lang.management.ManagementFactory$$Lambda/0x00000000125c90a8 (java.management@25)
5223:             1             16  java.lang.module.ModuleDescriptor$1 (java.base@25)
5224:             1             16  java.lang.module.ModuleDescriptor$Builder$$Lambda/0x80000000e (java.base@25)
5225:             1             16  java.lang.ref.Cleaner$1 (java.base@25)
5226:             1             16  java.lang.ref.Reference$1 (java.base@25)
5227:             1             16  java.lang.reflect.Executable$$Lambda/0x00000000124d0828 (java.base@25)
5228:             1             16  java.lang.reflect.Executable$$Lambda/0x00000000125e9ab8 (java.base@25)
5229:             1             16  java.lang.reflect.Executable$$Lambda/0x0000000012851da8 (java.base@25)
5230:             1             16  java.lang.reflect.Proxy$$Lambda/0x0000000012017370 (java.base@25)
5231:             1             16  java.lang.reflect.Proxy$$Lambda/0x00000000120365c0 (java.base@25)
5232:             1             16  java.lang.reflect.Proxy$ProxyBuilder$$Lambda/0x0000000012018670 (java.base@25)
5233:             1             16  java.lang.reflect.ProxyGenerator$$Lambda/0x0000000012019c70 (java.base@25)
5234:             1             16  java.lang.reflect.ReflectAccess (java.base@25)
5235:             1             16  java.lang.runtime.ObjectMethods$$Lambda/0x800000015 (java.base@25)
5236:             1             16  java.net.DatagramSocket$1 (java.base@25)
5237:             1             16  java.net.InetAddress$$Lambda/0x000000001247dd50 (java.base@25)
5238:             1             16  java.net.InetAddress$$Lambda/0x000000001247df98 (java.base@25)
5239:             1             16  java.net.InetAddress$1 (java.base@25)
5240:             1             16  java.net.InetAddress$PlatformResolver (java.base@25)
5241:             1             16  java.net.URI$1 (java.base@25)
5242:             1             16  java.net.URL$1 (java.base@25)
5243:             1             16  java.net.URL$DefaultFactory (java.base@25)
5244:             1             16  java.net.spi.InetAddressResolver$LookupPolicy (java.base@25)
5245:             1             16  java.nio.Bits$1 (java.base@25)
5246:             1             16  java.nio.Buffer$1 (java.base@25)
5247:             1             16  java.nio.Buffer$2 (java.base@25)
5248:             1             16  java.nio.file.Files$AcceptAllFilter (java.base@25)
5249:             1             16  java.security.AllPermission (java.base@25)
5250:             1             16  java.security.Provider$$Lambda/0x000000001215c0b0 (java.base@25)
5251:             1             16  java.security.Security$2 (java.base@25)
5252:             1             16  java.text.DontCareFieldPosition$1 (java.base@25)
5253:             1             16  java.text.MessageFormat$Field (java.base@25)
5254:             1             16  java.time.chrono.IsoChronology (java.base@25)
5255:             1             16  java.time.format.DateTimeFormatter$$Lambda/0x80000001a (java.base@25)
5256:             1             16  java.time.format.DateTimeFormatter$$Lambda/0x80000001b (java.base@25)
5257:             1             16  java.time.format.DateTimeFormatterBuilder$$Lambda/0x80000001c (java.base@25)
5258:             1             16  java.time.format.DateTimeFormatterBuilder$InstantPrinterParser (java.base@25)
5259:             1             16  java.time.format.DateTimeTextProvider (java.base@25)
5260:             1             16  java.time.format.DateTimeTextProvider$1 (java.base@25)
5261:             1             16  java.time.temporal.TemporalQueries$1 (java.base@25)
5262:             1             16  java.time.temporal.TemporalQueries$2 (java.base@25)
5263:             1             16  java.time.temporal.TemporalQueries$3 (java.base@25)
5264:             1             16  java.time.temporal.TemporalQueries$4 (java.base@25)
5265:             1             16  java.time.temporal.TemporalQueries$5 (java.base@25)
5266:             1             16  java.time.temporal.TemporalQueries$6 (java.base@25)
5267:             1             16  java.time.temporal.TemporalQueries$7 (java.base@25)
5268:             1             16  java.util.AbstractMap$2 (java.base@25)
5269:             1             16  java.util.Collections$EmptyEnumeration (java.base@25)
5270:             1             16  java.util.Collections$EmptyIterator (java.base@25)
5271:             1             16  java.util.Collections$EmptyList (java.base@25)
5272:             1             16  java.util.Collections$EmptySet (java.base@25)
5273:             1             16  java.util.Collections$ReverseComparator (java.base@25)
5274:             1             16  java.util.Comparator$$Lambda/0x000000001217d2e8 (java.base@25)
5275:             1             16  java.util.DualPivotQuicksort$$Lambda/0x0000000012167500 (java.base@25)
5276:             1             16  java.util.DualPivotQuicksort$$Lambda/0x00000000125e2140 (java.base@25)
5277:             1             16  java.util.DualPivotQuicksort$$Lambda/0x00000000125e2368 (java.base@25)
5278:             1             16  java.util.DualPivotQuicksort$$Lambda/0x00000000125f9d20 (java.base@25)
5279:             1             16  java.util.DualPivotQuicksort$$Lambda/0x000000001284b0b0 (java.base@25)
5280:             1             16  java.util.EnumMap$1 (java.base@25)
5281:             1             16  java.util.Hashtable$KeySet (java.base@25)
5282:             1             16  java.util.ImmutableCollections$Access$1 (java.base@25)
5283:             1             16  java.util.Locale$Builder (java.base@25)
5284:             1             16  java.util.Locale$LocaleCache (java.base@25)
5285:             1             16  java.util.Map$Entry$$Lambda/0x00000000120353c8 (java.base@25)
5286:             1             16  java.util.ResourceBundle$1 (java.base@25)
5287:             1             16  java.util.ResourceBundle$Control (java.base@25)
5288:             1             16  java.util.ResourceBundle$Control$$Lambda/0x80000001d (java.base@25)
5289:             1             16  java.util.ResourceBundle$Control$$Lambda/0x80000001e (java.base@25)
5290:             1             16  java.util.ResourceBundle$ResourceBundleControlProviderHolder$$Lambda/0x0000000012158348 (java.base@25)
5291:             1             16  java.util.Spliterators$EmptySpliterator$OfRef (java.base@25)
5292:             1             16  java.util.TreeMap$Values (java.base@25)
5293:             1             16  java.util.concurrent.CompletableFuture$AltResult (java.base@25)
5294:             1             16  java.util.concurrent.ConcurrentLinkedQueue$$Lambda/0x00000000125e17d0 (java.base@25)
5295:             1             16  java.util.concurrent.ConcurrentSkipListMap$KeySet (java.base@25)
5296:             1             16  java.util.concurrent.Executors$AutoShutdownDelegatedExecutorService$$Lambda/0x00000000124ca500 (java.base@25)
5297:             1             16  java.util.concurrent.ForkJoinPool$1 (java.base@25)
5298:             1             16  java.util.concurrent.ForkJoinPool$DefaultForkJoinWorkerThreadFactory (java.base@25)
5299:             1             16  java.util.concurrent.ThreadLocalRandom$Access$1 (java.base@25)
5300:             1             16  java.util.concurrent.ThreadPoolExecutor$CallerRunsPolicy (java.base@25)
5301:             1             16  java.util.concurrent.ThreadPoolExecutor$DiscardPolicy (java.base@25)
5302:             1             16  java.util.concurrent.atomic.AtomicStampedReference (java.base@25)
5303:             1             16  java.util.function.Function$$Lambda/0x00000000120393b0 (java.base@25)
5304:             1             16  java.util.jar.JavaUtilJarAccessImpl (java.base@25)
5305:             1             16  java.util.logging.ErrorManager (java.logging@25)
5306:             1             16  java.util.logging.Level$$Lambda/0x80000001f (java.logging@25)
5307:             1             16  java.util.logging.Level$KnownLevel$$Lambda/0x800000020 (java.logging@25)
5308:             1             16  java.util.logging.Level$KnownLevel$$Lambda/0x800000021 (java.logging@25)
5309:             1             16  java.util.logging.Level$KnownLevel$$Lambda/0x800000022 (java.logging@25)
5310:             1             16  java.util.logging.LogManager$CloseOnReset (java.logging@25)
5311:             1             16  java.util.logging.LogManager$LoggingProviderAccess (java.logging@25)
5312:             1             16  java.util.logging.LogManager$VisitedLoggers (java.logging@25)
5313:             1             16  java.util.logging.Logging (java.logging@25)
5314:             1             16  java.util.logging.SimpleFormatter$$Lambda/0x0000000012022a58 (java.logging@25)
5315:             1             16  java.util.regex.CharPredicates$$Lambda/0x000000001202e450 (java.base@25)
5316:             1             16  java.util.regex.CharPredicates$$Lambda/0x00000000125f6488 (java.base@25)
5317:             1             16  java.util.regex.CharPredicates$$Lambda/0x800000024 (java.base@25)
5318:             1             16  java.util.regex.CharPredicates$$Lambda/0x800000025 (java.base@25)
5319:             1             16  java.util.regex.Pattern$$Lambda/0x000000001202e1e8 (java.base@25)
5320:             1             16  java.util.regex.Pattern$$Lambda/0x000000001214ac78 (java.base@25)
5321:             1             16  java.util.regex.Pattern$LastNode (java.base@25)
5322:             1             16  java.util.regex.Pattern$Node (java.base@25)
5323:             1             16  java.util.stream.Collectors$$Lambda/0x0000000012002f88 (java.base@25)
5324:             1             16  java.util.stream.Collectors$$Lambda/0x00000000120031c0 (java.base@25)
5325:             1             16  java.util.stream.Collectors$$Lambda/0x000000001214b908 (java.base@25)
5326:             1             16  java.util.stream.Collectors$$Lambda/0x000000001214bb30 (java.base@25)
5327:             1             16  java.util.stream.Collectors$$Lambda/0x000000001214bd68 (java.base@25)
5328:             1             16  java.util.stream.Collectors$$Lambda/0x000000001214bfb8 (java.base@25)
5329:             1             16  java.util.stream.Collectors$$Lambda/0x0000000012150c98 (java.base@25)
5330:             1             16  java.util.stream.Collectors$$Lambda/0x0000000012151100 (java.base@25)
5331:             1             16  java.util.stream.Collectors$$Lambda/0x000000001216dd48 (java.base@25)
5332:             1             16  java.util.stream.Collectors$$Lambda/0x000000001216df70 (java.base@25)
5333:             1             16  java.util.stream.Collectors$$Lambda/0x000000001216e1a8 (java.base@25)
5334:             1             16  java.util.stream.Collectors$$Lambda/0x000000001216e3f8 (java.base@25)
5335:             1             16  java.util.stream.Collectors$$Lambda/0x000000001217c4c0 (java.base@25)
5336:             1             16  java.util.stream.Collectors$$Lambda/0x000000001217c6e8 (java.base@25)
5337:             1             16  java.util.stream.Collectors$$Lambda/0x000000001217c920 (java.base@25)
5338:             1             16  java.util.stream.Collectors$$Lambda/0x000000001217cb70 (java.base@25)
5339:             1             16  java.util.stream.Collectors$$Lambda/0x00000000124d0a70 (java.base@25)
5340:             1             16  java.util.stream.Collectors$$Lambda/0x00000000125ec728 (java.base@25)
5341:             1             16  java.util.stream.Collectors$$Lambda/0x800000038 (java.base@25)
5342:             1             16  java.util.stream.Collectors$$Lambda/0x80000003e (java.base@25)
5343:             1             16  java.util.stream.Collectors$$Lambda/0x800000040 (java.base@25)
5344:             1             16  java.util.stream.Collectors$$Lambda/0x800000041 (java.base@25)
5345:             1             16  java.util.stream.Collectors$$Lambda/0x800000042 (java.base@25)
5346:             1             16  java.util.stream.Collectors$$Lambda/0x800000043 (java.base@25)
5347:             1             16  java.util.stream.Collectors$$Lambda/0x800000045 (java.base@25)
5348:             1             16  java.util.stream.DoublePipeline$$Lambda/0x0000000012478658 (java.base@25)
5349:             1             16  java.util.stream.DoublePipeline$$Lambda/0x00000000125f0a38 (java.base@25)
5350:             1             16  java.util.stream.DoublePipeline$$Lambda/0x00000000125f0c60 (java.base@25)
5351:             1             16  java.util.stream.DoublePipeline$$Lambda/0x00000000125f0e88 (java.base@25)
5352:             1             16  java.util.stream.DoublePipeline$$Lambda/0x00000000125f8f98 (java.base@25)
5353:             1             16  java.util.stream.FindOps$FindSink$OfRef$$Lambda/0x800000048 (java.base@25)
5354:             1             16  java.util.stream.FindOps$FindSink$OfRef$$Lambda/0x800000049 (java.base@25)
5355:             1             16  java.util.stream.IntPipeline$$Lambda/0x000000001200ab08 (java.base@25)
5356:             1             16  java.util.stream.IntPipeline$$Lambda/0x0000000012854018 (java.base@25)
5357:             1             16  java.util.stream.LongPipeline$$Lambda/0x00000000125f2060 (java.base@25)
5358:             1             16  java.util.stream.LongPipeline$$Lambda/0x00000000125fe720 (java.base@25)
5359:             1             16  java.util.stream.LongPipeline$$Lambda/0x0000000012849228 (java.base@25)
5360:             1             16  java.util.stream.Nodes$EmptyNode$OfDouble (java.base@25)
5361:             1             16  java.util.stream.Nodes$EmptyNode$OfInt (java.base@25)
5362:             1             16  java.util.stream.Nodes$EmptyNode$OfLong (java.base@25)
5363:             1             16  java.util.stream.Nodes$EmptyNode$OfRef (java.base@25)
5364:             1             16  java.util.stream.ReferencePipeline$$Lambda/0x0000000012013e78 (java.base@25)
5365:             1             16  java.util.zip.ZipFile$1 (java.base@25)
5366:             1             16  javax.management.JMX (java.management@25)
5367:             1             16  javax.management.MBeanServerBuilder (java.management@25)
5368:             1             16  javax.management.NotificationBroadcasterSupport$1 (java.management@25)
5369:             1             16  javax.naming.spi.NamingManager$$Lambda/0x000000001247a590 (java.naming@25)
5370:             1             16  javax.naming.spi.NamingManager$$Lambda/0x000000001247b160 (java.naming@25)
5371:             1             16  javax.xml.xpath.XPathFactoryFinder$$Lambda/0x00000000124d1300 (java.xml@25)
5372:             1             16  javax.xml.xpath.XPathFactoryFinder$$Lambda/0x00000000124d1528 (java.xml@25)
5373:             1             16  jdk.internal.classfile.impl.ClassFileImpl$$Lambda/0x80000004b (java.base@25)
5374:             1             16  jdk.internal.classfile.impl.ClassHierarchyImpl$ClassLoadingClassHierarchyResolver (java.base@25)
5375:             1             16  jdk.internal.classfile.impl.ClassHierarchyImpl$ClassLoadingClassHierarchyResolver$1 (java.base@25)
5376:             1             16  jdk.internal.classfile.impl.RawBytecodeHelper$1 (java.base@25)
5377:             1             16  jdk.internal.classfile.impl.TemporaryConstantPool (java.base@25)
5378:             1             16  jdk.internal.jimage.ImageReaderFactory$1 (java.base@25)
5379:             1             16  jdk.internal.jimage.ImageStringsReader (java.base@25)
5380:             1             16  jdk.internal.jimage.decompressor.Decompressor (java.base@25)
5381:             1             16  jdk.internal.lang.stable.StableValueImpl (java.base@25)
5382:             1             16  jdk.internal.logger.LazyLoggers$1 (java.base@25)
5383:             1             16  jdk.internal.logger.LazyLoggers$LazyLoggerFactories (java.base@25)
5384:             1             16  jdk.internal.math.FloatingDecimal$1 (java.base@25)
5385:             1             16  jdk.internal.misc.ScopedMemoryAccess (java.base@25)
5386:             1             16  jdk.internal.misc.TerminatingThreadLocal$1 (java.base@25)
5387:             1             16  jdk.internal.misc.ThreadTracker (java.base@25)
5388:             1             16  jdk.internal.misc.Unsafe (java.base@25)
5389:             1             16  jdk.internal.module.ArchivedBootLayer (java.base@25)
5390:             1             16  jdk.internal.module.ModuleLoaderMap$Mapper (java.base@25)
5391:             1             16  jdk.internal.module.ModulePatcher (java.base@25)
5392:             1             16  jdk.internal.module.ModuleResolution (java.base@25)
5393:             1             16  jdk.internal.perf.Perf (java.base@25)
5394:             1             16  jdk.internal.ref.CleanerImpl$InnocuousThreadFactory (java.base@25)
5395:             1             16  jdk.internal.reflect.ReflectionFactory (java.base@25)
5396:             1             16  jdk.internal.util.Preconditions$1 (java.base@25)
5397:             1             16  jdk.internal.util.Preconditions$2 (java.base@25)
5398:             1             16  jdk.internal.util.Preconditions$3 (java.base@25)
5399:             1             16  jdk.internal.vm.ContinuationScope (java.base@25)
5400:             1             16  jdk.jfr.internal.dcmd.DCmdCheck$$Lambda/0x00000000125dda00 (jdk.jfr@25)
5401:             1             16  jdk.jfr.internal.dcmd.DCmdDump$$Lambda/0x00000000125dd7d8 (jdk.jfr@25)
5402:             1             16  jdk.jfr.internal.dcmd.DCmdStart$$Lambda/0x00000000125d8700 (jdk.jfr@25)
5403:             1             16  jdk.jfr.internal.dcmd.DCmdStart$$Lambda/0x00000000125dd5b0 (jdk.jfr@25)
5404:             1             16  jdk.jfr.internal.dcmd.DCmdStop$$Lambda/0x00000000125d7ea8 (jdk.jfr@25)
5405:             1             16  jdk.jfr.internal.dcmd.DCmdView$$Lambda/0x00000000125d7c80 (jdk.jfr@25)
5406:             1             16  jdk.jfr.internal.jfc.model.JFCModel$$Lambda/0x00000000125dce90 (jdk.jfr@25)
5407:             1             16  jdk.jfr.internal.jfc.model.JFCModel$$Lambda/0x00000000125dd0c8 (jdk.jfr@25)
5408:             1             16  jdk.jfr.internal.management.HiddenWait (jdk.jfr@25)
5409:             1             16  jdk.jfr.internal.util.Utils$$Lambda/0x00000000125dd310 (jdk.jfr@25)
5410:             1             16  jdk.management.jfr.SettingDescriptorInfo$1 (jdk.management.jfr@25)
5411:             1             16  jdk.net.WindowsSocketOptions (jdk.net@25)
5412:             1             16  jdk.proxy2.$Proxy103 (jdk.proxy2)
5413:             1             16  jdk.proxy2.$Proxy109 (jdk.proxy2)
5414:             1             16  jdk.proxy2.$Proxy11 (jdk.proxy2)
5415:             1             16  jdk.proxy2.$Proxy115 (jdk.proxy2)
5416:             1             16  jdk.proxy2.$Proxy116 (jdk.proxy2)
5417:             1             16  jdk.proxy2.$Proxy118 (jdk.proxy2)
5418:             1             16  jdk.proxy2.$Proxy124 (jdk.proxy2)
5419:             1             16  jdk.proxy2.$Proxy125 (jdk.proxy2)
5420:             1             16  jdk.proxy2.$Proxy128 (jdk.proxy2)
5421:             1             16  jdk.proxy2.$Proxy129 (jdk.proxy2)
5422:             1             16  jdk.proxy2.$Proxy13 (jdk.proxy2)
5423:             1             16  jdk.proxy2.$Proxy132 (jdk.proxy2)
5424:             1             16  jdk.proxy2.$Proxy133 (jdk.proxy2)
5425:             1             16  jdk.proxy2.$Proxy135 (jdk.proxy2)
5426:             1             16  jdk.proxy2.$Proxy137 (jdk.proxy2)
5427:             1             16  jdk.proxy2.$Proxy138 (jdk.proxy2)
5428:             1             16  jdk.proxy2.$Proxy139 (jdk.proxy2)
5429:             1             16  jdk.proxy2.$Proxy14 (jdk.proxy2)
5430:             1             16  jdk.proxy2.$Proxy140 (jdk.proxy2)
5431:             1             16  jdk.proxy2.$Proxy141 (jdk.proxy2)
5432:             1             16  jdk.proxy2.$Proxy151 (jdk.proxy2)
5433:             1             16  jdk.proxy2.$Proxy156 (jdk.proxy2)
5434:             1             16  jdk.proxy2.$Proxy159 (jdk.proxy2)
5435:             1             16  jdk.proxy2.$Proxy16 (jdk.proxy2)
5436:             1             16  jdk.proxy2.$Proxy165 (jdk.proxy2)
5437:             1             16  jdk.proxy2.$Proxy166 (jdk.proxy2)
5438:             1             16  jdk.proxy2.$Proxy18 (jdk.proxy2)
5439:             1             16  jdk.proxy2.$Proxy22 (jdk.proxy2)
5440:             1             16  jdk.proxy2.$Proxy25 (jdk.proxy2)
5441:             1             16  jdk.proxy2.$Proxy30 (jdk.proxy2)
5442:             1             16  jdk.proxy2.$Proxy38 (jdk.proxy2)
5443:             1             16  jdk.proxy2.$Proxy39 (jdk.proxy2)
5444:             1             16  jdk.proxy2.$Proxy53 (jdk.proxy2)
5445:             1             16  jdk.proxy2.$Proxy57 (jdk.proxy2)
5446:             1             16  jdk.proxy2.$Proxy58 (jdk.proxy2)
5447:             1             16  jdk.proxy2.$Proxy63 (jdk.proxy2)
5448:             1             16  jdk.proxy2.$Proxy71 (jdk.proxy2)
5449:             1             16  jdk.proxy2.$Proxy77 (jdk.proxy2)
5450:             1             16  jdk.proxy2.$Proxy82 (jdk.proxy2)
5451:             1             16  jdk.proxy2.$Proxy83 (jdk.proxy2)
5452:             1             16  jdk.proxy2.$Proxy84 (jdk.proxy2)
5453:             1             16  jdk.proxy2.$Proxy85 (jdk.proxy2)
5454:             1             16  jdk.proxy2.$Proxy92 (jdk.proxy2)
5455:             1             16  jdk.proxy2.$Proxy93 (jdk.proxy2)
5456:             1             16  jdk.proxy3.$Proxy112 (jdk.proxy3)
5457:             1             16  jdk.xml.internal.XMLSecurityManager$BooleanMapper (java.xml@25)
5458:             1             16  jdk.xml.internal.XMLSecurityManager$IntegerMapper (java.xml@25)
5459:             1             16  jdk.xml.internal.XMLSecurityManager$StringMapper$$Lambda/0x0000000012150808 (java.xml@25)
5460:             1             16  jdk.xml.internal.XMLSecurityManager$StringMapper$$Lambda/0x0000000012150a50 (java.xml@25)
5461:             1             16  org.apache.catalina.connector.CoyoteAdapter
5462:             1             16  org.apache.catalina.connector.Request$1
5463:             1             16  org.apache.catalina.connector.Request$2
5464:             1             16  org.apache.catalina.connector.Request$3
5465:             1             16  org.apache.catalina.connector.Request$4
5466:             1             16  org.apache.catalina.connector.Request$5
5467:             1             16  org.apache.catalina.connector.Request$6
5468:             1             16  org.apache.catalina.connector.Request$7
5469:             1             16  org.apache.catalina.connector.Request$8
5470:             1             16  org.apache.catalina.core.ContainerBase$ContainerBackgroundProcessor
5471:             1             16  org.apache.catalina.core.ContainerBase$ContainerBackgroundProcessorMonitor
5472:             1             16  org.apache.catalina.core.StandardContext$1
5473:             1             16  org.apache.catalina.core.StandardContext$NoPluggabilityServletContext
5474:             1             16  org.apache.catalina.core.StandardHost$MemoryLeakTrackingListener
5475:             1             16  org.apache.catalina.core.StandardServer$$Lambda/0x0000000012440000
5476:             1             16  org.apache.catalina.core.StandardServer$$Lambda/0x0000000012440230
5477:             1             16  org.apache.catalina.realm.X509SubjectDnRetriever
5478:             1             16  org.apache.catalina.startup.Tomcat$FixContextListener
5479:             1             16  org.apache.catalina.util.CharsetMapper
5480:             1             16  org.apache.catalina.webresources.Cache$$Lambda/0x00000000127fd890
5481:             1             16  org.apache.commons.logging.LogAdapter$$Lambda/0x0000000012057c58
5482:             1             16  org.apache.commons.logging.impl.NoOpLog
5483:             1             16  org.apache.coyote.AbstractProtocol$$Lambda/0x000000001279bc18
5484:             1             16  org.apache.coyote.AbstractProtocol$$Lambda/0x000000001279be48
5485:             1             16  org.apache.el.ExpressionFactoryImpl
5486:             1             16  org.apache.ibatis.executor.ErrorContext$$Lambda/0x000000001257d548
5487:             1             16  org.apache.ibatis.executor.keygen.Jdbc3KeyGenerator
5488:             1             16  org.apache.ibatis.executor.keygen.NoKeyGenerator
5489:             1             16  org.apache.ibatis.executor.loader.javassist.JavassistProxyFactory
5490:             1             16  org.apache.ibatis.javassist.util.proxy.ProxyFactory$1
5491:             1             16  org.apache.ibatis.javassist.util.proxy.ProxyFactory$3
5492:             1             16  org.apache.ibatis.logging.LogFactory$$Lambda/0x00000000122ecd98
5493:             1             16  org.apache.ibatis.logging.LogFactory$$Lambda/0x00000000122edc08
5494:             1             16  org.apache.ibatis.logging.LogFactory$$Lambda/0x00000000122ede30
5495:             1             16  org.apache.ibatis.logging.LogFactory$$Lambda/0x00000000122ee058
5496:             1             16  org.apache.ibatis.logging.LogFactory$$Lambda/0x00000000122ee280
5497:             1             16  org.apache.ibatis.logging.LogFactory$$Lambda/0x00000000122ee4a8
5498:             1             16  org.apache.ibatis.ognl.AccessibleObjectHandlerPreJDK9
5499:             1             16  org.apache.ibatis.ognl.ArrayElementsAccessor
5500:             1             16  org.apache.ibatis.ognl.ArrayPropertyAccessor
5501:             1             16  org.apache.ibatis.ognl.CollectionElementsAccessor
5502:             1             16  org.apache.ibatis.ognl.EnumerationElementsAccessor
5503:             1             16  org.apache.ibatis.ognl.EnumerationPropertyAccessor
5504:             1             16  org.apache.ibatis.ognl.EvaluationPool
5505:             1             16  org.apache.ibatis.ognl.IteratorElementsAccessor
5506:             1             16  org.apache.ibatis.ognl.IteratorPropertyAccessor
5507:             1             16  org.apache.ibatis.ognl.ListPropertyAccessor
5508:             1             16  org.apache.ibatis.ognl.MapElementsAccessor
5509:             1             16  org.apache.ibatis.ognl.MapPropertyAccessor
5510:             1             16  org.apache.ibatis.ognl.NumberElementsAccessor
5511:             1             16  org.apache.ibatis.ognl.NumericCasts
5512:             1             16  org.apache.ibatis.ognl.NumericDefaults
5513:             1             16  org.apache.ibatis.ognl.NumericLiterals
5514:             1             16  org.apache.ibatis.ognl.NumericValues
5515:             1             16  org.apache.ibatis.ognl.ObjectElementsAccessor
5516:             1             16  org.apache.ibatis.ognl.ObjectMethodAccessor
5517:             1             16  org.apache.ibatis.ognl.ObjectNullHandler
5518:             1             16  org.apache.ibatis.ognl.ObjectPropertyAccessor
5519:             1             16  org.apache.ibatis.ognl.OgnlCache$$Lambda/0x0000000012818c00
5520:             1             16  org.apache.ibatis.ognl.OgnlCache$$Lambda/0x00000000128194b0
5521:             1             16  org.apache.ibatis.ognl.OgnlCache$$Lambda/0x0000000012820238
5522:             1             16  org.apache.ibatis.ognl.PrimitiveDefaults
5523:             1             16  org.apache.ibatis.ognl.PrimitiveTypes
5524:             1             16  org.apache.ibatis.ognl.PrimitiveWrapperClasses
5525:             1             16  org.apache.ibatis.ognl.SetPropertyAccessor
5526:             1             16  org.apache.ibatis.ognl.internal.HashMapCacheFactory
5527:             1             16  org.apache.ibatis.ognl.internal.entry.DeclaredMethodCacheEntryFactory
5528:             1             16  org.apache.ibatis.ognl.internal.entry.FieldCacheEntryFactory
5529:             1             16  org.apache.ibatis.ognl.internal.entry.GenericMethodParameterTypeFactory
5530:             1             16  org.apache.ibatis.ognl.internal.entry.MethodAccessCacheEntryFactory
5531:             1             16  org.apache.ibatis.ognl.internal.entry.MethodCacheEntryFactory$$Lambda/0x00000000128f0c78
5532:             1             16  org.apache.ibatis.ognl.internal.entry.MethodPermCacheEntryFactory
5533:             1             16  org.apache.ibatis.ognl.internal.entry.PermissionCacheEntryFactory
5534:             1             16  org.apache.ibatis.ognl.internal.entry.PropertyDescriptorCacheEntryFactory
5535:             1             16  org.apache.ibatis.plugin.InterceptorChain
5536:             1             16  org.apache.ibatis.plugin.Plugin$$Lambda/0x0000000012595268
5537:             1             16  org.apache.ibatis.reflection.DefaultReflectorFactory$$Lambda/0x0000000012587180
5538:             1             16  org.apache.ibatis.reflection.ParamNameUtil$$Lambda/0x000000001281cf18
5539:             1             16  org.apache.ibatis.reflection.Reflector$$Lambda/0x00000000125873c8
5540:             1             16  org.apache.ibatis.reflection.Reflector$$Lambda/0x0000000012587af0
5541:             1             16  org.apache.ibatis.reflection.Reflector$$Lambda/0x000000001258c210
5542:             1             16  org.apache.ibatis.reflection.Reflector$$Lambda/0x000000001258c458
5543:             1             16  org.apache.ibatis.reflection.SystemMetaObject$NullObject
5544:             1             16  org.apache.ibatis.scripting.defaults.RawLanguageDriver
5545:             1             16  org.apache.ibatis.scripting.xmltags.DynamicContext$ContextAccessor
5546:             1             16  org.apache.ibatis.scripting.xmltags.ExpressionEvaluator
5547:             1             16  org.apache.ibatis.scripting.xmltags.OgnlClassResolver
5548:             1             16  org.apache.ibatis.scripting.xmltags.OgnlMemberAccess
5549:             1             16  org.apache.ibatis.scripting.xmltags.XMLLanguageDriver
5550:             1             16  org.apache.ibatis.session.Configuration$$Lambda/0x0000000012567408
5551:             1             16  org.apache.ibatis.session.defaults.DefaultSqlSessionFactory
5552:             1             16  org.apache.ibatis.type.TypeAliasRegistry
5553:             1             16  org.apache.ibatis.type.UnknownTypeHandler$$Lambda/0x000000001255fa88
5554:             1             16  org.apache.juli.logging.LogFactory
5555:             1             16  org.apache.tomcat.util.buf.CharsetCache
5556:             1             16  org.apache.tomcat.util.buf.MessageBytes$MessageBytesFactory
5557:             1             16  org.apache.tomcat.util.compat.Jre22Compat
5558:             1             16  org.apache.tomcat.util.http.CookieProcessorBase$$Lambda/0x000000001223b6f8
5559:             1             16  org.apache.tomcat.util.http.Parameters$$Lambda/0x0000000012936650
5560:             1             16  org.apache.tomcat.util.http.parser.MediaTypeCache
5561:             1             16  org.apache.tomcat.util.modeler.NoDescriptorRegistry$NoJmxMBeanServer
5562:             1             16  org.apache.tomcat.util.net.SocketWrapperBase$1
5563:             1             16  org.apache.tomcat.util.net.SocketWrapperBase$2
5564:             1             16  org.apache.tomcat.util.net.SocketWrapperBase$3
5565:             1             16  org.apache.tomcat.util.threads.ScheduledThreadPoolExecutor
5566:             1             16  org.apache.tomcat.util.threads.ThreadPoolExecutor$RejectPolicy
5567:             1             16  org.apache.tomcat.websocket.server.WsContextListener
5568:             1             16  org.apache.tomcat.websocket.server.WsSci
5569:             1             16  org.apache.tomcat.websocket.server.WsSessionListener
5570:             1             16  org.apache.tomcat.websocket.server.WsWriteTimeout$$Lambda/0x000000001243aa58
5571:             1             16  org.hibernate.validator.internal.constraintvalidators.bv.NotNullValidator
5572:             1             16  org.hibernate.validator.internal.engine.AbstractConfigurationImpl$$Lambda/0x0000000012181e28
5573:             1             16  org.hibernate.validator.internal.engine.DefaultClockProvider
5574:             1             16  org.hibernate.validator.internal.engine.DefaultParameterNameProvider
5575:             1             16  org.hibernate.validator.internal.engine.DefaultPropertyNodeNameProvider
5576:             1             16  org.hibernate.validator.internal.engine.constraintvalidation.ConstraintValidatorManagerImpl$1
5577:             1             16  org.hibernate.validator.internal.engine.groups.Group
5578:             1             16  org.hibernate.validator.internal.engine.groups.GroupWithInheritance
5579:             1             16  org.hibernate.validator.internal.engine.groups.ValidationOrder$DefaultGroupValidationOrder
5580:             1             16  org.hibernate.validator.internal.engine.groups.ValidationOrder$DefaultSequenceValidationOrder
5581:             1             16  org.hibernate.validator.internal.engine.groups.ValidationOrderGenerator
5582:             1             16  org.hibernate.validator.internal.engine.messageinterpolation.DefaultLocaleResolver
5583:             1             16  org.hibernate.validator.internal.engine.resolver.TraverseAllTraversableResolver
5584:             1             16  org.hibernate.validator.internal.engine.valueextraction.AnnotatedObject
5585:             1             16  org.hibernate.validator.internal.engine.valueextraction.BooleanArrayValueExtractor
5586:             1             16  org.hibernate.validator.internal.engine.valueextraction.ByteArrayValueExtractor
5587:             1             16  org.hibernate.validator.internal.engine.valueextraction.CharArrayValueExtractor
5588:             1             16  org.hibernate.validator.internal.engine.valueextraction.DoubleArrayValueExtractor
5589:             1             16  org.hibernate.validator.internal.engine.valueextraction.FloatArrayValueExtractor
5590:             1             16  org.hibernate.validator.internal.engine.valueextraction.IntArrayValueExtractor
5591:             1             16  org.hibernate.validator.internal.engine.valueextraction.IterableValueExtractor
5592:             1             16  org.hibernate.validator.internal.engine.valueextraction.ListValueExtractor
5593:             1             16  org.hibernate.validator.internal.engine.valueextraction.LongArrayValueExtractor
5594:             1             16  org.hibernate.validator.internal.engine.valueextraction.MapKeyExtractor
5595:             1             16  org.hibernate.validator.internal.engine.valueextraction.MapValueExtractor
5596:             1             16  org.hibernate.validator.internal.engine.valueextraction.ObjectArrayValueExtractor
5597:             1             16  org.hibernate.validator.internal.engine.valueextraction.OptionalDoubleValueExtractor
5598:             1             16  org.hibernate.validator.internal.engine.valueextraction.OptionalIntValueExtractor
5599:             1             16  org.hibernate.validator.internal.engine.valueextraction.OptionalLongValueExtractor
5600:             1             16  org.hibernate.validator.internal.engine.valueextraction.OptionalValueExtractor
5601:             1             16  org.hibernate.validator.internal.engine.valueextraction.ShortArrayValueExtractor
5602:             1             16  org.hibernate.validator.internal.engine.valueextraction.ValueExtractorResolver$$Lambda/0x0000000012918d40
5603:             1             16  org.hibernate.validator.internal.metadata.DefaultBeanMetaDataClassNormalizer
5604:             1             16  org.hibernate.validator.internal.metadata.aggregated.AbstractConstraintMetaData$$Lambda/0x00000000128d4330
5605:             1             16  org.hibernate.validator.internal.metadata.aggregated.CascadingMetaDataBuilder$$Lambda/0x00000000128cf6b8
5606:             1             16  org.hibernate.validator.internal.metadata.aggregated.CascadingMetaDataBuilder$$Lambda/0x00000000128cf900
5607:             1             16  org.hibernate.validator.internal.metadata.aggregated.CascadingMetaDataBuilder$$Lambda/0x00000000128cfb48
5608:             1             16  org.hibernate.validator.internal.metadata.aggregated.CascadingMetaDataBuilder$$Lambda/0x00000000129193f8
5609:             1             16  org.hibernate.validator.internal.metadata.aggregated.CascadingMetaDataBuilder$$Lambda/0x0000000012919640
5610:             1             16  org.hibernate.validator.internal.metadata.aggregated.ContainerCascadingMetaData$$Lambda/0x000000001291a950
5611:             1             16  org.hibernate.validator.internal.metadata.aggregated.GroupConversionHelper
5612:             1             16  org.hibernate.validator.internal.metadata.aggregated.PropertyMetaData$Builder$$Lambda/0x00000000128d50a0
5613:             1             16  org.hibernate.validator.internal.metadata.aggregated.ValidatableParametersMetaData$$Lambda/0x00000000128d47c0
5614:             1             16  org.hibernate.validator.internal.metadata.aggregated.rule.OverridingMethodMustNotAlterParameterConstraints
5615:             1             16  org.hibernate.validator.internal.metadata.aggregated.rule.ParallelMethodsMustNotDefineGroupConversionForCascadedReturnValue
5616:             1             16  org.hibernate.validator.internal.metadata.aggregated.rule.ParallelMethodsMustNotDefineParameterConstraints
5617:             1             16  org.hibernate.validator.internal.metadata.aggregated.rule.ReturnValueMayOnlyBeMarkedOnceAsCascadedPerHierarchyLine
5618:             1             16  org.hibernate.validator.internal.metadata.aggregated.rule.VoidMethodsMustNotBeReturnValueConstrained
5619:             1             16  org.hibernate.validator.internal.metadata.core.ConstraintHelper$ValidatorDescriptorMap
5620:             1             16  org.hibernate.validator.internal.metadata.core.MetaConstraints$$Lambda/0x00000000128cd8b8
5621:             1             16  org.hibernate.validator.internal.metadata.descriptor.ConstraintDescriptorImpl$$Lambda/0x00000000128cc008
5622:             1             16  org.hibernate.validator.internal.metadata.descriptor.ConstraintDescriptorImpl$$Lambda/0x00000000128cc250
5623:             1             16  org.hibernate.validator.internal.metadata.provider.AnnotationMetaDataProvider$$Lambda/0x00000000121c96c0
5624:             1             16  org.hibernate.validator.internal.properties.DefaultGetterPropertySelectionStrategy
5625:             1             16  org.hibernate.validator.internal.util.ExecutableHelper
5626:             1             16  org.hibernate.validator.internal.util.ExecutableParameterNameProvider
5627:             1             16  org.hibernate.validator.internal.util.TypeResolutionHelper
5628:             1             16  org.hibernate.validator.internal.util.classhierarchy.Filters$InterfacesFilter
5629:             1             16  org.hibernate.validator.internal.util.classhierarchy.Filters$WeldProxyFilter
5630:             1             16  org.hibernate.validator.internal.util.logging.Messages_$bundle
5631:             1             16  org.hibernate.validator.internal.util.privilegedactions.GetClassLoader
5632:             1             16  org.hibernate.validator.resourceloading.PlatformResourceBundleLocator$AggregateResourceBundleControl
5633:             1             16  org.jboss.logging.Slf4jLoggerProvider
5634:             1             16  org.mybatis.spring.MyBatisExceptionTranslator$$Lambda/0x00000000125776d0
5635:             1             16  org.mybatis.spring.SqlSessionTemplate$SqlSessionInterceptor
5636:             1             16  org.mybatis.spring.SqlSessionUtils$$Lambda/0x0000000012596d50
5637:             1             16  org.mybatis.spring.annotation.MapperScannerRegistrar$$Lambda/0x000000001227b528
5638:             1             16  org.mybatis.spring.annotation.MapperScannerRegistrar$$Lambda/0x000000001227b780
5639:             1             16  org.mybatis.spring.mapper.ClassPathMapperScanner$$Lambda/0x00000000122ee6d0
5640:             1             16  org.mybatis.spring.mapper.ClassPathMapperScanner$$Lambda/0x00000000122ee8f8
5641:             1             16  org.mybatis.spring.transaction.SpringManagedTransactionFactory
5642:             1             16  org.redisson.QueueTransferService
5643:             1             16  org.redisson.QueueTransferTask$1
5644:             1             16  org.redisson.QueueTransferTask$2
5645:             1             16  org.redisson.QueueTransferTask$3
5646:             1             16  org.redisson.api.DefaultNameMapper
5647:             1             16  org.redisson.api.DefaultNatMapper
5648:             1             16  org.redisson.client.DefaultCredentialsResolver
5649:             1             16  org.redisson.client.DefaultNettyHook
5650:             1             16  org.redisson.client.codec.ByteArrayCodec$1
5651:             1             16  org.redisson.client.codec.ByteArrayCodec$2
5652:             1             16  org.redisson.client.codec.DoubleCodec$1
5653:             1             16  org.redisson.client.codec.LongCodec$1
5654:             1             16  org.redisson.client.handler.CommandDecoder$$Lambda/0x0000000012675f90
5655:             1             16  org.redisson.client.handler.CommandEncoder$$Lambda/0x00000000124bf570
5656:             1             16  org.redisson.client.handler.CommandEncoder$$Lambda/0x00000000124bf798
5657:             1             16  org.redisson.client.handler.CommandsQueuePubSub$$Lambda/0x0000000012505d20
5658:             1             16  org.redisson.client.protocol.RedisCommand$$Lambda/0x0000000012454fc8
5659:             1             16  org.redisson.client.protocol.RedisCommands$1
5660:             1             16  org.redisson.client.protocol.RedisCommands$10
5661:             1             16  org.redisson.client.protocol.RedisCommands$11
5662:             1             16  org.redisson.client.protocol.RedisCommands$12
5663:             1             16  org.redisson.client.protocol.RedisCommands$13
5664:             1             16  org.redisson.client.protocol.RedisCommands$14
5665:             1             16  org.redisson.client.protocol.RedisCommands$15
5666:             1             16  org.redisson.client.protocol.RedisCommands$2
5667:             1             16  org.redisson.client.protocol.RedisCommands$3
5668:             1             16  org.redisson.client.protocol.RedisCommands$4
5669:             1             16  org.redisson.client.protocol.RedisCommands$5
5670:             1             16  org.redisson.client.protocol.RedisCommands$7
5671:             1             16  org.redisson.client.protocol.RedisCommands$8
5672:             1             16  org.redisson.client.protocol.RedisCommands$9
5673:             1             16  org.redisson.client.protocol.convertor.BitsSizeReplayConvertor
5674:             1             16  org.redisson.client.protocol.convertor.BooleanNullReplayConvertor
5675:             1             16  org.redisson.client.protocol.convertor.ByteReplayConvertor
5676:             1             16  org.redisson.client.protocol.convertor.EmptySetConvertor
5677:             1             16  org.redisson.client.protocol.convertor.InstantReplyConvertor
5678:             1             16  org.redisson.client.protocol.convertor.JsonTypeConvertor
5679:             1             16  org.redisson.client.protocol.convertor.ShortReplayConvertor
5680:             1             16  org.redisson.client.protocol.convertor.StringToListConvertor
5681:             1             16  org.redisson.client.protocol.convertor.TimeObjectDecoder
5682:             1             16  org.redisson.client.protocol.convertor.TypeConvertor
5683:             1             16  org.redisson.client.protocol.decoder.AutoClaimDecoder
5684:             1             16  org.redisson.client.protocol.decoder.AutoClaimMapReplayDecoder
5685:             1             16  org.redisson.client.protocol.decoder.FastAutoClaimDecoder
5686:             1             16  org.redisson.client.protocol.decoder.IndexInfoDecoder
5687:             1             16  org.redisson.client.protocol.decoder.MapEntriesDecoder
5688:             1             16  org.redisson.client.protocol.decoder.MapMergeDecoder
5689:             1             16  org.redisson.client.protocol.decoder.MapScanResultReplayDecoder
5690:             1             16  org.redisson.client.protocol.decoder.ObjectFirstScoreReplayDecoder
5691:             1             16  org.redisson.client.protocol.decoder.ObjectMapDecoder
5692:             1             16  org.redisson.client.protocol.decoder.PendingEntryDecoder
5693:             1             16  org.redisson.client.protocol.decoder.PendingResultDecoder
5694:             1             16  org.redisson.client.protocol.decoder.ScoredEntryScanDecoder
5695:             1             16  org.redisson.client.protocol.decoder.ScoredSortedSetScanReplayDecoder
5696:             1             16  org.redisson.client.protocol.decoder.SlotsDecoder
5697:             1             16  org.redisson.client.protocol.decoder.StreamConsumerInfoDecoder
5698:             1             16  org.redisson.client.protocol.decoder.StreamGroupInfoDecoder
5699:             1             16  org.redisson.client.protocol.pubsub.PubSubMessageDecoder
5700:             1             16  org.redisson.codec.DefaultReferenceCodecProvider
5701:             1             16  org.redisson.codec.Kryo5Codec$$Lambda/0x0000000012816e10
5702:             1             16  org.redisson.command.BaseRedisBatchExecutor$$Lambda/0x00000000129446b0
5703:             1             16  org.redisson.command.CommandAsyncService$$Lambda/0x00000000128fb078
5704:             1             16  org.redisson.command.CommandBatchService$$Lambda/0x00000000129452a8
5705:             1             16  org.redisson.command.RedisExecutor$$Lambda/0x0000000012654800
5706:             1             16  org.redisson.command.RedisExecutor$$Lambda/0x0000000012654c70
5707:             1             16  org.redisson.command.RedisExecutor$$Lambda/0x000000001267fc38
5708:             1             16  org.redisson.config.DefaultCommandMapper
5709:             1             16  org.redisson.connection.ClientConnectionsEntry$$Lambda/0x00000000124a1120
5710:             1             16  org.redisson.connection.ClientConnectionsEntry$$Lambda/0x00000000124a1368
5711:             1             16  org.redisson.connection.ConnectionsHolder$$Lambda/0x0000000012520238
5712:             1             16  org.redisson.connection.IdleConnectionWatcher$$Lambda/0x00000000124a15b0
5713:             1             16  org.redisson.connection.IdleConnectionWatcher$$Lambda/0x00000000127fdab8
5714:             1             16  org.redisson.connection.MasterSlaveConnectionManager$$Lambda/0x000000001249b450
5715:             1             16  org.redisson.connection.SequentialDnsAddressResolverFactory
5716:             1             16  org.redisson.connection.ServiceManager$1
5717:             1             16  org.redisson.connection.ServiceManager$2
5718:             1             16  org.redisson.connection.balancer.RoundRobinLoadBalancer
5719:             1             16  org.redisson.pubsub.PublishSubscribeService$$Lambda/0x000000001266e240
5720:             1             16  org.redisson.pubsub.PublishSubscribeService$$Lambda/0x000000001266e488
5721:             1             16  org.redisson.pubsub.PublishSubscribeService$$Lambda/0x0000000012674470
5722:             1             16  org.redisson.pubsub.PublishSubscribeService$$Lambda/0x0000000012970270
5723:             1             16  org.redisson.pubsub.PublishSubscribeService$$Lambda/0x0000000012971db0
5724:             1             16  org.redisson.pubsub.PublishSubscribeService$PubSubEntry
5725:             1             16  org.redisson.spring.data.connection.DataTypeConvertor
5726:             1             16  org.redisson.spring.data.connection.ListMergeDecoder
5727:             1             16  org.redisson.spring.data.connection.ObjectListReplayDecoder2
5728:             1             16  org.redisson.spring.data.connection.RedissonBaseReactive$$Lambda/0x00000000127d6b90
5729:             1             16  org.redisson.spring.data.connection.RedissonConnection$$Lambda/0x00000000128db210
5730:             1             16  org.redisson.spring.data.connection.RedissonConnection$5
5731:             1             16  org.redisson.spring.data.connection.RedissonConnection$6
5732:             1             16  org.redisson.spring.data.connection.RedissonExceptionConverter
5733:             1             16  org.redisson.spring.data.connection.RedissonStreamCommands$$Lambda/0x00000000126ac008
5734:             1             16  org.redisson.spring.data.connection.RedissonStreamCommands$$Lambda/0x00000000126ace70
5735:             1             16  org.redisson.spring.data.connection.RedissonStreamCommands$$Lambda/0x00000000126ad098
5736:             1             16  org.redisson.spring.data.connection.RedissonStreamCommands$$Lambda/0x000000001294b140
5737:             1             16  org.redisson.spring.data.connection.RedissonStreamCommands$ByteRecordReplayDecoder2
5738:             1             16  org.redisson.spring.data.connection.RedissonStreamCommands$ByteRecordReplayDecoder2_V2
5739:             1             16  org.redisson.spring.data.connection.RedissonStreamCommands$XInfoStreamReplayDecoder
5740:             1             16  org.slf4j.helpers.NOPLoggerFactory
5741:             1             16  org.slf4j.helpers.NOPMDCAdapter
5742:             1             16  org.springframework.aop.Advisor$1
5743:             1             16  org.springframework.aop.TrueClassFilter
5744:             1             16  org.springframework.aop.TrueMethodMatcher
5745:             1             16  org.springframework.aop.TruePointcut
5746:             1             16  org.springframework.aop.framework.DefaultAdvisorChainFactory
5747:             1             16  org.springframework.aop.framework.DefaultAopProxyFactory
5748:             1             16  org.springframework.aop.framework.adapter.AfterReturningAdviceAdapter
5749:             1             16  org.springframework.aop.framework.adapter.DefaultAdvisorAdapterRegistry
5750:             1             16  org.springframework.aop.framework.adapter.MethodBeforeAdviceAdapter
5751:             1             16  org.springframework.aop.framework.adapter.ThrowsAdviceAdapter
5752:             1             16  org.springframework.aop.interceptor.AsyncExecutionAspectSupport$$Lambda/0x0000000012310c00
5753:             1             16  org.springframework.aop.interceptor.AsyncExecutionAspectSupport$$Lambda/0x0000000012311a00
5754:             1             16  org.springframework.aop.interceptor.AsyncExecutionAspectSupport$$Lambda/0x0000000012311c28
5755:             1             16  org.springframework.aop.support.ClassFilters$IntersectionClassFilter
5756:             1             16  org.springframework.aop.support.ClassFilters$UnionClassFilter
5757:             1             16  org.springframework.aop.support.annotation.AnnotationMatchingPointcut$AnnotationCandidateClassFilter
5758:             1             16  org.springframework.beans.SimpleBeanInfoFactory
5759:             1             16  org.springframework.beans.factory.BeanFactoryUtils$$Lambda/0x00000000121a0fd8
5760:             1             16  org.springframework.beans.factory.config.AutowiredPropertyMarker
5761:             1             16  org.springframework.beans.factory.parsing.FailFastProblemReporter
5762:             1             16  org.springframework.beans.factory.parsing.PassThroughSourceExtractor
5763:             1             16  org.springframework.beans.factory.support.AbstractAutowireCapableBeanFactory$$Lambda/0x000000001227d598
5764:             1             16  org.springframework.beans.factory.support.AutowireUtils$$Lambda/0x00000000122d3240
5765:             1             16  org.springframework.beans.factory.support.CglibSubclassingInstantiationStrategy
5766:             1             16  org.springframework.beans.factory.support.DefaultBeanNameGenerator
5767:             1             16  org.springframework.beans.factory.support.DefaultListableBeanFactory$$Lambda/0x000000001231e250
5768:             1             16  org.springframework.beans.factory.support.DefaultSingletonBeanRegistry$$Lambda/0x00000000121ad998
5769:             1             16  org.springframework.beans.factory.support.DefaultSingletonBeanRegistry$$Lambda/0x00000000121ade28
5770:             1             16  org.springframework.beans.factory.support.DisposableBeanAdapter$$Lambda/0x000000001242a7f8
5771:             1             16  org.springframework.beans.factory.support.SimpleAutowireCandidateResolver
5772:             1             16  org.springframework.beans.factory.xml.XmlBeanDefinitionReader$$Lambda/0x000000001213b218
5773:             1             16  org.springframework.boot.ClearCachesApplicationListener
5774:             1             16  org.springframework.boot.DefaultApplicationContextFactory
5775:             1             16  org.springframework.boot.DefaultApplicationContextFactory$$Lambda/0x000000001208aa48
5776:             1             16  org.springframework.boot.DefaultApplicationContextFactory$$Lambda/0x000000001210a690
5777:             1             16  org.springframework.boot.DefaultApplicationContextFactory$$Lambda/0x000000001210e160
5778:             1             16  org.springframework.boot.SpringApplication$$Lambda/0x000000001207cc90
5779:             1             16  org.springframework.boot.SpringApplication$$Lambda/0x000000001207cee8
5780:             1             16  org.springframework.boot.SpringApplication$$Lambda/0x00000000121356a8
5781:             1             16  org.springframework.boot.SpringApplication$PropertySourceOrderingBeanFactoryPostProcessor
5782:             1             16  org.springframework.boot.SpringApplicationShutdownHook$ApplicationContextClosedListener
5783:             1             16  org.springframework.boot.SpringBootBanner
5784:             1             16  org.springframework.boot.StartupInfoLogger$$Lambda/0x0000000012131ec8
5785:             1             16  org.springframework.boot.StartupInfoLogger$$Lambda/0x0000000012132910
5786:             1             16  org.springframework.boot.StartupInfoLogger$$Lambda/0x0000000012132b38
5787:             1             16  org.springframework.boot.StartupInfoLogger$$Lambda/0x00000000121331d0
5788:             1             16  org.springframework.boot.StartupInfoLogger$$Lambda/0x0000000012133868
5789:             1             16  org.springframework.boot.actuate.autoconfigure.availability.AvailabilityHealthContributorAutoConfiguration
5790:             1             16  org.springframework.boot.actuate.autoconfigure.availability.AvailabilityProbesAutoConfiguration$ProbesCondition
5791:             1             16  org.springframework.boot.actuate.autoconfigure.context.properties.ConfigurationPropertiesReportEndpointAutoConfiguration
5792:             1             16  org.springframework.boot.actuate.autoconfigure.data.redis.RedisHealthContributorAutoConfiguration
5793:             1             16  org.springframework.boot.actuate.autoconfigure.data.redis.RedisHealthContributorAutoConfiguration$$Lambda/0x000000001275ece8
5794:             1             16  org.springframework.boot.actuate.autoconfigure.data.redis.RedisReactiveHealthContributorAutoConfiguration$$Lambda/0x0000000012744768
5795:             1             16  org.springframework.boot.actuate.autoconfigure.endpoint.EndpointAutoConfiguration
5796:             1             16  org.springframework.boot.actuate.autoconfigure.endpoint.EndpointIdTimeToLivePropertyFunction
5797:             1             16  org.springframework.boot.actuate.autoconfigure.endpoint.EndpointIdTimeToLivePropertyFunction$$Lambda/0x0000000012755a50
5798:             1             16  org.springframework.boot.actuate.autoconfigure.endpoint.expose.IncludeExcludeEndpointFilter$$Lambda/0x0000000012264d68
5799:             1             16  org.springframework.boot.actuate.autoconfigure.endpoint.jackson.JacksonEndpointAutoConfiguration
5800:             1             16  org.springframework.boot.actuate.autoconfigure.endpoint.jackson.JacksonEndpointAutoConfiguration$$Lambda/0x00000000126eb750
5801:             1             16  org.springframework.boot.actuate.autoconfigure.endpoint.web.MappingWebEndpointPathMapper
5802:             1             16  org.springframework.boot.actuate.autoconfigure.endpoint.web.ServletEndpointManagementContextConfiguration
5803:             1             16  org.springframework.boot.actuate.autoconfigure.endpoint.web.ServletEndpointManagementContextConfiguration$WebMvcServletEndpointManagementContextConfiguration
5804:             1             16  org.springframework.boot.actuate.autoconfigure.endpoint.web.WebEndpointAutoConfiguration$$Lambda/0x00000000127673d0
5805:             1             16  org.springframework.boot.actuate.autoconfigure.endpoint.web.WebEndpointAutoConfiguration$WebEndpointServletConfiguration
5806:             1             16  org.springframework.boot.actuate.autoconfigure.endpoint.web.WebEndpointProperties$Discovery
5807:             1             16  org.springframework.boot.actuate.autoconfigure.endpoint.web.servlet.WebMvcEndpointManagementContextConfiguration
5808:             1             16  org.springframework.boot.actuate.autoconfigure.endpoint.web.servlet.WebMvcEndpointManagementContextConfiguration$EndpointObjectMapperWebMvcConfigurer
5809:             1             16  org.springframework.boot.actuate.autoconfigure.env.EnvironmentEndpointAutoConfiguration
5810:             1             16  org.springframework.boot.actuate.autoconfigure.health.AutoConfiguredHealthEndpointGroups$$Lambda/0x00000000127418d0
5811:             1             16  org.springframework.boot.actuate.autoconfigure.health.HealthContributorAutoConfiguration
5812:             1             16  org.springframework.boot.actuate.autoconfigure.health.HealthEndpointAutoConfiguration
5813:             1             16  org.springframework.boot.actuate.autoconfigure.health.HealthEndpointConfiguration
5814:             1             16  org.springframework.boot.actuate.autoconfigure.health.HealthEndpointConfiguration$AdaptedReactiveHealthContributors
5815:             1             16  org.springframework.boot.actuate.autoconfigure.health.HealthEndpointConfiguration$HealthEndpointGroupsBeanPostProcessor
5816:             1             16  org.springframework.boot.actuate.autoconfigure.health.HealthEndpointConfiguration$HealthEndpointGroupsBeanPostProcessor$$Lambda/0x0000000012742680
5817:             1             16  org.springframework.boot.actuate.autoconfigure.health.HealthEndpointProperties$Logging
5818:             1             16  org.springframework.boot.actuate.autoconfigure.health.HealthEndpointWebExtensionConfiguration
5819:             1             16  org.springframework.boot.actuate.autoconfigure.health.HealthEndpointWebExtensionConfiguration$$Lambda/0x00000000127574f0
5820:             1             16  org.springframework.boot.actuate.autoconfigure.health.HealthEndpointWebExtensionConfiguration$$Lambda/0x0000000012757748
5821:             1             16  org.springframework.boot.actuate.autoconfigure.health.HealthEndpointWebExtensionConfiguration$MvcAdditionalHealthEndpointPathsConfiguration
5822:             1             16  org.springframework.boot.actuate.autoconfigure.health.ReactiveHealthEndpointConfiguration
5823:             1             16  org.springframework.boot.actuate.autoconfigure.info.InfoContributorAutoConfiguration
5824:             1             16  org.springframework.boot.actuate.autoconfigure.info.InfoContributorProperties
5825:             1             16  org.springframework.boot.actuate.autoconfigure.info.InfoContributorProperties$Git
5826:             1             16  org.springframework.boot.actuate.autoconfigure.info.InfoEndpointAutoConfiguration
5827:             1             16  org.springframework.boot.actuate.autoconfigure.jdbc.DataSourceHealthIndicatorProperties
5828:             1             16  org.springframework.boot.actuate.autoconfigure.logging.LoggersEndpointAutoConfiguration
5829:             1             16  org.springframework.boot.actuate.autoconfigure.logging.LoggersEndpointAutoConfiguration$$Lambda/0x0000000012755c98
5830:             1             16  org.springframework.boot.actuate.autoconfigure.logging.LoggersEndpointAutoConfiguration$OnEnabledLoggingSystemCondition
5831:             1             16  org.springframework.boot.actuate.autoconfigure.management.HeapDumpWebEndpointAutoConfiguration
5832:             1             16  org.springframework.boot.actuate.autoconfigure.management.ThreadDumpEndpointAutoConfiguration
5833:             1             16  org.springframework.boot.actuate.autoconfigure.metrics.CompositeMeterRegistryAutoConfiguration
5834:             1             16  org.springframework.boot.actuate.autoconfigure.metrics.JvmMetricsAutoConfiguration
5835:             1             16  org.springframework.boot.actuate.autoconfigure.metrics.LogbackMetricsAutoConfiguration
5836:             1             16  org.springframework.boot.actuate.autoconfigure.metrics.LogbackMetricsAutoConfiguration$LogbackLoggingCondition
5837:             1             16  org.springframework.boot.actuate.autoconfigure.metrics.MetricsAutoConfiguration
5838:             1             16  org.springframework.boot.actuate.autoconfigure.metrics.MetricsAutoConfiguration$MeterRegistryCloser
5839:             1             16  org.springframework.boot.actuate.autoconfigure.metrics.MetricsEndpointAutoConfiguration
5840:             1             16  org.springframework.boot.actuate.autoconfigure.metrics.MetricsProperties$Data
5841:             1             16  org.springframework.boot.actuate.autoconfigure.metrics.MetricsProperties$System
5842:             1             16  org.springframework.boot.actuate.autoconfigure.metrics.MetricsProperties$System$Diskspace
5843:             1             16  org.springframework.boot.actuate.autoconfigure.metrics.MetricsProperties$Web$Client
5844:             1             16  org.springframework.boot.actuate.autoconfigure.metrics.MetricsProperties$Web$Server
5845:             1             16  org.springframework.boot.actuate.autoconfigure.metrics.PropertiesAutoTimer
5846:             1             16  org.springframework.boot.actuate.autoconfigure.metrics.PropertiesMeterFilter$$Lambda/0x00000000124278f0
5847:             1             16  org.springframework.boot.actuate.autoconfigure.metrics.SystemMetricsAutoConfiguration
5848:             1             16  org.springframework.boot.actuate.autoconfigure.metrics.data.MetricsRepositoryMethodInvocationListenerBeanPostProcessor
5849:             1             16  org.springframework.boot.actuate.autoconfigure.metrics.data.MetricsRepositoryMethodInvocationListenerBeanPostProcessor$MetricsRepositoryFactoryCustomizer
5850:             1             16  org.springframework.boot.actuate.autoconfigure.metrics.data.RepositoryMetricsAutoConfiguration
5851:             1             16  org.springframework.boot.actuate.autoconfigure.metrics.data.RepositoryMetricsAutoConfiguration$$Lambda/0x00000000123abb88
5852:             1             16  org.springframework.boot.actuate.autoconfigure.metrics.data.RepositoryMetricsAutoConfiguration$$Lambda/0x0000000012763788
5853:             1             16  org.springframework.boot.actuate.autoconfigure.metrics.export.prometheus.PrometheusMetricsExportAutoConfiguration
5854:             1             16  org.springframework.boot.actuate.autoconfigure.metrics.export.prometheus.PrometheusMetricsExportAutoConfiguration$PrometheusScrapeEndpointConfiguration
5855:             1             16  org.springframework.boot.actuate.autoconfigure.metrics.export.prometheus.PrometheusPropertiesConfigAdapter
5856:             1             16  org.springframework.boot.actuate.autoconfigure.metrics.export.prometheus.PrometheusPropertiesConfigAdapter$$Lambda/0x000000001241a7e0
5857:             1             16  org.springframework.boot.actuate.autoconfigure.metrics.export.prometheus.PrometheusPropertiesConfigAdapter$$Lambda/0x00000000127f2490
5858:             1             16  org.springframework.boot.actuate.autoconfigure.metrics.integration.IntegrationMetricsAutoConfiguration
5859:             1             16  org.springframework.boot.actuate.autoconfigure.metrics.jdbc.DataSourcePoolMetricsAutoConfiguration
5860:             1             16  org.springframework.boot.actuate.autoconfigure.metrics.jdbc.DataSourcePoolMetricsAutoConfiguration$DataSourcePoolMetadataMetricsConfiguration
5861:             1             16  org.springframework.boot.actuate.autoconfigure.metrics.jdbc.DataSourcePoolMetricsAutoConfiguration$HikariDataSourceMetricsConfiguration
5862:             1             16  org.springframework.boot.actuate.autoconfigure.metrics.jdbc.DataSourcePoolMetricsAutoConfiguration$HikariDataSourceMetricsConfiguration$HikariDataSourceMeterBinder
5863:             1             16  org.springframework.boot.actuate.autoconfigure.metrics.redis.LettuceMetricsAutoConfiguration
5864:             1             16  org.springframework.boot.actuate.autoconfigure.metrics.startup.StartupTimeMetricsListenerAutoConfiguration
5865:             1             16  org.springframework.boot.actuate.autoconfigure.metrics.task.TaskExecutorMetricsAutoConfiguration
5866:             1             16  org.springframework.boot.actuate.autoconfigure.metrics.web.tomcat.TomcatMetricsAutoConfiguration
5867:             1             16  org.springframework.boot.actuate.autoconfigure.observation.ObservationAutoConfiguration
5868:             1             16  org.springframework.boot.actuate.autoconfigure.observation.ObservationAutoConfiguration$MeterObservationHandlerConfiguration
5869:             1             16  org.springframework.boot.actuate.autoconfigure.observation.ObservationAutoConfiguration$MeterObservationHandlerConfiguration$OnlyMetricsMeterObservationHandlerConfiguration
5870:             1             16  org.springframework.boot.actuate.autoconfigure.observation.ObservationAutoConfiguration$OnlyMetricsConfiguration
5871:             1             16  org.springframework.boot.actuate.autoconfigure.observation.ObservationHandlerGrouping
5872:             1             16  org.springframework.boot.actuate.autoconfigure.observation.ObservationProperties$Http$Client
5873:             1             16  org.springframework.boot.actuate.autoconfigure.observation.ObservationProperties$Http$Client$ClientRequests
5874:             1             16  org.springframework.boot.actuate.autoconfigure.observation.ObservationProperties$Http$Server
5875:             1             16  org.springframework.boot.actuate.autoconfigure.observation.ObservationProperties$Http$Server$ServerRequests
5876:             1             16  org.springframework.boot.actuate.autoconfigure.observation.ObservationProperties$LongTaskTimer
5877:             1             16  org.springframework.boot.actuate.autoconfigure.observation.PropertiesObservationFilterPredicate$$Lambda/0x0000000012417350
5878:             1             16  org.springframework.boot.actuate.autoconfigure.observation.web.client.HttpClientObservationsAutoConfiguration
5879:             1             16  org.springframework.boot.actuate.autoconfigure.observation.web.client.HttpClientObservationsAutoConfiguration$MeterFilterConfiguration
5880:             1             16  org.springframework.boot.actuate.autoconfigure.observation.web.client.HttpClientObservationsAutoConfiguration$MeterFilterConfiguration$$Lambda/0x00000000124288f8
5881:             1             16  org.springframework.boot.actuate.autoconfigure.observation.web.client.RestClientObservationConfiguration
5882:             1             16  org.springframework.boot.actuate.autoconfigure.observation.web.client.RestTemplateObservationConfiguration
5883:             1             16  org.springframework.boot.actuate.autoconfigure.observation.web.client.WebClientObservationConfiguration
5884:             1             16  org.springframework.boot.actuate.autoconfigure.observation.web.servlet.WebMvcObservationAutoConfiguration
5885:             1             16  org.springframework.boot.actuate.autoconfigure.observation.web.servlet.WebMvcObservationAutoConfiguration$MeterFilterConfiguration
5886:             1             16  org.springframework.boot.actuate.autoconfigure.observation.web.servlet.WebMvcObservationAutoConfiguration$MeterFilterConfiguration$$Lambda/0x0000000012428d80
5887:             1             16  org.springframework.boot.actuate.autoconfigure.scheduling.ScheduledTasksObservabilityAutoConfiguration
5888:             1             16  org.springframework.boot.actuate.autoconfigure.scheduling.ScheduledTasksObservabilityAutoConfiguration$ObservabilitySchedulingConfigurer
5889:             1             16  org.springframework.boot.actuate.autoconfigure.startup.StartupEndpointAutoConfiguration$ApplicationStartupCondition
5890:             1             16  org.springframework.boot.actuate.autoconfigure.system.DiskSpaceHealthContributorAutoConfiguration
5891:             1             16  org.springframework.boot.actuate.autoconfigure.web.server.$Proxy87
5892:             1             16  org.springframework.boot.actuate.autoconfigure.web.server.ManagementContextAutoConfiguration
5893:             1             16  org.springframework.boot.actuate.autoconfigure.web.server.ManagementContextAutoConfiguration$SameManagementContextConfiguration
5894:             1             16  org.springframework.boot.actuate.autoconfigure.web.server.ManagementContextAutoConfiguration$SameManagementContextConfiguration$EnableSameManagementContextConfiguration
5895:             1             16  org.springframework.boot.actuate.autoconfigure.web.servlet.ServletManagementContextAutoConfiguration
5896:             1             16  org.springframework.boot.actuate.autoconfigure.web.servlet.ServletManagementContextAutoConfiguration$$Lambda/0x0000000012759d38
5897:             1             16  org.springframework.boot.actuate.endpoint.InvocationContext$$Lambda/0x00000000127ca788
5898:             1             16  org.springframework.boot.actuate.endpoint.annotation.DiscoveredOperationsFactory$$Lambda/0x0000000012750ce0
5899:             1             16  org.springframework.boot.actuate.endpoint.annotation.EndpointDiscoverer$$Lambda/0x0000000012435ec0
5900:             1             16  org.springframework.boot.actuate.endpoint.annotation.EndpointDiscoverer$$Lambda/0x0000000012754a58
5901:             1             16  org.springframework.boot.actuate.endpoint.annotation.EndpointDiscoverer$$Lambda/0x0000000012754cb0
5902:             1             16  org.springframework.boot.actuate.endpoint.annotation.EndpointDiscoverer$$Lambda/0x0000000012755148
5903:             1             16  org.springframework.boot.actuate.endpoint.invoke.ParameterValueMapper$$Lambda/0x00000000124346a0
5904:             1             16  org.springframework.boot.actuate.endpoint.invoke.convert.ConversionServiceParameterValueMapper
5905:             1             16  org.springframework.boot.actuate.endpoint.invoker.cache.CachingOperationInvokerAdvisor
5906:             1             16  org.springframework.boot.actuate.endpoint.jmx.MBeanInfoFactory$$Lambda/0x00000000127668c0
5907:             1             16  org.springframework.boot.actuate.endpoint.jmx.MBeanInfoFactory$$Lambda/0x0000000012766d38
5908:             1             16  org.springframework.boot.actuate.endpoint.jmx.annotation.DiscoveredJmxOperation$$Lambda/0x00000000127658f0
5909:             1             16  org.springframework.boot.actuate.endpoint.web.EndpointLinksResolver
5910:             1             16  org.springframework.boot.actuate.endpoint.web.annotation.RequestPredicateFactory
5911:             1             16  org.springframework.boot.actuate.endpoint.web.annotation.RequestPredicateFactory$$Lambda/0x0000000012753850
5912:             1             16  org.springframework.boot.actuate.endpoint.web.annotation.RequestPredicateFactory$$Lambda/0x0000000012756358
5913:             1             16  org.springframework.boot.actuate.endpoint.web.servlet.AbstractWebMvcEndpointHandlerMapping$ServletWebOperationAdapter$FluxBodyConverter
5914:             1             16  org.springframework.boot.actuate.endpoint.web.servlet.WebMvcEndpointHandlerMapping$WebMvcLinksHandler
5915:             1             16  org.springframework.boot.actuate.health.AbstractReactiveHealthIndicator$$Lambda/0x00000000127449b0
5916:             1             16  org.springframework.boot.actuate.health.HealthContributorNameFactory
5917:             1             16  org.springframework.boot.actuate.health.SimpleHttpCodeStatusMapper
5918:             1             16  org.springframework.boot.actuate.health.SimpleStatusAggregator$$Lambda/0x0000000012740d30
5919:             1             16  org.springframework.boot.actuate.info.InfoEndpoint
5920:             1             16  org.springframework.boot.actuate.management.PlainTextThreadDumpFormatter
5921:             1             16  org.springframework.boot.actuate.management.ThreadDumpEndpoint
5922:             1             16  org.springframework.boot.actuate.management.ThreadDumpEndpoint$$Lambda/0x0000000012961b58
5923:             1             16  org.springframework.boot.actuate.metrics.AutoTimer$$Lambda/0x0000000012763c20
5924:             1             16  org.springframework.boot.actuate.metrics.AutoTimer$1
5925:             1             16  org.springframework.boot.actuate.metrics.MetricsEndpoint
5926:             1             16  org.springframework.boot.actuate.metrics.MetricsEndpoint$$Lambda/0x00000000127fb218
5927:             1             16  org.springframework.boot.actuate.metrics.MetricsEndpoint$$Lambda/0x00000000127fb8b8
5928:             1             16  org.springframework.boot.actuate.metrics.MetricsEndpoint$$Lambda/0x00000000127ff140
5929:             1             16  org.springframework.boot.actuate.metrics.MetricsEndpoint$$Lambda/0x000000001296fa88
5930:             1             16  org.springframework.boot.actuate.metrics.data.DefaultRepositoryTagsProvider
5931:             1             16  org.springframework.boot.actuate.metrics.jdbc.DataSourcePoolMetrics$$Lambda/0x0000000012786660
5932:             1             16  org.springframework.boot.actuate.metrics.jdbc.DataSourcePoolMetrics$$Lambda/0x00000000127874c0
5933:             1             16  org.springframework.boot.actuate.metrics.jdbc.DataSourcePoolMetrics$$Lambda/0x0000000012787708
5934:             1             16  org.springframework.boot.actuate.metrics.jdbc.DataSourcePoolMetrics$$Lambda/0x0000000012787950
5935:             1             16  org.springframework.boot.actuate.metrics.jdbc.DataSourcePoolMetrics$CachingDataSourcePoolMetadataProvider
5936:             1             16  org.springframework.boot.autoconfigure.AutoConfigurationImportSelector$$Lambda/0x0000000012242a28
5937:             1             16  org.springframework.boot.autoconfigure.AutoConfigurationImportSelector$AutoConfigurationGroup$$Lambda/0x0000000012252460
5938:             1             16  org.springframework.boot.autoconfigure.AutoConfigurationImportSelector$AutoConfigurationGroup$$Lambda/0x00000000122526a8
5939:             1             16  org.springframework.boot.autoconfigure.AutoConfigurationImportSelector$AutoConfigurationGroup$$Lambda/0x00000000122528f0
5940:             1             16  org.springframework.boot.autoconfigure.AutoConfigurationImportSelector$AutoConfigurationGroup$$Lambda/0x0000000012252b38
5941:             1             16  org.springframework.boot.autoconfigure.AutoConfigurationImportSelector$AutoConfigurationGroup$$Lambda/0x0000000012252d80
5942:             1             16  org.springframework.boot.autoconfigure.AutoConfigurationPackages$$Lambda/0x000000001227afc0
5943:             1             16  org.springframework.boot.autoconfigure.BackgroundPreinitializer
5944:             1             16  org.springframework.boot.autoconfigure.SharedMetadataReaderFactoryContextInitializer$CachingMetadataReaderFactoryPostProcessor
5945:             1             16  org.springframework.boot.autoconfigure.SharedMetadataReaderFactoryContextInitializer$CachingMetadataReaderFactoryPostProcessor$$Lambda/0x000000001219c068
5946:             1             16  org.springframework.boot.autoconfigure.SharedMetadataReaderFactoryContextInitializer$SharedMetadataReaderFactoryBean
5947:             1             16  org.springframework.boot.autoconfigure.aop.AopAutoConfiguration
5948:             1             16  org.springframework.boot.autoconfigure.aop.AopAutoConfiguration$ClassProxyingConfiguration
5949:             1             16  org.springframework.boot.autoconfigure.aop.AopAutoConfiguration$ClassProxyingConfiguration$$Lambda/0x000000001230fba8
5950:             1             16  org.springframework.boot.autoconfigure.availability.ApplicationAvailabilityAutoConfiguration
5951:             1             16  org.springframework.boot.autoconfigure.condition.ConditionEvaluationReport$$Lambda/0x0000000012251468
5952:             1             16  org.springframework.boot.autoconfigure.condition.ConditionEvaluationReport$AncestorsMatchedCondition
5953:             1             16  org.springframework.boot.autoconfigure.condition.OnBeanCondition$Spec$$Lambda/0x0000000012276b90
5954:             1             16  org.springframework.boot.autoconfigure.condition.OnCloudPlatformCondition
5955:             1             16  org.springframework.boot.autoconfigure.condition.OnPropertyCondition$$Lambda/0x0000000012255a78
5956:             1             16  org.springframework.boot.autoconfigure.condition.OnPropertyCondition$$Lambda/0x0000000012255cc0
5957:             1             16  org.springframework.boot.autoconfigure.condition.OnWarDeploymentCondition
5958:             1             16  org.springframework.boot.autoconfigure.context.ConfigurationPropertiesAutoConfiguration
5959:             1             16  org.springframework.boot.autoconfigure.context.LifecycleAutoConfiguration
5960:             1             16  org.springframework.boot.autoconfigure.context.LifecycleProperties
5961:             1             16  org.springframework.boot.autoconfigure.context.MessageSourceAutoConfiguration$ResourceBundleCondition
5962:             1             16  org.springframework.boot.autoconfigure.context.PropertyPlaceholderAutoConfiguration
5963:             1             16  org.springframework.boot.autoconfigure.dao.PersistenceExceptionTranslationAutoConfiguration
5964:             1             16  org.springframework.boot.autoconfigure.data.redis.PropertiesRedisConnectionDetails
5965:             1             16  org.springframework.boot.autoconfigure.data.redis.RedisAutoConfiguration
5966:             1             16  org.springframework.boot.autoconfigure.data.redis.RedisProperties$Jedis
5967:             1             16  org.springframework.boot.autoconfigure.data.redis.RedisProperties$Lettuce$Cluster
5968:             1             16  org.springframework.boot.autoconfigure.data.redis.RedisReactiveAutoConfiguration
5969:             1             16  org.springframework.boot.autoconfigure.data.redis.RedisRepositoriesAutoConfiguration
5970:             1             16  org.springframework.boot.autoconfigure.data.web.SpringDataWebAutoConfiguration
5971:             1             16  org.springframework.boot.autoconfigure.data.web.SpringDataWebAutoConfiguration$$Lambda/0x0000000012709880
5972:             1             16  org.springframework.boot.autoconfigure.data.web.SpringDataWebAutoConfiguration$$Lambda/0x000000001270b8d0
5973:             1             16  org.springframework.boot.autoconfigure.data.web.SpringDataWebProperties$Sort
5974:             1             16  org.springframework.boot.autoconfigure.http.HttpMessageConverters
5975:             1             16  org.springframework.boot.autoconfigure.http.HttpMessageConvertersAutoConfiguration
5976:             1             16  org.springframework.boot.autoconfigure.http.HttpMessageConvertersAutoConfiguration$StringHttpMessageConverterConfiguration
5977:             1             16  org.springframework.boot.autoconfigure.http.JacksonHttpMessageConvertersConfiguration
5978:             1             16  org.springframework.boot.autoconfigure.http.JacksonHttpMessageConvertersConfiguration$MappingJackson2HttpMessageConverterConfiguration
5979:             1             16  org.springframework.boot.autoconfigure.http.codec.CodecsAutoConfiguration
5980:             1             16  org.springframework.boot.autoconfigure.http.codec.CodecsAutoConfiguration$DefaultCodecsConfiguration
5981:             1             16  org.springframework.boot.autoconfigure.http.codec.CodecsAutoConfiguration$DefaultCodecsConfiguration$$Lambda/0x00000000126a3500
5982:             1             16  org.springframework.boot.autoconfigure.http.codec.CodecsAutoConfiguration$DefaultCodecsConfiguration$$Lambda/0x00000000126cc0c8
5983:             1             16  org.springframework.boot.autoconfigure.http.codec.CodecsAutoConfiguration$JacksonCodecConfiguration
5984:             1             16  org.springframework.boot.autoconfigure.http.codec.CodecsAutoConfiguration$JacksonCodecConfiguration$$Lambda/0x00000000126b5040
5985:             1             16  org.springframework.boot.autoconfigure.info.ProjectInfoAutoConfiguration
5986:             1             16  org.springframework.boot.autoconfigure.info.ProjectInfoAutoConfiguration$GitResourceAvailableCondition
5987:             1             16  org.springframework.boot.autoconfigure.jackson.JacksonAutoConfiguration
5988:             1             16  org.springframework.boot.autoconfigure.jackson.JacksonAutoConfiguration$Jackson2ObjectMapperBuilderCustomizerConfiguration
5989:             1             16  org.springframework.boot.autoconfigure.jackson.JacksonAutoConfiguration$JacksonMixinConfiguration
5990:             1             16  org.springframework.boot.autoconfigure.jackson.JacksonAutoConfiguration$JacksonObjectMapperBuilderConfiguration
5991:             1             16  org.springframework.boot.autoconfigure.jackson.JacksonAutoConfiguration$JacksonObjectMapperConfiguration
5992:             1             16  org.springframework.boot.autoconfigure.jackson.JacksonAutoConfiguration$ParameterNamesModuleConfiguration
5993:             1             16  org.springframework.boot.autoconfigure.jdbc.DataSourceAutoConfiguration
5994:             1             16  org.springframework.boot.autoconfigure.jdbc.DataSourceAutoConfiguration$PooledDataSourceConfiguration
5995:             1             16  org.springframework.boot.autoconfigure.jdbc.DataSourceConfiguration$Hikari
5996:             1             16  org.springframework.boot.autoconfigure.jdbc.DataSourceJmxConfiguration
5997:             1             16  org.springframework.boot.autoconfigure.jdbc.DataSourceJmxConfiguration$Hikari$$Lambda/0x000000001272e8c0
5998:             1             16  org.springframework.boot.autoconfigure.jdbc.DataSourceTransactionManagerAutoConfiguration
5999:             1             16  org.springframework.boot.autoconfigure.jdbc.DataSourceTransactionManagerAutoConfiguration$JdbcTransactionManagerConfiguration
6000:             1             16  org.springframework.boot.autoconfigure.jdbc.JdbcClientAutoConfiguration
6001:             1             16  org.springframework.boot.autoconfigure.jdbc.JdbcProperties
6002:             1             16  org.springframework.boot.autoconfigure.jdbc.JdbcTemplateAutoConfiguration
6003:             1             16  org.springframework.boot.autoconfigure.jdbc.JdbcTemplateConfiguration
6004:             1             16  org.springframework.boot.autoconfigure.jdbc.NamedParameterJdbcTemplateConfiguration
6005:             1             16  org.springframework.boot.autoconfigure.jdbc.PropertiesJdbcConnectionDetails
6006:             1             16  org.springframework.boot.autoconfigure.jdbc.metadata.DataSourcePoolMetadataProvidersConfiguration
6007:             1             16  org.springframework.boot.autoconfigure.jdbc.metadata.DataSourcePoolMetadataProvidersConfiguration$HikariPoolDataSourceMetadataProviderConfiguration
6008:             1             16  org.springframework.boot.autoconfigure.jdbc.metadata.DataSourcePoolMetadataProvidersConfiguration$HikariPoolDataSourceMetadataProviderConfiguration$$Lambda/0x0000000012730f68
6009:             1             16  org.springframework.boot.autoconfigure.jmx.JmxAutoConfiguration
6010:             1             16  org.springframework.boot.autoconfigure.logging.ConditionEvaluationReportLoggingListener
6011:             1             16  org.springframework.boot.autoconfigure.logging.ConditionEvaluationReportLoggingListener$ConditionEvaluationReportListener$$Lambda/0x00000000121311d0
6012:             1             16  org.springframework.boot.autoconfigure.logging.ConditionEvaluationReportMessage$$Lambda/0x000000001279e248
6013:             1             16  org.springframework.boot.autoconfigure.logging.ConditionEvaluationReportMessage$$Lambda/0x000000001279e6e0
6014:             1             16  org.springframework.boot.autoconfigure.mustache.MustacheTemplateAvailabilityProvider
6015:             1             16  org.springframework.boot.autoconfigure.netty.NettyAutoConfiguration
6016:             1             16  org.springframework.boot.autoconfigure.netty.NettyProperties
6017:             1             16  org.springframework.boot.autoconfigure.reactor.ReactorAutoConfiguration
6018:             1             16  org.springframework.boot.autoconfigure.reactor.ReactorProperties
6019:             1             16  org.springframework.boot.autoconfigure.reactor.netty.ReactorNettyConfigurations$ReactorResourceFactoryConfiguration
6020:             1             16  org.springframework.boot.autoconfigure.reactor.netty.ReactorNettyProperties
6021:             1             16  org.springframework.boot.autoconfigure.sql.init.DataSourceInitializationConfiguration
6022:             1             16  org.springframework.boot.autoconfigure.sql.init.SqlInitializationAutoConfiguration
6023:             1             16  org.springframework.boot.autoconfigure.ssl.SslProperties
6024:             1             16  org.springframework.boot.autoconfigure.ssl.SslProperties$Bundles$Watch
6025:             1             16  org.springframework.boot.autoconfigure.ssl.SslProperties$Bundles$Watch$File
6026:             1             16  org.springframework.boot.autoconfigure.ssl.SslPropertiesBundleRegistrar$$Lambda/0x00000000123cdc90
6027:             1             16  org.springframework.boot.autoconfigure.ssl.SslPropertiesBundleRegistrar$$Lambda/0x00000000123cfcc8
6028:             1             16  org.springframework.boot.autoconfigure.task.ScheduledBeanLazyInitializationExcludeFilter
6029:             1             16  org.springframework.boot.autoconfigure.task.TaskExecutionAutoConfiguration
6030:             1             16  org.springframework.boot.autoconfigure.task.TaskExecutionProperties$Pool$Shutdown
6031:             1             16  org.springframework.boot.autoconfigure.task.TaskExecutionProperties$Simple
6032:             1             16  org.springframework.boot.autoconfigure.task.TaskExecutorConfigurations$TaskExecutorBuilderConfiguration
6033:             1             16  org.springframework.boot.autoconfigure.task.TaskExecutorConfigurations$ThreadPoolTaskExecutorBuilderConfiguration
6034:             1             16  org.springframework.boot.autoconfigure.task.TaskSchedulingAutoConfiguration
6035:             1             16  org.springframework.boot.autoconfigure.task.TaskSchedulingConfigurations$TaskSchedulerBuilderConfiguration
6036:             1             16  org.springframework.boot.autoconfigure.task.TaskSchedulingConfigurations$ThreadPoolTaskSchedulerBuilderConfiguration
6037:             1             16  org.springframework.boot.autoconfigure.task.TaskSchedulingProperties$Pool
6038:             1             16  org.springframework.boot.autoconfigure.task.TaskSchedulingProperties$Simple
6039:             1             16  org.springframework.boot.autoconfigure.template.TemplateAvailabilityProviders$NoTemplateAvailabilityProvider
6040:             1             16  org.springframework.boot.autoconfigure.thymeleaf.ThymeleafTemplateAvailabilityProvider
6041:             1             16  org.springframework.boot.autoconfigure.transaction.ExecutionListenersTransactionManagerCustomizer
6042:             1             16  org.springframework.boot.autoconfigure.transaction.TransactionAutoConfiguration
6043:             1             16  org.springframework.boot.autoconfigure.transaction.TransactionAutoConfiguration$EnableTransactionManagementConfiguration
6044:             1             16  org.springframework.boot.autoconfigure.transaction.TransactionAutoConfiguration$EnableTransactionManagementConfiguration$CglibAutoProxyConfiguration
6045:             1             16  org.springframework.boot.autoconfigure.transaction.TransactionAutoConfiguration$TransactionTemplateConfiguration
6046:             1             16  org.springframework.boot.autoconfigure.transaction.TransactionManagerCustomizationAutoConfiguration
6047:             1             16  org.springframework.boot.autoconfigure.transaction.TransactionManagerCustomizers
6048:             1             16  org.springframework.boot.autoconfigure.validation.ValidationAutoConfiguration
6049:             1             16  org.springframework.boot.autoconfigure.validation.ValidationAutoConfiguration$$Lambda/0x00000000126e62a8
6050:             1             16  org.springframework.boot.autoconfigure.web.ErrorProperties$Whitelabel
6051:             1             16  org.springframework.boot.autoconfigure.web.OnEnabledResourceChainCondition
6052:             1             16  org.springframework.boot.autoconfigure.web.ServerProperties$Reactive
6053:             1             16  org.springframework.boot.autoconfigure.web.ServerProperties$Tomcat$Mbeanregistry
6054:             1             16  org.springframework.boot.autoconfigure.web.client.AutoConfiguredRestClientSsl
6055:             1             16  org.springframework.boot.autoconfigure.web.client.HttpMessageConvertersRestClientCustomizer
6056:             1             16  org.springframework.boot.autoconfigure.web.client.RestClientAutoConfiguration
6057:             1             16  org.springframework.boot.autoconfigure.web.client.RestClientBuilderConfigurer
6058:             1             16  org.springframework.boot.autoconfigure.web.client.RestTemplateAutoConfiguration
6059:             1             16  org.springframework.boot.autoconfigure.web.embedded.EmbeddedWebServerFactoryCustomizerAutoConfiguration
6060:             1             16  org.springframework.boot.autoconfigure.web.embedded.EmbeddedWebServerFactoryCustomizerAutoConfiguration$NettyWebServerFactoryCustomizerConfiguration
6061:             1             16  org.springframework.boot.autoconfigure.web.embedded.EmbeddedWebServerFactoryCustomizerAutoConfiguration$TomcatWebServerFactoryCustomizerConfiguration
6062:             1             16  org.springframework.boot.autoconfigure.web.embedded.TomcatWebServerFactoryCustomizer$$Lambda/0x00000000123d93e0
6063:             1             16  org.springframework.boot.autoconfigure.web.embedded.TomcatWebServerFactoryCustomizer$$Lambda/0x00000000123d9ce8
6064:             1             16  org.springframework.boot.autoconfigure.web.embedded.TomcatWebServerFactoryCustomizer$$Lambda/0x00000000123da840
6065:             1             16  org.springframework.boot.autoconfigure.web.embedded.TomcatWebServerFactoryCustomizer$$Lambda/0x00000000123db368
6066:             1             16  org.springframework.boot.autoconfigure.web.embedded.TomcatWebServerFactoryCustomizer$$Lambda/0x00000000123dbc60
6067:             1             16  org.springframework.boot.autoconfigure.web.embedded.TomcatWebServerFactoryCustomizer$$Lambda/0x00000000123dd230
6068:             1             16  org.springframework.boot.autoconfigure.web.embedded.TomcatWebServerFactoryCustomizer$$Lambda/0x00000000123dd478
6069:             1             16  org.springframework.boot.autoconfigure.web.embedded.TomcatWebServerFactoryCustomizer$$Lambda/0x00000000123dd910
6070:             1             16  org.springframework.boot.autoconfigure.web.embedded.TomcatWebServerFactoryCustomizer$$Lambda/0x00000000123ddd68
6071:             1             16  org.springframework.boot.autoconfigure.web.embedded.TomcatWebServerFactoryCustomizer$$Lambda/0x00000000123de000
6072:             1             16  org.springframework.boot.autoconfigure.web.embedded.TomcatWebServerFactoryCustomizer$$Lambda/0x00000000123de930
6073:             1             16  org.springframework.boot.autoconfigure.web.embedded.TomcatWebServerFactoryCustomizer$$Lambda/0x00000000123ded88
6074:             1             16  org.springframework.boot.autoconfigure.web.embedded.TomcatWebServerFactoryCustomizer$$Lambda/0x00000000123df470
6075:             1             16  org.springframework.boot.autoconfigure.web.embedded.TomcatWebServerFactoryCustomizer$$Lambda/0x00000000123df8c8
6076:             1             16  org.springframework.boot.autoconfigure.web.embedded.TomcatWebServerFactoryCustomizer$$Lambda/0x00000000123dfd50
6077:             1             16  org.springframework.boot.autoconfigure.web.embedded.TomcatWebServerFactoryCustomizer$$Lambda/0x00000000123e0470
6078:             1             16  org.springframework.boot.autoconfigure.web.embedded.TomcatWebServerFactoryCustomizer$$Lambda/0x00000000123e0d68
6079:             1             16  org.springframework.boot.autoconfigure.web.embedded.TomcatWebServerFactoryCustomizer$$Lambda/0x00000000123e1660
6080:             1             16  org.springframework.boot.autoconfigure.web.embedded.TomcatWebServerFactoryCustomizer$$Lambda/0x00000000123e1cf8
6081:             1             16  org.springframework.boot.autoconfigure.web.embedded.TomcatWebServerFactoryCustomizer$$Lambda/0x00000000123e2800
6082:             1             16  org.springframework.boot.autoconfigure.web.embedded.TomcatWebServerFactoryCustomizer$$Lambda/0x00000000123e3340
6083:             1             16  org.springframework.boot.autoconfigure.web.embedded.TomcatWebServerFactoryCustomizer$$Lambda/0x00000000123e40b8
6084:             1             16  org.springframework.boot.autoconfigure.web.embedded.TomcatWebServerFactoryCustomizer$$Lambda/0x00000000123e42e0
6085:             1             16  org.springframework.boot.autoconfigure.web.embedded.TomcatWebServerFactoryCustomizer$$Lambda/0x00000000123e4510
6086:             1             16  org.springframework.boot.autoconfigure.web.reactive.function.client.ClientHttpConnectorAutoConfiguration
6087:             1             16  org.springframework.boot.autoconfigure.web.reactive.function.client.ClientHttpConnectorAutoConfiguration$$Lambda/0x00000000126a32d0
6088:             1             16  org.springframework.boot.autoconfigure.web.reactive.function.client.ClientHttpConnectorFactoryConfiguration$ReactorNetty
6089:             1             16  org.springframework.boot.autoconfigure.web.reactive.function.client.ClientHttpConnectorFactoryConfiguration$ReactorNetty$$Lambda/0x00000000126a2000
6090:             1             16  org.springframework.boot.autoconfigure.web.reactive.function.client.ReactorClientHttpConnectorFactory$$Lambda/0x00000000126a2230
6091:             1             16  org.springframework.boot.autoconfigure.web.reactive.function.client.ReactorClientHttpConnectorFactory$$Lambda/0x00000000126a2cf8
6092:             1             16  org.springframework.boot.autoconfigure.web.reactive.function.client.ReactorNettyHttpClientMapper$$Lambda/0x00000000126a28a0
6093:             1             16  org.springframework.boot.autoconfigure.web.reactive.function.client.ReactorNettyHttpClientMapper$$Lambda/0x00000000126a2ac8
6094:             1             16  org.springframework.boot.autoconfigure.web.reactive.function.client.WebClientAutoConfiguration
6095:             1             16  org.springframework.boot.autoconfigure.web.reactive.function.client.WebClientAutoConfiguration$WebClientCodecsConfiguration
6096:             1             16  org.springframework.boot.autoconfigure.web.reactive.function.client.WebClientCodecCustomizer
6097:             1             16  org.springframework.boot.autoconfigure.web.reactive.function.client.WebClientCodecCustomizer$$Lambda/0x00000000126b75f0
6098:             1             16  org.springframework.boot.autoconfigure.web.servlet.DispatcherServletAutoConfiguration
6099:             1             16  org.springframework.boot.autoconfigure.web.servlet.DispatcherServletAutoConfiguration$DefaultDispatcherServletCondition
6100:             1             16  org.springframework.boot.autoconfigure.web.servlet.DispatcherServletAutoConfiguration$DispatcherServletConfiguration
6101:             1             16  org.springframework.boot.autoconfigure.web.servlet.DispatcherServletAutoConfiguration$DispatcherServletRegistrationCondition
6102:             1             16  org.springframework.boot.autoconfigure.web.servlet.DispatcherServletAutoConfiguration$DispatcherServletRegistrationConfiguration
6103:             1             16  org.springframework.boot.autoconfigure.web.servlet.HttpEncodingAutoConfiguration
6104:             1             16  org.springframework.boot.autoconfigure.web.servlet.HttpEncodingAutoConfiguration$LocaleCharsetMappingsCustomizer
6105:             1             16  org.springframework.boot.autoconfigure.web.servlet.JspTemplateAvailabilityProvider
6106:             1             16  org.springframework.boot.autoconfigure.web.servlet.MultipartAutoConfiguration
6107:             1             16  org.springframework.boot.autoconfigure.web.servlet.ServletWebServerFactoryAutoConfiguration
6108:             1             16  org.springframework.boot.autoconfigure.web.servlet.ServletWebServerFactoryConfiguration$EmbeddedTomcat
6109:             1             16  org.springframework.boot.autoconfigure.web.servlet.ServletWebServerFactoryCustomizer$$Lambda/0x00000000123d5d50
6110:             1             16  org.springframework.boot.autoconfigure.web.servlet.TomcatServletWebServerFactoryCustomizer
6111:             1             16  org.springframework.boot.autoconfigure.web.servlet.TomcatServletWebServerFactoryCustomizer$$Lambda/0x00000000123d88f0
6112:             1             16  org.springframework.boot.autoconfigure.web.servlet.TomcatServletWebServerFactoryCustomizer$$Lambda/0x00000000123d8b18
6113:             1             16  org.springframework.boot.autoconfigure.web.servlet.WebMvcAutoConfiguration
6114:             1             16  org.springframework.boot.autoconfigure.web.servlet.WebMvcAutoConfiguration$EnableWebMvcConfiguration$$Lambda/0x00000000126f1010
6115:             1             16  org.springframework.boot.autoconfigure.web.servlet.WebMvcAutoConfiguration$EnableWebMvcConfiguration$$Lambda/0x00000000126f8a70
6116:             1             16  org.springframework.boot.autoconfigure.web.servlet.WebMvcProperties$Async
6117:             1             16  org.springframework.boot.autoconfigure.web.servlet.WebMvcProperties$Pathmatch
6118:             1             16  org.springframework.boot.autoconfigure.web.servlet.WebMvcProperties$Problemdetails
6119:             1             16  org.springframework.boot.autoconfigure.web.servlet.error.ErrorMvcAutoConfiguration
6120:             1             16  org.springframework.boot.autoconfigure.web.servlet.error.ErrorMvcAutoConfiguration$ErrorTemplateMissingCondition
6121:             1             16  org.springframework.boot.autoconfigure.web.servlet.error.ErrorMvcAutoConfiguration$PreserveErrorControllerTargetClassPostProcessor
6122:             1             16  org.springframework.boot.autoconfigure.web.servlet.error.ErrorMvcAutoConfiguration$StaticView
6123:             1             16  org.springframework.boot.autoconfigure.web.servlet.error.ErrorMvcAutoConfiguration$WhitelabelErrorViewConfiguration
6124:             1             16  org.springframework.boot.autoconfigure.websocket.servlet.TomcatWebSocketServletWebServerCustomizer
6125:             1             16  org.springframework.boot.autoconfigure.websocket.servlet.TomcatWebSocketServletWebServerCustomizer$$Lambda/0x00000000123d1c68
6126:             1             16  org.springframework.boot.autoconfigure.websocket.servlet.WebSocketServletAutoConfiguration
6127:             1             16  org.springframework.boot.autoconfigure.websocket.servlet.WebSocketServletAutoConfiguration$TomcatWebSocketConfiguration
6128:             1             16  org.springframework.boot.context.ConfigurationWarningsApplicationContextInitializer$ComponentScanPackageCheck
6129:             1             16  org.springframework.boot.context.ConfigurationWarningsApplicationContextInitializer$ConfigurationWarningsPostProcessor
6130:             1             16  org.springframework.boot.context.FileEncodingApplicationListener
6131:             1             16  org.springframework.boot.context.config.AnsiOutputApplicationListener
6132:             1             16  org.springframework.boot.context.config.AnsiOutputApplicationListener$$Lambda/0x00000000120ea1f0
6133:             1             16  org.springframework.boot.context.config.ConfigDataEnvironment$$Lambda/0x00000000120e0000
6134:             1             16  org.springframework.boot.context.config.ConfigDataEnvironmentContributor$$Lambda/0x00000000120e8d88
6135:             1             16  org.springframework.boot.context.config.ConfigDataEnvironmentContributors$$Lambda/0x00000000120bea90
6136:             1             16  org.springframework.boot.context.config.ConfigDataEnvironmentContributors$$Lambda/0x00000000120dfdb8
6137:             1             16  org.springframework.boot.context.config.ConfigDataEnvironmentUpdateListener$1
6138:             1             16  org.springframework.boot.context.config.ConfigDataLoaders$$Lambda/0x00000000120bc8c0
6139:             1             16  org.springframework.boot.context.config.ConfigDataLocationResolvers$$Lambda/0x00000000120b3520
6140:             1             16  org.springframework.boot.context.config.LocationResourceLoader$$Lambda/0x00000000120b3bd0
6141:             1             16  org.springframework.boot.context.config.LocationResourceLoader$$Lambda/0x00000000120b6000
6142:             1             16  org.springframework.boot.context.config.Profiles$$Lambda/0x00000000120e0dc0
6143:             1             16  org.springframework.boot.context.config.Profiles$Type$$Lambda/0x00000000120e1238
6144:             1             16  org.springframework.boot.context.config.Profiles$Type$$Lambda/0x00000000120e1480
6145:             1             16  org.springframework.boot.context.config.StandardConfigDataLocationResolver$$Lambda/0x00000000120c0750
6146:             1             16  org.springframework.boot.context.config.StandardConfigDataLocationResolver$$Lambda/0x00000000120c0bf8
6147:             1             16  org.springframework.boot.context.logging.LoggingApplicationListener$$Lambda/0x000000001210cb98
6148:             1             16  org.springframework.boot.context.properties.BoundConfigurationProperties
6149:             1             16  org.springframework.boot.context.properties.ConfigurationPropertiesBinder$$Lambda/0x00000000123c8228
6150:             1             16  org.springframework.boot.context.properties.ConfigurationPropertiesBinder$ConfigurationPropertiesBinderFactory
6151:             1             16  org.springframework.boot.context.properties.EnableConfigurationPropertiesRegistrar$$Lambda/0x000000001227f7b0
6152:             1             16  org.springframework.boot.context.properties.EnableConfigurationPropertiesRegistrar$$Lambda/0x000000001227f9f8
6153:             1             16  org.springframework.boot.context.properties.PropertyMapper$$Lambda/0x00000000123d20a8
6154:             1             16  org.springframework.boot.context.properties.PropertyMapper$Source$$Lambda/0x00000000123d2bb0
6155:             1             16  org.springframework.boot.context.properties.PropertyMapper$Source$$Lambda/0x00000000123de248
6156:             1             16  org.springframework.boot.context.properties.PropertyMapper$Source$$Lambda/0x00000000123e2ea8
6157:             1             16  org.springframework.boot.context.properties.bind.ArrayBinder$$Lambda/0x00000000120b7470
6158:             1             16  org.springframework.boot.context.properties.bind.BindHandler$1
6159:             1             16  org.springframework.boot.context.properties.bind.BindResult
6160:             1             16  org.springframework.boot.context.properties.bind.Bindable$$Lambda/0x000000001210d8c8
6161:             1             16  org.springframework.boot.context.properties.bind.Bindable$$Lambda/0x00000000123c7790
6162:             1             16  org.springframework.boot.context.properties.bind.Binder$$Lambda/0x00000000120b1398
6163:             1             16  org.springframework.boot.context.properties.bind.DefaultBindConstructorProvider
6164:             1             16  org.springframework.boot.context.properties.bind.DefaultBindConstructorProvider$Constructors$$Lambda/0x00000000120dadb8
6165:             1             16  org.springframework.boot.context.properties.bind.DefaultBindConstructorProvider$Constructors$$Lambda/0x00000000120db000
6166:             1             16  org.springframework.boot.context.properties.bind.DefaultBindConstructorProvider$Constructors$$Lambda/0x00000000120db258
6167:             1             16  org.springframework.boot.context.properties.bind.DefaultBindConstructorProvider$Constructors$$Lambda/0x00000000120db4b0
6168:             1             16  org.springframework.boot.context.properties.bind.JavaBeanBinder
6169:             1             16  org.springframework.boot.context.properties.bind.JavaBeanBinder$BeanProperties$$Lambda/0x00000000123c86b8
6170:             1             16  org.springframework.boot.context.properties.bind.JavaBeanBinder$BeanProperties$$Lambda/0x00000000123c8900
6171:             1             16  org.springframework.boot.context.properties.bind.JavaBeanBinder$BeanProperties$$Lambda/0x00000000123c8b48
6172:             1             16  org.springframework.boot.context.properties.bind.JavaBeanBinder$BeanProperties$$Lambda/0x00000000123c9000
6173:             1             16  org.springframework.boot.context.properties.bind.JavaBeanBinder$BeanProperties$$Lambda/0x00000000123c9238
6174:             1             16  org.springframework.boot.context.properties.bind.JavaBeanBinder$BeanProperties$$Lambda/0x00000000123c96c0
6175:             1             16  org.springframework.boot.context.properties.bind.ValueObjectBinder
6176:             1             16  org.springframework.boot.context.properties.bind.ValueObjectBinder$Discoverer$$Lambda/0x00000000120b1f08
6177:             1             16  org.springframework.boot.context.properties.bind.ValueObjectBinder$Discoverer$$Lambda/0x00000000120b2140
6178:             1             16  org.springframework.boot.context.properties.source.ConfigurationPropertyName$$Lambda/0x00000000120a9410
6179:             1             16  org.springframework.boot.context.properties.source.PropertyMapper$$Lambda/0x00000000120a7100
6180:             1             16  org.springframework.boot.context.properties.source.SpringIterableConfigurationPropertySource$$Lambda/0x00000000120b5c00
6181:             1             16  org.springframework.boot.context.properties.source.SpringIterableConfigurationPropertySource$Mappings$$Lambda/0x00000000120a8698
6182:             1             16  org.springframework.boot.context.properties.source.SystemEnvironmentPropertyMapper
6183:             1             16  org.springframework.boot.context.properties.source.SystemEnvironmentPropertyMapper$$Lambda/0x00000000120a9888
6184:             1             16  org.springframework.boot.convert.DelimitedStringToCollectionConverter$$Lambda/0x00000000120e8000
6185:             1             16  org.springframework.boot.convert.DurationStyle$Unit$$Lambda/0x00000000123cab20
6186:             1             16  org.springframework.boot.convert.DurationStyle$Unit$$Lambda/0x00000000123cad68
6187:             1             16  org.springframework.boot.convert.DurationStyle$Unit$$Lambda/0x00000000123cafb0
6188:             1             16  org.springframework.boot.convert.DurationStyle$Unit$$Lambda/0x00000000123cb1f8
6189:             1             16  org.springframework.boot.convert.DurationStyle$Unit$$Lambda/0x00000000123cb440
6190:             1             16  org.springframework.boot.convert.DurationStyle$Unit$$Lambda/0x00000000123cb688
6191:             1             16  org.springframework.boot.convert.DurationStyle$Unit$$Lambda/0x00000000123cb8d0
6192:             1             16  org.springframework.boot.convert.LenientObjectToEnumConverterFactory$LenientToEnumConverter$$Lambda/0x0000000012550930
6193:             1             16  org.springframework.boot.convert.LenientObjectToEnumConverterFactory$LenientToEnumConverter$$Lambda/0x0000000012550b88
6194:             1             16  org.springframework.boot.env.EnvironmentPostProcessorApplicationListener$$Lambda/0x000000001207c0c8
6195:             1             16  org.springframework.boot.env.OriginTrackedYamlLoader$OriginTrackingConstructor$$Lambda/0x00000000120d82c8
6196:             1             16  org.springframework.boot.env.SpringApplicationJsonEnvironmentPostProcessor$$Lambda/0x00000000120a9d08
6197:             1             16  org.springframework.boot.env.SpringApplicationJsonEnvironmentPostProcessor$$Lambda/0x00000000120a9f50
6198:             1             16  org.springframework.boot.io.Base64ProtocolResolver
6199:             1             16  org.springframework.boot.jackson.JsonMixinModuleEntries
6200:             1             16  org.springframework.boot.jdbc.DataSourceBuilder$HikariDataSourceProperties$$Lambda/0x000000001225bfe0
6201:             1             16  org.springframework.boot.jdbc.DataSourceBuilder$HikariDataSourceProperties$$Lambda/0x000000001225c208
6202:             1             16  org.springframework.boot.jdbc.DataSourceBuilder$HikariDataSourceProperties$$Lambda/0x000000001225c658
6203:             1             16  org.springframework.boot.jdbc.DataSourceBuilder$HikariDataSourceProperties$$Lambda/0x000000001225c880
6204:             1             16  org.springframework.boot.jdbc.DataSourceBuilder$HikariDataSourceProperties$$Lambda/0x000000001225caa8
6205:             1             16  org.springframework.boot.jdbc.DataSourceBuilder$HikariDataSourceProperties$$Lambda/0x000000001225ccd0
6206:             1             16  org.springframework.boot.jdbc.DataSourceBuilder$HikariDataSourceProperties$$Lambda/0x000000001225cef8
6207:             1             16  org.springframework.boot.jdbc.DataSourceBuilder$HikariDataSourceProperties$$Lambda/0x000000001225d120
6208:             1             16  org.springframework.boot.jdbc.DataSourceBuilder$MappedDataSourceProperties$$Lambda/0x000000001225adc0
6209:             1             16  org.springframework.boot.jdbc.DataSourceBuilder$MappedDataSourceProperties$$Lambda/0x000000001225d5c0
6210:             1             16  org.springframework.boot.jdbc.DataSourceBuilder$MappedDataSourceProperties$$Lambda/0x000000001225da60
6211:             1             16  org.springframework.boot.jdbc.DataSourceBuilder$MappedDataSourceProperties$$Lambda/0x000000001225df00
6212:             1             16  org.springframework.boot.jdbc.DataSourceBuilder$MappedDataSourceProperties$$Lambda/0x000000001225e3a0
6213:             1             16  org.springframework.boot.jdbc.metadata.HikariDataSourcePoolMetadata
6214:             1             16  org.springframework.boot.loader.jar.MetaInfVersionsInfo$$Lambda/0x00000000120515e8
6215:             1             16  org.springframework.boot.loader.jar.MetaInfVersionsInfo$$Lambda/0x0000000012051810
6216:             1             16  org.springframework.boot.loader.jar.MetaInfVersionsInfo$$Lambda/0x0000000012051a58
6217:             1             16  org.springframework.boot.loader.jar.NestedJarFile$$Lambda/0x00000000120513a0
6218:             1             16  org.springframework.boot.loader.jar.NestedJarFileResources$$Lambda/0x0000000012052110
6219:             1             16  org.springframework.boot.loader.launch.Archive$$Lambda/0x0000000012040c00
6220:             1             16  org.springframework.boot.loader.launch.JarFileArchive$$Lambda/0x0000000012041ba8
6221:             1             16  org.springframework.boot.loader.launch.JarFileArchive$$Lambda/0x0000000012043250
6222:             1             16  org.springframework.boot.loader.log.DebugLogger$DisabledDebugLogger
6223:             1             16  org.springframework.boot.loader.net.protocol.jar.Handler
6224:             1             16  org.springframework.boot.loader.net.protocol.jar.JarFileUrlKey$$Lambda/0x0000000012050f40
6225:             1             16  org.springframework.boot.loader.net.protocol.jar.JarUrlConnection$$Lambda/0x00000000120462c8
6226:             1             16  org.springframework.boot.loader.net.protocol.jar.JarUrlConnection$EmptyUrlStreamHandler
6227:             1             16  org.springframework.boot.loader.net.protocol.jar.UrlJarFileFactory
6228:             1             16  org.springframework.boot.loader.ref.DefaultCleaner
6229:             1             16  org.springframework.boot.loader.zip.FileDataBlock$$Lambda/0x000000001204e0d0
6230:             1             16  org.springframework.boot.loader.zip.FileDataBlock$Tracker$1
6231:             1             16  org.springframework.boot.loader.zip.VirtualDataBlock$$Lambda/0x0000000012053a78
6232:             1             16  org.springframework.boot.logging.DeferredLog$Lines
6233:             1             16  org.springframework.boot.logging.DelegatingLoggingSystemFactory
6234:             1             16  org.springframework.boot.logging.LogLevel$$Lambda/0x00000000120726a0
6235:             1             16  org.springframework.boot.logging.LogLevel$$Lambda/0x00000000120728c8
6236:             1             16  org.springframework.boot.logging.LogLevel$$Lambda/0x0000000012072af0
6237:             1             16  org.springframework.boot.logging.LogLevel$$Lambda/0x0000000012072d18
6238:             1             16  org.springframework.boot.logging.LogLevel$$Lambda/0x0000000012072f40
6239:             1             16  org.springframework.boot.logging.LogLevel$$Lambda/0x0000000012073168
6240:             1             16  org.springframework.boot.logging.LoggerConfigurationComparator
6241:             1             16  org.springframework.boot.logging.LoggerGroups
6242:             1             16  org.springframework.boot.logging.LoggingSystemFactory$$Lambda/0x0000000012085710
6243:             1             16  org.springframework.boot.logging.LoggingSystemProperties$$Lambda/0x00000000120eb0e0
6244:             1             16  org.springframework.boot.logging.logback.LogbackLoggingSystem$$Lambda/0x000000001210d000
6245:             1             16  org.springframework.boot.rsocket.context.RSocketPortInfoApplicationContextInitializer$Listener
6246:             1             16  org.springframework.boot.sql.init.AbstractScriptDatabaseInitializer$ScriptLocationResolver$$Lambda/0x0000000012576ce8
6247:             1             16  org.springframework.boot.sql.init.dependency.BeansOfTypeDetector$$Lambda/0x0000000012307050
6248:             1             16  org.springframework.boot.sql.init.dependency.DatabaseInitializationDependencyConfigurer$DependsOnDatabaseInitializationPostProcessor
6249:             1             16  org.springframework.boot.sql.init.dependency.DatabaseInitializationDependencyConfigurer$DependsOnDatabaseInitializationPostProcessor$InitializerBeanNames$$Lambda/0x0000000012307738
6250:             1             16  org.springframework.boot.ssl.DefaultSslBundleRegistry
6251:             1             16  org.springframework.boot.util.LambdaSafe$InvocationResult
6252:             1             16  org.springframework.boot.validation.beanvalidation.FilteredMethodValidationPostProcessor$$Lambda/0x0000000012320d40
6253:             1             16  org.springframework.boot.web.context.ServerPortInfoApplicationContextInitializer
6254:             1             16  org.springframework.boot.web.embedded.tomcat.TomcatEmbeddedContext$$Lambda/0x000000001279c2a8
6255:             1             16  org.springframework.boot.web.embedded.tomcat.TomcatServletWebServerFactory$DisablePersistSessionListener
6256:             1             16  org.springframework.boot.web.embedded.tomcat.TomcatWebServer$$Lambda/0x0000000012402c68
6257:             1             16  org.springframework.boot.web.embedded.tomcat.TomcatWebServer$$Lambda/0x000000001279ce40
6258:             1             16  org.springframework.boot.web.embedded.tomcat.TomcatWebServer$$Lambda/0x000000001279d088
6259:             1             16  org.springframework.boot.web.server.Http2
6260:             1             16  org.springframework.boot.web.servlet.ServletContextInitializerBeans$$Lambda/0x0000000012432948
6261:             1             16  org.springframework.boot.web.servlet.ServletContextInitializerBeans$$Lambda/0x0000000012432b90
6262:             1             16  org.springframework.boot.web.servlet.ServletContextInitializerBeans$$Lambda/0x0000000012436798
6263:             1             16  org.springframework.boot.web.servlet.ServletContextInitializerBeans$Seen$$Lambda/0x0000000012436a38
6264:             1             16  org.springframework.boot.web.servlet.context.ServletWebServerApplicationContext$$Lambda/0x00000000123ed6f8
6265:             1             16  org.springframework.boot.web.servlet.error.DefaultErrorAttributes
6266:             1             16  org.springframework.boot.web.servlet.server.AbstractServletWebServerFactory$$Lambda/0x0000000012400798
6267:             1             16  org.springframework.boot.web.servlet.server.AbstractServletWebServerFactory$SessionConfiguringInitializer
6268:             1             16  org.springframework.boot.web.servlet.server.AbstractServletWebServerFactory$SessionConfiguringInitializer$$Lambda/0x0000000012412d90
6269:             1             16  org.springframework.boot.web.servlet.server.SessionStoreDirectory
6270:             1             16  org.springframework.boot.web.servlet.server.StaticResourceJars
6271:             1             16  org.springframework.cglib.core.AbstractClassGenerator$ClassLoaderData$$Lambda/0x00000000122f4e18
6272:             1             16  org.springframework.cglib.core.AbstractClassGenerator$ClassLoaderData$$Lambda/0x00000000122f5040
6273:             1             16  org.springframework.cglib.core.AbstractClassGenerator$ClassLoaderData$$Lambda/0x00000000122f5270
6274:             1             16  org.springframework.cglib.core.DefaultGeneratorStrategy
6275:             1             16  org.springframework.cglib.core.DefaultNamingPolicy
6276:             1             16  org.springframework.cglib.core.EmitUtils$$Lambda/0x00000000122fa248
6277:             1             16  org.springframework.cglib.core.EmitUtils$$Lambda/0x0000000012300230
6278:             1             16  org.springframework.cglib.core.MethodInfoTransformer
6279:             1             16  org.springframework.cglib.core.SpringNamingPolicy
6280:             1             16  org.springframework.cglib.core.internal.LoadingCache$$Lambda/0x00000000122f56c8
6281:             1             16  org.springframework.cglib.proxy.Enhancer$$Lambda/0x00000000122f0578
6282:             1             16  org.springframework.cglib.proxy.FixedValueGenerator
6283:             1             16  org.springframework.cglib.proxy.InvocationHandlerGenerator
6284:             1             16  org.springframework.cglib.proxy.LazyLoaderGenerator
6285:             1             16  org.springframework.cglib.proxy.MethodInterceptorGenerator
6286:             1             16  org.springframework.cglib.proxy.MethodInterceptorGenerator$$Lambda/0x00000000122f30f8
6287:             1             16  org.springframework.cglib.proxy.NoOp$1
6288:             1             16  org.springframework.cglib.proxy.NoOpGenerator
6289:             1             16  org.springframework.cglib.reflect.FastClassEmitter$$Lambda/0x00000000122f9a50
6290:             1             16  org.springframework.context.annotation.AnnotationBeanNameGenerator
6291:             1             16  org.springframework.context.annotation.AnnotationBeanNameGenerator$$Lambda/0x000000001218c628
6292:             1             16  org.springframework.context.annotation.AnnotationBeanNameGenerator$$Lambda/0x000000001218cb08
6293:             1             16  org.springframework.context.annotation.AnnotationBeanNameGenerator$$Lambda/0x000000001218cff8
6294:             1             16  org.springframework.context.annotation.AnnotationBeanNameGenerator$$Lambda/0x000000001218e168
6295:             1             16  org.springframework.context.annotation.AnnotationBeanNameGenerator$$Lambda/0x000000001218f020
6296:             1             16  org.springframework.context.annotation.AnnotationBeanNameGenerator$$Lambda/0x000000001218f268
6297:             1             16  org.springframework.context.annotation.ConfigurationClassEnhancer$BeanFactoryAwareMethodInterceptor
6298:             1             16  org.springframework.context.annotation.ConfigurationClassEnhancer$BeanMethodInterceptor
6299:             1             16  org.springframework.context.annotation.ConfigurationClassParser$$Lambda/0x00000000121b7298
6300:             1             16  org.springframework.context.annotation.ConfigurationClassParser$$Lambda/0x00000000121b7718
6301:             1             16  org.springframework.context.annotation.ConfigurationClassParser$$Lambda/0x00000000121bc170
6302:             1             16  org.springframework.context.annotation.ConfigurationClassParser$$Lambda/0x00000000121bc3c8
6303:             1             16  org.springframework.context.annotation.ConfigurationClassPostProcessor$$Lambda/0x00000000121b6230
6304:             1             16  org.springframework.context.annotation.ConfigurationClassPostProcessor$ImportAwareBeanPostProcessor
6305:             1             16  org.springframework.context.annotation.FullyQualifiedAnnotationBeanNameGenerator
6306:             1             16  org.springframework.context.event.DefaultEventListenerFactory
6307:             1             16  org.springframework.context.event.EventListenerMethodProcessor$$Lambda/0x0000000012775bd8
6308:             1             16  org.springframework.context.expression.StandardBeanExpressionResolver$1
6309:             1             16  org.springframework.context.index.CandidateComponentsIndexLoader$$Lambda/0x000000001212e7e0
6310:             1             16  org.springframework.context.support.DefaultLifecycleProcessor$$Lambda/0x00000000127838b0
6311:             1             16  org.springframework.core.$Proxy90
6312:             1             16  org.springframework.core.OrderComparator
6313:             1             16  org.springframework.core.ReactiveAdapterRegistry
6314:             1             16  org.springframework.core.ReactiveAdapterRegistry$ReactorRegistrar$$Lambda/0x00000000123618d8
6315:             1             16  org.springframework.core.ReactiveAdapterRegistry$ReactorRegistrar$$Lambda/0x0000000012361d18
6316:             1             16  org.springframework.core.ReactiveAdapterRegistry$ReactorRegistrar$$Lambda/0x0000000012361f60
6317:             1             16  org.springframework.core.ReactiveAdapterRegistry$ReactorRegistrar$$Lambda/0x00000000123621a8
6318:             1             16  org.springframework.core.ReactiveAdapterRegistry$ReactorRegistrar$$Lambda/0x00000000123623d0
6319:             1             16  org.springframework.core.ReactiveAdapterRegistry$ReactorRegistrar$$Lambda/0x0000000012362618
6320:             1             16  org.springframework.core.ReactiveAdapterRegistry$ReactorRegistrar$$Lambda/0x0000000012362860
6321:             1             16  org.springframework.core.ReactiveAdapterRegistry$ReactorRegistrar$$Lambda/0x0000000012362a88
6322:             1             16  org.springframework.core.ReactiveAdapterRegistry$ReactorRegistrar$$Lambda/0x0000000012362cd0
6323:             1             16  org.springframework.core.ReactiveAdapterRegistry$ReactorRegistrar$$Lambda/0x0000000012363658
6324:             1             16  org.springframework.core.ReactiveAdapterRegistry$ReactorRegistrar$$Lambda/0x0000000012363880
6325:             1             16  org.springframework.core.ReactiveAdapterRegistry$ReactorRegistrar$$Lambda/0x0000000012363ac8
6326:             1             16  org.springframework.core.ReactiveAdapterRegistry$ReactorRegistrar$$Lambda/0x0000000012363d10
6327:             1             16  org.springframework.core.ReactiveAdapterRegistry$ReactorRegistrar$$Lambda/0x0000000012363f38
6328:             1             16  org.springframework.core.ReactiveAdapterRegistry$ReactorRegistrar$$Lambda/0x0000000012364180
6329:             1             16  org.springframework.core.ReactiveAdapterRegistry$RxJava3Registrar$$Lambda/0x0000000012379e10
6330:             1             16  org.springframework.core.ReactiveAdapterRegistry$RxJava3Registrar$$Lambda/0x000000001237a038
6331:             1             16  org.springframework.core.ReactiveAdapterRegistry$RxJava3Registrar$$Lambda/0x000000001237a280
6332:             1             16  org.springframework.core.ReactiveAdapterRegistry$RxJava3Registrar$$Lambda/0x000000001238e258
6333:             1             16  org.springframework.core.ReactiveAdapterRegistry$RxJava3Registrar$$Lambda/0x000000001238e480
6334:             1             16  org.springframework.core.ReactiveAdapterRegistry$RxJava3Registrar$$Lambda/0x000000001238e6c8
6335:             1             16  org.springframework.core.ReactiveAdapterRegistry$RxJava3Registrar$$Lambda/0x000000001238e910
6336:             1             16  org.springframework.core.ReactiveAdapterRegistry$RxJava3Registrar$$Lambda/0x0000000012398000
6337:             1             16  org.springframework.core.ReactiveAdapterRegistry$RxJava3Registrar$$Lambda/0x00000000123a2f80
6338:             1             16  org.springframework.core.ReactiveAdapterRegistry$RxJava3Registrar$$Lambda/0x00000000123a31a8
6339:             1             16  org.springframework.core.ReactiveAdapterRegistry$RxJava3Registrar$$Lambda/0x00000000123a33f0
6340:             1             16  org.springframework.core.ReactiveAdapterRegistry$RxJava3Registrar$$Lambda/0x00000000123aa158
6341:             1             16  org.springframework.core.ReactiveAdapterRegistry$RxJava3Registrar$$Lambda/0x00000000123aa380
6342:             1             16  org.springframework.core.ReactiveAdapterRegistry$RxJava3Registrar$$Lambda/0x00000000123aa5c8
6343:             1             16  org.springframework.core.ResolvableType$EmptyType
6344:             1             16  org.springframework.core.SortedProperties$$Lambda/0x00000000120d9dd8
6345:             1             16  org.springframework.core.annotation.AbstractMergedAnnotation$$Lambda/0x000000001218e658
6346:             1             16  org.springframework.core.annotation.AnnotatedElementUtils$$Lambda/0x00000000126ff0e0
6347:             1             16  org.springframework.core.annotation.AnnotationAwareOrderComparator
6348:             1             16  org.springframework.core.annotation.AnnotationFilter$1
6349:             1             16  org.springframework.core.annotation.AnnotationFilter$2
6350:             1             16  org.springframework.core.annotation.AnnotationTypeMapping$$Lambda/0x0000000012082938
6351:             1             16  org.springframework.core.annotation.AnnotationTypeMapping$$Lambda/0x0000000012182070
6352:             1             16  org.springframework.core.annotation.AnnotationTypeMapping$$Lambda/0x00000000121849e0
6353:             1             16  org.springframework.core.annotation.AnnotationTypeMappings$$Lambda/0x0000000012083410
6354:             1             16  org.springframework.core.annotation.AnnotationUtils$$Lambda/0x0000000012323970
6355:             1             16  org.springframework.core.annotation.AnnotationUtils$$Lambda/0x0000000012448690
6356:             1             16  org.springframework.core.annotation.AnnotationUtils$$Lambda/0x0000000012540250
6357:             1             16  org.springframework.core.annotation.AnnotationUtils$$Lambda/0x0000000012653868
6358:             1             16  org.springframework.core.annotation.AnnotationUtils$$Lambda/0x00000000127c4aa8
6359:             1             16  org.springframework.core.annotation.AttributeMethods$$Lambda/0x0000000012086c98
6360:             1             16  org.springframework.core.annotation.AttributeMethods$$Lambda/0x0000000012086f38
6361:             1             16  org.springframework.core.annotation.MergedAnnotationCollectors$$Lambda/0x00000000121cd928
6362:             1             16  org.springframework.core.annotation.MergedAnnotationCollectors$$Lambda/0x00000000121cdfe8
6363:             1             16  org.springframework.core.annotation.MergedAnnotationCollectors$$Lambda/0x0000000012326c00
6364:             1             16  org.springframework.core.annotation.MergedAnnotationCollectors$$Lambda/0x0000000012327a98
6365:             1             16  org.springframework.core.annotation.MergedAnnotationCollectors$$Lambda/0x0000000012327cc0
6366:             1             16  org.springframework.core.annotation.MergedAnnotationSelectors$FirstDirectlyDeclared
6367:             1             16  org.springframework.core.annotation.MergedAnnotationSelectors$Nearest
6368:             1             16  org.springframework.core.annotation.MergedAnnotations$Search$$Lambda/0x0000000012076b30
6369:             1             16  org.springframework.core.annotation.MergedAnnotations$Search$$Lambda/0x0000000012076d88
6370:             1             16  org.springframework.core.annotation.MissingMergedAnnotation
6371:             1             16  org.springframework.core.annotation.RepeatableContainers$NoRepeatableContainers
6372:             1             16  org.springframework.core.annotation.RepeatableContainers$StandardRepeatableContainers
6373:             1             16  org.springframework.core.annotation.RepeatableContainers$StandardRepeatableContainers$$Lambda/0x0000000012087180
6374:             1             16  org.springframework.core.annotation.TypeMappedAnnotation$$Lambda/0x0000000012083b80
6375:             1             16  org.springframework.core.annotation.TypeMappedAnnotation$$Lambda/0x000000001219eb00
6376:             1             16  org.springframework.core.annotation.TypeMappedAnnotation$$Lambda/0x00000000121c5440
6377:             1             16  org.springframework.core.annotation.TypeMappedAnnotation$$Lambda/0x00000000121ce238
6378:             1             16  org.springframework.core.annotation.TypeMappedAnnotation$$Lambda/0x0000000012653640
6379:             1             16  org.springframework.core.convert.support.GenericConversionService$Converters$$Lambda/0x00000000120906a0
6380:             1             16  org.springframework.core.env.PropertiesPropertySource$$Lambda/0x00000000120a88e0
6381:             1             16  org.springframework.core.env.PropertiesPropertySource$$Lambda/0x00000000120a8b38
6382:             1             16  org.springframework.core.io.DefaultResourceLoader$$Lambda/0x000000001212e168
6383:             1             16  org.springframework.core.io.support.DefaultPropertySourceFactory
6384:             1             16  org.springframework.core.io.support.PathMatchingResourcePatternResolver$$Lambda/0x00000000120e6ef0
6385:             1             16  org.springframework.core.io.support.PathMatchingResourcePatternResolver$$Lambda/0x00000000120e7138
6386:             1             16  org.springframework.core.io.support.SpringFactoriesLoader$$Lambda/0x000000001206b1f0
6387:             1             16  org.springframework.core.io.support.SpringFactoriesLoader$$Lambda/0x000000001206ef38
6388:             1             16  org.springframework.core.io.support.SpringFactoriesLoader$$Lambda/0x000000001206f3c0
6389:             1             16  org.springframework.core.io.support.SpringFactoriesLoader$FailureHandler$$Lambda/0x000000001206ab48
6390:             1             16  org.springframework.core.io.support.SpringFactoriesLoader$FailureHandler$$Lambda/0x000000001206ad80
6391:             1             16  org.springframework.core.io.support.SpringFactoriesLoader$FailureHandler$$Lambda/0x000000001206afc0
6392:             1             16  org.springframework.core.metrics.DefaultApplicationStartup
6393:             1             16  org.springframework.core.metrics.DefaultApplicationStartup$DefaultStartupStep
6394:             1             16  org.springframework.core.metrics.DefaultApplicationStartup$DefaultStartupStep$DefaultTags
6395:             1             16  org.springframework.core.type.AnnotatedTypeMetadata$$Lambda/0x00000000121ba7b8
6396:             1             16  org.springframework.core.type.AnnotatedTypeMetadata$$Lambda/0x00000000121baef0
6397:             1             16  org.springframework.core.type.AnnotatedTypeMetadata$$Lambda/0x00000000121bba80
6398:             1             16  org.springframework.core.type.AnnotatedTypeMetadata$$Lambda/0x00000000121ccd90
6399:             1             16  org.springframework.core.type.AnnotatedTypeMetadata$$Lambda/0x00000000121cd248
6400:             1             16  org.springframework.core.type.AnnotatedTypeMetadata$$Lambda/0x00000000121cd6e0
6401:             1             16  org.springframework.core.type.AnnotationMetadata$$Lambda/0x00000000121cc890
6402:             1             16  org.springframework.core.type.AnnotationMetadata$$Lambda/0x00000000121f09f8
6403:             1             16  org.springframework.core.type.AnnotationMetadata$$Lambda/0x00000000121f0c50
6404:             1             16  org.springframework.core.type.AnnotationMetadata$$Lambda/0x00000000121f0e98
6405:             1             16  org.springframework.core.type.classreading.SimpleMetadataReaderFactory
6406:             1             16  org.springframework.data.convert.CustomConversions$$Lambda/0x000000001253e888
6407:             1             16  org.springframework.data.convert.CustomConversions$$Lambda/0x000000001253ef80
6408:             1             16  org.springframework.data.convert.CustomConversions$$Lambda/0x000000001253f658
6409:             1             16  org.springframework.data.convert.CustomConversions$$Lambda/0x000000001253f8a0
6410:             1             16  org.springframework.data.convert.CustomConversions$$Lambda/0x00000000125412f0
6411:             1             16  org.springframework.data.convert.CustomConversions$$Lambda/0x0000000012541538
6412:             1             16  org.springframework.data.convert.CustomConversions$$Lambda/0x0000000012541e80
6413:             1             16  org.springframework.data.convert.CustomConversions$ConverterConfiguration$$Lambda/0x000000001253c830
6414:             1             16  org.springframework.data.convert.SimplePropertyValueConversions$$Lambda/0x000000001253d1c0
6415:             1             16  org.springframework.data.convert.SimplePropertyValueConversions$$Lambda/0x000000001253d418
6416:             1             16  org.springframework.data.domain.Sort
6417:             1             16  org.springframework.data.keyvalue.core.KeyValuePersistenceExceptionTranslator
6418:             1             16  org.springframework.data.keyvalue.core.SpelSortAccessor
6419:             1             16  org.springframework.data.mapping.context.AbstractMappingContext$$Lambda/0x00000000125486f0
6420:             1             16  org.springframework.data.mapping.context.PersistentPropertyPathFactory$$Lambda/0x00000000125429e0
6421:             1             16  org.springframework.data.mapping.model.ClassGeneratingPropertyAccessorFactory$$Lambda/0x0000000012543540
6422:             1             16  org.springframework.data.mapping.model.ClassGeneratingPropertyAccessorFactory$$Lambda/0x0000000012543bc0
6423:             1             16  org.springframework.data.projection.ProxyProjectionFactory$$Lambda/0x00000000123b6f90
6424:             1             16  org.springframework.data.redis.PassThroughExceptionTranslationStrategy
6425:             1             16  org.springframework.data.redis.connection.DefaultStringRedisConnection$1
6426:             1             16  org.springframework.data.redis.connection.DefaultStringRedisConnection$DeserializingConverter
6427:             1             16  org.springframework.data.redis.connection.DefaultStringRedisConnection$SerializingConverter
6428:             1             16  org.springframework.data.redis.connection.DefaultStringRedisConnection$StringTupleConverter
6429:             1             16  org.springframework.data.redis.connection.RedisStreamCommands$$Lambda/0x0000000012946fe8
6430:             1             16  org.springframework.data.redis.connection.RedisStreamCommands$$Lambda/0x0000000012947230
6431:             1             16  org.springframework.data.redis.connection.RedisZSetCommands$ZAddArgs
6432:             1             16  org.springframework.data.redis.connection.SubscriptionListener$1
6433:             1             16  org.springframework.data.redis.connection.convert.Converters$$Lambda/0x00000000128ac9d8
6434:             1             16  org.springframework.data.redis.connection.convert.Converters$DeserializingGeoResultsConverter
6435:             1             16  org.springframework.data.redis.connection.stream.ReadOffset
6436:             1             16  org.springframework.data.redis.connection.stream.RecordId$1
6437:             1             16  org.springframework.data.redis.core.DefaultStreamOperations$$Lambda/0x00000000127f7658
6438:             1             16  org.springframework.data.redis.core.RedisQueryEngine$RedisCriteriaAccessor
6439:             1             16  org.springframework.data.redis.core.StreamOperations$$Lambda/0x0000000012946948
6440:             1             16  org.springframework.data.redis.core.StreamOperations$$Lambda/0x0000000012946b90
6441:             1             16  org.springframework.data.redis.core.convert.BinaryConverters$BytesToBooleanConverter
6442:             1             16  org.springframework.data.redis.core.convert.BinaryConverters$BytesToDateConverter
6443:             1             16  org.springframework.data.redis.core.convert.BinaryConverters$BytesToEnumConverterFactory
6444:             1             16  org.springframework.data.redis.core.convert.BinaryConverters$BytesToNumberConverterFactory
6445:             1             16  org.springframework.data.redis.core.convert.BinaryConverters$BytesToStringConverter
6446:             1             16  org.springframework.data.redis.core.convert.BinaryConverters$BytesToUuidConverter
6447:             1             16  org.springframework.data.redis.core.convert.BinaryConverters$DateToBytesConverter
6448:             1             16  org.springframework.data.redis.core.convert.BinaryConverters$EnumToBytesConverter
6449:             1             16  org.springframework.data.redis.core.convert.BinaryConverters$NumberToBytesConverter
6450:             1             16  org.springframework.data.redis.core.convert.BinaryConverters$UuidToBytesConverter
6451:             1             16  org.springframework.data.redis.core.convert.IndexedDataFactoryProvider
6452:             1             16  org.springframework.data.redis.core.convert.Jsr310Converters$BytesToDurationConverter
6453:             1             16  org.springframework.data.redis.core.convert.Jsr310Converters$BytesToInstantConverter
6454:             1             16  org.springframework.data.redis.core.convert.Jsr310Converters$BytesToLocalDateConverter
6455:             1             16  org.springframework.data.redis.core.convert.Jsr310Converters$BytesToLocalDateTimeConverter
6456:             1             16  org.springframework.data.redis.core.convert.Jsr310Converters$BytesToLocalTimeConverter
6457:             1             16  org.springframework.data.redis.core.convert.Jsr310Converters$BytesToOffsetDateTimeConverter
6458:             1             16  org.springframework.data.redis.core.convert.Jsr310Converters$BytesToOffsetTimeConverter
6459:             1             16  org.springframework.data.redis.core.convert.Jsr310Converters$BytesToPeriodConverter
6460:             1             16  org.springframework.data.redis.core.convert.Jsr310Converters$BytesToZoneIdConverter
6461:             1             16  org.springframework.data.redis.core.convert.Jsr310Converters$BytesToZonedDateTimeConverter
6462:             1             16  org.springframework.data.redis.core.convert.Jsr310Converters$DurationToBytesConverter
6463:             1             16  org.springframework.data.redis.core.convert.Jsr310Converters$InstantToBytesConverter
6464:             1             16  org.springframework.data.redis.core.convert.Jsr310Converters$LocalDateTimeToBytesConverter
6465:             1             16  org.springframework.data.redis.core.convert.Jsr310Converters$LocalDateToBytesConverter
6466:             1             16  org.springframework.data.redis.core.convert.Jsr310Converters$LocalTimeToBytesConverter
6467:             1             16  org.springframework.data.redis.core.convert.Jsr310Converters$OffsetDateTimeToBytesConverter
6468:             1             16  org.springframework.data.redis.core.convert.Jsr310Converters$OffsetTimeToBytesConverter
6469:             1             16  org.springframework.data.redis.core.convert.Jsr310Converters$PeriodToBytesConverter
6470:             1             16  org.springframework.data.redis.core.convert.Jsr310Converters$ZoneIdToBytesConverter
6471:             1             16  org.springframework.data.redis.core.convert.Jsr310Converters$ZonedDateTimeToBytesConverter
6472:             1             16  org.springframework.data.redis.hash.ObjectHashMapper
6473:             1             16  org.springframework.data.redis.hash.ObjectHashMapper$NoOpIndexResolver
6474:             1             16  org.springframework.data.redis.hash.ObjectHashMapper$NoOpReferenceResolver
6475:             1             16  org.springframework.data.redis.listener.RedisMessageListenerContainer$$Lambda/0x0000000012771ed0
6476:             1             16  org.springframework.data.redis.listener.RedisMessageListenerContainer$$Lambda/0x0000000012772560
6477:             1             16  org.springframework.data.redis.listener.RedisMessageListenerContainer$DispatchMessageListener
6478:             1             16  org.springframework.data.redis.listener.RedisMessageListenerContainer$State
6479:             1             16  org.springframework.data.redis.repository.configuration.RedisRepositoryConfigurationExtension$$Lambda/0x00000000122cbd48
6480:             1             16  org.springframework.data.redis.repository.configuration.RedisRepositoryConfigurationExtension$$Lambda/0x00000000122ce700
6481:             1             16  org.springframework.data.redis.serializer.GenericJackson2JsonRedisSerializer$$Lambda/0x00000000127235e0
6482:             1             16  org.springframework.data.redis.serializer.GenericJackson2JsonRedisSerializer$$Lambda/0x0000000012723810
6483:             1             16  org.springframework.data.redis.serializer.GenericJackson2JsonRedisSerializer$$Lambda/0x0000000012723a40
6484:             1             16  org.springframework.data.redis.serializer.JacksonObjectReader$$Lambda/0x0000000012723190
6485:             1             16  org.springframework.data.redis.serializer.JacksonObjectWriter$$Lambda/0x00000000127233b8
6486:             1             16  org.springframework.data.repository.support.Repositories$$Lambda/0x00000000126f0000
6487:             1             16  org.springframework.data.repository.support.Repositories$$Lambda/0x0000000012939bb8
6488:             1             16  org.springframework.data.spel.EvaluationContextProvider$$Lambda/0x0000000012542318
6489:             1             16  org.springframework.data.spel.ExtensionAwareEvaluationContextProvider$$Lambda/0x000000001276fbb8
6490:             1             16  org.springframework.data.util.CustomCollections$$Lambda/0x00000000125470e8
6491:             1             16  org.springframework.data.util.CustomCollections$$Lambda/0x0000000012547340
6492:             1             16  org.springframework.data.util.CustomCollections$SearchableTypes$$Lambda/0x00000000125477a8
6493:             1             16  org.springframework.data.util.CustomCollections$SearchableTypes$$Lambda/0x0000000012547a00
6494:             1             16  org.springframework.data.util.CustomCollections$SearchableTypes$$Lambda/0x0000000012547c58
6495:             1             16  org.springframework.data.util.KotlinBeanInfoFactory
6496:             1             16  org.springframework.data.util.Lazy$$Lambda/0x00000000122cc800
6497:             1             16  org.springframework.data.util.NullableWrapperConverters$AbstractWrapperTypeConverter$$Lambda/0x00000000123b6460
6498:             1             16  org.springframework.data.util.Predicates$$Lambda/0x000000001253a778
6499:             1             16  org.springframework.data.util.Predicates$$Lambda/0x000000001253a9d0
6500:             1             16  org.springframework.data.util.Predicates$$Lambda/0x000000001253ac28
6501:             1             16  org.springframework.data.util.Predicates$$Lambda/0x000000001253ae80
6502:             1             16  org.springframework.data.util.Predicates$$Lambda/0x000000001253b0d8
6503:             1             16  org.springframework.data.util.Predicates$$Lambda/0x000000001253b330
6504:             1             16  org.springframework.data.util.Predicates$$Lambda/0x000000001253b588
6505:             1             16  org.springframework.data.util.Predicates$$Lambda/0x000000001253b7e0
6506:             1             16  org.springframework.data.util.Predicates$$Lambda/0x000000001253ba38
6507:             1             16  org.springframework.data.util.Predicates$$Lambda/0x000000001253bc90
6508:             1             16  org.springframework.data.util.Predicates$$Lambda/0x000000001253bee8
6509:             1             16  org.springframework.data.util.Predicates$$Lambda/0x000000001253c140
6510:             1             16  org.springframework.data.util.Predicates$$Lambda/0x000000001253c398
6511:             1             16  org.springframework.data.util.ProxyUtils$$Lambda/0x000000001293c808
6512:             1             16  org.springframework.data.util.ProxyUtils$$Lambda/0x000000001293ca30
6513:             1             16  org.springframework.data.util.StreamUtils$$Lambda/0x00000000123b68d8
6514:             1             16  org.springframework.data.web.config.EnableSpringDataWebSupport$SpringDataWebConfigurationImportSelector$$Lambda/0x0000000012272350
6515:             1             16  org.springframework.data.web.config.EnableSpringDataWebSupport$SpringDataWebConfigurationImportSelector$$Lambda/0x00000000122727a8
6516:             1             16  org.springframework.data.web.config.EnableSpringDataWebSupport$SpringDataWebConfigurationImportSelector$$Lambda/0x0000000012272a00
6517:             1             16  org.springframework.data.web.config.EnableSpringDataWebSupport$SpringDataWebConfigurationImportSelector$$Lambda/0x0000000012272c48
6518:             1             16  org.springframework.data.web.config.EnableSpringDataWebSupport$SpringDataWebConfigurationImportSelector$$Lambda/0x0000000012273208
6519:             1             16  org.springframework.data.web.config.EnableSpringDataWebSupport$SpringDataWebConfigurationImportSelector$$Lambda/0x0000000012273460
6520:             1             16  org.springframework.data.web.config.ProjectingArgumentResolverRegistrar
6521:             1             16  org.springframework.data.web.config.ProjectingArgumentResolverRegistrar$ProjectingArgumentResolverBeanPostProcessor
6522:             1             16  org.springframework.data.web.config.SpringDataJacksonConfiguration
6523:             1             16  org.springframework.data.web.config.SpringDataJacksonConfiguration$PageModule$UnpagedAsInstanceSerializer
6524:             1             16  org.springframework.data.web.config.SpringDataJacksonConfiguration$PageModule$WarningLoggingModifier
6525:             1             16  org.springframework.data.web.config.SpringDataWebConfiguration$$Lambda/0x00000000126eac60
6526:             1             16  org.springframework.data.web.config.SpringDataWebConfiguration$$Lambda/0x00000000126eae90
6527:             1             16  org.springframework.data.web.config.SpringDataWebConfiguration$$Lambda/0x00000000126eb0c0
6528:             1             16  org.springframework.data.web.config.SpringDataWebConfiguration$$Lambda/0x00000000126eb2f0
6529:             1             16  org.springframework.data.web.config.SpringDataWebConfiguration$$Lambda/0x00000000126eb520
6530:             1             16  org.springframework.expression.spel.support.StandardOperatorOverloader
6531:             1             16  org.springframework.expression.spel.support.StandardTypeComparator
6532:             1             16  org.springframework.http.MediaType$$Lambda/0x00000000121d2eb8
6533:             1             16  org.springframework.http.MediaType$1
6534:             1             16  org.springframework.http.client.ReactorResourceFactory$$Lambda/0x00000000126af8d0
6535:             1             16  org.springframework.http.client.ReactorResourceFactory$$Lambda/0x00000000126afaf8
6536:             1             16  org.springframework.http.client.reactive.ReactorClientHttpConnector$$Lambda/0x00000000126a2458
6537:             1             16  org.springframework.http.codec.EncoderHttpMessageWriter$$Lambda/0x00000000126c7880
6538:             1             16  org.springframework.http.codec.multipart.FileStorage$TempFileStorage$$Lambda/0x00000000126c36c0
6539:             1             16  org.springframework.http.codec.protobuf.ProtobufEncoder$$Lambda/0x00000000126c9990
6540:             1             16  org.springframework.http.codec.support.BaseDefaultCodecs$$Lambda/0x00000000126cb328
6541:             1             16  org.springframework.http.codec.support.BaseDefaultCodecs$$Lambda/0x00000000126cb580
6542:             1             16  org.springframework.http.converter.json.AbstractJackson2HttpMessageConverter$$Lambda/0x0000000012705f00
6543:             1             16  org.springframework.http.converter.json.SpringHandlerInstantiator
6544:             1             16  org.springframework.http.converter.xml.Jaxb2RootElementHttpMessageConverter$$Lambda/0x00000000121d79d0
6545:             1             16  org.springframework.http.server.observation.DefaultServerRequestObservationConvention$$Lambda/0x000000001242fad0
6546:             1             16  org.springframework.http.server.observation.ServerRequestObservationContext$$Lambda/0x00000000127bd390
6547:             1             16  org.springframework.jdbc.core.namedparam.NamedParameterJdbcTemplate$$Lambda/0x0000000012773ba0
6548:             1             16  org.springframework.jmx.export.annotation.AnnotationJmxAttributeSource$$Lambda/0x0000000012764dc0
6549:             1             16  org.springframework.jmx.export.annotation.AnnotationJmxAttributeSource$$Lambda/0x0000000012765008
6550:             1             16  org.springframework.scheduling.annotation.AbstractAsyncConfiguration$$Lambda/0x0000000012312200
6551:             1             16  org.springframework.scheduling.annotation.AbstractAsyncConfiguration$$Lambda/0x0000000012312670
6552:             1             16  org.springframework.scheduling.annotation.AbstractAsyncConfiguration$$Lambda/0x0000000012312ae8
6553:             1             16  org.springframework.scheduling.annotation.ScheduledAnnotationBeanPostProcessor$$Lambda/0x0000000012327230
6554:             1             16  org.springframework.scheduling.annotation.ScheduledAnnotationBeanPostProcessor$$Lambda/0x0000000012448448
6555:             1             16  org.springframework.scheduling.annotation.SchedulingConfiguration
6556:             1             16  org.springframework.scheduling.config.TaskSchedulerRouter$$Lambda/0x000000001279edb8
6557:             1             16  org.springframework.scheduling.support.DefaultScheduledTaskObservationConvention
6558:             1             16  org.springframework.scheduling.support.TaskUtils$LoggingErrorHandler
6559:             1             16  org.springframework.scheduling.support.TaskUtils$PropagatingErrorHandler
6560:             1             16  org.springframework.transaction.annotation.RestrictedTransactionalEventListenerFactory
6561:             1             16  org.springframework.transaction.annotation.SpringTransactionAnnotationParser
6562:             1             16  org.springframework.transaction.interceptor.TransactionAttributeSourcePointcut$TransactionAttributeSourceClassFilter
6563:             1             16  org.springframework.util.ClassUtils$$Lambda/0x000000001242a5b0
6564:             1             16  org.springframework.util.ConcurrentReferenceHashMap$EntrySet
6565:             1             16  org.springframework.util.DefaultPropertiesPersister
6566:             1             16  org.springframework.util.MimeType$SpecificityComparator
6567:             1             16  org.springframework.util.MimeTypeUtils$$Lambda/0x00000000126bd8c0
6568:             1             16  org.springframework.util.MimeTypeUtils$$Lambda/0x00000000127dee38
6569:             1             16  org.springframework.util.MultiValueMapAdapter
6570:             1             16  org.springframework.util.MultiValueMapAdapter$$Lambda/0x000000001207b0a8
6571:             1             16  org.springframework.util.ReflectionUtils$$Lambda/0x0000000012070ab0
6572:             1             16  org.springframework.util.ReflectionUtils$$Lambda/0x0000000012070ce8
6573:             1             16  org.springframework.util.xml.StaxUtils$$Lambda/0x00000000126c6ce0
6574:             1             16  org.springframework.util.xml.StaxUtils$$Lambda/0x00000000126c6f08
6575:             1             16  org.springframework.validation.beanvalidation.LocaleContextMessageInterpolator
6576:             1             16  org.springframework.validation.beanvalidation.MethodValidationAdapter$$Lambda/0x000000001271e928
6577:             1             16  org.springframework.validation.beanvalidation.MethodValidationAdapter$DefaultObjectNameResolver
6578:             1             16  org.springframework.validation.beanvalidation.MethodValidationAdapter$ResultComparator
6579:             1             16  org.springframework.validation.beanvalidation.MethodValidationPostProcessor$$Lambda/0x000000001231ebc8
6580:             1             16  org.springframework.validation.beanvalidation.MethodValidationPostProcessor$$Lambda/0x000000001231f040
6581:             1             16  org.springframework.validation.beanvalidation.SpringConstraintValidatorFactory
6582:             1             16  org.springframework.validation.method.EmptyMethodValidationResult
6583:             1             16  org.springframework.web.accept.ContentNegotiationManager$$Lambda/0x00000000127137b0
6584:             1             16  org.springframework.web.accept.MappingMediaTypeFileExtensionResolver$$Lambda/0x00000000126fb140
6585:             1             16  org.springframework.web.bind.support.DefaultSessionAttributeStore
6586:             1             16  org.springframework.web.context.request.SessionScope
6587:             1             16  org.springframework.web.context.request.async.TimeoutCallableProcessingInterceptor
6588:             1             16  org.springframework.web.context.request.async.TimeoutDeferredResultProcessingInterceptor
6589:             1             16  org.springframework.web.context.support.WebApplicationContextUtils$RequestObjectFactory
6590:             1             16  org.springframework.web.context.support.WebApplicationContextUtils$ResponseObjectFactory
6591:             1             16  org.springframework.web.context.support.WebApplicationContextUtils$SessionObjectFactory
6592:             1             16  org.springframework.web.context.support.WebApplicationContextUtils$WebRequestObjectFactory
6593:             1             16  org.springframework.web.method.HandlerTypePredicate$Builder$$Lambda/0x0000000012714ba0
6594:             1             16  org.springframework.web.method.annotation.ErrorsMethodArgumentResolver
6595:             1             16  org.springframework.web.method.annotation.ExceptionHandlerMethodResolver$$Lambda/0x000000001271efb0
6596:             1             16  org.springframework.web.method.annotation.HandlerMethodValidator$WebObjectNameResolver
6597:             1             16  org.springframework.web.method.annotation.RequestHeaderMapMethodArgumentResolver
6598:             1             16  org.springframework.web.method.annotation.SessionStatusMethodArgumentResolver
6599:             1             16  org.springframework.web.multipart.support.StandardServletMultipartResolver
6600:             1             16  org.springframework.web.reactive.function.client.DefaultWebClient$$Lambda/0x00000000126ccea8
6601:             1             16  org.springframework.web.reactive.function.client.DefaultWebClientBuilder$$Lambda/0x00000000126b7830
6602:             1             16  org.springframework.web.servlet.config.annotation.InterceptorRegistry$$Lambda/0x00000000126f1f00
6603:             1             16  org.springframework.web.servlet.config.annotation.InterceptorRegistry$$Lambda/0x00000000126f3ba8
6604:             1             16  org.springframework.web.servlet.config.annotation.WebMvcConfigurerComposite
6605:             1             16  org.springframework.web.servlet.function.support.RouterFunctionMapping$$Lambda/0x0000000012706388
6606:             1             16  org.springframework.web.servlet.function.support.RouterFunctionMapping$$Lambda/0x00000000127065d0
6607:             1             16  org.springframework.web.servlet.handler.AbstractHandlerMethodMapping$$Lambda/0x0000000012704510
6608:             1             16  org.springframework.web.servlet.handler.AbstractHandlerMethodMapping$$Lambda/0x0000000012704758
6609:             1             16  org.springframework.web.servlet.handler.AbstractHandlerMethodMapping$EmptyHandler
6610:             1             16  org.springframework.web.servlet.handler.ConversionServiceExposingInterceptor
6611:             1             16  org.springframework.web.servlet.handler.MappedInterceptor$PatternAdapter$$Lambda/0x00000000126f6d70
6612:             1             16  org.springframework.web.servlet.mvc.HttpRequestHandlerAdapter
6613:             1             16  org.springframework.web.servlet.mvc.SimpleControllerHandlerAdapter
6614:             1             16  org.springframework.web.servlet.mvc.condition.ParamsRequestCondition
6615:             1             16  org.springframework.web.servlet.mvc.condition.RequestConditionHolder
6616:             1             16  org.springframework.web.servlet.mvc.method.annotation.AsyncTaskMethodReturnValueHandler
6617:             1             16  org.springframework.web.servlet.mvc.method.annotation.CallableMethodReturnValueHandler
6618:             1             16  org.springframework.web.servlet.mvc.method.annotation.DeferredResultMethodReturnValueHandler
6619:             1             16  org.springframework.web.servlet.mvc.method.annotation.HttpHeadersReturnValueHandler
6620:             1             16  org.springframework.web.servlet.mvc.method.annotation.JsonViewRequestBodyAdvice
6621:             1             16  org.springframework.web.servlet.mvc.method.annotation.RequestMappingHandlerAdapter$$Lambda/0x000000001270f858
6622:             1             16  org.springframework.web.servlet.mvc.method.annotation.RequestMappingHandlerAdapter$$Lambda/0x000000001270fa90
6623:             1             16  org.springframework.web.servlet.mvc.method.annotation.RequestMappingHandlerMapping$$Lambda/0x00000000126fca30
6624:             1             16  org.springframework.web.servlet.mvc.method.annotation.RequestMappingHandlerMapping$$Lambda/0x0000000012700000
6625:             1             16  org.springframework.web.servlet.mvc.method.annotation.RequestMappingHandlerMapping$$Lambda/0x0000000012700248
6626:             1             16  org.springframework.web.servlet.mvc.method.annotation.RequestMappingHandlerMapping$$Lambda/0x00000000127025a8
6627:             1             16  org.springframework.web.servlet.mvc.method.annotation.StreamingResponseBodyReturnValueHandler
6628:             1             16  org.springframework.web.servlet.mvc.method.annotation.UriComponentsBuilderMethodArgumentResolver
6629:             1             16  org.springframework.web.servlet.resource.ResourceUrlProviderExposingInterceptor
6630:             1             16  org.springframework.web.servlet.theme.FixedThemeResolver
6631:             1             16  org.springframework.web.servlet.view.AbstractCachingViewResolver$$Lambda/0x00000000127218d0
6632:             1             16  org.springframework.web.servlet.view.AbstractCachingViewResolver$1
6633:             1             16  org.springframework.web.servlet.view.ContentNegotiatingViewResolver$1
6634:             1             16  org.springframework.web.util.DisconnectedClientHelper
6635:             1             16  org.springframework.web.util.ServletRequestPathUtils$$Lambda/0x00000000127c0000
6636:             1             16  org.springframework.web.util.UriComponentsBuilder$CompositePathComponentBuilder
6637:             1             16  org.springframework.web.util.pattern.PathPattern$$Lambda/0x00000000126f4c00
6638:             1             16  org.springframework.web.util.pattern.PathPattern$$Lambda/0x00000000126f5c00
6639:             1             16  org.springframework.web.util.pattern.PathPattern$$Lambda/0x00000000126f8000
6640:             1             16  org.springframework.web.util.pattern.PathPattern$$Lambda/0x00000000126f8228
6641:             1             16  org.yaml.snakeyaml.constructor.SafeConstructor$ConstructUndefined
6642:             1             16  org.yaml.snakeyaml.external.com.google.gdata.util.common.base.UnicodeEscaper$2
6643:             1             16  org.yaml.snakeyaml.internal.Logger
6644:             1             16  reactor.adapter.JdkFlowAdapter$PublisherAsFlowPublisher
6645:             1             16  reactor.core.publisher.Flux$$Lambda/0x000000001234cee8
6646:             1             16  reactor.core.publisher.Flux$$Lambda/0x000000001234d120
6647:             1             16  reactor.core.publisher.Flux$$Lambda/0x000000001234d348
6648:             1             16  reactor.core.publisher.Flux$$Lambda/0x000000001234d570
6649:             1             16  reactor.core.publisher.Flux$$Lambda/0x000000001234d798
6650:             1             16  reactor.core.publisher.FluxCreate$BaseSink$$Lambda/0x00000000127d8210
6651:             1             16  reactor.core.publisher.FluxEmpty
6652:             1             16  reactor.core.publisher.Mono$$Lambda/0x00000000126c2610
6653:             1             16  reactor.core.publisher.MonoCacheTime$$Lambda/0x00000000126c54a8
6654:             1             16  reactor.core.publisher.MonoEmpty
6655:             1             16  reactor.core.publisher.MonoErrorSupplied
6656:             1             16  reactor.core.publisher.Operators$1
6657:             1             16  reactor.core.publisher.SinksSpecs$DefaultSinksSpecs
6658:             1             16  reactor.core.publisher.SinksSpecs$UnsafeSpecImpl
6659:             1             16  reactor.core.scheduler.BoundedElasticScheduler$$Lambda/0x00000000126c2e20
6660:             1             16  reactor.core.scheduler.BoundedElasticScheduler$BoundedServices$$Lambda/0x00000000126c23e8
6661:             1             16  reactor.core.scheduler.BoundedElasticSchedulerSupplier
6662:             1             16  reactor.core.scheduler.ImmediateScheduler
6663:             1             16  reactor.core.scheduler.SchedulerTask$$Lambda/0x00000000127d2820
6664:             1             16  reactor.core.scheduler.SchedulerTask$$Lambda/0x00000000127d2a48
6665:             1             16  reactor.core.scheduler.Schedulers$$Lambda/0x00000000126ba7e0
6666:             1             16  reactor.core.scheduler.Schedulers$$Lambda/0x00000000126baa28
6667:             1             16  reactor.core.scheduler.Schedulers$$Lambda/0x00000000126bac50
6668:             1             16  reactor.core.scheduler.Schedulers$$Lambda/0x00000000126bae98
6669:             1             16  reactor.core.scheduler.Schedulers$$Lambda/0x00000000126bb0c0
6670:             1             16  reactor.core.scheduler.Schedulers$$Lambda/0x00000000126bb308
6671:             1             16  reactor.core.scheduler.Schedulers$$Lambda/0x00000000126bb550
6672:             1             16  reactor.core.scheduler.Schedulers$$Lambda/0x00000000126bb9e0
6673:             1             16  reactor.core.scheduler.Schedulers$$Lambda/0x00000000126bbc08
6674:             1             16  reactor.core.scheduler.Schedulers$$Lambda/0x00000000126c2be8
6675:             1             16  reactor.core.scheduler.Schedulers$1
6676:             1             16  reactor.netty.ReactorNetty$$Lambda/0x0000000012790cb8
6677:             1             16  reactor.netty.ReactorNetty$$Lambda/0x0000000012790ef0
6678:             1             16  reactor.netty.ReactorNetty$$Lambda/0x0000000012791148
6679:             1             16  reactor.netty.ReactorNetty$$Lambda/0x0000000012791380
6680:             1             16  reactor.netty.ReactorNetty$$Lambda/0x00000000127915d8
6681:             1             16  reactor.netty.ReactorNetty$$Lambda/0x0000000012791830
6682:             1             16  reactor.netty.ReactorNetty$1
6683:             1             16  reactor.netty.ReactorNetty$2
6684:             1             16  reactor.netty.ReactorNetty$3
6685:             1             16  reactor.netty.ReactorNetty$4
6686:             1             16  reactor.netty.ReactorNetty$5
6687:             1             16  reactor.netty.http.HttpResources$$Lambda/0x0000000012781d30
6688:             1             16  reactor.netty.http.client.Http2StreamBridgeClientHandler
6689:             1             16  reactor.netty.http.client.HttpClientConfig$$Lambda/0x000000001278f550
6690:             1             16  reactor.netty.http.client.HttpClientConnect
6691:             1             16  reactor.netty.http.client.HttpClientConnect$$Lambda/0x0000000012789fe0
6692:             1             16  reactor.netty.http.client.HttpClientConnect$$Lambda/0x000000001278cc10
6693:             1             16  reactor.netty.http.client.HttpConnectionProvider$$Lambda/0x000000001278a7c0
6694:             1             16  reactor.netty.http.logging.ReactorNettyHttpMessageLogFactory
6695:             1             16  reactor.netty.http.logging.ReactorNettyHttpMessageLogFactory$$Lambda/0x0000000012795a28
6696:             1             16  reactor.netty.http.logging.ReactorNettyHttpMessageLogFactory$$Lambda/0x0000000012795ea8
6697:             1             16  reactor.netty.http.logging.ReactorNettyHttpMessageLogFactory$$Lambda/0x00000000127960f0
6698:             1             16  reactor.netty.resources.DefaultLoopNIO
6699:             1             16  reactor.netty.tcp.TcpResources$$Lambda/0x0000000012781af8
6700:             1             16  reactor.util.Loggers$Slf4JLoggerFactory
6701:             1             16  reactor.util.concurrent.Queues$$Lambda/0x00000000127d8658
6702:             1             16  reactor.util.concurrent.Queues$$Lambda/0x00000000127d8880
6703:             1             16  reactor.util.concurrent.Queues$$Lambda/0x00000000127d8aa8
6704:             1             16  reactor.util.concurrent.Queues$$Lambda/0x00000000127d8cd0
6705:             1             16  reactor.util.concurrent.Queues$$Lambda/0x00000000127d8ef8
6706:             1             16  reactor.util.concurrent.Queues$$Lambda/0x00000000127d9120
6707:             1             16  reactor.util.concurrent.Queues$$Lambda/0x00000000127d9b20
6708:             1             16  reactor.util.context.Context0
6709:             1             16  sun.management.ClassLoadingImpl (java.management@25)
6710:             1             16  sun.management.ManagementFactoryHelper$$Lambda/0x00000000125def60 (java.management@25)
6711:             1             16  sun.management.ManagementFactoryHelper$$Lambda/0x00000000125fc168 (java.management@25)
6712:             1             16  sun.management.ManagementFactoryHelper$$Lambda/0x00000000125fc3b0 (java.management@25)
6713:             1             16  sun.management.ThreadImpl$$Lambda/0x00000000125f1920 (java.management@25)
6714:             1             16  sun.management.ThreadImpl$$Lambda/0x0000000012856780 (java.management@25)
6715:             1             16  sun.management.ThreadImpl$$Lambda/0x00000000128581d0 (java.management@25)
6716:             1             16  sun.misc.Unsafe (jdk.unsupported@25)
6717:             1             16  sun.misc.Unsafe$$Lambda/0x0000000012473130 (jdk.unsupported@25)
6718:             1             16  sun.misc.Unsafe$$Lambda/0x0000000012473378 (jdk.unsupported@25)
6719:             1             16  sun.net.dns.OptionsImpl (java.base@25)
6720:             1             16  sun.net.dns.ResolverConfigurationImpl (java.base@25)
6721:             1             16  sun.net.dns.ResolverConfigurationImpl$AddressChangeListener (java.base@25)
6722:             1             16  sun.net.spi.DefaultProxySelector (java.base@25)
6723:             1             16  sun.net.www.protocol.jar.Handler (java.base@25)
6724:             1             16  sun.net.www.protocol.jar.JarFileFactory (java.base@25)
6725:             1             16  sun.nio.ch.DatagramDispatcher (java.base@25)
6726:             1             16  sun.nio.ch.ExtendedSocketOption$1 (java.base@25)
6727:             1             16  sun.nio.ch.FileChannelImpl$1 (java.base@25)
6728:             1             16  sun.nio.ch.FileChannelImpl$2 (java.base@25)
6729:             1             16  sun.nio.ch.FileChannelImpl$Closer (java.base@25)
6730:             1             16  sun.nio.ch.FileDispatcherImpl (java.base@25)
6731:             1             16  sun.nio.ch.Net$$Lambda/0x00000000125edaf8 (java.base@25)
6732:             1             16  sun.nio.ch.Net$1 (java.base@25)
6733:             1             16  sun.nio.ch.Util$1 (java.base@25)
6734:             1             16  sun.nio.ch.Util$2 (java.base@25)
6735:             1             16  sun.nio.ch.WEPollSelectorProvider (java.base@25)
6736:             1             16  sun.nio.fs.NativeBuffers$1 (java.base@25)
6737:             1             16  sun.nio.fs.WindowsChannelFactory$1 (java.base@25)
6738:             1             16  sun.nio.fs.WindowsFileSystemProvider (java.base@25)
6739:             1             16  sun.reflect.ReflectionFactory (jdk.unsupported@25)
6740:             1             16  sun.reflect.generics.tree.BooleanSignature (java.base@25)
6741:             1             16  sun.reflect.generics.tree.BottomSignature (java.base@25)
6742:             1             16  sun.reflect.generics.tree.ByteSignature (java.base@25)
6743:             1             16  sun.reflect.generics.tree.CharSignature (java.base@25)
6744:             1             16  sun.reflect.generics.tree.DoubleSignature (java.base@25)
6745:             1             16  sun.reflect.generics.tree.FloatSignature (java.base@25)
6746:             1             16  sun.reflect.generics.tree.IntSignature (java.base@25)
6747:             1             16  sun.reflect.generics.tree.LongSignature (java.base@25)
6748:             1             16  sun.reflect.generics.tree.ShortSignature (java.base@25)
6749:             1             16  sun.reflect.generics.tree.VoidDescriptor (java.base@25)
6750:             1             16  sun.security.jca.ProviderConfig$ProviderLoader (java.base@25)
6751:             1             16  sun.security.pkcs11.SunPKCS11$$Lambda/0x0000000012245e10 (jdk.crypto.cryptoki@25)
6752:             1             16  sun.security.provider.AbstractDrbg$$Lambda/0x0000000012172808 (java.base@25)
6753:             1             16  sun.security.provider.AbstractDrbg$SeederHolder$$Lambda/0x0000000012175368 (java.base@25)
6754:             1             16  sun.security.provider.NativeSeedGenerator (java.base@25)
6755:             1             16  sun.security.util.ByteArrayLexOrder (java.base@25)
6756:             1             16  sun.security.util.ByteArrayTagOrder (java.base@25)
6757:             1             16  sun.util.calendar.Gregorian (java.base@25)
6758:             1             16  sun.util.cldr.CLDRBaseLocaleDataMetaInfo (java.base@25)
6759:             1             16  sun.util.cldr.CLDRLocaleProviderAdapter$$Lambda/0x000000001203d240 (java.base@25)
6760:             1             16  sun.util.cldr.CLDRLocaleProviderAdapter$$Lambda/0x80000005a (java.base@25)
6761:             1             16  sun.util.locale.InternalLocaleBuilder$CaseInsensitiveChar (java.base@25)
6762:             1             16  sun.util.locale.provider.CalendarDataUtility$CalendarWeekParameterGetter (java.base@25)
6763:             1             16  sun.util.locale.provider.LocaleProviderAdapter$$Lambda/0x80000005b (java.base@25)
6764:             1             16  sun.util.locale.provider.LocaleProviderAdapter$$Lambda/0x80000005d (java.base@25)
6765:             1             16  sun.util.locale.provider.TimeZoneNameUtility$TimeZoneNameGetter (java.base@25)
6766:             1             16  sun.util.logging.internal.LoggingProviderImpl (java.logging@25)
6767:             1             16  sun.util.resources.LocaleData (java.base@25)
6768:             1             16  sun.util.resources.LocaleData$LocaleDataStrategy (java.base@25)
6769:             1             16  sun.util.resources.cldr.provider.CLDRLocaleDataMetaInfo (jdk.localedata@25)
Total        830890       44438984
