35108:
 num     #instances         #bytes  class name (module)
-------------------------------------------------------
   1:        126836       10429584  [B (java.base@25)
   2:         25004        3684264  [Ljava.lang.Object; (java.base@25)
   3:        120286        2886864  java.lang.String (java.base@25)
   4:         82831        2650592  java.util.concurrent.ConcurrentHashMap$Node (java.base@25)
   5:         18848        2383752  java.lang.Class (java.base@25)
   6:         26348        2318624  java.lang.reflect.Method (java.base@25)
   7:           763        2191280  [C (java.base@25)
   8:          9940         940856  [I (java.base@25)
   9:         22532         901280  java.util.LinkedHashMap$Entry (java.base@25)
  10:           690         782432  [Ljava.util.concurrent.ConcurrentHashMap$Node; (java.base@25)
  11:          9354         741320  [Ljava.util.HashMap$Node; (java.base@25)
  12:         10717         685888  java.util.LinkedHashMap (java.base@25)
  13:         42764         684224  java.lang.Object (java.base@25)
  14:         11207         537936  org.springframework.util.ConcurrentReferenceHashMap$SoftEntryReference
  15:         15620         499840  java.util.HashMap$Node (java.base@25)
  16:         15340         414048  [Ljava.lang.Class; (java.base@25)
  17:          7983         383184  java.lang.invoke.MemberName (java.base@25)
  18:         12539         300936  java.util.ArrayList (java.base@25)
  19:          1583         299648  [Ljdk.internal.vm.FillerElement; (java.base@25)
  20:           651         274048  [J (java.base@25)
  21:         11274         270576  org.springframework.core.MethodClassKey
  22:          5869         234760  java.lang.invoke.MethodType (java.base@25)
  23:          3603         201768  org.springframework.core.ResolvableType
  24:          5881         188192  jdk.internal.util.WeakReferenceKey (java.base@25)
  25:            87         161520  [Ljava.nio.channels.SelectionKey; (java.base@25)
  26:          3271         157008  java.util.HashMap (java.base@25)
  27:          5392         129408  java.lang.invoke.ResolvedMethodName (java.base@25)
  28:          2737         124704  [Ljava.lang.String; (java.base@25)
  29:          3073         122920  java.lang.ref.SoftReference (java.base@25)
  30:          2354         112992  org.apache.tomcat.util.buf.ByteChunk
  31:          2686         107440  java.lang.invoke.BoundMethodHandle$Species_LL (java.base@25)
  32:          2681         107240  java.util.TreeMap$Entry (java.base@25)
  33:          2650         106000  java.lang.invoke.DirectMethodHandle (java.base@25)
  34:          2200         105600  org.apache.tomcat.util.buf.CharChunk
  35:          2150         103200  org.apache.tomcat.util.buf.MessageBytes
  36:           960         102640  [Lorg.springframework.util.ConcurrentReferenceHashMap$Reference;
  37:            41          95952  [Ljava.nio.ByteBuffer; (java.base@25)
  38:          3835          92040  sun.reflect.generics.tree.SimpleClassTypeSignature (java.base@25)
  39:           478          91776  org.springframework.context.annotation.ConfigurationClassBeanDefinitionReader$ConfigurationClassBeanDefinition
  40:          2288          91520  jdk.internal.util.SoftReferenceKey (java.base@25)
  41:          1840          88320  io.netty.util.internal.shaded.org.jctools.queues.unpadded.MpscUnpaddedArrayQueue
  42:          1202          86544  java.lang.reflect.Constructor (java.base@25)
  43:          1763          84624  java.lang.invoke.DirectMethodHandle$Constructor (java.base@25)
  44:          2571          82272  java.lang.invoke.LambdaForm$Name (java.base@25)
  45:          2030          81200  java.util.WeakHashMap$Entry (java.base@25)
  46:          1229          78656  java.util.concurrent.ConcurrentHashMap (java.base@25)
  47:          3835          72040  [Lsun.reflect.generics.tree.TypeArgument; (java.base@25)
  48:           783          71168  [Ljava.util.WeakHashMap$Entry; (java.base@25)
  49:          2858          68592  sun.reflect.annotation.AnnotationInvocationHandler (java.base@25)
  50:          1215          68040  org.springframework.core.annotation.TypeMappedAnnotation
  51:           116          67744  io.netty.util.internal.shaded.org.jctools.queues.MpscChunkedArrayQueue
  52:           383          67408  org.springframework.beans.factory.support.RootBeanDefinition
  53:          2022          64704  java.util.concurrent.locks.ReentrantLock$NonfairSync (java.base@25)
  54:          2021          64672  java.lang.ref.WeakReference (java.base@25)
  55:          3716          59456  sun.reflect.generics.tree.ClassTypeSignature (java.base@25)
  56:          1836          58752  java.lang.ref.ReferenceQueue (java.base@25)
  57:          1794          57408  io.netty.buffer.PoolThreadCache$SubPageMemoryRegionCache
  58:           728          55328  [Ljava.lang.ref.SoftReference; (java.base@25)
  59:          2122          51072  [Ljava.lang.reflect.Type; (java.base@25)
  60:           709          51048  java.lang.reflect.Field (java.base@25)
  61:          2100          50400  java.util.concurrent.ConcurrentLinkedDeque$Node (java.base@25)
  62:           284          49400  [Z (java.base@25)
  63:           771          49344  org.springframework.core.MethodParameter
  64:             3          49200  [Ljdk.internal.ref.PhantomCleanable; (java.base@25)
  65:          1182          47280  org.springframework.core.type.classreading.SimpleMethodMetadata
  66:            82          47232  io.netty.util.internal.shaded.org.jctools.queues.MpscUnboundedArrayQueue
  67:           971          46608  jdk.internal.ref.CleanerImpl$PhantomCleanableRef (java.base@25)
  68:           942          45216  ch.qos.logback.classic.Logger
  69:          1859          44616  org.springframework.cglib.core.Signature
  70:          1836          44064  java.util.concurrent.CopyOnWriteArrayList (java.base@25)
  71:          1831          43944  java.lang.Class$AnnotationData (java.base@25)
  72:          1808          43392  java.util.LinkedHashMap$LinkedKeySet (java.base@25)
  73:          2625          42000  java.util.LinkedHashSet (java.base@25)
  74:          1724          41376  java.util.jar.Attributes$Name (java.base@25)
  75:          1696          40704  java.util.LinkedHashMap$LinkedValues (java.base@25)
  76:          1688          40512  org.apache.ibatis.scripting.xmltags.IfSqlNode
  77:           998          39920  java.lang.invoke.BoundMethodHandle$Species_L (java.base@25)
  78:           960          38400  org.springframework.util.ConcurrentReferenceHashMap$Segment
  79:          1182          37824  org.springframework.core.type.classreading.SimpleMethodMetadataReadingVisitor$Source
  80:           779          37392  java.util.WeakHashMap (java.base@25)
  81:          1536          36864  io.netty.util.HashedWheelTimer$HashedWheelBucket
  82:          1152          36864  java.util.Locale (java.base@25)
  83:          1152          36864  sun.util.locale.BaseLocale (java.base@25)
  84:           685          36176  [Ljava.lang.invoke.LambdaForm$Name; (java.base@25)
  85:          1119          35808  java.lang.Package (java.base@25)
  86:           862          34480  java.lang.Package$VersionInfo (java.base@25)
  87:           609          34104  java.nio.HeapByteBuffer (java.base@25)
  88:           466          33552  io.netty.buffer.PoolSubpage
  89:           465          33480  org.springframework.beans.factory.support.ConstructorResolver$ConstructorDependencyDescriptor
  90:             1          32784  [Lcom.alibaba.fastjson2.JSONFactory$NameCacheEntry2;
  91:             1          32784  [Lcom.alibaba.fastjson2.JSONFactory$NameCacheEntry;
  92:           680          32640  java.lang.invoke.LambdaForm (java.base@25)
  93:          2018          32288  org.apache.ibatis.scripting.xmltags.MixedSqlNode
  94:           302          31408  org.springframework.boot.loader.net.protocol.jar.UrlNestedJarFile
  95:            16          31232  [Ljava.util.concurrent.ForkJoinTask; (java.base@25)
  96:          1266          29528  [Lorg.springframework.core.ResolvableType;
  97:           922          29504  org.springframework.http.MediaType
  98:          1838          29408  java.lang.ref.ReferenceQueue$Lock (java.base@25)
  99:          1825          29200  java.lang.Integer (java.base@25)
 100:           898          28736  org.springframework.cglib.proxy.MethodProxy
 101:           888          28416  org.springframework.cglib.proxy.MethodProxy$CreateInfo
 102:          1177          28248  sun.reflect.generics.factory.CoreReflectionFactory (java.base@25)
 103:          1135          27240  java.util.Collections$UnmodifiableRandomAccessList (java.base@25)
 104:           422          27008  java.net.URL (java.base@25)
 105:          1070          25680  org.springframework.beans.factory.annotation.InjectionMetadata
 106:          1052          25248  java.lang.invoke.LambdaForm$NamedFunction (java.base@25)
 107:          1050          25200  org.springframework.boot.web.server.MimeMappings$Mapping
 108:          1049          25176  sun.reflect.generics.reflectiveObjects.ParameterizedTypeImpl (java.base@25)
 109:          1036          24864  org.springframework.core.convert.converter.GenericConverter$ConvertiblePair
 110:          1547          24752  org.apache.ibatis.scripting.xmltags.StaticTextSqlNode
 111:           272          23936  org.HdrHistogram.HistogramIterationValue
 112:           588          23520  java.math.BigInteger (java.base@25)
 113:           127          23488  [Ljava.lang.invoke.MethodHandle; (java.base@25)
 114:           960          23040  org.springframework.util.ConcurrentReferenceHashMap$ReferenceManager
 115:           945          22680  java.util.concurrent.ConcurrentLinkedDeque (java.base@25)
 116:           684          21888  sun.reflect.generics.repository.ClassRepository (java.base@25)
 117:          1333          21328  java.util.concurrent.atomic.AtomicInteger (java.base@25)
 118:          1046          21240  [Lsun.reflect.generics.tree.FieldTypeSignature; (java.base@25)
 119:           867          20808  org.springframework.aop.framework.AdvisedSupport$MethodCacheKey
 120:          1166          20648  [Lsun.reflect.generics.tree.FormalTypeParameter; (java.base@25)
 121:           644          20608  jdk.internal.reflect.DirectMethodHandleAccessor (java.base@25)
 122:          1288          20608  org.springframework.core.ResolvableType$DefaultVariableResolver
 123:           102          20400  org.HdrHistogram.ConcurrentHistogram
 124:           500          20000  io.netty.buffer.PoolThreadCache$MemoryRegionCache$Entry
 125:           822          19728  org.apache.commons.logging.LogAdapter$Slf4jLocationAwareLog
 126:           821          19704  java.util.ArrayDeque (java.base@25)
 127:           306          19584  java.nio.DirectByteBuffer (java.base@25)
 128:           815          19560  java.security.Provider$ServiceKey (java.base@25)
 129:           603          19296  org.springframework.core.SerializableTypeWrapper$MethodParameterTypeProvider
 130:           295          18880  java.util.zip.Inflater (java.base@25)
 131:          1177          18832  java.util.concurrent.CopyOnWriteArraySet (java.base@25)
 132:           781          18744  sun.reflect.generics.scope.ClassScope (java.base@25)
 133:           468          18720  java.lang.invoke.MethodTypeForm (java.base@25)
 134:           292          18688  java.security.Provider$Service (java.base@25)
 135:           456          18240  sun.reflect.generics.repository.MethodRepository (java.base@25)
 136:           162          18144  org.springframework.beans.factory.annotation.AnnotatedGenericBeanDefinition
 137:           748          17952  java.util.Collections$SetFromMap (java.base@25)
 138:           744          17856  java.lang.module.ModuleDescriptor$Exports (java.base@25)
 139:          1114          17824  org.springframework.beans.factory.support.MethodOverrides
 140:           358          17184  java.lang.invoke.DirectMethodHandle$Accessor (java.base@25)
 141:           646          16856  [Lorg.springframework.core.annotation.AnnotationTypeMappings;
 142:           645          16832  [Lorg.springframework.core.annotation.MergedAnnotation;
 143:           420          16800  com.fasterxml.jackson.databind.introspect.AnnotatedMethod
 144:           525          16800  org.springframework.core.convert.support.GenericConversionService$ConverterAdapter
 145:           411          16440  io.micrometer.core.instrument.Meter$Id
 146:           684          16416  sun.reflect.generics.tree.ClassSignature (java.base@25)
 147:           340          16320  java.lang.invoke.BoundMethodHandle$Species_LLL (java.base@25)
 148:           136          16320  org.HdrHistogram.PercentileIterator
 149:           998          15968  java.util.concurrent.locks.ReentrantLock (java.base@25)
 150:           664          15936  org.springframework.boot.autoconfigure.condition.ConditionEvaluationReport$ConditionAndOutcome
 151:           664          15936  org.springframework.boot.autoconfigure.condition.ConditionOutcome
 152:           645          15480  org.springframework.core.annotation.MergedAnnotationsCollection
 153:           138          15456  org.springframework.boot.loader.jar.NestedJarFile$NestedJarEntry
 154:           482          15424  sun.reflect.generics.tree.MethodTypeSignature (java.base@25)
 155:           635          15240  org.springframework.beans.BeanMetadataAttribute
 156:           629          15096  io.netty.util.Recycler$DefaultHandle
 157:           265          14840  io.netty.channel.DefaultChannelHandlerContext
 158:           616          14784  java.lang.Long (java.base@25)
 159:           314          14752  [Ljava.lang.reflect.Method; (java.base@25)
 160:           922          14752  java.util.HashSet (java.base@25)
 161:           153          14688  org.apache.ibatis.mapping.MappedStatement
 162:           911          14576  org.springframework.core.convert.support.GenericConversionService$ConvertersForPair
 163:           684          14536  [Lsun.reflect.generics.tree.ClassTypeSignature; (java.base@25)
 164:           258          14448  org.springframework.core.type.classreading.SimpleAnnotationMetadata
 165:           600          14400  org.apache.tomcat.util.http.MimeHeaderField
 166:           136          14144  org.HdrHistogram.RecordedValuesIterator
 167:           563          13512  org.springframework.beans.MutablePropertyValues
 168:           539          12936  jdk.internal.reflect.DirectConstructorHandleAccessor (java.base@25)
 169:           264          12672  java.lang.invoke.MethodHandleImpl$AsVarargsCollector (java.base@25)
 170:           176          12672  org.springframework.core.annotation.AnnotationTypeMapping
 171:           316          12640  sun.nio.fs.WindowsPath (java.base@25)
 172:           170          12240  java.util.ResourceBundle$CacheKey (java.base@25)
 173:           306          12240  org.springframework.web.util.pattern.LiteralPathElement
 174:           254          12192  com.github.benmanes.caffeine.cache.PSWMS
 175:           152          12160  org.springframework.boot.loader.zip.ZipContent
 176:           362          12000  [Ljava.lang.CharSequence; (java.base@25)
 177:           482          11904  [Lsun.reflect.generics.tree.TypeSignature; (java.base@25)
 178:           495          11880  com.github.benmanes.caffeine.cache.TimerWheel$Sentinel
 179:           106          11872  sun.nio.ch.SocketChannelImpl (java.base@25)
 180:           368          11776  io.netty.handler.codec.CodecOutputList
 181:           485          11640  java.util.ImmutableCollections$Set12 (java.base@25)
 182:            55          11528  [D (java.base@25)
 183:           474          11376  java.util.regex.Pattern$BmpCharProperty (java.base@25)
 184:           280          11200  sun.security.util.KnownOIDs (java.base@25)
 185:           229          10992  java.util.concurrent.ConcurrentHashMap$TreeNode (java.base@25)
 186:           456          10944  sun.reflect.generics.scope.MethodScope (java.base@25)
 187:           341          10912  jdk.internal.math.FDBigInteger (java.base@25)
 188:           340          10880  java.util.ResourceBundle$KeyElementReference (java.base@25)
 189:           113          10848  com.baomidou.mybatisplus.core.metadata.TableFieldInfo
 190:           225          10800  java.util.logging.LogManager$LoggerWeakRef (java.logging@25)
 191:           337          10784  java.util.Collections$UnmodifiableMap (java.base@25)
 192:           336          10752  com.mysql.cj.conf.BooleanProperty
 193:           134          10720  java.net.URI (java.base@25)
 194:           268          10720  org.springframework.boot.context.properties.source.ConfigurationPropertyName$Elements
 195:           664          10624  org.springframework.boot.autoconfigure.condition.ConditionMessage
 196:            50          10400  org.apache.coyote.Request
 197:           320          10240  org.springframework.web.util.pattern.SeparatorPathElement
 198:           318          10176  java.lang.module.ModuleDescriptor$Requires (java.base@25)
 199:           269          10112  [Lorg.springframework.boot.context.properties.source.ConfigurationPropertyName$ElementType;
 200:           310           9920  java.util.zip.ZipFile$CleanableResource (java.base@25)
 201:           619           9904  java.util.WeakHashMap$KeySet (java.base@25)
 202:            88           9856  org.springframework.context.annotation.ScannedGenericBeanDefinition
 203:           307           9824  org.springframework.boot.loader.jar.NestedJarFileResources
 204:           153           9792  org.apache.ibatis.mapping.ResultMap
 205:           121           9680  com.flashchat.userservice.dao.entity.AccountDO
 206:            12           9664  [Lio.netty.buffer.PoolSubpage;
 207:           301           9632  sun.reflect.generics.reflectiveObjects.TypeVariableImpl (java.base@25)
 208:           392           9408  java.util.ImmutableCollections$List12 (java.base@25)
 209:           290           9280  java.lang.ThreadLocal$ThreadLocalMap$Entry (java.base@25)
 210:            92           9200  [Lio.netty.buffer.PoolThreadCache$MemoryRegionCache;
 211:           287           9184  org.springframework.boot.loader.zip.FileDataBlock
 212:           227           9080  com.mysql.cj.conf.PropertyKey
 213:           283           9056  org.redisson.client.protocol.RedisCommand
 214:           282           9024  org.redisson.client.protocol.RedisStrictCommand
 215:           371           8904  java.util.LinkedHashMap$LinkedEntrySet (java.base@25)
 216:           550           8800  org.springframework.boot.autoconfigure.condition.ConditionEvaluationReport$ConditionAndOutcomes
 217:           364           8736  com.fasterxml.jackson.databind.type.ClassKey
 218:           273           8736  com.fasterxml.jackson.databind.util.internal.PrivateMaxEntriesMap$Node
 219:           135           8640  java.lang.module.ModuleDescriptor (java.base@25)
 220:           539           8624  com.fasterxml.jackson.databind.introspect.AnnotationMap
 221:           268           8576  org.springframework.boot.context.properties.source.ConfigurationPropertyName
 222:           213           8520  java.lang.classfile.Opcode (java.base@25)
 223:           470           8472  [Ljava.lang.annotation.Annotation; (java.base@25)
 224:           353           8472  java.lang.Double (java.base@25)
 225:           150           8400  java.nio.HeapCharBuffer (java.base@25)
 226:            50           8400  org.apache.catalina.connector.Request
 227:            95           8360  java.util.regex.Pattern (java.base@25)
 228:           128           8192  org.springframework.web.method.HandlerMethod
 229:           203           8120  sun.security.pkcs11.SunPKCS11$Descriptor (jdk.crypto.cryptoki@25)
 230:           202           8080  java.lang.invoke.DirectMethodHandle$Interface (java.base@25)
 231:           335           8040  jdk.internal.loader.AbstractClassLoaderValue$Sub (java.base@25)
 232:           334           8016  java.util.ImmutableCollections$SetN (java.base@25)
 233:           324           7776  org.apache.ibatis.scripting.xmltags.TextSqlNode
 234:           138           7728  org.springframework.boot.loader.zip.ZipCentralDirectoryFileHeaderRecord
 235:            59           7552  io.netty.util.internal.InternalThreadLocalMap
 236:           313           7512  java.util.concurrent.atomic.AtomicLong (java.base@25)
 237:           469           7504  java.util.Collections$UnmodifiableSet (java.base@25)
 238:           132           7392  jdk.internal.module.ModuleReferenceImpl (java.base@25)
 239:           308           7392  sun.reflect.generics.tree.FormalTypeParameter (java.base@25)
 240:           455           7280  sun.reflect.generics.tree.TypeVariableSignature (java.base@25)
 241:           227           7264  io.netty.util.AsciiString
 242:           227           7264  java.util.RegularEnumSet (java.base@25)
 243:           302           7248  org.springframework.boot.loader.net.protocol.jar.UrlJarManifest
 244:           150           7200  [Lorg.apache.tomcat.util.http.MimeHeaderField;
 245:           180           7200  java.lang.invoke.DirectMethodHandle$Special (java.base@25)
 246:           296           7104  javax.management.ObjectName$Property (java.management@25)
 247:           296           7104  org.apache.ibatis.reflection.invoker.MethodInvoker
 248:           295           7080  java.util.zip.Inflater$InflaterZStreamRef (java.base@25)
 249:           147           7056  java.util.TreeMap (java.base@25)
 250:           291           6984  java.security.Provider$UString (java.base@25)
 251:           288           6912  com.fasterxml.jackson.databind.introspect.MemberKey
 252:           245           6888  [Lio.micrometer.core.instrument.Tag;
 253:           284           6816  javax.management.ImmutableDescriptor (java.management@25)
 254:           170           6800  java.util.ResourceBundle$BundleReference (java.base@25)
 255:            77           6776  com.fasterxml.jackson.databind.ser.BeanPropertyWriter
 256:           233           6768  [Ljavax.management.ObjectName$Property; (java.management@25)
 257:            68           6592  [Ljava.lang.ThreadLocal$ThreadLocalMap$Entry; (java.base@25)
 258:           273           6552  com.fasterxml.jackson.databind.util.internal.PrivateMaxEntriesMap$WeightedValue
 259:           204           6528  org.HdrHistogram.ConcurrentHistogram$AtomicLongArrayWithNormalizingOffset
 260:            53           6360  io.netty.util.concurrent.FastThreadLocalThread
 261:           112           6272  com.mysql.cj.conf.BooleanPropertyDefinition
 262:           195           6240  com.mysql.cj.conf.StringProperty
 263:           258           6200  [Ljava.lang.reflect.TypeVariable; (java.base@25)
 264:             2           6176  [Lio.netty.util.HashedWheelTimer$HashedWheelBucket;
 265:           153           6120  org.HdrHistogram.WriterReaderPhaser
 266:           226           6072  [Lorg.springframework.core.annotation.AnnotationTypeMapping$MirrorSets$MirrorSet;
 267:           189           6048  com.sun.jmx.mbeanserver.ConvertingMethod (java.management@25)
 268:           151           6040  java.lang.reflect.Parameter (java.base@25)
 269:           251           6024  java.util.concurrent.ConcurrentHashMap$KeySetView (java.base@25)
 270:           107           5992  java.util.logging.Logger (java.logging@25)
 271:            34           5984  org.HdrHistogram.Histogram
 272:            39           5928  io.netty.channel.nio.NioEventLoop
 273:           245           5880  io.micrometer.core.instrument.Tags
 274:           147           5880  java.util.IdentityHashMap (java.base@25)
 275:            81           5832  org.springframework.core.annotation.AnnotatedMethod$AnnotatedMethodParameter
 276:           182           5824  java.util.logging.LogManager$LogNode (java.logging@25)
 277:           102           5712  org.HdrHistogram.DoubleRecorder$InternalConcurrentDoubleHistogram
 278:           351           5616  org.redisson.client.protocol.convertor.EmptyConvertor
 279:            50           5600  org.apache.coyote.Response
 280:           139           5560  java.io.FileDescriptor (java.base@25)
 281:           115           5520  com.fasterxml.jackson.databind.type.SimpleType
 282:           218           5384  [Lcom.fasterxml.jackson.databind.JavaType;
 283:           134           5360  java.security.CodeSource (java.base@25)
 284:           334           5344  jdk.proxy2.$Proxy48 (jdk.proxy2)
 285:           333           5328  java.util.HashMap$EntrySet (java.base@25)
 286:            95           5320  org.springframework.transaction.interceptor.RuleBasedTransactionAttribute
 287:           330           5280  org.springframework.expression.common.LiteralExpression
 288:           219           5256  java.util.concurrent.ConcurrentLinkedQueue$Node (java.base@25)
 289:           217           5208  java.util.regex.Pattern$GroupTail (java.base@25)
 290:            50           5200  org.apache.coyote.http11.Http11Processor
 291:            59           5192  io.netty.buffer.PooledUnsafeDirectByteBuf
 292:           107           5136  org.apache.ibatis.ognl.ASTConst
 293:           213           5112  java.util.regex.Pattern$GroupHead (java.base@25)
 294:           210           5040  com.esotericsoftware.kryo.Kryo$DefaultSerializerEntry
 295:            18           5040  java.util.concurrent.atomic.Striped64$Cell (java.base@25)
 296:            78           4992  java.lang.Class$ReflectionData (java.base@25)
 297:            16           4992  java.util.concurrent.ForkJoinPool$WorkQueue (java.base@25)
 298:           103           4944  java.lang.Thread$FieldHolder (java.base@25)
 299:           204           4896  org.springframework.beans.factory.config.BeanDefinitionHolder
 300:           176           4880  [Lorg.springframework.core.annotation.AnnotationTypeMapping;
 301:           203           4872  org.springframework.boot.autoconfigure.condition.OnBeanCondition
 302:           121           4840  com.flashchat.chatservice.websocket.manager.RoomMemberInfo
 303:           302           4832  org.springframework.boot.loader.net.protocol.jar.UrlJarFiles$$Lambda/0x0000000031046e50
 304:           302           4832  org.springframework.boot.loader.net.protocol.jar.UrlNestedJarFile$$Lambda/0x000000003104f870
 305:           201           4824  io.micrometer.core.instrument.ImmutableTag
 306:           201           4824  org.hibernate.validator.internal.engine.constraintvalidation.ClassBasedValidatorDescriptor
 307:            60           4800  [Lorg.springframework.util.ConcurrentReferenceHashMap$Segment;
 308:           200           4800  java.util.LinkedList$Node (java.base@25)
 309:           194           4656  java.util.Arrays$ArrayList (java.base@25)
 310:           116           4640  io.netty.util.Recycler$LocalPool
 311:            45           4624  [S (java.base@25)
 312:           192           4608  java.time.LocalDateTime (java.base@25)
 313:           143           4576  sun.reflect.annotation.AnnotationType (java.base@25)
 314:           188           4512  java.util.Collections$SingletonList (java.base@25)
 315:           139           4448  org.springframework.core.io.ClassPathResource
 316:           138           4416  org.springframework.boot.loader.zip.ZipContent$Entry
 317:            50           4400  org.apache.coyote.RequestInfo
 318:            50           4400  org.apache.coyote.http11.Http11InputBuffer
 319:           137           4384  java.time.format.DateTimeFormatterBuilder$NumberPrinterParser (java.base@25)
 320:           135           4320  java.security.ProtectionDomain (java.base@25)
 321:           108           4320  java.util.logging.Logger$ConfigurationData (java.logging@25)
 322:           269           4304  jdk.proxy2.$Proxy41 (jdk.proxy2)
 323:            76           4256  com.fasterxml.jackson.databind.type.CollectionType
 324:           177           4248  jdk.internal.module.ServicesCatalog$ServiceProvider (java.base@25)
 325:           176           4224  java.time.LocalDate (java.base@25)
 326:           176           4224  org.springframework.core.annotation.AnnotationTypeMapping$MirrorSets
 327:           131           4192  java.util.regex.Pattern$Branch (java.base@25)
 328:           159           4184  [Ljava.lang.annotation.ElementType; (java.base@25)
 329:            74           4144  java.lang.Module (java.base@25)
 330:             1           4112  [Lcom.sun.org.apache.xpath.internal.objects.XObject; (java.xml@25)
 331:             1           4112  [Ljava.lang.classfile.constantpool.PoolEntry; (java.base@25)
 332:           171           4104  java.util.regex.Pattern$$Lambda/0x800000028 (java.base@25)
 333:           256           4096  java.lang.Byte (java.base@25)
 334:           256           4096  java.lang.Short (java.base@25)
 335:           253           4048  org.springframework.core.type.classreading.SimpleAnnotationMetadataReadingVisitor$Source
 336:            84           4032  java.lang.invoke.BoundMethodHandle$Species_LLLL (java.base@25)
 337:            72           4032  org.springframework.web.servlet.mvc.method.RequestMappingInfo
 338:           100           4000  java.lang.invoke.VarHandle$AccessDescriptor (java.base@25)
 339:            83           3984  java.lang.StackTraceElement (java.base@25)
 340:           200           3960  [Lcom.sun.jmx.mbeanserver.MXBeanMapping; (java.management@25)
 341:           123           3936  com.flashchat.chatservice.audit.hander.SensitiveWordAuditHandler$DfaNode
 342:           163           3912  java.util.concurrent.CompletableFuture (java.base@25)
 343:            97           3880  com.sun.management.internal.DiagnosticCommandArgumentInfo (jdk.management@25)
 344:           131           3848  [Ljava.util.regex.Pattern$Node; (java.base@25)
 345:            80           3840  org.springframework.web.util.pattern.PathPattern
 346:            40           3840  sun.nio.ch.WEPollSelectorImpl (java.base@25)
 347:           159           3816  org.springframework.boot.origin.TextResourceOrigin
 348:           159           3816  org.springframework.boot.origin.TextResourceOrigin$Location
 349:           158           3792  java.time.LocalTime (java.base@25)
 350:            67           3752  com.mysql.cj.conf.StringPropertyDefinition
 351:           117           3744  javax.management.ObjectName (java.management@25)
 352:           153           3672  org.apache.ibatis.mapping.ParameterMap
 353:           153           3672  org.springframework.boot.autoconfigure.condition.OnClassCondition
 354:           152           3648  org.springframework.boot.loader.zip.ZipContent$Source
 355:            91           3640  ch.qos.logback.core.status.InfoStatus
 356:           227           3632  java.lang.Character (java.base@25)
 357:           151           3624  java.util.jar.Manifest (java.base@25)
 358:           151           3624  jdk.internal.loader.URLClassPath$Loader (java.base@25)
 359:           151           3624  org.springframework.boot.loader.jar.ManifestInfo
 360:           151           3624  org.springframework.boot.loader.net.protocol.nested.NestedLocation
 361:            50           3600  org.apache.catalina.connector.InputBuffer
 362:            50           3600  org.apache.coyote.http11.filters.ChunkedInputFilter
 363:           150           3600  org.apache.tomcat.util.http.MimeHeaders
 364:            50           3600  org.apache.tomcat.util.http.Parameters
 365:            64           3584  org.hibernate.validator.internal.util.ConcurrentReferenceHashMap$Segment
 366:           104           3512  [[C (java.base@25)
 367:           146           3504  java.util.concurrent.ConcurrentLinkedQueue (java.base@25)
 368:            54           3456  javax.management.openmbean.OpenMBeanAttributeInfoSupport (java.management@25)
 369:            85           3400  java.io.ObjectStreamField (java.base@25)
 370:           105           3360  com.fasterxml.jackson.core.io.SerializedString
 371:           105           3360  com.fasterxml.jackson.databind.type.TypeBindings
 372:           210           3360  java.nio.channels.spi.AbstractInterruptibleChannel$1 (java.base@25)
 373:            70           3360  org.springframework.beans.PropertyValue
 374:            64           3320  [Ljavax.management.MBeanAttributeInfo; (java.management@25)
 375:           103           3296  com.fasterxml.jackson.databind.introspect.AnnotatedField
 376:            27           3240  com.alibaba.fastjson2.writer.FieldWriterStringMethod
 377:           100           3200  [Lorg.apache.coyote.http11.InputFilter;
 378:           100           3200  [Lorg.apache.coyote.http11.OutputFilter;
 379:            40           3200  com.fasterxml.jackson.databind.deser.impl.MethodProperty
 380:            50           3200  org.apache.catalina.connector.OutputBuffer
 381:            50           3200  org.apache.catalina.connector.Response
 382:            99           3168  org.springframework.boot.context.properties.source.ConfigurationProperty
 383:            78           3120  com.alibaba.fastjson2.JSONWriter$Path
 384:            39           3120  com.fasterxml.jackson.databind.util.internal.PrivateMaxEntriesMap
 385:            96           3072  com.mysql.cj.conf.IntegerProperty
 386:           128           3072  io.netty.buffer.IntPriorityQueue
 387:           128           3072  java.security.Permissions (java.base@25)
 388:            64           3072  org.apache.ibatis.ognl.ASTProperty
 389:           127           3048  sun.reflect.generics.tree.Wildcard (java.base@25)
 390:           126           3024  [Lorg.apache.ibatis.ognl.Node;
 391:            63           3024  javax.management.MBeanInfo (java.management@25)
 392:            21           3024  sun.nio.ch.DatagramChannelImpl (java.base@25)
 393:            47           3008  io.netty.channel.ChannelOutboundBuffer
 394:            47           3008  io.netty.channel.DefaultChannelPipeline$HeadContext
 395:            94           3008  java.net.InetAddress$InetAddressHolder (java.base@25)
 396:            94           3008  org.springframework.util.MimeType
 397:           125           3000  com.baomidou.mybatisplus.core.toolkit.support.ColumnCache
 398:           124           2976  org.apache.ibatis.scripting.xmltags.DynamicSqlSource
 399:           185           2960  java.util.regex.Pattern$$Lambda/0x800000027 (java.base@25)
 400:           123           2952  java.lang.module.ModuleDescriptor$Provides (java.base@25)
 401:            92           2944  io.micrometer.prometheusmetrics.PrometheusMeterRegistry$$Lambda/0x0000000031635248
 402:            45           2880  jdk.internal.classfile.impl.AbstractPoolEntry$Utf8EntryImpl (java.base@25)
 403:            72           2880  org.apache.ibatis.scripting.xmltags.WhereSqlNode
 404:           117           2808  java.util.ImmutableCollections$ListN (java.base@25)
 405:            50           2800  [Lorg.apache.catalina.core.ApplicationFilterConfig;
 406:            50           2800  org.apache.catalina.mapper.MappingData
 407:            50           2800  org.apache.coyote.http11.Http11OutputBuffer
 408:           174           2784  org.apache.ibatis.logging.nologging.NoLoggingImpl
 409:            69           2760  org.springframework.http.HttpStatus
 410:            86           2752  jdk.internal.reflect.MethodHandleObjectFieldAccessorImpl (java.base@25)
 411:            64           2688  [Lorg.hibernate.validator.internal.util.ConcurrentReferenceHashMap$HashEntry;
 412:           112           2688  org.springframework.beans.factory.config.ConstructorArgumentValues
 413:            42           2688  org.springframework.util.LinkedCaseInsensitiveMap$1
 414:            83           2656  java.util.concurrent.atomic.LongAdder (java.base@25)
 415:            67           2648  [Ljava.time.format.DateTimeFormatterBuilder$DateTimePrinterParser; (java.base@25)
 416:            47           2632  io.netty.channel.DefaultChannelPipeline$TailContext
 417:           163           2608  java.util.jar.Attributes (java.base@25)
 418:            25           2600  io.netty.channel.socket.nio.NioSocketChannel
 419:            54           2592  java.lang.invoke.LambdaFormEditor$Transform (java.base@25)
 420:            81           2592  javax.management.MBeanAttributeInfo (java.management@25)
 421:            54           2592  org.springframework.web.cors.CorsConfiguration
 422:            23           2576  java.lang.Thread (java.base@25)
 423:           160           2560  java.net.UnixDomainSocketAddress (java.base@25)
 424:           106           2544  org.springframework.boot.origin.OriginTrackedValue
 425:            21           2520  io.netty.resolver.dns.DnsNameResolver
 426:           157           2512  jdk.proxy1.$Proxy0 (jdk.proxy1)
 427:            78           2496  org.springframework.core.annotation.AttributeMethods
 428:           155           2480  jdk.proxy1.$Proxy8 (jdk.proxy1)
 429:            62           2480  sun.nio.cs.UTF_8$Decoder (java.base@25)
 430:           103           2472  com.fasterxml.jackson.databind.type.TypeBindings$AsKey
 431:           154           2464  jdk.proxy1.$Proxy3 (jdk.proxy1)
 432:           154           2464  jdk.proxy2.$Proxy34 (jdk.proxy2)
 433:            17           2448  [Ljava.lang.invoke.MemberName; (java.base@25)
 434:           153           2448  java.util.regex.Pattern$BitClass (java.base@25)
 435:           101           2424  org.springframework.core.io.UrlResource
 436:           101           2424  sun.reflect.generics.reflectiveObjects.WildcardTypeImpl (java.base@25)
 437:           151           2416  java.util.HashMap$KeySet (java.base@25)
 438:            50           2400  java.net.NetworkInterface (java.base@25)
 439:            60           2400  org.springframework.util.ConcurrentReferenceHashMap
 440:            99           2376  org.springframework.boot.origin.PropertySourceOrigin
 441:            91           2312  [Ljava.lang.reflect.Parameter; (java.base@25)
 442:            48           2304  io.netty.buffer.PoolChunkList
 443:            96           2304  io.netty.util.DefaultAttributeMap$DefaultAttribute
 444:            72           2304  org.springframework.web.servlet.handler.AbstractHandlerMethodMapping$MappingRegistration
 445:            48           2304  sun.nio.ch.SelectionKeyImpl (java.base@25)
 446:            41           2296  com.mysql.cj.MysqlType
 447:           142           2272  jdk.proxy1.$Proxy4 (jdk.proxy1)
 448:            47           2256  io.netty.channel.AbstractChannel$CloseFuture
 449:            47           2256  io.netty.channel.DefaultChannelPipeline
 450:            94           2256  io.netty.channel.VoidChannelPromise
 451:            94           2256  org.springframework.transaction.interceptor.RollbackRuleAttribute
 452:            56           2240  java.time.format.DateTimeFormatter (java.base@25)
 453:            40           2240  sun.nio.ch.SinkChannelImpl (java.base@25)
 454:            40           2240  sun.nio.ch.SourceChannelImpl (java.base@25)
 455:            15           2232  [Lcom.github.benmanes.caffeine.cache.Node;
 456:            93           2232  io.micrometer.core.instrument.internal.DefaultGauge
 457:            21           2184  io.netty.channel.socket.nio.NioDatagramChannel
 458:            39           2184  java.beans.MethodDescriptor (java.desktop@25)
 459:            39           2184  java.lang.invoke.BoundMethodHandle$Species_LLLLL (java.base@25)
 460:            91           2184  java.lang.reflect.Executable$ParameterData (java.base@25)
 461:           135           2160  [Ljava.security.Principal; (java.base@25)
 462:            18           2160  com.alibaba.fastjson2.writer.FieldWriterInt32Method
 463:            90           2160  io.micrometer.prometheusmetrics.MicrometerCollector
 464:           134           2144  java.util.concurrent.atomic.AtomicReference (java.base@25)
 465:            53           2120  sun.security.util.NamedCurve (java.base@25)
 466:            88           2112  java.util.regex.Pattern$BmpCharPropertyGreedy (java.base@25)
 467:            66           2112  java.util.regex.Pattern$Curly (java.base@25)
 468:           132           2112  jdk.internal.module.SystemModuleFinders$1 (java.base@25)
 469:           131           2096  java.util.regex.Pattern$BranchConn (java.base@25)
 470:            87           2088  jdk.internal.constant.MethodTypeDescImpl (java.base@25)
 471:            52           2080  org.apache.tomcat.util.log.UserDataHelper
 472:            65           2080  org.springframework.util.ConcurrentLruCache$Node
 473:            43           2064  org.apache.ibatis.ognl.ASTNotEq
 474:            32           2048  com.mysql.cj.conf.IntegerPropertyDefinition
 475:           128           2048  java.security.SecureClassLoader$CodeSourceKey (java.base@25)
 476:            17           2040  com.alibaba.fastjson2.reader.FieldReaderStringMethod
 477:            85           2040  java.util.concurrent.locks.AbstractQueuedSynchronizer$ConditionObject (java.base@25)
 478:           127           2032  java.util.Collections$SingletonSet (java.base@25)
 479:            28           2016  com.fasterxml.jackson.databind.introspect.AnnotatedClass
 480:            42           2016  io.micrometer.core.instrument.distribution.DistributionStatisticConfig
 481:            63           2016  org.springframework.asm.Type
 482:            25           2000  io.netty.channel.AdaptiveRecvByteBufAllocator$HandleImpl
 483:            50           2000  org.apache.coyote.AsyncStateMachine
 484:            50           2000  org.apache.coyote.http11.filters.ChunkedOutputFilter
 485:            50           2000  org.apache.coyote.http11.filters.IdentityInputFilter
 486:            62           1984  com.fasterxml.jackson.databind.ser.impl.ReadOnlyClassToSerializerMap$Bucket
 487:            62           1984  com.fasterxml.jackson.databind.util.TypeKey
 488:           124           1984  jdk.internal.module.SystemModuleFinders$2 (java.base@25)
 489:            61           1952  jdk.internal.loader.BuiltinClassLoader$LoadedModule (java.base@25)
 490:            81           1944  java.beans.MethodRef (java.desktop@25)
 491:            30           1920  org.apache.tomcat.util.res.StringManager$1
 492:            60           1920  org.springframework.format.support.FormattingConversionService$AnnotationParserConverter
 493:            60           1920  org.springframework.format.support.FormattingConversionService$AnnotationPrinterConverter
 494:            17           1904  org.springframework.beans.GenericTypeAwarePropertyDescriptor
 495:            41           1896  [Ljava.math.BigInteger; (java.base@25)
 496:           118           1888  java.time.format.DateTimeFormatterBuilder$CharLiteralPrinterParser (java.base@25)
 497:            29           1856  org.springframework.beans.factory.support.DefaultListableBeanFactory$NestedDependencyDescriptor
 498:            77           1848  org.springframework.core.convert.TypeDescriptor
 499:            23           1840  [Lio.netty.handler.codec.CodecOutputList;
 500:            46           1840  org.springframework.beans.factory.config.ConstructorArgumentValues$ValueHolder
 501:            57           1824  io.netty.handler.codec.http.HttpResponseStatus
 502:            57           1824  org.redisson.misc.AsyncSemaphore
 503:            45           1800  java.math.BigDecimal (java.base@25)
 504:            75           1800  org.springframework.core.annotation.AnnotationTypeMappings
 505:            64           1792  [Ljava.lang.constant.ClassDesc; (java.base@25)
 506:           112           1792  com.esotericsoftware.kryo.SerializerFactory$ReflectionSerializerFactory
 507:            32           1792  org.apache.ibatis.mapping.ParameterMapping
 508:            74           1776  java.lang.StringConcatHelper$Concat1 (java.base@25)
 509:            73           1752  java.time.Duration (java.base@25)
 510:           109           1744  java.util.concurrent.atomic.AtomicBoolean (java.base@25)
 511:            54           1728  io.netty.channel.AbstractChannelHandlerContext$WriteTask
 512:            27           1728  io.netty.util.concurrent.ScheduledFutureTask
 513:            72           1728  org.apache.ibatis.scripting.xmltags.VarDeclSqlNode
 514:           107           1712  java.util.concurrent.atomic.AtomicLongArray (java.base@25)
 515:            71           1704  java.lang.invoke.Invokers (java.base@25)
 516:            71           1704  org.hibernate.validator.internal.properties.Signature
 517:            53           1696  java.security.spec.EllipticCurve (java.base@25)
 518:           106           1696  java.util.concurrent.ConcurrentHashMap$ValuesView (java.base@25)
 519:            53           1696  sun.security.util.ObjectIdentifier (java.base@25)
 520:            14           1680  com.alibaba.fastjson2.writer.FieldWriterObjectMethod
 521:             6           1680  java.util.concurrent.ConcurrentHashMap$CounterCell (java.base@25)
 522:            42           1680  javax.management.MBeanOperationInfo (java.management@25)
 523:            14           1680  org.apache.tomcat.util.threads.TaskThread
 524:            42           1680  org.springframework.util.LinkedCaseInsensitiveMap
 525:            52           1664  java.lang.invoke.LambdaForm$Kind (java.base@25)
 526:            73           1656  [Lorg.springframework.core.MethodParameter;
 527:             3           1656  com.github.benmanes.caffeine.cache.MpscGrowableArrayQueue
 528:            69           1656  io.netty.util.internal.logging.LocationAwareSlf4JLogger
 529:            41           1640  com.mysql.cj.MysqlCharset
 530:            51           1632  com.baomidou.mybatisplus.annotation.DbType
 531:            68           1632  java.lang.ThreadLocal$ThreadLocalMap (java.base@25)
 532:            34           1632  java.util.concurrent.locks.ReentrantReadWriteLock$NonfairSync (java.base@25)
 533:            34           1632  org.HdrHistogram.DoubleHistogram
 534:            51           1632  org.HdrHistogram.DoubleRecorder
 535:            51           1632  org.hibernate.validator.internal.metadata.core.BuiltinConstraint
 536:            29           1624  io.netty.util.HashedWheelTimer$HashedWheelTimeout
 537:            67           1608  java.lang.String$$StringConcat/0x0000000031042800 (java.base@25)
 538:            67           1608  java.time.format.DateTimeFormatterBuilder$CompositePrinterParser (java.base@25)
 539:            67           1608  java.util.regex.Pattern$Slice (java.base@25)
 540:            67           1608  jdk.internal.constant.ClassOrInterfaceDescImpl (java.base@25)
 541:            50           1600  [Lorg.apache.tomcat.util.http.ServerCookie;
 542:            25           1600  io.netty.channel.socket.nio.NioSocketChannel$NioSocketChannelConfig
 543:            50           1600  org.apache.catalina.core.ApplicationFilterChain
 544:            50           1600  org.apache.coyote.http11.Http11InputBuffer$HeaderParseData
 545:            50           1600  org.apache.coyote.http11.filters.BufferedInputFilter
 546:            50           1600  org.apache.coyote.http11.filters.IdentityOutputFilter
 547:            50           1600  org.apache.tomcat.util.buf.B2CConverter
 548:            50           1600  org.apache.tomcat.util.buf.UEncoder
 549:            50           1600  org.apache.tomcat.util.http.parser.HttpHeaderParser
 550:            50           1600  org.apache.tomcat.util.http.parser.HttpHeaderParser$HeaderParseData
 551:            40           1600  org.springframework.beans.factory.support.DisposableBeanAdapter
 552:            33           1584  java.time.temporal.ValueRange (java.base@25)
 553:            98           1568  com.esotericsoftware.kryo.SerializerFactory$SingletonSerializerFactory
 554:            49           1568  com.sun.management.internal.DiagnosticCommandImpl$Wrapper (jdk.management@25)
 555:            49           1568  com.sun.management.internal.DiagnosticCommandInfo (jdk.management@25)
 556:            28           1568  io.micrometer.prometheusmetrics.PrometheusTimer
 557:            13           1560  com.alibaba.fastjson2.reader.FieldReaderInt32Method
 558:            13           1560  com.alibaba.fastjson2.writer.FieldWriterInt64Method
 559:            65           1560  org.springframework.util.ConcurrentLruCache$CacheEntry
 560:            25           1552  [Lio.netty.util.internal.PriorityQueueNode;
 561:            24           1536  io.netty.channel.ChannelOutboundBuffer$Entry
 562:            64           1536  java.util.regex.Pattern$CharPropertyGreedy (java.base@25)
 563:            64           1536  java.util.regex.Pattern$SliceI (java.base@25)
 564:            64           1536  org.redisson.client.protocol.decoder.ObjectListReplayDecoder
 565:            24           1536  sun.security.ec.SunEC$ProviderServiceA (java.base@25)
 566:            63           1512  sun.nio.ch.NativeSocketAddress (java.base@25)
 567:            47           1504  io.netty.channel.DefaultChannelId
 568:            47           1504  java.util.concurrent.CountDownLatch$Sync (java.base@25)
 569:            47           1504  org.springframework.format.support.FormattingConversionService$PrinterConverter
 570:            31           1488  java.lang.invoke.VarHandleReferences$FieldInstanceReadWrite (java.base@25)
 571:            62           1488  java.lang.module.ResolvedModule (java.base@25)
 572:            62           1488  jdk.internal.module.SystemModuleFinders$SystemModuleReader (java.base@25)
 573:            46           1472  io.netty.buffer.PoolThreadCache$NormalMemoryRegionCache
 574:            46           1472  io.netty.util.concurrent.DefaultPromise
 575:            51           1464  [Ljavax.management.MBeanOperationInfo; (java.management@25)
 576:            26           1456  org.apache.ibatis.scripting.xmltags.ForEachSqlNode
 577:            10           1440  [Lcom.fasterxml.jackson.core.sym.CharsToNameCanonicalizer$Bucket;
 578:            30           1440  java.time.temporal.ChronoField (java.base@25)
 579:            45           1440  java.util.concurrent.locks.AbstractQueuedSynchronizer$ConditionNode (java.base@25)
 580:            45           1440  javax.management.MBeanParameterInfo (java.management@25)
 581:            90           1440  jdk.proxy2.$Proxy12 (jdk.proxy2)
 582:            90           1440  jdk.proxy2.$Proxy17 (jdk.proxy2)
 583:            60           1440  org.apache.ibatis.scripting.xmltags.ChooseSqlNode
 584:             2           1416  [[B (java.base@25)
 585:            44           1408  com.mysql.cj.ServerVersion
 586:            88           1408  jdk.proxy2.$Proxy35 (jdk.proxy2)
 587:            25           1400  com.fasterxml.jackson.databind.type.MapType
 588:            25           1400  io.netty.buffer.PoolThreadCache
 589:             1           1376  [Ljdk.internal.math.FDBigInteger; (java.base@25)
 590:            57           1368  java.net.InetSocketAddress$InetSocketAddressHolder (java.base@25)
 591:            19           1368  org.springframework.beans.factory.annotation.AutowiredAnnotationBeanPostProcessor$ShortcutDependencyDescriptor
 592:            48           1360  [Lorg.redisson.client.protocol.decoder.MultiDecoder;
 593:            34           1360  com.fasterxml.jackson.databind.MapperFeature
 594:            34           1360  io.micrometer.prometheusmetrics.PrometheusMeterRegistry$$Lambda/0x000000003164f2b0
 595:            34           1360  java.lang.ref.Finalizer (java.base@25)
 596:            34           1360  java.util.PropertyResourceBundle (java.base@25)
 597:            32           1344  [Ljava.lang.reflect.Field; (java.base@25)
 598:            42           1344  com.alibaba.fastjson2.JSONWriter$Feature
 599:            28           1344  io.micrometer.core.instrument.distribution.TimeWindowMax
 600:            21           1344  io.netty.channel.socket.nio.NioDatagramChannelConfig
 601:            28           1344  java.util.concurrent.ThreadPoolExecutor$Worker (java.base@25)
 602:            56           1344  java.util.regex.Pattern$$Lambda/0x800000030 (java.base@25)
 603:            24           1344  org.redisson.client.RedisConnection
 604:            24           1344  org.redisson.client.handler.CommandDecoder
 605:            47           1320  [Lio.netty.util.DefaultAttributeMap$DefaultAttribute;
 606:            55           1320  java.net.Inet4Address (java.base@25)
 607:            82           1312  java.util.IdentityHashMap$KeySet (java.base@25)
 608:            82           1312  java.util.TreeMap$KeySet (java.base@25)
 609:            41           1312  org.apache.ibatis.type.JdbcType
 610:            54           1296  java.security.spec.ECPoint (java.base@25)
 611:            54           1296  org.springframework.boot.actuate.endpoint.EndpointId
 612:            54           1296  org.springframework.util.ConcurrentReferenceHashMap$Entry
 613:            23           1288  io.netty.bootstrap.Bootstrap
 614:            53           1272  org.springframework.boot.origin.OriginTrackedValue$OriginTrackedCharSequence
 615:            79           1264  org.springframework.web.servlet.mvc.condition.RequestMethodsRequestCondition
 616:            39           1248  java.net.Inet6Address$Inet6AddressHolder (java.base@25)
 617:            78           1248  jdk.proxy2.$Proxy72 (jdk.proxy2)
 618:            26           1248  sun.nio.ch.SocketAdaptor (java.base@25)
 619:            49           1240  [Lcom.sun.management.internal.DiagnosticCommandArgumentInfo; (jdk.management@25)
 620:            77           1232  org.apache.juli.logging.DirectJDKLog
 621:            51           1224  java.util.regex.Pattern$Start (java.base@25)
 622:            51           1224  org.jboss.logging.Slf4jLocationAwareLogger
 623:            19           1216  com.fasterxml.jackson.databind.cfg.BaseSettings
 624:            38           1216  com.fasterxml.jackson.databind.introspect.AnnotatedConstructor
 625:            38           1216  io.netty.util.internal.LongAdderCounter
 626:            76           1216  java.util.TreeSet (java.base@25)
 627:            76           1216  java.util.concurrent.atomic.AtomicReferenceArray (java.base@25)
 628:            76           1216  sun.reflect.generics.tree.ArrayTypeSignature (java.base@25)
 629:            10           1200  com.alibaba.fastjson2.reader.FieldReaderInt64Method
 630:            10           1200  com.alibaba.fastjson2.reader.FieldReaderObject
 631:            50           1200  org.apache.catalina.core.ApplicationMapping
 632:            50           1200  org.apache.catalina.util.ParameterMap
 633:            50           1200  org.apache.coyote.http11.filters.GzipOutputFilter
 634:            50           1200  org.apache.coyote.http11.filters.GzipOutputFilter$FakeOutputStream
 635:            50           1200  org.apache.tomcat.util.http.ServerCookies
 636:            31           1192  [Lorg.springframework.asm.Type;
 637:            21           1176  javax.management.openmbean.CompositeType (java.management@25)
 638:            49           1176  org.apache.coyote.ActionCode
 639:            49           1176  org.springframework.core.annotation.AnnotationTypeMapping$MirrorSets$MirrorSet
 640:            49           1176  org.springframework.core.convert.support.GenericConversionService$ConverterFactoryAdapter
 641:            73           1168  org.springframework.web.servlet.mvc.condition.PathPatternsRequestCondition
 642:            29           1160  org.springframework.cglib.proxy.Enhancer$EnhancerKey
 643:            48           1152  com.fasterxml.classmate.members.RawMethod
 644:            16           1152  java.util.concurrent.ScheduledThreadPoolExecutor$ScheduledFutureTask (java.base@25)
 645:            72           1152  org.springframework.core.log.CompositeLog
 646:            18           1152  sun.security.ec.SunEC$ProviderService (java.base@25)
 647:             1           1136  [Lsun.security.util.KnownOIDs; (java.base@25)
 648:            47           1128  io.netty.channel.SucceededChannelFuture
 649:            47           1128  org.springframework.format.support.FormattingConversionService$ParserConverter
 650:            28           1120  com.sun.jmx.mbeanserver.MXBeanSupport (java.management@25)
 651:            35           1120  io.micrometer.prometheusmetrics.PrometheusMeterRegistry$$Lambda/0x000000003163a108
 652:            35           1120  java.util.concurrent.atomic.DoubleAdder (java.base@25)
 653:            28           1120  org.springframework.beans.propertyeditors.CustomNumberEditor
 654:            23           1104  io.netty.channel.DefaultChannelPromise
 655:            46           1104  java.util.regex.Pattern$Ques (java.base@25)
 656:            46           1104  org.springframework.web.servlet.mvc.condition.ProducesRequestCondition$ProduceMediaTypeExpression
 657:            17           1088  io.micrometer.prometheusmetrics.PrometheusHistogram
 658:            68           1088  org.redisson.client.protocol.convertor.VoidReplayConvertor
 659:            17           1088  org.springframework.aop.framework.ProxyFactory
 660:            17           1088  org.springframework.boot.actuate.endpoint.web.servlet.AbstractWebMvcEndpointHandlerMapping$WebMvcEndpointHandlerMethod
 661:            45           1080  com.sun.jmx.mbeanserver.PerInterface$MethodAndSig (java.management@25)
 662:            29           1072  [Lcom.fasterxml.jackson.databind.ser.BeanPropertyWriter;
 663:            12           1056  com.baomidou.mybatisplus.core.metadata.TableInfo
 664:            66           1056  com.esotericsoftware.kryo.serializers.JavaSerializer
 665:             1           1040  [Ljava.lang.Byte; (java.base@25)
 666:             1           1040  [Ljava.lang.Integer; (java.base@25)
 667:             1           1040  [Ljava.lang.Long; (java.base@25)
 668:             1           1040  [Ljava.lang.Short; (java.base@25)
 669:            26           1040  com.baomidou.mybatisplus.core.enums.SqlMethod
 670:            26           1040  io.netty.channel.AdaptiveRecvByteBufAllocator
 671:            41           1032  [Lorg.springframework.util.MimeType;
 672:            32           1024  java.util.concurrent.atomic.AtomicReferenceFieldUpdater$AtomicReferenceFieldUpdaterImpl (java.base@25)
 673:            32           1024  org.springframework.boot.loader.zip.VirtualZipDataBlock$DataPart
 674:            42           1008  io.netty.handler.codec.dns.DnsRecordType
 675:            21           1008  java.lang.invoke.BoundMethodHandle$SpeciesData (java.base@25)
 676:            18           1008  java.util.Properties (java.base@25)
 677:            21           1008  java.util.concurrent.ConcurrentHashMap$TreeBin (java.base@25)
 678:            18           1008  sun.util.calendar.ZoneInfo (java.base@25)
 679:            41           1000  [Ljavax.management.MBeanParameterInfo; (java.management@25)
 680:            25           1000  io.netty.channel.socket.nio.NioSocketChannel$NioSocketChannelUnsafe
 681:            31            992  io.netty.channel.ChannelOption
 682:            31            992  java.lang.invoke.VarHandle$AccessMode (java.base@25)
 683:             3            984  com.github.benmanes.caffeine.cache.SSSMSA
 684:            41            984  io.netty.util.internal.ThreadExecutorMap$1
 685:            39            976  [Ljava.lang.reflect.Constructor; (java.base@25)
 686:            10            960  com.fasterxml.jackson.databind.DeserializationConfig
 687:            60            960  java.lang.ThreadLocal (java.base@25)
 688:            24            960  org.apache.ibatis.scripting.xmltags.SetSqlNode
 689:            24            960  org.apache.ibatis.scripting.xmltags.TrimSqlNode
 690:            40            960  sun.nio.ch.PipeImpl (java.base@25)
 691:            17            952  io.micrometer.core.instrument.distribution.TimeWindowPercentileHistogram
 692:            29            936  [Ljava.util.concurrent.atomic.AtomicLong; (java.base@25)
 693:            39            936  com.fasterxml.jackson.databind.PropertyName
 694:            39            936  com.fasterxml.jackson.databind.util.LRUMap
 695:            39            936  com.fasterxml.jackson.databind.util.internal.LinkedDeque
 696:            39            936  io.netty.channel.nio.SelectedSelectionKeySet
 697:            39            936  io.netty.channel.nio.SelectedSelectionKeySetSelector
 698:            39            936  io.netty.util.internal.ThreadExecutorMap$2
 699:            39            936  java.net.Inet6Address (java.base@25)
 700:             1            928  [Lcom.mysql.cj.conf.PropertyKey;
 701:            29            928  com.fasterxml.jackson.databind.DeserializationFeature
 702:            29            928  com.sun.jmx.mbeanserver.WeakIdentityHashMap$IdentityWeakReference (java.management@25)
 703:            29            928  org.springframework.beans.factory.support.DefaultListableBeanFactory$DependencyObjectProvider
 704:            29            928  org.springframework.cglib.core.WeakCacheKey
 705:            29            928  org.springframework.cglib.proxy.Enhancer$EnhancerFactoryData
 706:            23            920  java.lang.reflect.AccessFlag (java.base@25)
 707:            23            920  org.springframework.beans.factory.annotation.AutowiredAnnotationBeanPostProcessor$AutowiredFieldElement
 708:            22            912  [Ljava.lang.invoke.MethodType; (java.base@25)
 709:            57            912  io.netty.util.concurrent.FastThreadLocalRunnable
 710:            57            912  java.net.InetSocketAddress (java.base@25)
 711:            19            912  javax.management.openmbean.ArrayType (java.management@25)
 712:            51            904  [Ljava.net.InetAddress; (java.base@25)
 713:            16            896  javax.management.openmbean.OpenMBeanParameterInfoSupport (java.management@25)
 714:            16            896  jdk.xml.internal.XMLSecurityManager$Limit (java.xml@25)
 715:            56            896  org.springframework.core.convert.support.ObjectToStringConverter
 716:            28            896  sun.nio.ch.DummySocketImpl (java.base@25)
 717:            28            896  sun.nio.fs.NativeBuffer (java.base@25)
 718:            14            896  sun.security.mscapi.SunMSCAPI$ProviderService (jdk.crypto.mscapi@25)
 719:             3            888  [Lorg.springframework.http.HttpStatus;
 720:            50            880  [Ljava.net.InterfaceAddress; (java.base@25)
 721:            10            880  com.fasterxml.jackson.databind.SerializationConfig
 722:            22            880  io.netty.channel.nio.AbstractNioMessageChannel$NioMessageUnsafe
 723:            11            880  java.util.concurrent.ThreadPoolExecutor (java.base@25)
 724:            22            880  jdk.internal.vm.SharedThreadContainer (java.base@25)
 725:            55            880  jdk.proxy1.$Proxy1 (jdk.proxy1)
 726:             1            872  [Ljava.lang.classfile.Opcode; (java.base@25)
 727:            27            864  com.alibaba.fastjson2.JSONReader$Feature
 728:            18            864  java.lang.invoke.MethodHandleImpl$CountingWrapper (java.base@25)
 729:             6            864  java.text.DecimalFormat (java.base@25)
 730:            36            864  java.util.KeyValueHolder (java.base@25)
 731:            10            848  [Ljava.lang.StackTraceElement; (java.base@25)
 732:            21            840  [Ljava.lang.invoke.BoundMethodHandle$SpeciesData; (java.base@25)
 733:            15            840  com.fasterxml.jackson.databind.jsontype.impl.AsPropertyTypeDeserializer
 734:            35            840  io.micrometer.prometheusmetrics.PrometheusCounter
 735:            21            840  java.util.EnumMap (java.base@25)
 736:            35            840  java.util.concurrent.locks.ReentrantReadWriteLock (java.base@25)
 737:            35            840  org.springframework.boot.autoconfigure.condition.OnWebApplicationCondition
 738:            21            840  sun.nio.ch.DatagramSocketAdaptor (java.base@25)
 739:            10            832  [Ljava.lang.reflect.AccessFlag; (java.base@25)
 740:            26            832  com.fasterxml.jackson.databind.SerializationFeature
 741:            52            832  io.netty.util.internal.TypeParameterMatcher$ReflectiveMatcher
 742:            26            832  java.lang.reflect.ClassFileFormatVersion (java.base@25)
 743:            52            832  jdk.proxy2.$Proxy64 (jdk.proxy2)
 744:            13            832  org.jcp.xml.dsig.internal.dom.XMLDSigRI$ProviderService (java.xml.crypto@25)
 745:            26            832  sun.reflect.generics.repository.ConstructorRepository (java.base@25)
 746:             3            816  com.github.benmanes.caffeine.cache.BoundedBuffer$RingBuffer
 747:            34            816  io.micrometer.common.ImmutableKeyValue
 748:            17            816  org.apache.ibatis.reflection.Reflector
 749:            51            816  org.hibernate.validator.internal.util.logging.Log_$logger
 750:            50            800  [Ljava.net.NetworkInterface; (java.base@25)
 751:            10            800  com.fasterxml.jackson.databind.MappingJsonFactory
 752:            50            800  org.apache.coyote.http11.Http11InputBuffer$SocketInputBuffer
 753:            50            800  org.apache.coyote.http11.Http11OutputBuffer$SocketOutputBuffer
 754:            50            800  org.apache.coyote.http11.filters.VoidInputFilter
 755:            50            800  org.apache.coyote.http11.filters.VoidOutputFilter
 756:            50            800  org.apache.tomcat.util.buf.UDecoder
 757:            20            800  org.hibernate.validator.internal.metadata.aggregated.CascadingMetaDataBuilder
 758:            25            800  org.redisson.client.handler.CommandEncoder
 759:            25            800  org.redisson.client.handler.PingConnectionHandler$$Lambda/0x000000003151f9c8
 760:             9            792  com.fasterxml.jackson.databind.deser.std.StdValueInstantiator
 761:            24            784  [Ljava.io.ObjectStreamField; (java.base@25)
 762:            49            784  jdk.proxy2.$Proxy44 (jdk.proxy2)
 763:            14            784  org.springframework.aop.framework.AdvisedSupport
 764:            24            768  com.baomidou.mybatisplus.core.enums.SqlKeyword
 765:             8            768  com.fasterxml.jackson.databind.deser.BeanDeserializer
 766:            32            768  com.sun.jmx.mbeanserver.DefaultMXBeanMappingFactory$IdentityMapping (java.management@25)
 767:            24            768  io.micrometer.core.instrument.cumulative.CumulativeFunctionCounter
 768:            24            768  io.micrometer.prometheusmetrics.PrometheusMeterRegistry$$Lambda/0x0000000031638000
 769:            32            768  java.security.Provider$EngineDescription (java.base@25)
 770:            24            768  java.util.LinkedList (java.base@25)
 771:            24            768  org.redisson.client.handler.RedisConnectionHandler
 772:            48            768  org.redisson.client.protocol.decoder.ListMultiDecoder2
 773:            19            760  org.springframework.beans.factory.annotation.AutowiredAnnotationBeanPostProcessor$AutowiredMethodElement
 774:            13            752  [Ljava.util.Hashtable$Entry; (java.base@25)
 775:            47            752  io.netty.channel.VoidChannelPromise$1
 776:            47            752  io.netty.channel.nio.AbstractNioChannel$1
 777:            47            752  java.util.concurrent.CountDownLatch (java.base@25)
 778:            23            744  [Lcom.fasterxml.jackson.databind.introspect.AnnotationMap;
 779:            31            744  com.sun.jmx.mbeanserver.NamedObject (java.management@25)
 780:             4            736  [Lcom.fasterxml.jackson.databind.ser.impl.ReadOnlyClassToSerializerMap$Bucket;
 781:            23            736  io.netty.handler.codec.CodecOutputList$CodecOutputLists
 782:            23            736  org.yaml.snakeyaml.tokens.Token$ID
 783:            23            736  sun.management.MappedMXBeanType$BasicMXBeanType (java.management@25)
 784:             9            720  [Lio.netty.handler.codec.DefaultHeaders$HeaderEntry;
 785:            10            720  com.fasterxml.jackson.core.sym.ByteQuadsCanonicalizer
 786:            10            720  com.fasterxml.jackson.databind.ObjectMapper
 787:            10            720  com.fasterxml.jackson.databind.deser.DefaultDeserializationContext$Impl
 788:            15            720  com.fasterxml.jackson.databind.ser.BeanSerializer
 789:            10            720  com.fasterxml.jackson.databind.ser.DefaultSerializerProvider$Impl
 790:             2            720  java.util.concurrent.ForkJoinPool (java.base@25)
 791:            45            720  jdk.proxy2.$Proxy144 (jdk.proxy2)
 792:            30            720  org.apache.tomcat.util.res.StringManager
 793:            18            720  org.springframework.boot.actuate.endpoint.annotation.EndpointDiscoverer$EndpointBean
 794:            18            720  org.springframework.boot.actuate.endpoint.web.annotation.DiscoveredWebEndpoint
 795:            10            720  sun.invoke.util.Wrapper (java.base@25)
 796:            22            704  com.esotericsoftware.kryo.Registration
 797:            22            704  java.util.concurrent.atomic.AtomicIntegerFieldUpdater$AtomicIntegerFieldUpdaterImpl (java.base@25)
 798:            11            704  org.springframework.beans.factory.config.DependencyDescriptor
 799:            29            696  org.apache.ibatis.builder.StaticSqlSource
 800:             3            688  [Lorg.springframework.boot.context.properties.source.ConfigurationPropertyName;
 801:            17            680  org.springframework.util.AntPathMatcher
 802:            21            672  [Lsun.nio.ch.NativeSocketAddress; (java.base@25)
 803:            21            672  io.netty.resolver.dns.InflightNameResolver
 804:            42            672  jdk.proxy2.$Proxy43 (jdk.proxy2)
 805:            12            672  org.apache.ibatis.ognl.ASTChain
 806:            21            672  org.redisson.connection.SequentialDnsAddressResolverFactory$LimitedInetSocketAddressResolver
 807:            28            672  sun.nio.fs.NativeBuffer$Deallocator (java.base@25)
 808:             6            672  sun.security.provider.HashDrbg (java.base@25)
 809:            11            656  [Ljdk.xml.internal.JdkProperty$State; (java.xml@25)
 810:             2            648  [Ljava.net.URL; (java.base@25)
 811:            27            648  jdk.internal.classfile.impl.StackMapGenerator$Type (java.base@25)
 812:             8            640  [Ljava.util.concurrent.RunnableScheduledFuture; (java.base@25)
 813:            10            640  com.fasterxml.jackson.core.sym.CharsToNameCanonicalizer
 814:            20            640  com.flashchat.chatservice.dto.enums.WsRespDTOTypeEnum
 815:            16            640  com.sun.jmx.mbeanserver.PerInterface (java.management@25)
 816:            40            640  java.nio.channels.spi.AbstractSelector$1 (java.base@25)
 817:            40            640  org.redisson.client.protocol.convertor.IntegerReplayConvertor
 818:            16            640  org.springframework.boot.actuate.endpoint.web.WebOperationRequestPredicate
 819:            13            624  com.fasterxml.jackson.core.JsonToken
 820:            39            624  io.netty.channel.nio.NioEventLoop$1
 821:            26            624  io.netty.handler.codec.ReplayingDecoderByteBuf
 822:            39            624  io.netty.util.concurrent.SingleThreadEventExecutor$4
 823:            26            624  java.lang.classfile.Opcode$Kind (java.base@25)
 824:            26            624  java.security.spec.ECFieldF2m (java.base@25)
 825:            13            624  java.util.Hashtable (java.base@25)
 826:            26            624  java.util.regex.Pattern$Dollar (java.base@25)
 827:            39            624  jdk.proxy2.$Proxy21 (jdk.proxy2)
 828:            13            624  org.hibernate.validator.internal.metadata.raw.ConstrainedExecutable
 829:            26            624  sun.reflect.generics.scope.ConstructorScope (java.base@25)
 830:            11            616  java.lang.invoke.BoundMethodHandle$Species_LLLLLL (java.base@25)
 831:             7            616  java.text.DecimalFormatSymbols (java.base@25)
 832:             4            608  com.alibaba.fastjson2.writer.FieldWriterBoolMethod
 833:            19            608  com.fasterxml.jackson.core.JsonParser$Feature
 834:            11            592  [Lcom.fasterxml.jackson.databind.cfg.CoercionAction;
 835:             4            576  [Lio.netty.buffer.IntPriorityQueue;
 836:             3            576  [Ljava.lang.invoke.LambdaForm; (java.base@25)
 837:            24            576  com.fasterxml.jackson.databind.introspect.AnnotatedClass$Creators
 838:             8            576  com.fasterxml.jackson.datatype.jsr310.JavaTimeModule
 839:            18            576  com.mysql.cj.conf.EnumProperty
 840:            24            576  io.netty.util.internal.DefaultPriorityQueue
 841:            18            576  java.io.File (java.base@25)
 842:            24            576  java.util.concurrent.LinkedBlockingQueue$Node (java.base@25)
 843:            12            576  org.apache.tomcat.util.threads.ThreadPoolExecutor$Worker
 844:            24            576  org.redisson.cache.LRUCacheMap$OrderedSet
 845:            24            576  org.redisson.client.handler.CommandsQueue
 846:            24            576  org.redisson.misc.SpinLock
 847:            18            576  org.springframework.boot.actuate.endpoint.annotation.DiscoveredOperationMethod
 848:            18            576  org.springframework.format.datetime.standard.TemporalAccessorParser
 849:             9            576  sun.security.mscapi.SunMSCAPI$ProviderServiceA (jdk.crypto.mscapi@25)
 850:             6            576  sun.util.calendar.Gregorian$Date (java.base@25)
 851:            14            560  io.netty.handler.codec.DefaultHeaders$HeaderEntry
 852:            14            560  java.lang.invoke.BoundMethodHandle$Species_I (java.base@25)
 853:             5            560  java.util.GregorianCalendar (java.base@25)
 854:             7            560  java.util.concurrent.ScheduledThreadPoolExecutor (java.base@25)
 855:             7            560  java.util.concurrent.TimeUnit (java.base@25)
 856:            35            560  java.util.concurrent.locks.ReentrantReadWriteLock$ReadLock (java.base@25)
 857:            35            560  java.util.concurrent.locks.ReentrantReadWriteLock$Sync$ThreadLocalHoldCounter (java.base@25)
 858:            35            560  java.util.concurrent.locks.ReentrantReadWriteLock$WriteLock (java.base@25)
 859:            14            560  javax.management.openmbean.SimpleType (java.management@25)
 860:            35            560  jdk.proxy2.$Proxy2 (jdk.proxy2)
 861:             3            552  com.mysql.cj.jdbc.ConnectionImpl
 862:            23            552  org.redisson.misc.CompletableFutureWrapper
 863:            23            552  org.springframework.boot.actuate.endpoint.invoke.reflect.OperationMethodParameter
 864:            17            544  [Lorg.HdrHistogram.DoubleRecorder;
 865:            17            544  com.alibaba.fastjson2.internal.asm.Type
 866:            17            544  io.netty.util.AttributeKey
 867:            17            544  java.lang.invoke.VarForm (java.base@25)
 868:            17            544  org.hibernate.validator.internal.engine.valueextraction.ValueExtractorDescriptor
 869:            17            544  org.springframework.boot.ansi.AnsiColor
 870:             1            544  org.springframework.boot.web.embedded.tomcat.TomcatEmbeddedContext
 871:             1            528  [Ljava.lang.Character; (java.base@25)
 872:            22            528  com.alibaba.fastjson2.function.impl.StringToAny
 873:            11            528  com.flashchat.chatservice.dao.entity.RoomMemberDO
 874:            33            528  java.util.regex.Pattern$$Lambda/0x80000002f (java.base@25)
 875:            22            528  java.util.regex.Pattern$CharProperty (java.base@25)
 876:            13            520  java.lang.WeakPairMap$Pair$Weak (java.base@25)
 877:            13            520  org.apache.tomcat.util.collections.ManagedConcurrentWeakHashMap$Key
 878:            13            520  org.springframework.beans.factory.annotation.InitDestroyAnnotationBeanPostProcessor$LifecycleMetadata
 879:            13            520  org.springframework.boot.jdbc.DatabaseDriver
 880:            13            520  org.springframework.core.annotation.SynthesizedMergedAnnotationInvocationHandler
 881:            13            520  org.springframework.core.io.ResourceEditor
 882:            13            520  org.springframework.web.util.pattern.CaptureVariablePathElement
 883:            23            512  [Ljavax.management.MBeanNotificationInfo; (java.management@25)
 884:             8            512  com.sun.security.sasl.Provider$ProviderService (java.security.sasl@25)
 885:            16            512  java.time.temporal.ChronoUnit (java.base@25)
 886:            16            512  java.util.concurrent.locks.AbstractQueuedSynchronizer$ExclusiveNode (java.base@25)
 887:            16            512  jdk.internal.classfile.impl.AbstractPoolEntry$MethodRefEntryImpl (java.base@25)
 888:            16            512  jdk.internal.classfile.impl.AbstractPoolEntry$NameAndTypeEntryImpl (java.base@25)
 889:            32            512  jdk.proxy2.$Proxy121 (jdk.proxy2)
 890:            32            512  jdk.proxy2.$Proxy143 (jdk.proxy2)
 891:            32            512  jdk.proxy2.$Proxy19 (jdk.proxy2)
 892:            32            512  org.redisson.client.protocol.convertor.BooleanReplayConvertor
 893:            16            512  org.springframework.boot.actuate.endpoint.web.annotation.DiscoveredWebOperation
 894:            32            512  org.springframework.boot.autoconfigure.condition.OnPropertyCondition
 895:            21            504  [Lio.netty.util.concurrent.GenericFutureListener;
 896:             3            504  com.mysql.cj.protocol.a.NativeProtocol
 897:            21            504  io.netty.channel.FixedRecvByteBufAllocator
 898:            21            504  io.netty.resolver.AddressResolverGroup$1
 899:            21            504  io.netty.resolver.dns.DnsNameResolver$DnsResponseHandler
 900:            21            504  io.netty.resolver.dns.ThreadLocalNameServerAddressStream
 901:            21            504  io.netty.resolver.dns.ThreadLocalNameServerAddressStream$1
 902:            21            504  io.netty.util.concurrent.DefaultFutureListeners
 903:            21            504  java.util.AbstractMap$SimpleImmutableEntry (java.base@25)
 904:             7            504  org.hibernate.validator.internal.metadata.descriptor.ConstraintDescriptorImpl
 905:            21            504  org.springframework.boot.loader.zip.ByteArrayDataBlock
 906:            21            504  sun.nio.ch.DatagramChannelImpl$$Lambda/0x00000000314c6898 (java.base@25)
 907:            31            496  jdk.proxy2.$Proxy69 (jdk.proxy2)
 908:            31            496  org.redisson.client.protocol.decoder.ObjectDecoder
 909:             6            480  com.baomidou.mybatisplus.core.MybatisConfiguration$StrictMap
 910:            10            480  com.fasterxml.jackson.databind.ser.impl.IndexedListSerializer
 911:            15            480  jakarta.websocket.CloseReason$CloseCodes
 912:            20            480  java.lang.NamedPackage (java.base@25)
 913:            12            480  java.time.format.DateTimeFormatterBuilder$NanosPrinterParser (java.base@25)
 914:            15            480  java.util.ImmutableCollections$MapN (java.base@25)
 915:            10            480  java.util.concurrent.LinkedBlockingQueue (java.base@25)
 916:            30            480  java.util.regex.Pattern$Begin (java.base@25)
 917:             4            480  jdk.internal.misc.InnocuousThread (java.base@25)
 918:            12            480  org.apache.ibatis.binding.MapperMethod$MethodSignature
 919:            12            480  org.hibernate.validator.internal.metadata.aggregated.PropertyMetaData
 920:            20            480  org.springframework.boot.loader.jar.MetaInfVersionsInfo
 921:            20            480  org.springframework.util.unit.DataSize
 922:             4            480  reactor.netty.resources.DefaultLoopResources$EventLoop
 923:            12            480  sun.nio.cs.ISO_8859_1$Decoder (java.base@25)
 924:            11            464  [Lorg.hibernate.validator.internal.metadata.core.BuiltinConstraint;
 925:            29            464  java.util.HashMap$Values (java.base@25)
 926:            29            464  jdk.proxy2.$Proxy27 (jdk.proxy2)
 927:            29            464  org.apache.ibatis.scripting.defaults.RawSqlSource
 928:            29            464  org.redisson.client.protocol.decoder.ObjectSetReplayDecoder
 929:            19            456  ch.qos.logback.core.spi.ContextAwareBase
 930:            19            456  com.fasterxml.jackson.databind.module.SimpleSerializers
 931:            19            456  javax.management.StandardMBean (java.management@25)
 932:            19            456  org.springframework.web.servlet.mvc.condition.ProducesRequestCondition
 933:            14            448  [Lsun.nio.fs.NativeBuffer; (java.base@25)
 934:            14            448  com.sun.org.apache.xml.internal.dtm.ref.ExtendedType (java.xml@25)
 935:            28            448  io.micrometer.prometheusmetrics.PrometheusMeterRegistry$$Lambda/0x000000003164f080
 936:            14            448  org.springframework.boot.logging.LoggingSystemProperty
 937:             8            448  sun.management.MemoryPoolImpl (java.management@25)
 938:             7            440  [Lcom.alibaba.fastjson2.writer.FieldWriter;
 939:            11            440  com.sun.jmx.mbeanserver.DefaultMXBeanMappingFactory$CompositeMapping (java.management@25)
 940:            11            440  java.lang.OutOfMemoryError (java.base@25)
 941:            11            440  sun.util.locale.provider.LocaleResources$ResourceReference (java.base@25)
 942:            11            440  sun.util.resources.Bundles$BundleReference (java.base@25)
 943:             1            432  [[[C (java.base@25)
 944:            18            432  com.alibaba.fastjson2.PropertyNamingStrategy
 945:             9            432  com.esotericsoftware.kryo.util.Pool$1
 946:             6            432  com.fasterxml.jackson.databind.ser.std.MapSerializer
 947:             9            432  com.mysql.cj.conf.ConnectionUrl$Type
 948:             3            432  com.mysql.cj.log.BaseMetricsHolder
 949:            27            432  java.security.spec.ECFieldFp (java.base@25)
 950:            18            432  java.text.DateFormat$Field (java.base@25)
 951:            27            432  java.util.Collections$UnmodifiableMap$UnmodifiableEntrySet (java.base@25)
 952:             6            432  org.apache.ibatis.session.Configuration$StrictMap
 953:            18            432  org.springframework.boot.actuate.endpoint.annotation.EndpointDiscoverer$$Lambda/0x0000000031431a30
 954:            18            432  org.springframework.boot.actuate.endpoint.invoke.reflect.ReflectiveOperationInvoker
 955:            18            432  org.springframework.core.io.DefaultResourceLoader
 956:            18            432  org.springframework.http.codec.DecoderHttpMessageReader
 957:            17            416  [Lcom.fasterxml.jackson.databind.ser.Serializers;
 958:            13            416  com.fasterxml.jackson.core.JsonGenerator$Feature
 959:             4            416  io.netty.buffer.PoolArena$DirectArena
 960:             4            416  io.netty.buffer.PoolArena$HeapArena
 961:            26            416  io.netty.channel.DefaultMaxMessagesRecvByteBufAllocator$MaxMessageHandle$1
 962:            13            416  java.lang.WeakPairMap$Pair$Weak$1 (java.base@25)
 963:            13            416  java.util.Hashtable$Entry (java.base@25)
 964:            26            416  jdk.proxy2.$Proxy123 (jdk.proxy2)
 965:            13            416  org.apache.coyote.AsyncStateMachine$AsyncState
 966:            13            416  sun.security.jca.ProviderConfig (java.base@25)
 967:            17            408  [Lio.micrometer.core.instrument.distribution.FixedBoundaryHistogram;
 968:            17            408  io.micrometer.core.instrument.distribution.FixedBoundaryHistogram
 969:            17            408  java.util.concurrent.Executors$RunnableAdapter (java.base@25)
 970:            17            408  org.hibernate.validator.internal.engine.valueextraction.ValueExtractorDescriptor$Key
 971:            17            408  org.springframework.util.AntPathMatcher$PathSeparatorPatternCache
 972:            17            408  sun.nio.ch.OptionKey (java.base@25)
 973:            17            408  sun.nio.ch.SocketOptionRegistry$RegistryKey (java.base@25)
 974:            17            408  sun.nio.ch.Util$BufferCache (java.base@25)
 975:            21            400  [Ljavax.management.MBeanConstructorInfo; (java.management@25)
 976:            10            400  com.alibaba.fastjson2.reader.ObjectReaderCreatorASM$FieldReaderInfo
 977:            10            400  com.fasterxml.jackson.core.sym.ByteQuadsCanonicalizer$TableInfo
 978:            10            400  com.fasterxml.jackson.databind.cfg.ConfigOverrides
 979:            25            400  io.netty.channel.nio.AbstractNioByteChannel$1
 980:            10            400  java.lang.classfile.TypeKind (java.base@25)
 981:            25            400  org.redisson.client.handler.ErrorsLoggingHandler
 982:            25            400  org.springframework.core.SerializableTypeWrapper$TypeProxyInvocationHandler
 983:             7            392  com.fasterxml.jackson.core.util.DefaultPrettyPrinter
 984:             7            392  org.springframework.context.event.ApplicationListenerMethodAdapter
 985:            16            384  com.alibaba.fastjson2.JSONFactory$CacheItem
 986:             6            384  com.esotericsoftware.kryo.serializers.UnsafeField
 987:             8            384  com.fasterxml.jackson.databind.deser.impl.BeanPropertyMap
 988:            16            384  com.fasterxml.jackson.databind.jsontype.impl.ClassNameIdResolver
 989:             6            384  com.mysql.cj.conf.EnumPropertyDefinition
 990:             8            384  io.netty.handler.codec.DefaultHeadersImpl
 991:            24            384  io.netty.resolver.dns.NameServerComparator
 992:            12            384  java.util.Collections$UnmodifiableSortedMap (java.base@25)
 993:            12            384  java.util.concurrent.atomic.AtomicLongFieldUpdater$CASUpdater (java.base@25)
 994:            12            384  jdk.internal.constant.DirectMethodHandleDescImpl (java.base@25)
 995:             8            384  jdk.xml.internal.JdkProperty$ImplPropMap (java.xml@25)
 996:            12            384  org.apache.catalina.LifecycleState
 997:             4            384  org.apache.catalina.webresources.CachedResource
 998:            12            384  org.mybatis.spring.mapper.MapperFactoryBean
 999:            16            384  org.springframework.beans.factory.annotation.InitDestroyAnnotationBeanPostProcessor$LifecycleMethod
1000:            12            384  org.springframework.beans.factory.config.RuntimeBeanReference
1001:            16            384  org.springframework.context.support.MessageSourceAccessor
1002:            24            384  org.springframework.core.$Proxy6
1003:            16            384  org.springframework.http.codec.EncoderHttpMessageWriter
1004:             2            368  [Lorg.apache.ibatis.type.JdbcType;
1005:            23            368  io.netty.bootstrap.BootstrapConfig
1006:            23            368  io.netty.buffer.PoolThreadCache$FreeOnFinalize
1007:            23            368  org.springframework.boot.actuate.autoconfigure.endpoint.condition.OnAvailableEndpointCondition
1008:             3            360  com.alibaba.fastjson2.reader.FieldReaderBoolMethod
1009:             9            360  com.flashchat.chatservice.dao.enums.RoomDurationEnum
1010:             9            360  com.mysql.cj.conf.MemorySizeProperty
1011:             3            360  com.sun.org.apache.xalan.internal.xsltc.trax.TransformerFactoryImpl (java.xml@25)
1012:            15            360  io.netty.handler.codec.http.websocketx.WebSocketCloseStatus
1013:             9            360  java.lang.invoke.VarHandleInts$FieldInstanceReadWrite (java.base@25)
1014:             9            360  java.lang.invoke.VarHandleLongs$FieldInstanceReadWrite (java.base@25)
1015:            15            360  java.net.InterfaceAddress (java.base@25)
1016:            15            360  java.util.concurrent.ConcurrentSkipListMap$Node (java.base@25)
1017:             9            360  jdk.internal.classfile.impl.AbstractPoolEntry$ClassEntryImpl (java.base@25)
1018:             9            360  jdk.internal.constant.PrimitiveClassDescImpl (java.base@25)
1019:            15            360  org.redisson.client.protocol.decoder.ListFirstObjectDecoder
1020:            15            360  org.springframework.aop.target.EmptyTargetSource
1021:             9            360  org.springframework.boot.context.properties.bind.Bindable
1022:            15            360  org.springframework.data.util.Lazy
1023:             3            360  org.springframework.web.servlet.resource.ResourceHttpRequestHandler
1024:            15            360  org.yaml.snakeyaml.nodes.Tag
1025:            22            352  com.fasterxml.jackson.databind.introspect.AnnotatedMethodMap
1026:            22            352  com.fasterxml.jackson.databind.ser.std.ToStringSerializer
1027:             4            352  io.netty.buffer.PoolChunk
1028:            11            352  java.lang.constant.DirectMethodHandleDesc$Kind (java.base@25)
1029:            11            352  javax.management.MBeanNotificationInfo (java.management@25)
1030:            22            352  jdk.proxy2.$Proxy68 (jdk.proxy2)
1031:            11            352  org.hibernate.validator.internal.properties.javabean.JavaBeanMethod
1032:            11            352  sun.util.resources.Bundles$CacheKey (java.base@25)
1033:             8            336  [Ljava.time.temporal.ChronoField; (java.base@25)
1034:            14            336  ch.qos.logback.core.pattern.LiteralConverter
1035:             6            336  com.fasterxml.classmate.types.ResolvedObjectType
1036:            14            336  com.fasterxml.jackson.databind.introspect.AnnotationIntrospectorPair
1037:             3            336  com.mysql.cj.NativeSession
1038:            21            336  io.netty.resolver.dns.DnsNameResolver$DnsResolveChannelPerResolverProvider
1039:             3            336  io.netty.resolver.dns.DnsNameResolverBuilder
1040:            21            336  io.netty.resolver.dns.DnsQueryContextManager
1041:             6            336  java.nio.DirectLongBufferU (java.base@25)
1042:            14            336  java.util.regex.Pattern$StartS (java.base@25)
1043:            14            336  jdk.internal.constant.ArrayClassDescImpl (java.base@25)
1044:            21            336  jdk.proxy1.$Proxy20 (jdk.proxy1)
1045:            21            336  jdk.proxy2.$Proxy148 (jdk.proxy2)
1046:            21            336  jdk.proxy2.$Proxy51 (jdk.proxy2)
1047:             7            336  org.apache.ibatis.ognl.ASTAnd
1048:            21            336  org.apache.ibatis.reflection.invoker.SetFieldInvoker
1049:             6            336  org.apache.tomcat.util.descriptor.web.FilterDef
1050:            14            336  org.redisson.client.protocol.decoder.ObjectMapReplayDecoder
1051:            14            336  org.springframework.aop.framework.AdvisedSupport$AdvisorKeyEntry
1052:            14            336  org.springframework.aop.framework.CglibAopProxy$ProxyCallbackFilter
1053:            14            336  org.springframework.beans.factory.config.BeanExpressionContext
1054:            14            336  org.springframework.web.util.pattern.PathPatternParser
1055:             1            328  com.alibaba.fastjson2.reader.ORG_3_9_RoomMemberDO
1056:             4            320  [Lorg.hibernate.validator.internal.util.ConcurrentReferenceHashMap$Segment;
1057:            13            320  [Lorg.springframework.boot.actuate.autoconfigure.endpoint.expose.EndpointExposure;
1058:             8            320  com.alibaba.fastjson2.writer.ObjectWriterCreator$LambdaInfo
1059:            10            320  com.fasterxml.jackson.core.sym.CharsToNameCanonicalizer$TableInfo
1060:            10            320  com.fasterxml.jackson.databind.cfg.CoercionConfigs
1061:            10            320  com.sun.org.apache.xerces.internal.impl.XMLScanner$NameType (java.xml@25)
1062:             8            320  java.lang.reflect.ProxyGenerator$PrimitiveTypeInfo (java.base@25)
1063:             5            320  java.security.SecureRandom (java.base@25)
1064:             5            320  java.text.DateFormatSymbols (java.base@25)
1065:             8            320  java.util.concurrent.CompletableFuture$UniWhenComplete (java.base@25)
1066:             8            320  jdk.internal.loader.NativeLibraries$NativeLibraryImpl (java.base@25)
1067:             8            320  jdk.internal.ref.Cleaner (java.base@25)
1068:            20            320  jdk.proxy2.$Proxy96 (jdk.proxy2)
1069:            10            320  org.hibernate.validator.internal.util.annotation.ConstraintAnnotationDescriptor
1070:             2            320  org.redisson.config.SingleServerConfig
1071:            10            320  org.springframework.boot.actuate.endpoint.jmx.annotation.DiscoveredJmxEndpoint
1072:            10            320  org.springframework.cglib.proxy.MethodProxy$FastClassInfo
1073:             8            320  sun.management.MemoryPoolImpl$CollectionSensor (java.management@25)
1074:             8            320  sun.management.MemoryPoolImpl$PoolSensor (java.management@25)
1075:             5            320  sun.security.provider.SHA2$SHA256 (java.base@25)
1076:            13            312  com.fasterxml.jackson.databind.type.LogicalType
1077:             3            312  java.util.jar.JarFile$JarFileEntry (java.base@25)
1078:            13            312  org.apache.ibatis.ognl.internal.entry.GenericMethodParameterTypeCacheEntry
1079:             3            312  org.springframework.beans.factory.support.GenericBeanDefinition
1080:            13            312  org.springframework.core.NamedThreadLocal
1081:             2            304  [Lcom.fasterxml.jackson.databind.MapperFeature;
1082:            19            304  jdk.proxy2.$Proxy122 (jdk.proxy2)
1083:             6            288  [F (java.base@25)
1084:             4            288  [Lcom.alibaba.fastjson2.reader.FieldReader;
1085:             6            288  [Lcom.fasterxml.classmate.members.RawMethod;
1086:             2            288  [Ljava.lang.invoke.VarHandle$AccessMode; (java.base@25)
1087:             9            288  com.baomidou.mybatisplus.core.conditions.segments.MatchSegment
1088:            12            288  com.baomidou.mybatisplus.core.override.MybatisMapperMethod
1089:            12            288  com.baomidou.mybatisplus.core.override.MybatisMapperProxy
1090:            12            288  com.baomidou.mybatisplus.core.override.MybatisMapperProxyFactory
1091:             9            288  com.fasterxml.classmate.types.ResolvedPrimitiveType
1092:            12            288  com.fasterxml.jackson.core.util.BufferRecycler
1093:             9            288  com.fasterxml.jackson.databind.cfg.DeserializerFactoryConfig
1094:             3            288  com.mysql.cj.NativeCharsetSettings
1095:             6            288  java.lang.ThreadGroup (java.base@25)
1096:            12            288  java.lang.annotation.ElementType (java.base@25)
1097:             9            288  java.lang.reflect.AccessFlag$Location (java.base@25)
1098:            12            288  java.net.StandardSocketOptions$StdSocketOption (java.base@25)
1099:             9            288  java.util.logging.Level (java.logging@25)
1100:             9            288  java.util.logging.Level$KnownLevel (java.logging@25)
1101:             6            288  java.util.stream.StreamOpFlag (java.base@25)
1102:            18            288  jdk.proxy2.$Proxy101 (jdk.proxy2)
1103:            18            288  jdk.proxy2.$Proxy119 (jdk.proxy2)
1104:            18            288  jdk.proxy2.$Proxy74 (jdk.proxy2)
1105:            12            288  org.apache.ibatis.binding.MapperMethod$SqlCommand
1106:            12            288  org.apache.ibatis.reflection.ParamNameResolver
1107:             4            288  org.hibernate.validator.internal.metadata.aggregated.BeanMetaDataImpl
1108:             6            288  org.hibernate.validator.internal.util.ConcurrentReferenceHashMap$SoftValueReference
1109:             6            288  org.redisson.cache.LRUCacheMap
1110:            18            288  org.redisson.client.protocol.convertor.LongReplayConvertor
1111:            12            288  org.redisson.client.protocol.decoder.StreamObjectMapReplayDecoder
1112:            12            288  org.springframework.boot.actuate.autoconfigure.endpoint.expose.IncludeExcludeEndpointFilter$EndpointPatterns
1113:            18            288  org.springframework.boot.actuate.endpoint.invoke.reflect.OperationMethodParameters
1114:            18            288  org.springframework.format.datetime.standard.TemporalAccessorPrinter
1115:             6            288  org.springframework.util.ConcurrentLruCache
1116:            12            288  org.springframework.web.util.UrlPathHelper
1117:            18            288  reactor.util.Loggers$Slf4JLogger
1118:            12            288  sun.reflect.annotation.TypeAnnotation$TypeAnnotationTarget (java.base@25)
1119:             9            288  sun.util.logging.PlatformLogger$Level (java.base@25)
1120:             8            280  [Lcom.fasterxml.jackson.databind.deser.SettableBeanProperty;
1121:             5            280  com.fasterxml.jackson.databind.deser.std.CollectionDeserializer
1122:             5            280  org.redisson.cache.StdCachedValue
1123:             7            280  org.springframework.boot.convert.DurationStyle$Unit
1124:             7            280  org.springframework.scheduling.support.CronField$Type
1125:             2            272  [Lcom.fasterxml.jackson.databind.DeserializationFeature;
1126:             1            272  [Ljava.util.concurrent.locks.ReentrantLock; (java.base@25)
1127:            17            272  jdk.proxy2.$Proxy36 (jdk.proxy2)
1128:            17            272  org.redisson.client.protocol.decoder.CodecDecoder
1129:            17            272  org.redisson.client.protocol.decoder.StreamIdDecoder
1130:             2            264  [Ljava.time.LocalDateTime; (java.base@25)
1131:             1            264  [Lorg.springframework.boot.loader.zip.DataBlock;
1132:            11            264  com.fasterxml.jackson.annotation.JsonFormat$Feature
1133:            11            264  com.fasterxml.jackson.annotation.JsonFormat$Shape
1134:            11            264  com.fasterxml.jackson.databind.ser.impl.PropertySerializerMap$Single
1135:            11            264  io.netty.handler.codec.http.HttpObjectDecoder$State
1136:            11            264  java.beans.PropertyChangeSupport (java.desktop@25)
1137:            11            264  org.springframework.beans.AbstractNestablePropertyAccessor$PropertyTokenHolder
1138:            11            264  org.springframework.boot.autoconfigure.web.embedded.TomcatWebServerFactoryCustomizer$$Lambda/0x00000000313db5a0
1139:            11            264  org.springframework.core.ResolvableType$SyntheticParameterizedType
1140:            11            264  org.springframework.core.ResolvableType$TypeVariablesVariableResolver
1141:            11            264  org.springframework.core.convert.support.GenericConversionService$Converters
1142:            11            264  org.yaml.snakeyaml.events.Event$ID
1143:            11            264  sun.reflect.generics.repository.FieldRepository (java.base@25)
1144:             8            256  com.alibaba.fastjson2.reader.ObjectReaderCreator$LambdaSetterInfo
1145:             8            256  com.fasterxml.jackson.databind.type.TypeFactory
1146:             8            256  com.mysql.cj.protocol.a.NativePacketPayload
1147:             8            256  io.micrometer.core.instrument.Statistic
1148:             8            256  java.math.RoundingMode (java.base@25)
1149:             8            256  java.nio.DirectByteBuffer$Deallocator (java.base@25)
1150:             4            256  java.text.SimpleDateFormat (java.base@25)
1151:             8            256  java.time.format.DateTimeFormatterBuilder$TextPrinterParser (java.base@25)
1152:             8            256  java.util.concurrent.ScheduledThreadPoolExecutor$DelayedWorkQueue (java.base@25)
1153:            16            256  jdk.proxy2.$Proxy146 (jdk.proxy2)
1154:            16            256  org.apache.ibatis.reflection.invoker.GetFieldInvoker
1155:             8            256  org.hibernate.validator.internal.engine.constraintvalidation.ConstraintValidatorManagerImpl$CacheKey
1156:             2            256  org.redisson.config.Config
1157:             8            256  org.springframework.beans.propertyeditors.CustomCollectionEditor
1158:            16            256  org.springframework.boot.actuate.endpoint.web.servlet.AbstractWebMvcEndpointHandlerMapping$OperationHandler
1159:            16            256  org.springframework.boot.actuate.endpoint.web.servlet.AbstractWebMvcEndpointHandlerMapping$ServletWebOperationAdapter
1160:             8            256  org.springframework.util.function.SingletonSupplier
1161:             5            248  [Lio.netty.util.concurrent.EventExecutor;
1162:             1            248  com.alibaba.fastjson2.reader.ORG_6_17_RoomDO
1163:             2            240  [Lcom.fasterxml.jackson.databind.SerializationFeature;
1164:             3            240  [Ljava.sql.Statement; (java.sql@25)
1165:             9            240  [Lorg.springframework.web.bind.annotation.RequestMethod;
1166:            10            240  com.fasterxml.classmate.util.ClassKey
1167:             6            240  com.fasterxml.jackson.core.json.JsonWriteFeature
1168:            10            240  com.fasterxml.jackson.databind.cfg.CoercionInputShape
1169:            10            240  com.fasterxml.jackson.databind.cfg.MutableCoercionConfig
1170:            10            240  com.fasterxml.jackson.databind.deser.DeserializerCache
1171:             5            240  com.fasterxml.jackson.databind.introspect.BasicBeanDescription
1172:            10            240  com.fasterxml.jackson.databind.introspect.SimpleMixInResolver
1173:            10            240  com.fasterxml.jackson.databind.ser.SerializerCache
1174:             6            240  io.micrometer.core.instrument.internal.DefaultLongTaskTimer
1175:             6            240  java.io.BufferedOutputStream (java.base@25)
1176:            10            240  java.lang.String$$StringConcat/0x00000000312cc000 (java.base@25)
1177:             6            240  java.lang.invoke.LambdaForm$BasicType (java.base@25)
1178:            10            240  java.lang.invoke.MethodHandleImpl$Intrinsic (java.base@25)
1179:             5            240  java.lang.invoke.MethodHandleImpl$IntrinsicMethodHandle (java.base@25)
1180:            10            240  java.lang.module.ModuleDescriptor$Opens (java.base@25)
1181:            10            240  java.nio.charset.CoderResult (java.base@25)
1182:            10            240  java.nio.file.StandardOpenOption (java.base@25)
1183:             6            240  java.text.DigitList (java.base@25)
1184:            15            240  java.util.concurrent.ConcurrentHashMap$EntrySetView (java.base@25)
1185:            15            240  jdk.proxy2.$Proxy26 (jdk.proxy2)
1186:             6            240  jdk.xml.internal.XMLSecurityManager (java.xml@25)
1187:             6            240  org.apache.tomcat.util.descriptor.web.FilterMap
1188:             5            240  org.hibernate.validator.internal.metadata.raw.ConstrainedParameter
1189:             6            240  org.hibernate.validator.internal.util.ConcurrentReferenceHashMap$SoftKeyReference
1190:             3            240  org.springframework.beans.PropertyDescriptorUtils$BasicPropertyDescriptor
1191:            10            240  org.springframework.boot.autoconfigure.cache.CacheType
1192:            15            240  org.springframework.context.annotation.ConfigurationClassEnhancer$BeanFactoryAwareGeneratorStrategy
1193:            10            240  org.springframework.core.ReactiveAdapterRegistry$ReactorAdapter
1194:            10            240  org.springframework.core.ReactiveTypeDescriptor
1195:             6            240  org.springframework.core.codec.StringDecoder
1196:             2            240  org.springframework.http.codec.support.ClientDefaultCodecsImpl
1197:            10            240  reactor.core.publisher.SignalType
1198:            15            240  sun.invoke.util.ValueConversions$WrapperCache (java.base@25)
1199:             3            240  sun.nio.ch.NioSocketImpl (java.base@25)
1200:             5            240  sun.security.provider.MoreDrbgParameters (java.base@25)
1201:             5            232  [Ljava.time.ZoneOffset; (java.base@25)
1202:             7            232  [Ljdk.xml.internal.FeaturePropertyBase$State; (java.xml@25)
1203:             1            232  com.alibaba.fastjson2.reader.ORG_2_14_ChatBroadcastMsgRespDTO
1204:             1            232  org.apache.catalina.core.StandardWrapper
1205:             1            224  [Lcom.baomidou.mybatisplus.annotation.DbType;
1206:            10            224  [Lcom.fasterxml.jackson.databind.deser.Deserializers;
1207:             7            224  [Ljava.lang.Boolean; (java.base@25)
1208:             1            224  [Ljava.lang.invoke.LambdaForm$Kind; (java.base@25)
1209:             1            224  com.alibaba.fastjson2.reader.ORG_1_14_MessageDO
1210:             1            224  com.baomidou.mybatisplus.core.MybatisConfiguration
1211:             7            224  com.fasterxml.jackson.annotation.JsonTypeInfo$Id
1212:             7            224  com.flashchat.chatservice.dao.enums.MessageTypeEnum
1213:             2            224  io.netty.util.concurrent.DefaultEventExecutor
1214:             7            224  java.lang.System$Logger$Level (java.base@25)
1215:             7            224  java.lang.classfile.attribute.StackMapFrameInfo$SimpleVerificationTypeInfo (java.base@25)
1216:             7            224  java.lang.invoke.MethodHandles$Lookup (java.base@25)
1217:             7            224  java.security.MessageDigest$Delegate$CloneableDelegate (java.base@25)
1218:             7            224  jdk.internal.loader.NativeLibraries (java.base@25)
1219:            14            224  jdk.proxy2.$Proxy54 (jdk.proxy2)
1220:            14            224  jdk.proxy2.$Proxy55 (jdk.proxy2)
1221:             7            224  jdk.xml.internal.JdkProperty$State (java.xml@25)
1222:             4            224  jdk.xml.internal.JdkXmlFeatures$XmlFeature (java.xml@25)
1223:             7            224  org.apache.tomcat.util.http.parser.HttpParser$DomainParseState
1224:            14            224  org.apache.tomcat.util.threads.TaskThread$WrappingRunnable
1225:             7            224  org.hibernate.validator.internal.metadata.core.MetaConstraint
1226:             7            224  org.hibernate.validator.internal.metadata.location.ConstraintLocation$ConstraintLocationKind
1227:             7            224  org.redisson.api.RScript$ReturnType
1228:             7            224  org.redisson.api.StreamMessageId
1229:            14            224  org.springframework.aop.framework.CglibAopProxy$AdvisedDispatcher
1230:            14            224  org.springframework.aop.framework.CglibAopProxy$DynamicAdvisedInterceptor
1231:            14            224  org.springframework.aop.framework.CglibAopProxy$EqualsInterceptor
1232:            14            224  org.springframework.aop.framework.CglibAopProxy$HashCodeInterceptor
1233:            14            224  org.springframework.aop.framework.CglibAopProxy$SerializableNoOp
1234:            14            224  org.springframework.aop.framework.CglibAopProxy$StaticDispatcher
1235:            14            224  org.springframework.aop.framework.CglibAopProxy$StaticUnadvisedInterceptor
1236:            14            224  org.springframework.aop.target.SingletonTargetSource
1237:             7            224  org.springframework.boot.logging.LogLevel
1238:            14            224  org.springframework.cglib.core.ClassLoaderAwareGeneratorStrategy
1239:            14            224  org.springframework.core.convert.support.CollectionToArrayConverter
1240:            14            224  org.springframework.core.convert.support.CollectionToStringConverter
1241:             7            224  org.springframework.transaction.annotation.Propagation
1242:             9            216  [Lcom.fasterxml.jackson.databind.deser.KeyDeserializers;
1243:             9            216  [Ljava.util.concurrent.atomic.Striped64$Cell; (java.base@25)
1244:             1            216  [Lorg.apache.coyote.ActionCode;
1245:             1            216  [Lorg.redisson.misc.AsyncSemaphore;
1246:             9            216  ch.qos.logback.core.rolling.helper.PeriodicityType
1247:             9            216  com.fasterxml.jackson.databind.cfg.SerializerFactoryConfig
1248:             3            216  com.fasterxml.jackson.databind.deser.std.MapDeserializer
1249:             9            216  com.fasterxml.jackson.databind.jsontype.impl.AsPropertyTypeSerializer
1250:             9            216  com.fasterxml.jackson.databind.module.SimpleDeserializers
1251:             9            216  com.github.benmanes.caffeine.cache.AccessOrderDeque
1252:             9            216  io.netty.handler.codec.http.HttpMethod$EnumNameMap$Node
1253:             9            216  java.lang.String$$StringConcat/0x00000000310b9000 (java.base@25)
1254:             3            216  java.lang.invoke.BoundMethodHandle$Species_LLLLLLLLL (java.base@25)
1255:             9            216  java.nio.file.attribute.PosixFilePermission (java.base@25)
1256:             9            216  java.time.format.DateTimeFormatterBuilder$LocalizedPrinterParser (java.base@25)
1257:             9            216  java.time.format.DateTimeFormatterBuilder$OffsetIdPrinterParser (java.base@25)
1258:             9            216  org.apache.tomcat.util.net.AbstractEndpoint$Handler$SocketState
1259:             1            216  org.apache.tomcat.util.net.NioEndpoint
1260:             1            216  org.springframework.beans.factory.support.DefaultListableBeanFactory
1261:             9            216  org.springframework.context.event.AbstractApplicationEventMulticaster$CachedListenerRetriever
1262:             9            216  org.springframework.context.event.AbstractApplicationEventMulticaster$ListenerCacheKey
1263:             9            216  org.springframework.data.redis.serializer.DefaultSerializationPair
1264:             1            216  reactor.netty.http.client.HttpClientConfig
1265:             2            208  [Lcom.alibaba.fastjson2.JSONWriter$Feature;
1266:             9            208  [Lcom.fasterxml.jackson.databind.deser.BeanDeserializerModifier;
1267:             9            208  [Lcom.fasterxml.jackson.databind.deser.ValueInstantiators;
1268:             9            208  [Lcom.fasterxml.jackson.databind.ser.BeanSerializerModifier;
1269:            13            208  java.util.Optional (java.base@25)
1270:            13            208  jdk.proxy2.$Proxy100 (jdk.proxy2)
1271:            13            208  jdk.proxy2.$Proxy28 (jdk.proxy2)
1272:            13            208  jdk.proxy2.$Proxy40 (jdk.proxy2)
1273:            13            208  org.redisson.client.protocol.decoder.StringMapDataDecoder
1274:            13            208  org.redisson.client.protocol.decoder.StringMapDataDecoder$1
1275:            13            208  org.springframework.util.LinkedMultiValueMap
1276:             4            200  [Ljava.lang.invoke.LambdaForm$NamedFunction; (java.base@25)
1277:             2            200  [Ljava.text.DateFormat$Field; (java.base@25)
1278:             5            200  com.fasterxml.jackson.core.JsonEncoding
1279:             5            200  com.fasterxml.jackson.core.Version
1280:             5            200  io.netty.handler.codec.http.HttpStatusClass
1281:             5            200  java.util.Collections$SingletonMap (java.base@25)
1282:             5            200  org.hibernate.validator.internal.properties.javabean.JavaBeanParameter
1283:             1            200  org.redisson.config.MasterSlaveServersConfig
1284:             5            200  org.springframework.boot.logging.logback.RollingPolicySystemProperty
1285:             5            200  sun.util.locale.provider.LocaleProviderAdapter$Type (java.base@25)
1286:             2            192  [Lcom.fasterxml.jackson.core.JsonParser$Feature;
1287:             4            192  [Lio.micrometer.core.instrument.Statistic;
1288:             8            192  [Lorg.springframework.beans.factory.config.DependencyDescriptor;
1289:             3            192  [Lsun.invoke.util.Wrapper; (java.base@25)
1290:            12            192  com.baomidou.mybatisplus.core.override.MybatisMapperProxy$PlainMethodInvoker
1291:             2            192  com.esotericsoftware.kryo.Kryo
1292:            12            192  com.fasterxml.jackson.core.util.JacksonFeatureSet
1293:            12            192  com.fasterxml.jackson.databind.node.IntNode
1294:             2            192  com.fasterxml.jackson.databind.ser.impl.UnwrappingBeanPropertyWriter
1295:             3            192  com.mysql.cj.conf.MemorySizePropertyDefinition
1296:             3            192  com.mysql.cj.jdbc.DatabaseMetaData
1297:             3            192  com.mysql.cj.protocol.a.NativeAuthenticationProvider
1298:             3            192  com.mysql.cj.protocol.a.NativeServerSession
1299:             8            192  com.mysql.cj.util.SearchMode
1300:             8            192  com.sun.beans.introspect.PropertyInfo$Name (java.desktop@25)
1301:             6            192  com.sun.jmx.mbeanserver.DefaultMXBeanMappingFactory$CollectionMapping (java.management@25)
1302:             6            192  com.sun.org.apache.xerces.internal.util.Status (java.xml@25)
1303:             6            192  io.netty.util.concurrent.DefaultThreadFactory
1304:             8            192  jakarta.validation.ElementKind
1305:             3            192  java.lang.invoke.BoundMethodHandle$Species_LLLLLLLL (java.base@25)
1306:             3            192  java.net.SocksSocketImpl (java.base@25)
1307:             3            192  java.nio.DirectByteBufferR (java.base@25)
1308:             8            192  java.time.Instant (java.base@25)
1309:             6            192  java.time.format.TextStyle (java.base@25)
1310:             8            192  java.util.BitSet (java.base@25)
1311:             4            192  java.util.concurrent.ArrayBlockingQueue (java.base@25)
1312:             4            192  java.util.regex.Pattern$GroupCurly (java.base@25)
1313:             6            192  javax.management.MBeanConstructorInfo (java.management@25)
1314:             6            192  javax.management.StandardEmitterMBean (java.management@25)
1315:            12            192  jdk.proxy2.$Proxy106 (jdk.proxy2)
1316:            12            192  jdk.proxy2.$Proxy107 (jdk.proxy2)
1317:            12            192  jdk.proxy2.$Proxy89 (jdk.proxy2)
1318:             6            192  org.apache.catalina.core.ApplicationFilterConfig
1319:             6            192  org.hibernate.validator.internal.properties.javabean.JavaBeanField
1320:             4            192  org.hibernate.validator.internal.util.ConcurrentReferenceHashMap
1321:             6            192  org.hibernate.validator.internal.util.ConcurrentReferenceHashMap$HashEntry
1322:             2            192  org.redisson.command.RedisExecutor
1323:             6            192  org.springframework.boot.context.properties.source.ConfigurationPropertyName$ElementType
1324:             8            192  org.springframework.boot.logging.DeferredLog
1325:             3            192  org.springframework.core.task.SimpleAsyncTaskExecutor
1326:             2            192  org.springframework.data.redis.core.RedisTemplate
1327:             2            192  org.springframework.data.redis.core.StringRedisTemplate
1328:             3            192  org.springframework.data.redis.core.convert.RedisCustomConversions
1329:             6            192  org.springframework.http.converter.ResourceHttpMessageConverter
1330:             4            192  org.springframework.http.converter.json.MappingJackson2HttpMessageConverter
1331:             6            192  org.springframework.util.ConcurrentLruCache$ReadOperations
1332:             8            192  org.springframework.web.bind.annotation.RequestMethod
1333:             6            192  org.springframework.web.util.pattern.WildcardTheRestPathElement
1334:             6            192  sun.reflect.annotation.AnnotatedTypeFactory$AnnotatedTypeBaseImpl (java.base@25)
1335:             1            184  [Lcom.mysql.cj.MysqlType;
1336:             1            184  com.zaxxer.hikari.HikariDataSource
1337:             1            176  [Ljava.beans.MethodDescriptor; (java.desktop@25)
1338:             1            176  com.alibaba.fastjson2.writer.OWG_1_17_AccountDO
1339:             1            176  com.alibaba.fastjson2.writer.OWG_2_17_RoomDO
1340:            11            176  java.beans.PropertyChangeSupport$PropertyChangeListenerMap (java.desktop@25)
1341:            11            176  java.util.TreeMap$EntrySet (java.base@25)
1342:            11            176  jdk.proxy2.$Proxy42 (jdk.proxy2)
1343:            11            176  jdk.proxy2.$Proxy49 (jdk.proxy2)
1344:             1            176  org.apache.catalina.core.StandardHost
1345:             2            176  sun.nio.ch.ServerSocketChannelImpl (java.base@25)
1346:            11            176  sun.util.logging.internal.LoggingProviderImpl$JULWrapper (java.logging@25)
1347:             5            168  [Lcom.alibaba.fastjson2.internal.asm.Type;
1348:             7            168  [Lcom.fasterxml.jackson.databind.type.TypeModifier;
1349:             2            168  [Ljava.lang.ClassValue$Entry; (java.base@25)
1350:             7            168  [Lorg.springframework.http.MediaType;
1351:             1            168  [[Ljava.math.BigInteger; (java.base@25)
1352:             7            168  ch.qos.logback.classic.Level
1353:             1            168  com.alibaba.fastjson2.writer.OWG_4_14_MessageDO
1354:             1            168  com.alibaba.fastjson2.writer.OWG_5_14_ChatBroadcastMsgRespDTO
1355:             7            168  com.fasterxml.jackson.annotation.JsonInclude$Include
1356:             7            168  com.fasterxml.jackson.annotation.PropertyAccessor
1357:             7            168  com.fasterxml.jackson.core.util.DefaultIndenter
1358:             7            168  com.fasterxml.jackson.databind.introspect.TypeResolutionContext$Basic
1359:             7            168  com.fasterxml.jackson.databind.ser.impl.PropertySerializerMap$TypeAndSerializer
1360:             3            168  com.fasterxml.jackson.datatype.jsr310.deser.InstantDeserializer
1361:             7            168  com.fasterxml.jackson.module.paramnames.ParameterNamesAnnotationIntrospector
1362:             3            168  com.mysql.cj.protocol.a.NativeCapabilities
1363:             7            168  com.mysql.cj.protocol.a.NativeConstants$IntegerDataType
1364:             7            168  com.sun.org.apache.xerces.internal.util.FeatureState (java.xml@25)
1365:             3            168  com.zaxxer.hikari.pool.PoolEntry
1366:             3            168  java.io.FileCleanable (java.base@25)
1367:             1            168  java.lang.VirtualThread (java.base@25)
1368:             7            168  java.time.DayOfWeek (java.base@25)
1369:             7            168  java.time.ZoneOffset (java.base@25)
1370:             3            168  javax.management.openmbean.OpenMBeanOperationInfoSupport (java.management@25)
1371:             7            168  jdk.internal.classfile.impl.AnnotationImpl (java.base@25)
1372:             7            168  jdk.net.ExtendedSocketOptions$ExtSocketOption (jdk.net@25)
1373:             7            168  org.apache.ibatis.ognl.internal.HashMapCache
1374:             7            168  org.apache.ibatis.ognl.internal.HashMapClassCache
1375:             7            168  org.apache.ibatis.type.StringTypeHandler
1376:             1            168  org.apache.tomcat.util.net.NioEndpoint$NioSocketWrapper
1377:             7            168  org.apache.tomcat.util.net.SocketEvent
1378:             7            168  org.hibernate.validator.internal.engine.constraintvalidation.SimpleConstraintTree
1379:             1            168  org.redisson.client.RedisClientConfig
1380:             1            168  org.springframework.boot.web.embedded.tomcat.TomcatServletWebServerFactory
1381:             7            168  org.springframework.cglib.proxy.CallbackInfo
1382:             7            168  org.springframework.context.expression.AnnotatedElementKey
1383:             7            168  org.springframework.core.convert.support.ArrayToArrayConverter
1384:             3            168  org.springframework.expression.spel.support.StandardEvaluationContext
1385:             7            168  org.springframework.scheduling.support.BitsCronField
1386:             7            168  org.springframework.web.servlet.mvc.method.annotation.RequestResponseBodyAdviceChain
1387:             7            168  org.yaml.snakeyaml.scanner.Constant
1388:             2            160  [Lcom.esotericsoftware.kryo.util.Generics$GenericType;
1389:             2            160  [Ljava.lang.constant.DirectMethodHandleDesc$Kind; (java.base@25)
1390:             2            160  [Ljava.time.temporal.ChronoUnit; (java.base@25)
1391:             2            160  [Ljava.util.concurrent.ForkJoinPool$WorkQueue; (java.base@25)
1392:             3            160  [Ljava.util.logging.Level; (java.logging@25)
1393:             5            160  com.alibaba.fastjson2.internal.asm.ASMUtils$MethodInfo
1394:             2            160  com.alibaba.fastjson2.writer.ObjectWriterImplMap
1395:             5            160  com.baomidou.mybatisplus.annotation.IdType
1396:             4            160  com.fasterxml.jackson.core.Base64Variant
1397:             5            160  com.fasterxml.jackson.core.JsonFactory$Feature
1398:             5            160  com.fasterxml.jackson.databind.cfg.JsonNodeFeature
1399:            10            160  com.fasterxml.jackson.databind.introspect.BasicClassIntrospector
1400:            10            160  com.fasterxml.jackson.databind.jsontype.impl.StdSubtypeResolver
1401:            10            160  com.fasterxml.jackson.databind.util.RootNameLookup
1402:             4            160  com.fasterxml.jackson.datatype.jsr310.ser.LocalDateTimeSerializer
1403:             5            160  com.flashchat.chatservice.dao.enums.RoomStatusEnum
1404:             5            160  com.sun.org.apache.xpath.internal.objects.XNumber (java.xml@25)
1405:             1            160  com.zaxxer.hikari.pool.HikariPool
1406:             4            160  io.netty.buffer.LongLongHashMap
1407:             4            160  io.netty.handler.codec.http.DefaultFullHttpResponse
1408:             5            160  io.netty.handler.codec.http.websocketx.WebSocketVersion
1409:             5            160  io.netty.handler.logging.LogLevel
1410:             2            160  io.netty.util.HashedWheelTimer
1411:             4            160  io.netty.util.internal.ObjectPool$RecyclerObjectPool$1
1412:             4            160  java.lang.ExceptionInInitializerError (java.base@25)
1413:             5            160  java.lang.invoke.VarHandle$AccessType (java.base@25)
1414:            10            160  java.util.regex.CharPredicates$$Lambda/0x00000000315eba48 (java.base@25)
1415:             4            160  java.util.regex.Pattern$Loop (java.base@25)
1416:             4            160  javax.xml.catalog.CatalogFeatures$Feature (java.xml@25)
1417:             5            160  javax.xml.catalog.CatalogFeatures$State (java.xml@25)
1418:            10            160  jdk.proxy1.$Proxy9 (jdk.proxy1)
1419:            10            160  jdk.proxy2.$Proxy145 (jdk.proxy2)
1420:             4            160  org.apache.catalina.core.StandardPipeline
1421:             2            160  org.apache.catalina.deploy.NamingResourcesImpl
1422:             1            160  org.apache.coyote.http11.Http11NioProtocol
1423:             5            160  org.hibernate.validator.messageinterpolation.ExpressionLanguageFeatureLevel
1424:            10            160  org.redisson.client.protocol.convertor.BooleanAmountReplayConvertor
1425:             4            160  org.springframework.beans.propertyeditors.CustomBooleanEditor
1426:             5            160  org.springframework.boot.ansi.AnsiStyle
1427:             5            160  org.springframework.boot.loader.net.protocol.nested.NestedUrlConnectionResources
1428:             1            160  org.springframework.boot.web.servlet.context.AnnotationConfigServletWebServerApplicationContext
1429:             2            160  org.springframework.data.redis.core.mapping.RedisMappingContext
1430:             5            160  org.springframework.expression.spel.SpelParserConfiguration
1431:             5            160  org.springframework.http.HttpStatus$Series
1432:             5            160  org.springframework.scheduling.support.ScheduledMethodRunnable
1433:             5            160  org.springframework.transaction.annotation.Isolation
1434:             5            160  org.springframework.util.unit.DataUnit
1435:             4            160  org.springframework.web.servlet.handler.AbstractHandlerMethodMapping$MappingRegistry
1436:             1            160  org.springframework.web.servlet.mvc.method.annotation.RequestMappingHandlerAdapter
1437:             5            160  org.yaml.snakeyaml.DumperOptions$ScalarStyle
1438:             2            160  reactor.netty.transport.NameResolverProvider
1439:             4            160  sun.util.locale.provider.LocaleResources (java.base@25)
1440:             1            152  [Ljava.util.Set; (java.base@25)
1441:             1            152  com.baomidou.mybatisplus.autoconfigure.MybatisPlusProperties$CoreConfiguration
1442:             1            152  org.apache.catalina.core.StandardServer
1443:             1            152  org.apache.catalina.session.StandardManager
1444:             1            152  org.springframework.boot.web.embedded.tomcat.TomcatEmbeddedWebappClassLoader
1445:             5            144  [Lcom.esotericsoftware.kryo.serializers.FieldSerializer$CachedField;
1446:             2            144  [Lcom.fasterxml.jackson.core.JsonGenerator$Feature;
1447:             4            144  [Ljava.lang.invoke.LambdaFormEditor$Transform; (java.base@25)
1448:             2            144  [Ljava.math.BigDecimal; (java.base@25)
1449:             3            144  [Ljava.util.concurrent.TimeUnit; (java.base@25)
1450:             6            144  [Ljava.util.concurrent.atomic.AtomicReferenceArray; (java.base@25)
1451:             2            144  ch.qos.logback.classic.pattern.NamedConverter$NameCache
1452:             1            144  cn.dev33.satoken.config.SaTokenConfig
1453:             2            144  com.alibaba.fastjson2.reader.ObjectReaderImplList
1454:             1            144  com.alibaba.fastjson2.writer.OWG_3_9_RoomMemberDO
1455:             3            144  com.alibaba.fastjson2.writer.ObjectWriterImplList
1456:             6            144  com.esotericsoftware.kryo.util.Generics$GenericType
1457:             3            144  com.esotericsoftware.kryo.util.IntMap
1458:             6            144  com.fasterxml.jackson.annotation.JsonAutoDetect$Visibility
1459:             6            144  com.fasterxml.jackson.core.JsonParser$NumberType
1460:             6            144  com.fasterxml.jackson.databind.ObjectMapper$DefaultTyping
1461:             9            144  com.fasterxml.jackson.databind.deser.BeanDeserializerFactory
1462:             9            144  com.fasterxml.jackson.databind.ser.BeanSerializerFactory
1463:             3            144  com.mysql.cj.protocol.StandardSocketFactory
1464:             3            144  com.mysql.cj.protocol.a.NativeSocketConnection
1465:             3            144  com.mysql.cj.protocol.a.authentication.AuthenticationKerberosClient
1466:             3            144  com.mysql.cj.protocol.a.authentication.AuthenticationLdapSaslClientPlugin
1467:             3            144  com.mysql.cj.protocol.a.authentication.AuthenticationOciClient
1468:             3            144  com.mysql.cj.protocol.a.authentication.CachingSha2PasswordPlugin
1469:             3            144  com.sun.management.internal.GarbageCollectorExtImpl (jdk.management@25)
1470:             6            144  io.micrometer.core.instrument.Meter$Type
1471:             9            144  io.netty.handler.codec.http.DefaultHttpHeaders
1472:             9            144  io.netty.handler.codec.http.HttpMethod
1473:             6            144  io.netty.handler.codec.http.websocketx.WebSocket08FrameDecoder$State
1474:             6            144  jakarta.validation.executable.ExecutableType
1475:             6            144  java.lang.Thread$State (java.base@25)
1476:             6            144  java.lang.ThreadLocal$SuppliedThreadLocal (java.base@25)
1477:             2            144  java.lang.invoke.BoundMethodHandle$Species_LLLLLLLLLL (java.base@25)
1478:             3            144  java.lang.invoke.VarHandleReferences$Array (java.base@25)
1479:             3            144  java.time.temporal.JulianFields$Field (java.base@25)
1480:             6            144  java.util.Date (java.base@25)
1481:             9            144  java.util.EnumMap$EntrySet (java.base@25)
1482:             3            144  java.util.concurrent.ConcurrentSkipListMap (java.base@25)
1483:             6            144  java.util.regex.Pattern$$Lambda/0x000000003103b448 (java.base@25)
1484:             3            144  javax.management.openmbean.TabularType (java.management@25)
1485:             6            144  jdk.internal.classfile.impl.UnboundAttribute$UnboundRuntimeVisibleAnnotationsAttribute (java.base@25)
1486:             6            144  jdk.internal.perf.PerfCounter (java.base@25)
1487:             9            144  jdk.proxy2.$Proxy150 (jdk.proxy2)
1488:             9            144  jdk.proxy2.$Proxy60 (jdk.proxy2)
1489:             9            144  jdk.proxy2.$Proxy78 (jdk.proxy2)
1490:             9            144  jdk.proxy2.$Proxy79 (jdk.proxy2)
1491:             9            144  jdk.proxy2.$Proxy98 (jdk.proxy2)
1492:             6            144  jdk.xml.internal.XMLSecurityPropertyManager (java.xml@25)
1493:             6            144  org.apache.coyote.http11.Http11InputBuffer$HeaderParsePosition
1494:             6            144  org.apache.coyote.http11.filters.ChunkedInputFilter$ParseState
1495:             6            144  org.apache.ibatis.mapping.SqlCommandType
1496:             6            144  org.apache.tomcat.util.http.parser.HttpHeaderParser$HeaderParsePosition
1497:             9            144  org.hibernate.validator.internal.engine.valueextraction.ArrayElement
1498:             6            144  org.hibernate.validator.internal.metadata.location.FieldConstraintLocation
1499:             6            144  org.hibernate.validator.internal.metadata.raw.ConstrainedElement$ConstrainedElementKind
1500:             6            144  org.jboss.logging.Logger$Level
1501:             6            144  org.redisson.client.protocol.pubsub.PubSubType
1502:             9            144  org.redisson.spring.data.connection.ScoredSortedSetReplayDecoder
1503:             6            144  org.springframework.boot.actuate.autoconfigure.health.OnEnabledHealthIndicatorCondition
1504:             6            144  org.springframework.boot.actuate.autoconfigure.info.OnEnabledInfoContributorCondition
1505:             6            144  org.springframework.boot.context.config.ConfigDataEnvironmentContributor$Kind
1506:             3            144  org.springframework.context.annotation.CommonAnnotationBeanPostProcessor$ResourceElement
1507:             6            144  org.springframework.core.SerializableTypeWrapper$FieldTypeProvider
1508:             2            144  org.springframework.core.annotation.AnnotationAttributes
1509:             3            144  org.springframework.core.annotation.TypeMappedAnnotations
1510:             9            144  org.springframework.core.convert.TypeDescriptor$AnnotatedElementAdapter
1511:             6            144  org.springframework.data.redis.core.StreamObjectMapper$1
1512:             9            144  org.springframework.data.redis.serializer.DefaultRedisElementReader
1513:             9            144  org.springframework.data.redis.serializer.DefaultRedisElementWriter
1514:             9            144  org.springframework.data.redis.serializer.RedisSerializerToSerializationPairAdapter
1515:             6            144  org.springframework.util.ConcurrentLruCache$EvictionQueue
1516:             9            144  org.springframework.web.context.request.RequestScope
1517:             9            144  org.springframework.web.cors.DefaultCorsProcessor
1518:             2            144  org.springframework.web.reactive.function.client.DefaultWebClientBuilder
1519:             6            144  org.springframework.web.servlet.mvc.method.annotation.ServletModelAttributeMethodProcessor
1520:             6            144  org.springframework.web.servlet.resource.DefaultResourceResolverChain
1521:             6            144  sun.management.NotificationEmitterSupport$ListenerInfo (java.management@25)
1522:             1            144  sun.security.pkcs11.SunPKCS11 (jdk.crypto.cryptoki@25)
1523:             1            136  com.alibaba.fastjson2.reader.FieldReaderList
1524:             1            136  com.alibaba.fastjson2.writer.FieldWriterListMethod
1525:             1            136  com.flashchat.chatservice.service.impl.RoomServiceImpl$$SpringCGLIB$$0
1526:             1            128  [Lcom.alibaba.fastjson2.JSONReader$Feature;
1527:             4            128  [Lcom.flashchat.chatservice.dto.enums.RoomDelayEventTypeEnum;
1528:             2            128  ch.qos.logback.classic.PatternLayout
1529:             4            128  com.fasterxml.jackson.core.StreamReadCapability
1530:             4            128  com.fasterxml.jackson.core.util.Separators$Spacing
1531:             8            128  com.fasterxml.jackson.databind.module.SimpleKeyDeserializers
1532:             8            128  com.fasterxml.jackson.databind.type.TypeParser
1533:             8            128  com.fasterxml.jackson.datatype.jsr310.JavaTimeModule$1
1534:             8            128  com.fasterxml.jackson.datatype.jsr310.deser.JavaTimeDeserializerModifier
1535:             8            128  com.fasterxml.jackson.datatype.jsr310.ser.JavaTimeSerializerModifier
1536:             8            128  com.fasterxml.jackson.datatype.jsr310.ser.ZoneIdSerializer
1537:             4            128  com.flashchat.chatservice.ratelimit.RateLimitResult
1538:             4            128  com.mysql.cj.conf.BooleanPropertyDefinition$AllowableValues
1539:             8            128  com.mysql.cj.protocol.a.NativeMessageBuilder
1540:             2            128  com.mysql.cj.util.LRUCache
1541:             4            128  com.sun.jmx.mbeanserver.DefaultMXBeanMappingFactory$ArrayMapping (java.management@25)
1542:             4            128  com.sun.jmx.mbeanserver.DefaultMXBeanMappingFactory$EnumMapping (java.management@25)
1543:             2            128  com.sun.security.sasl.gsskerb.JdkSASL$ProviderService (jdk.security.jgss@25)
1544:             2            128  io.netty.buffer.SizeClasses
1545:             2            128  io.netty.buffer.UnpooledByteBufAllocator$InstrumentedUnpooledUnsafeDirectByteBuf
1546:             4            128  io.netty.channel.nio.NioEventLoopGroup
1547:             2            128  java.lang.invoke.BoundMethodHandle$Species_LLLLLLL (java.base@25)
1548:             4            128  java.lang.module.ModuleDescriptor$Modifier (java.base@25)
1549:             4            128  java.lang.module.ModuleDescriptor$Requires$Modifier (java.base@25)
1550:             8            128  java.util.Collections$UnmodifiableCollection (java.base@25)
1551:             1            128  java.util.concurrent.ForkJoinWorkerThread$InnocuousForkJoinWorkerThread (java.base@25)
1552:             2            128  java.util.jar.JarFile (java.base@25)
1553:             2            128  javax.naming.NameImpl (java.naming@25)
1554:             4            128  jdk.internal.logger.BootstrapLogger$LoggingBackend (java.base@25)
1555:             4            128  jdk.internal.util.ClassFileDumper (java.base@25)
1556:             8            128  jdk.proxy2.$Proxy104 (jdk.proxy2)
1557:             8            128  jdk.proxy2.$Proxy113 (jdk.proxy2)
1558:             1            128  org.apache.catalina.core.StandardEngine
1559:             4            128  org.apache.coyote.ErrorState
1560:             4            128  org.apache.ibatis.mapping.ResultSetType
1561:             4            128  org.apache.tomcat.util.http.SameSiteCookies
1562:             4            128  org.apache.tomcat.util.net.AbstractEndpoint$BindState
1563:             8            128  org.redisson.client.protocol.decoder.MapValueDecoder
1564:             4            128  org.slf4j.helpers.Reporter$Level
1565:             4            128  org.springframework.beans.propertyeditors.CharacterEditor
1566:             4            128  org.springframework.boot.actuate.autoconfigure.endpoint.expose.IncludeExcludeEndpointFilter
1567:             4            128  org.springframework.boot.context.properties.bind.JavaBeanBinder$BeanProperty
1568:             8            128  org.springframework.boot.convert.CollectionToDelimitedStringConverter
1569:             4            128  org.springframework.boot.jdbc.DataSourceBuilder$DataSourceProperty
1570:             4            128  org.springframework.boot.jdbc.EmbeddedDatabaseConnection
1571:             8            128  org.springframework.boot.logging.DeferredLogs$$Lambda/0x00000000310a2860
1572:             8            128  org.springframework.core.DefaultParameterNameDiscoverer
1573:             8            128  org.springframework.core.StandardReflectionParameterNameDiscoverer
1574:             4            128  org.springframework.core.task.SimpleAsyncTaskExecutor$ConcurrencyThrottleAdapter
1575:             2            128  org.springframework.core.type.classreading.CachingMetadataReaderFactory$LocalResourceCache
1576:             4            128  org.springframework.data.redis.core.DefaultStreamOperations$1
1577:             4            128  org.springframework.data.redis.core.script.DefaultRedisScript
1578:             8            128  org.springframework.http.HttpMethod
1579:             4            128  org.springframework.http.converter.StringHttpMessageConverter
1580:             4            128  org.springframework.util.PropertyPlaceholderHelper
1581:             4            128  org.springframework.web.method.annotation.RequestParamMethodArgumentResolver
1582:             4            128  org.springframework.web.method.annotation.SessionAttributesHandler
1583:             1            128  org.springframework.web.servlet.DispatcherServlet
1584:             4            128  org.springframework.web.servlet.mvc.method.RequestMappingInfo$BuilderConfiguration
1585:             2            128  sun.nio.cs.DoubleByte$Encoder (java.base@25)
1586:             2            128  sun.security.jgss.SunProvider$ProviderService (java.security.jgss@25)
1587:             1            120  [Lcom.baomidou.mybatisplus.core.enums.SqlMethod;
1588:             5            120  [Lio.netty.channel.socket.InternetProtocolFamily;
1589:             1            120  [Ljava.lang.classfile.Opcode$Kind; (java.base@25)
1590:             3            120  [Ljava.lang.invoke.LambdaForm$BasicType; (java.base@25)
1591:             1            120  [Ljava.lang.reflect.ClassFileFormatVersion; (java.base@25)
1592:             3            120  [[Lcom.github.benmanes.caffeine.cache.Node;
1593:             1            120  ch.qos.logback.classic.LoggerContext
1594:             5            120  ch.qos.logback.core.pattern.parser.TokenStream$TokenizerState
1595:             1            120  ch.qos.logback.core.rolling.helper.RollingCalendar
1596:             5            120  ch.qos.logback.core.subst.Token$Type
1597:             5            120  ch.qos.logback.core.util.CachingDateFormatter
1598:             5            120  ch.qos.logback.core.util.CachingDateFormatter$CacheTuple
1599:             1            120  com.alibaba.fastjson2.writer.OWG_7_3_WsRespDTO
1600:             1            120  com.alibaba.fastjson2.writer.OWG_9_3_IdentityInfoRespDTO
1601:             5            120  com.baomidou.mybatisplus.annotation.FieldStrategy
1602:             1            120  com.baomidou.mybatisplus.core.toolkit.Sequence
1603:             5            120  com.fasterxml.classmate.util.ResolvedTypeKey
1604:             5            120  com.fasterxml.jackson.annotation.JsonTypeInfo$As
1605:             5            120  com.fasterxml.jackson.annotation.Nulls
1606:             5            120  com.fasterxml.jackson.core.type.WritableTypeId$Inclusion
1607:             3            120  com.fasterxml.jackson.databind.PropertyMetadata
1608:             1            120  com.flashchat.chatservice.service.impl.ChatServiceImpl$$SpringCGLIB$$0
1609:             3            120  com.github.benmanes.caffeine.cache.stats.ConcurrentStatsCounter
1610:             5            120  com.mysql.cj.conf.PropertyDefinitions$SslMode
1611:             3            120  com.mysql.cj.protocol.ReadAheadInputStream
1612:             3            120  com.mysql.cj.protocol.a.authentication.Sha256PasswordPlugin
1613:             5            120  com.sun.org.apache.xerces.internal.util.PropertyState (java.xml@25)
1614:             5            120  io.micrometer.common.util.internal.logging.LocationAwareSlf4JLogger
1615:             5            120  io.micrometer.core.instrument.MeterRegistry$$Lambda/0x000000003177b4b0
1616:             5            120  io.micrometer.core.instrument.MeterRegistry$1
1617:             5            120  io.micrometer.core.instrument.StrongReferenceGaugeFunction
1618:             3            120  io.netty.util.Signal
1619:             5            120  io.netty.util.concurrent.DefaultEventExecutorChooserFactory$PowerOfTwoEventExecutorChooser
1620:             5            120  io.netty.util.internal.logging.InternalLogLevel
1621:             5            120  jakarta.servlet.DispatcherType
1622:             5            120  jakarta.servlet.http.MappingMatch
1623:             3            120  java.lang.IllegalStateException (java.base@25)
1624:             5            120  java.lang.String$$StringConcat/0x0000000031578000 (java.base@25)
1625:             5            120  java.lang.classfile.AttributeMapper$AttributeStability (java.base@25)
1626:             3            120  java.lang.invoke.BoundMethodHandle$Species_LI (java.base@25)
1627:             3            120  java.lang.invoke.VarHandleBooleans$FieldInstanceReadWrite (java.base@25)
1628:             1            120  java.lang.ref.Finalizer$FinalizerThread (java.base@25)
1629:             3            120  java.net.Socket (java.base@25)
1630:             5            120  java.time.format.SignStyle (java.base@25)
1631:             3            120  java.time.zone.ZoneRules (java.base@25)
1632:             5            120  java.util.concurrent.locks.ReentrantReadWriteLock$Sync$HoldCounter (java.base@25)
1633:             1            120  java.util.logging.LogManager$Cleaner (java.logging@25)
1634:             5            120  java.util.regex.Pattern$$Lambda/0x000000003103afa8 (java.base@25)
1635:             5            120  java.util.regex.Pattern$Prolog (java.base@25)
1636:             5            120  java.util.stream.StreamOpFlag$Type (java.base@25)
1637:             5            120  javax.xml.namespace.QName (java.xml@25)
1638:             3            120  jdk.internal.loader.URLClassPath (java.base@25)
1639:             5            120  jdk.internal.math.FloatingDecimal$PreparedASCIIToBinaryBuffer (java.base@25)
1640:             5            120  jdk.internal.util.ReferencedKeyMap (java.base@25)
1641:             5            120  jdk.xml.internal.FeaturePropertyBase$State (java.xml@25)
1642:             3            120  jdk.xml.internal.XMLSecurityPropertyManager$Property (java.xml@25)
1643:             1            120  org.apache.catalina.connector.Connector
1644:             3            120  org.apache.tomcat.util.buf.UDecoder$DecodeException
1645:             5            120  org.apache.tomcat.util.net.openssl.OpenSSLStatus$Name
1646:             3            120  org.redisson.codec.Kryo5Codec
1647:             5            120  org.springframework.beans.factory.config.EmbeddedValueResolver
1648:             1            120  org.springframework.boot.actuate.endpoint.web.servlet.AdditionalHealthEndpointPathsWebMvcHandlerMapping
1649:             1            120  org.springframework.boot.actuate.endpoint.web.servlet.ControllerEndpointHandlerMapping
1650:             1            120  org.springframework.boot.loader.launch.LaunchedClassLoader
1651:             1            120  org.springframework.boot.web.embedded.tomcat.TomcatWebServer$1
1652:             5            120  org.springframework.context.annotation.FilterType
1653:             3            120  org.springframework.core.SerializableTypeWrapper$MethodInvokeTypeProvider
1654:             3            120  org.springframework.core.io.support.ResourceArrayPropertyEditor
1655:             3            120  org.springframework.data.geo.Metrics
1656:             5            120  org.springframework.data.redis.connection.RedisZSetCommands$ZAddArgs$Flag
1657:             5            120  org.springframework.data.redis.connection.ReturnType
1658:             5            120  org.springframework.data.redis.serializer.JdkSerializationRedisSerializer
1659:             3            120  org.springframework.http.converter.xml.Jaxb2RootElementHttpMessageConverter
1660:             5            120  org.springframework.scheduling.config.ScheduledTask
1661:             5            120  org.springframework.web.accept.ContentNegotiationManager
1662:             3            120  org.springframework.web.servlet.mvc.method.annotation.HttpEntityMethodProcessor
1663:             3            120  org.springframework.web.servlet.mvc.method.annotation.RequestResponseBodyMethodProcessor
1664:             5            120  reactor.core.publisher.FluxSink$OverflowStrategy
1665:             3            120  reactor.core.scheduler.BoundedElasticScheduler$BoundedServices
1666:             5            120  sun.nio.fs.WindowsPathType (java.base@25)
1667:             5            120  sun.security.provider.DRBG (java.base@25)
1668:             1            112  [Lcom.baomidou.mybatisplus.core.enums.SqlKeyword;
1669:             2            112  [Lcom.flashchat.chatservice.dao.enums.RoomDurationEnum;
1670:             1            112  [Ljava.time.LocalTime; (java.base@25)
1671:             2            112  [Ljavax.management.openmbean.OpenType; (java.management@25)
1672:             2            112  [Lorg.springframework.boot.autoconfigure.cache.CacheType;
1673:             1            112  [Lorg.yaml.snakeyaml.tokens.Token$ID;
1674:             3            112  [Lsun.invoke.util.ValueConversions$WrapperCache; (java.base@25)
1675:             2            112  com.alibaba.fastjson2.reader.ObjectReaderImplMap
1676:             2            112  com.esotericsoftware.kryo.serializers.UnsafeField$StringUnsafeField
1677:             2            112  com.esotericsoftware.kryo.util.DefaultClassResolver
1678:             2            112  com.fasterxml.jackson.databind.ser.impl.UnwrappingBeanSerializer
1679:             7            112  com.fasterxml.jackson.datatype.jdk8.Jdk8Deserializers
1680:             7            112  com.fasterxml.jackson.datatype.jdk8.Jdk8Serializers
1681:             7            112  com.fasterxml.jackson.datatype.jdk8.Jdk8TypeModifier
1682:             7            112  com.fasterxml.jackson.module.paramnames.ParameterExtractor
1683:             7            112  com.sun.proxy.jdk.proxy1.$Proxy29 (jdk.proxy1)
1684:             1            112  java.lang.ref.Reference$ReferenceHandler (java.base@25)
1685:             2            112  java.nio.DirectIntBufferRU (java.base@25)
1686:             2            112  java.security.Security$1 (java.base@25)
1687:             2            112  jdk.internal.classfile.impl.ClassFileImpl (java.base@25)
1688:             7            112  jdk.internal.loader.ClassLoaderValue (java.base@25)
1689:             7            112  jdk.proxy2.$Proxy131 (jdk.proxy2)
1690:             7            112  jdk.proxy2.$Proxy154 (jdk.proxy2)
1691:             7            112  jdk.proxy2.$Proxy157 (jdk.proxy2)
1692:             7            112  jdk.proxy2.$Proxy160 (jdk.proxy2)
1693:             7            112  jdk.proxy2.$Proxy47 (jdk.proxy2)
1694:             7            112  org.apache.ibatis.logging.slf4j.Slf4jImpl
1695:             7            112  org.apache.ibatis.logging.slf4j.Slf4jLocationAwareLoggerImpl
1696:             7            112  org.hibernate.validator.internal.properties.javabean.JavaBeanField$FieldAccessor
1697:             7            112  org.redisson.client.protocol.decoder.ScoredSortedSetReplayDecoder
1698:             7            112  org.redisson.client.protocol.decoder.StringListReplayDecoder
1699:             1            112  org.springframework.boot.actuate.endpoint.web.servlet.WebMvcEndpointHandlerMapping
1700:             7            112  org.springframework.core.convert.support.ArrayToCollectionConverter
1701:             7            112  org.springframework.core.convert.support.ArrayToObjectConverter
1702:             7            112  org.springframework.core.convert.support.ArrayToStringConverter
1703:             7            112  org.springframework.core.convert.support.ByteBufferConverter
1704:             7            112  org.springframework.core.convert.support.CharacterToNumberFactory
1705:             7            112  org.springframework.core.convert.support.CollectionToCollectionConverter
1706:             7            112  org.springframework.core.convert.support.CollectionToObjectConverter
1707:             7            112  org.springframework.core.convert.support.EnumToIntegerConverter
1708:             7            112  org.springframework.core.convert.support.EnumToStringConverter
1709:             7            112  org.springframework.core.convert.support.FallbackObjectToStringConverter
1710:             7            112  org.springframework.core.convert.support.IntegerToEnumConverterFactory
1711:             7            112  org.springframework.core.convert.support.MapToMapConverter
1712:             7            112  org.springframework.core.convert.support.NumberToCharacterConverter
1713:             7            112  org.springframework.core.convert.support.NumberToNumberConverterFactory
1714:             7            112  org.springframework.core.convert.support.ObjectToArrayConverter
1715:             7            112  org.springframework.core.convert.support.ObjectToCollectionConverter
1716:             7            112  org.springframework.core.convert.support.ObjectToOptionalConverter
1717:             7            112  org.springframework.core.convert.support.PropertiesToStringConverter
1718:             7            112  org.springframework.core.convert.support.StreamConverter
1719:             7            112  org.springframework.core.convert.support.StringToArrayConverter
1720:             7            112  org.springframework.core.convert.support.StringToBooleanConverter
1721:             7            112  org.springframework.core.convert.support.StringToCharacterConverter
1722:             7            112  org.springframework.core.convert.support.StringToCharsetConverter
1723:             7            112  org.springframework.core.convert.support.StringToCollectionConverter
1724:             7            112  org.springframework.core.convert.support.StringToCurrencyConverter
1725:             7            112  org.springframework.core.convert.support.StringToEnumConverterFactory
1726:             7            112  org.springframework.core.convert.support.StringToLocaleConverter
1727:             7            112  org.springframework.core.convert.support.StringToNumberConverterFactory
1728:             7            112  org.springframework.core.convert.support.StringToPatternConverter
1729:             7            112  org.springframework.core.convert.support.StringToPropertiesConverter
1730:             7            112  org.springframework.core.convert.support.StringToTimeZoneConverter
1731:             7            112  org.springframework.core.convert.support.StringToUUIDConverter
1732:             7            112  org.springframework.core.convert.support.ZoneIdToTimeZoneConverter
1733:             7            112  org.springframework.core.convert.support.ZonedDateTimeToCalendarConverter
1734:             2            112  org.springframework.http.codec.multipart.DefaultPartHttpMessageReader
1735:             1            112  org.springframework.scheduling.concurrent.ThreadPoolTaskExecutor
1736:             7            112  sun.reflect.generics.reflectiveObjects.GenericArrayTypeImpl (java.base@25)
1737:             2            112  sun.security.provider.SHA (java.base@25)
1738:             2            104  [Lch.qos.logback.core.rolling.helper.PeriodicityType;
1739:             4            104  [Ljava.util.stream.Collector$Characteristics; (java.base@25)
1740:             6            104  [Lorg.springframework.context.annotation.ComponentScan$Filter;
1741:             4            104  [Lorg.springframework.core.io.Resource;
1742:             2            104  [Lsun.util.logging.PlatformLogger$Level; (java.base@25)
1743:             1            104  com.flashchat.chatservice.service.impl.RoomServiceImpl
1744:             1            104  com.flashchat.gameservice.service.impl.GamePlayServiceImpl$$SpringCGLIB$$0
1745:             1            104  com.sun.crypto.provider.SunJCE (java.base@25)
1746:             1            104  com.sun.security.sasl.Provider (java.security.sasl@25)
1747:             1            104  com.sun.security.sasl.gsskerb.JdkSASL (jdk.security.jgss@25)
1748:             1            104  io.micrometer.core.instrument.composite.CompositeMeterRegistry
1749:             1            104  io.netty.channel.socket.nio.NioServerSocketChannel
1750:             1            104  java.lang.invoke.BoundMethodHandle$Species_LLLLLLLLLLLLLLLLLL (java.base@25)
1751:             1            104  jdk.internal.loader.ClassLoaders$AppClassLoader (java.base@25)
1752:             1            104  jdk.internal.loader.ClassLoaders$BootClassLoader (java.base@25)
1753:             1            104  jdk.internal.loader.ClassLoaders$PlatformClassLoader (java.base@25)
1754:             1            104  org.apache.tomcat.util.net.SocketProperties
1755:             1            104  org.jcp.xml.dsig.internal.dom.XMLDSigRI (java.xml.crypto@25)
1756:             1            104  org.redisson.connection.ServiceManager
1757:             1            104  org.springframework.boot.autoconfigure.web.ServerProperties$Tomcat
1758:             1            104  org.springframework.web.servlet.mvc.method.annotation.RequestMappingHandlerMapping
1759:             1            104  org.springframework.web.servlet.view.InternalResourceViewResolver
1760:             1            104  sun.security.ec.SunEC (java.base@25)
1761:             1            104  sun.security.jca.ProviderList$1 (java.base@25)
1762:             1            104  sun.security.jgss.SunProvider (java.security.jgss@25)
1763:             1            104  sun.security.mscapi.SunMSCAPI (jdk.crypto.mscapi@25)
1764:             1            104  sun.security.provider.Sun (java.base@25)
1765:             1            104  sun.security.provider.certpath.ldap.JdkLDAP (java.naming@25)
1766:             1            104  sun.security.rsa.SunRsaSign (java.base@25)
1767:             1            104  sun.security.smartcardio.SunPCSC (java.smartcardio@25)
1768:             1            104  sun.security.ssl.SunJSSE (java.base@25)
1769:             2             96  [Lcom.fasterxml.jackson.annotation.JsonInclude$Include;
1770:             2             96  [Lcom.fasterxml.jackson.annotation.PropertyAccessor;
1771:             2             96  [Lcom.fasterxml.jackson.core.SerializableString;
1772:             1             96  [Lcom.flashchat.chatservice.dto.enums.WsRespDTOTypeEnum;
1773:             2             96  [Lcom.mysql.cj.util.SearchMode;
1774:             4             96  [Lio.netty.handler.codec.dns.DnsRecordType;
1775:             2             96  [Ljava.lang.System$Logger$Level; (java.base@25)
1776:             2             96  [Ljava.time.DayOfWeek; (java.base@25)
1777:             2             96  [Lorg.springframework.boot.cloud.CloudPlatform;
1778:             1             96  [Lorg.springframework.boot.jdbc.DatabaseDriver;
1779:             2             96  [Lorg.springframework.boot.logging.LogLevel;
1780:             2             96  [Lorg.springframework.transaction.annotation.Propagation;
1781:             1             96  [Lsun.util.locale.BaseLocale; (java.base@25)
1782:             1             96  [[J (java.base@25)
1783:             2             96  ch.qos.logback.classic.encoder.PatternLayoutEncoder
1784:             2             96  ch.qos.logback.classic.pattern.LoggerConverter
1785:             4             96  ch.qos.logback.core.pattern.parser.Token
1786:             2             96  ch.qos.logback.core.rolling.helper.DateTokenConverter
1787:             4             96  ch.qos.logback.core.subst.Token
1788:             3             96  ch.qos.logback.core.util.COWArrayList
1789:             4             96  com.alibaba.fastjson2.reader.ConstructorSupplier
1790:             4             96  com.baomidou.mybatisplus.annotation.FieldFill
1791:             4             96  com.esotericsoftware.kryo.serializers.FieldSerializer$FieldSerializerConfig
1792:             3             96  com.esotericsoftware.kryo.util.Generics$GenericsHierarchy
1793:             4             96  com.fasterxml.classmate.AnnotationInclusion
1794:             4             96  com.fasterxml.jackson.annotation.JsonCreator$Mode
1795:             4             96  com.fasterxml.jackson.annotation.JsonProperty$Access
1796:             2             96  com.fasterxml.jackson.core.util.Separators
1797:             4             96  com.fasterxml.jackson.databind.cfg.CoercionAction
1798:             4             96  com.fasterxml.jackson.databind.cfg.ConstructorDetector
1799:             4             96  com.fasterxml.jackson.databind.cfg.ConstructorDetector$SingleArgConstructor
1800:             4             96  com.fasterxml.jackson.databind.introspect.AnnotationCollector$OneAnnotation
1801:             4             96  com.fasterxml.jackson.databind.ser.impl.ReadOnlyClassToSerializerMap
1802:             2             96  com.fasterxml.jackson.databind.ser.std.CollectionSerializer
1803:             4             96  com.fasterxml.jackson.databind.util.internal.PrivateMaxEntriesMap$EntrySet
1804:             3             96  com.fasterxml.jackson.datatype.jsr310.JavaTimeFeature
1805:             3             96  com.fasterxml.jackson.datatype.jsr310.deser.JSR310StringParsableDeserializer
1806:             3             96  com.flashchat.cache.config.CacheAutoConfiguration$1
1807:             3             96  com.flashchat.chatservice.audit.AuditResultEnum
1808:             3             96  com.flashchat.chatservice.dao.enums.RoomMemberStatusEnum
1809:             3             96  com.flashchat.chatservice.dto.enums.RoomDelayEventTypeEnum
1810:             4             96  com.flashchat.chatservice.service.dispatch.RoomSideEffectMailbox$NamedThreadFactory
1811:             3             96  com.flashchat.gameservice.dao.enums.AiPersonaEnum
1812:             1             96  com.flashchat.userservice.service.impl.AccountServiceImpl$$SpringCGLIB$$0
1813:             3             96  com.github.benmanes.caffeine.cache.FrequencySketch
1814:             3             96  com.google.protobuf.ExtensionRegistry
1815:             4             96  com.mysql.cj.QueryReturnType
1816:             3             96  com.mysql.cj.conf.LongProperty
1817:             4             96  com.mysql.cj.conf.PropertyDefinitions$AuthMech
1818:             4             96  com.mysql.cj.conf.PropertyDefinitions$XdevapiSslMode
1819:             3             96  com.mysql.cj.jdbc.AbandonedConnectionCleanupThread$ConnectionFinalizerPhantomReference
1820:             3             96  com.mysql.cj.jdbc.result.ResultSetFactory
1821:             3             96  com.mysql.cj.protocol.Resultset$Type
1822:             6             96  com.mysql.cj.protocol.a.ColumnDefinitionReader
1823:             3             96  com.mysql.cj.protocol.a.SimplePacketReader
1824:             3             96  com.mysql.cj.protocol.a.TimeTrackingPacketSender
1825:             4             96  com.mysql.cj.protocol.a.authentication.CachingSha2PasswordPlugin$AuthStage
1826:             4             96  com.sun.jmx.interceptor.DefaultMBeanServerInterceptor$ListenerWrapper (java.management@25)
1827:             2             96  com.sun.management.internal.GcInfoBuilder (jdk.management@25)
1828:             6             96  io.micrometer.core.instrument.binder.jvm.JvmThreadMetrics$$Lambda/0x000000003177f538
1829:             4             96  io.micrometer.core.instrument.binder.tomcat.TomcatMetrics$$Lambda/0x00000000317a0f90
1830:             4             96  io.micrometer.core.instrument.binder.tomcat.TomcatMetrics$1
1831:             4             96  io.micrometer.observation.transport.Kind
1832:             1             96  io.micrometer.prometheusmetrics.PrometheusMeterRegistry
1833:             4             96  io.netty.channel.DefaultChannelPipeline$AddStrategy
1834:             6             96  io.netty.channel.ReflectiveChannelFactory
1835:             4             96  io.netty.handler.codec.http.DefaultHttpHeadersFactory
1836:             4             96  io.netty.resolver.ResolvedAddressTypes
1837:             3             96  io.netty.resolver.dns.DefaultAuthoritativeDnsServerCache
1838:             3             96  io.netty.resolver.dns.DefaultDnsCache
1839:             4             96  io.netty.util.Recycler$2
1840:             2             96  io.netty.util.ResourceLeakDetector$DefaultResourceLeak
1841:             4             96  io.netty.util.ResourceLeakDetector$Level
1842:             2             96  io.netty.util.ResourceLeakDetector$TraceRecord
1843:             3             96  io.netty.util.Signal$SignalConstant
1844:             6             96  java.lang.Float (java.base@25)
1845:             3             96  java.lang.Runtime$Version (java.base@25)
1846:             4             96  java.lang.StackWalker$Option (java.base@25)
1847:             4             96  java.lang.String$$StringConcat/0x0000000031260000 (java.base@25)
1848:             4             96  java.lang.String$$StringConcat/0x000000003143c400 (java.base@25)
1849:             3             96  java.lang.constant.DynamicConstantDesc$AnonymousDynamicConstantDesc (java.base@25)
1850:             2             96  java.lang.invoke.MethodHandleImpl$WrappedMember (java.base@25)
1851:             3             96  java.lang.invoke.VarHandleByteArrayAsInts$ArrayHandle (java.base@25)
1852:             3             96  java.lang.invoke.VarHandleByteArrayAsLongs$ArrayHandle (java.base@25)
1853:             4             96  java.time.ZoneRegion (java.base@25)
1854:             4             96  java.time.format.DateTimeFormatterBuilder$SettingsParser (java.base@25)
1855:             4             96  java.time.format.FormatStyle (java.base@25)
1856:             2             96  java.util.Locale$Category (java.base@25)
1857:             3             96  java.util.Random (java.base@25)
1858:             2             96  java.util.concurrent.CompletableFuture$Signaller (java.base@25)
1859:             4             96  java.util.concurrent.Executors$DelegatedScheduledExecutorService (java.base@25)
1860:             3             96  java.util.concurrent.FutureTask (java.base@25)
1861:             3             96  java.util.concurrent.SynchronousQueue (java.base@25)
1862:             6             96  java.util.concurrent.ThreadPoolExecutor$AbortPolicy (java.base@25)
1863:             4             96  java.util.regex.Pattern$Qtype (java.base@25)
1864:             3             96  java.util.stream.MatchOps$MatchKind (java.base@25)
1865:             4             96  java.util.stream.StreamShape (java.base@25)
1866:             4             96  javax.annotation.meta.When
1867:             4             96  javax.management.NotificationBroadcasterSupport (java.management@25)
1868:             4             96  javax.management.NotificationBroadcasterSupport$ListenerInfo (java.management@25)
1869:             2             96  javax.management.modelmbean.ModelMBeanOperationInfo (java.management@25)
1870:             4             96  jdk.internal.classfile.impl.AbstractPoolEntry$Utf8EntryImpl$State (java.base@25)
1871:             1             96  jdk.internal.jimage.ImageReader$SharedImageReader (java.base@25)
1872:             4             96  jdk.internal.util.OperatingSystem (java.base@25)
1873:             4             96  jdk.internal.vm.Continuation$Pinned (java.base@25)
1874:             6             96  jdk.proxy2.$Proxy102 (jdk.proxy2)
1875:             6             96  jdk.proxy2.$Proxy108 (jdk.proxy2)
1876:             6             96  jdk.proxy2.$Proxy152 (jdk.proxy2)
1877:             6             96  jdk.proxy2.$Proxy66 (jdk.proxy2)
1878:             6             96  jdk.proxy2.$Proxy67 (jdk.proxy2)
1879:             6             96  jdk.proxy2.$Proxy73 (jdk.proxy2)
1880:             3             96  jdk.xml.internal.JdkProperty (java.xml@25)
1881:             4             96  jdk.xml.internal.JdkXmlFeatures (java.xml@25)
1882:             3             96  org.apache.catalina.WebResourceRoot$ArchiveIndexStrategy
1883:             1             96  org.apache.catalina.authenticator.NonLoginAuthenticator
1884:             4             96  org.apache.catalina.webresources.EmptyResource
1885:             3             96  org.apache.coyote.ContinueResponseTiming
1886:             4             96  org.apache.ibatis.type.BigDecimalTypeHandler
1887:             4             96  org.apache.ibatis.type.BlobTypeHandler
1888:             4             96  org.apache.ibatis.type.BooleanTypeHandler
1889:             4             96  org.apache.ibatis.type.NStringTypeHandler
1890:             3             96  org.apache.tomcat.util.buf.EncodedSolidusHandling
1891:             3             96  org.apache.tomcat.util.http.ConcurrentDateFormat
1892:             4             96  org.apache.tomcat.util.log.UserDataHelper$Config
1893:             4             96  org.apache.tomcat.util.net.Acceptor$AcceptorState
1894:             1             96  org.apache.tomcat.util.threads.ThreadPoolExecutor
1895:             1             96  org.apache.tomcat.websocket.server.WsServerContainer
1896:             2             96  org.hibernate.validator.internal.metadata.aggregated.ContainerCascadingMetaData
1897:             3             96  org.hibernate.validator.internal.metadata.raw.ConfigurationSource
1898:             3             96  org.hibernate.validator.resourceloading.PlatformResourceBundleLocator
1899:             2             96  org.redisson.RedissonBloomFilter
1900:             4             96  org.redisson.api.BatchOptions$ExecutionMode
1901:             6             96  org.redisson.client.protocol.convertor.EmptyMapConvertor
1902:             6             96  org.redisson.client.protocol.pubsub.PubSubStatusDecoder
1903:             3             96  org.redisson.codec.Kryo5Codec$1
1904:             4             96  org.redisson.config.TransportMode
1905:             2             96  org.redisson.connection.ConnectionsHolder
1906:             6             96  org.redisson.misc.WrappedLock
1907:             2             96  org.springframework.beans.SimpleTypeConverter
1908:             3             96  org.springframework.beans.propertyeditors.ClassArrayEditor
1909:             3             96  org.springframework.beans.propertyeditors.ClassEditor
1910:             3             96  org.springframework.beans.propertyeditors.FileEditor
1911:             3             96  org.springframework.beans.propertyeditors.InputSourceEditor
1912:             3             96  org.springframework.beans.propertyeditors.InputStreamEditor
1913:             3             96  org.springframework.beans.propertyeditors.PathEditor
1914:             3             96  org.springframework.beans.propertyeditors.ReaderEditor
1915:             3             96  org.springframework.beans.propertyeditors.URIEditor
1916:             3             96  org.springframework.beans.propertyeditors.URLEditor
1917:             3             96  org.springframework.boot.actuate.autoconfigure.endpoint.expose.EndpointExposure
1918:             4             96  org.springframework.boot.actuate.endpoint.annotation.EndpointDiscoverer$1
1919:             3             96  org.springframework.boot.actuate.endpoint.annotation.EndpointDiscoverer$ExtensionBean
1920:             4             96  org.springframework.boot.actuate.health.Status
1921:             4             96  org.springframework.boot.actuate.metrics.export.prometheus.PrometheusPushGatewayManager$ShutdownOperation
1922:             4             96  org.springframework.boot.actuate.metrics.jdbc.DataSourcePoolMetrics$CachingDataSourcePoolMetadataProvider$$Lambda/0x00000000317828a8
1923:             6             96  org.springframework.boot.autoconfigure.cache.CacheCondition
1924:             3             96  org.springframework.boot.context.properties.source.SoftReferenceConfigurationPropertyCache
1925:             3             96  org.springframework.boot.context.properties.source.SpringIterableConfigurationPropertySource
1926:             4             96  org.springframework.context.annotation.ScopedProxyMode
1927:             4             96  org.springframework.core.annotation.MergedAnnotations$SearchStrategy
1928:             4             96  org.springframework.core.annotation.TypeMappedAnnotations$IsPresent
1929:             4             96  org.springframework.core.codec.CharSequenceEncoder
1930:             4             96  org.springframework.core.convert.support.DefaultConversionService
1931:             6             96  org.springframework.core.convert.support.IdToEntityConverter
1932:             6             96  org.springframework.core.convert.support.ObjectToObjectConverter
1933:             4             96  org.springframework.core.io.support.PathMatchingResourcePatternResolver
1934:             6             96  org.springframework.data.convert.CustomConversions$ConversionTargetsCache
1935:             3             96  org.springframework.data.convert.CustomConversions$ConverterConfiguration
1936:             4             96  org.springframework.data.mapping.model.EntityInstantiators
1937:             4             96  org.springframework.data.mapping.model.KotlinClassGeneratingEntityInstantiator
1938:             4             96  org.springframework.data.redis.core.DefaultClusterOperations
1939:             4             96  org.springframework.data.redis.core.DefaultStreamOperations
1940:             2             96  org.springframework.data.redis.core.convert.MappingRedisConverter
1941:             4             96  org.springframework.data.util.NullableWrapperConverters$WrapperType
1942:             6             96  org.springframework.format.datetime.DateFormatterRegistrar$CalendarToDateConverter
1943:             6             96  org.springframework.format.datetime.DateFormatterRegistrar$CalendarToLongConverter
1944:             6             96  org.springframework.format.datetime.DateFormatterRegistrar$DateToCalendarConverter
1945:             6             96  org.springframework.format.datetime.DateFormatterRegistrar$DateToLongConverter
1946:             6             96  org.springframework.format.datetime.DateFormatterRegistrar$LongToCalendarConverter
1947:             6             96  org.springframework.format.datetime.DateFormatterRegistrar$LongToDateConverter
1948:             2             96  org.springframework.http.codec.multipart.PartEventHttpMessageReader
1949:             4             96  org.springframework.http.converter.ResourceRegionHttpMessageConverter
1950:             2             96  org.springframework.jdbc.core.JdbcTemplate
1951:             1             96  org.springframework.scheduling.concurrent.ThreadPoolTaskScheduler
1952:             4             96  org.springframework.scheduling.config.FixedDelayTask
1953:             4             96  org.springframework.scheduling.support.DelegatingErrorHandlingRunnable
1954:             3             96  org.springframework.scripting.support.ResourceScriptSource
1955:             3             96  org.springframework.security.crypto.bcrypt.BCryptPasswordEncoder$BCryptVersion
1956:             3             96  org.springframework.util.AntPathMatcher$AntPathStringMatcher
1957:             6             96  org.springframework.util.ConcurrentLruCache$WriteOperations
1958:             4             96  org.springframework.util.ConcurrentReferenceHashMap$TaskOption
1959:             4             96  org.springframework.util.LinkedCaseInsensitiveMap$EntrySet
1960:             4             96  org.springframework.util.comparator.NullSafeComparator
1961:             4             96  org.springframework.web.context.request.async.StandardServletAsyncWebRequest$State
1962:             1             96  org.springframework.web.servlet.handler.SimpleUrlHandlerMapping
1963:             3             96  org.springframework.web.servlet.resource.PathResourceResolver
1964:             4             96  org.springframework.web.util.DefaultUriBuilderFactory$EncodingMode
1965:             3             96  org.yaml.snakeyaml.DumperOptions$FlowStyle
1966:             3             96  org.yaml.snakeyaml.DumperOptions$LineBreak
1967:             4             96  org.yaml.snakeyaml.nodes.NodeId
1968:             4             96  sun.misc.Unsafe$MemoryAccessOption (jdk.unsupported@25)
1969:             3             96  sun.net.spi.DefaultProxySelector$NonProxyInfo (java.base@25)
1970:             2             96  sun.nio.cs.StreamEncoder (java.base@25)
1971:             2             96  sun.nio.fs.WindowsPath$WindowsPathWithAttributes (java.base@25)
1972:             1             88  [Lcom.alibaba.fastjson2.PropertyNamingStrategy;
1973:             2             88  [Ljava.nio.file.attribute.PosixFilePermission; (java.base@25)
1974:             1             88  [Lorg.springframework.boot.ansi.AnsiColor;
1975:             4             88  [Lorg.springframework.boot.context.config.ConfigDataEnvironmentContributors$BinderOption;
1976:             2             88  [Lsun.security.jca.ProviderConfig; (java.base@25)
1977:             1             88  [[I (java.base@25)
1978:             1             88  ch.qos.logback.core.rolling.RollingFileAppender
1979:             1             88  ch.qos.logback.core.rolling.SizeAndTimeBasedRollingPolicy
1980:             1             88  com.alibaba.fastjson2.util.DynamicClassLoader
1981:             1             88  com.flashchat.chatservice.service.impl.ChatServiceImpl
1982:             1             88  com.flashchat.gameservice.service.impl.GameRoomServiceImpl$$SpringCGLIB$$0
1983:             1             88  java.lang.invoke.BoundMethodHandle$Species_LLLLLLLLLLLLL (java.base@25)
1984:             1             88  org.apache.catalina.core.StandardService
1985:             1             88  org.springframework.boot.autoconfigure.web.servlet.WelcomePageHandlerMapping
1986:             1             88  org.springframework.boot.autoconfigure.web.servlet.WelcomePageNotAcceptableHandlerMapping
1987:             1             88  org.springframework.data.redis.connection.DefaultStringRedisConnection
1988:             1             88  org.springframework.data.redis.listener.RedisMessageListenerContainer
1989:             1             88  org.springframework.jmx.export.annotation.AnnotationMBeanExporter
1990:             1             88  org.springframework.web.servlet.function.support.RouterFunctionMapping
1991:             1             88  org.springframework.web.servlet.handler.BeanNameUrlHandlerMapping
1992:             4             80  [Lch.qos.logback.core.filter.Filter;
1993:             1             80  [Lcom.alibaba.fastjson2.JSONFactory$CacheItem;
1994:             2             80  [Lcom.baomidou.mybatisplus.annotation.FieldStrategy;
1995:             2             80  [Lcom.baomidou.mybatisplus.annotation.IdType;
1996:             2             80  [Lcom.fasterxml.jackson.databind.cfg.JsonNodeFeature;
1997:             1             80  [Lio.netty.handler.codec.http.HttpMethod$EnumNameMap$Node;
1998:             2             80  [Lio.netty.handler.codec.http.HttpStatusClass;
1999:             2             80  [Ljakarta.servlet.DispatcherType;
2000:             2             80  [Ljakarta.validation.executable.ExecutableType;
2001:             1             80  [Ljakarta.websocket.CloseReason$CloseCodes;
2002:             2             80  [Ljava.lang.OutOfMemoryError; (java.base@25)
2003:             4             80  [Ljava.nio.file.attribute.FileAttribute; (java.base@25)
2004:             2             80  [Ljava.util.stream.StreamOpFlag$Type; (java.base@25)
2005:             1             80  [Ljdk.xml.internal.XMLSecurityManager$Limit; (java.xml@25)
2006:             2             80  [Lorg.hibernate.validator.internal.metadata.raw.ConstrainedElement$ConstrainedElementKind;
2007:             2             80  [Lorg.redisson.client.protocol.pubsub.PubSubType;
2008:             2             80  [Lorg.springframework.context.annotation.FilterType;
2009:             2             80  [Lorg.springframework.data.redis.connection.RedisZSetCommands$ZAddArgs$Flag;
2010:             2             80  [Lorg.springframework.http.HttpStatus$Series;
2011:             2             80  [Lorg.springframework.transaction.annotation.Isolation;
2012:             2             80  [[Ljava.lang.invoke.MethodHandle; (java.base@25)
2013:             2             80  ch.qos.logback.classic.filter.ThresholdFilter
2014:             2             80  ch.qos.logback.classic.pattern.DateConverter
2015:             1             80  ch.qos.logback.core.rolling.SizeAndTimeBasedFileNamingAndTriggeringPolicy
2016:             2             80  com.esotericsoftware.kryo.serializers.FieldSerializer
2017:             2             80  com.esotericsoftware.kryo.util.DefaultGenerics
2018:             2             80  com.esotericsoftware.kryo.util.IdentityMap
2019:             2             80  com.fasterxml.jackson.databind.deser.std.NumberDeserializers$BooleanDeserializer
2020:             2             80  com.fasterxml.jackson.databind.deser.std.NumberDeserializers$DoubleDeserializer
2021:             2             80  com.fasterxml.jackson.databind.deser.std.NumberDeserializers$IntegerDeserializer
2022:             2             80  com.fasterxml.jackson.databind.deser.std.NumberDeserializers$LongDeserializer
2023:             2             80  com.fasterxml.jackson.datatype.jsr310.deser.LocalDateTimeDeserializer
2024:             2             80  com.fasterxml.jackson.datatype.jsr310.deser.LocalTimeDeserializer
2025:             2             80  com.fasterxml.jackson.datatype.jsr310.ser.LocalDateSerializer
2026:             2             80  com.fasterxml.jackson.datatype.jsr310.ser.LocalTimeSerializer
2027:             2             80  com.sun.beans.util.Cache$Kind$Soft (java.desktop@25)
2028:             2             80  com.sun.jmx.mbeanserver.DefaultMXBeanMappingFactory$TabularMapping (java.management@25)
2029:             2             80  io.lettuce.core.metrics.MicrometerOptions
2030:             2             80  io.lettuce.core.metrics.MicrometerOptions$Builder
2031:             1             80  io.lettuce.core.resource.DefaultClientResources
2032:             2             80  io.netty.buffer.ReadOnlyByteBuf
2033:             2             80  io.netty.handler.codec.http.HttpVersion
2034:             2             80  io.netty.util.ResourceLeakDetector
2035:             5             80  io.netty.util.concurrent.MultithreadEventExecutorGroup$1
2036:             5             80  io.netty.util.concurrent.ThreadPerTaskExecutor
2037:             2             80  java.io.BufferedWriter (java.base@25)
2038:             2             80  java.io.PrintStream (java.base@25)
2039:             2             80  java.lang.ModuleLayer (java.base@25)
2040:             2             80  java.lang.StackWalker (java.base@25)
2041:             2             80  java.lang.ThreadBuilders$VirtualThreadFactory (java.base@25)
2042:             2             80  java.lang.module.Configuration (java.base@25)
2043:             2             80  java.time.format.DateTimeFormatterBuilder$ZoneTextPrinterParser (java.base@25)
2044:             1             80  java.util.zip.ZipFile$Source (java.base@25)
2045:             2             80  jdk.internal.math.FloatingDecimal$BinaryToASCIIBuffer (java.base@25)
2046:             5             80  jdk.internal.module.ServicesCatalog (java.base@25)
2047:             2             80  jdk.internal.ref.CleanerImpl$CleanerCleanable (java.base@25)
2048:             5             80  jdk.internal.util.Preconditions$4 (java.base@25)
2049:             5             80  jdk.proxy2.$Proxy117 (jdk.proxy2)
2050:             5             80  jdk.proxy2.$Proxy161 (jdk.proxy2)
2051:             5             80  jdk.proxy2.$Proxy46 (jdk.proxy2)
2052:             5             80  jdk.proxy2.$Proxy56 (jdk.proxy2)
2053:             5             80  jdk.proxy2.$Proxy70 (jdk.proxy2)
2054:             5             80  jdk.proxy2.$Proxy80 (jdk.proxy2)
2055:             5             80  jdk.proxy2.$Proxy97 (jdk.proxy2)
2056:             1             80  org.apache.catalina.startup.Tomcat$SimpleRealm
2057:             1             80  org.apache.catalina.webresources.StandardRoot
2058:             1             80  org.apache.coyote.RequestGroupInfo
2059:             1             80  org.apache.ibatis.ognl.OgnlCache
2060:             1             80  org.mybatis.spring.mapper.MapperScannerConfigurer
2061:             2             80  org.redisson.client.handler.ConnectionWatchdog
2062:             2             80  org.redisson.client.handler.RedisChannelInitializer
2063:             5             80  org.redisson.client.protocol.convertor.BooleanNullSafeReplayConvertor
2064:             5             80  org.redisson.client.protocol.decoder.ScoredSortedSetReplayDecoderV2
2065:             2             80  org.springframework.boot.actuate.endpoint.jmx.annotation.DiscoveredJmxOperation
2066:             2             80  org.springframework.boot.autoconfigure.data.redis.RedisProperties$Pool
2067:             1             80  org.springframework.boot.autoconfigure.web.ServerProperties
2068:             1             80  org.springframework.boot.autoconfigure.web.servlet.WebMvcAutoConfiguration$EnableWebMvcConfiguration
2069:             2             80  org.springframework.boot.context.config.Profiles$Type
2070:             2             80  org.springframework.boot.convert.ApplicationConversionService
2071:             1             80  org.springframework.boot.loader.net.protocol.jar.JarUrlConnection
2072:             1             80  org.springframework.context.support.PropertySourcesPlaceholderConfigurer
2073:             5             80  org.springframework.core.serializer.DefaultDeserializer
2074:             5             80  org.springframework.core.serializer.DefaultSerializer
2075:             5             80  org.springframework.core.serializer.support.DeserializingConverter
2076:             5             80  org.springframework.core.serializer.support.SerializingConverter
2077:             5             80  org.springframework.data.mapping.model.SimpleTypeHolder
2078:             2             80  org.springframework.data.projection.SpelAwareProxyProjectionFactory
2079:             5             80  org.springframework.expression.spel.standard.SpelExpressionParser
2080:             2             80  org.springframework.expression.spel.support.ReflectivePropertyAccessor
2081:             2             80  org.springframework.http.codec.json.Jackson2JsonEncoder
2082:             2             80  org.springframework.http.codec.multipart.MultipartHttpMessageWriter
2083:             2             80  org.springframework.http.codec.xml.Jaxb2XmlDecoder
2084:             5             80  org.springframework.scheduling.annotation.ScheduledAnnotationBeanPostProcessor$$Lambda/0x0000000031448000
2085:             2             80  org.springframework.scheduling.concurrent.ExecutorLifecycleDelegate
2086:             1             80  org.springframework.scheduling.concurrent.ThreadPoolTaskExecutor$1
2087:             1             80  org.springframework.scheduling.concurrent.ThreadPoolTaskScheduler$1
2088:             5             80  org.springframework.web.accept.HeaderContentNegotiationStrategy
2089:             2             80  org.springframework.web.method.ControllerAdviceBean
2090:             1             80  org.springframework.web.servlet.mvc.method.annotation.ExceptionHandlerExceptionResolver
2091:             5             80  reactor.core.Disposables$AlwaysDisposable
2092:             1             80  reactor.netty.resources.ConnectionProvider$Builder
2093:             1             80  reactor.netty.resources.PooledConnectionProvider$PoolFactory
2094:             2             80  sun.management.MemoryManagerImpl (java.management@25)
2095:             1             80  sun.net.www.protocol.jar.URLJarFile (java.base@25)
2096:             2             80  sun.nio.ch.ServerSocketAdaptor (java.base@25)
2097:             1             80  sun.util.cldr.CLDRLocaleProviderAdapter (java.base@25)
2098:             1             80  sun.util.locale.provider.FallbackLocaleProviderAdapter (java.base@25)
2099:             1             72  [Lcom.fasterxml.jackson.core.JsonToken;
2100:             1             72  [Lcom.fasterxml.jackson.databind.type.LogicalType;
2101:             3             72  [Lcom.github.benmanes.caffeine.cache.Buffer;
2102:             1             72  [Lcom.sun.org.apache.xml.internal.dtm.ref.ExtendedType; (java.xml@25)
2103:             3             72  [Ljakarta.validation.constraintvalidation.ValidationTarget;
2104:             3             72  [Ljava.util.concurrent.ConcurrentHashMap$CounterCell; (java.base@25)
2105:             1             72  [Ljavax.management.openmbean.SimpleType; (java.management@25)
2106:             1             72  [Lorg.apache.coyote.AsyncStateMachine$AsyncState;
2107:             1             72  [Lorg.springframework.boot.logging.LoggingSystemProperty;
2108:             3             72  [Lorg.springframework.core.annotation.MergedAnnotation$Adapt;
2109:             2             72  [[Ljava.lang.String; (java.base@25)
2110:             3             72  ch.qos.logback.classic.spi.Configurator$ExecutionStatus
2111:             3             72  ch.qos.logback.core.pattern.FormatInfo
2112:             3             72  ch.qos.logback.core.rolling.helper.CompressionMode
2113:             3             72  ch.qos.logback.core.spi.FilterReply
2114:             3             72  ch.qos.logback.core.subst.Tokenizer$TokenizerState
2115:             3             72  ch.qos.logback.core.util.FileSize
2116:             3             72  com.alibaba.fastjson2.util.ParameterizedTypeImpl
2117:             1             72  com.baomidou.mybatisplus.core.config.GlobalConfig$DbConfig
2118:             3             72  com.fasterxml.jackson.core.Base64Variant$PaddingReadBehaviour
2119:             1             72  com.fasterxml.jackson.core.util.InternCache
2120:             3             72  com.fasterxml.jackson.databind.annotation.JsonSerialize$Typing
2121:             3             72  com.fasterxml.jackson.databind.jsontype.PolymorphicTypeValidator$Validity
2122:             3             72  com.fasterxml.jackson.databind.ser.std.NumberSerializer
2123:             3             72  com.fasterxml.jackson.databind.util.AccessPattern
2124:             1             72  com.fasterxml.jackson.module.paramnames.ParameterNamesModule
2125:             3             72  com.flashchat.cache.config.RedisDistributedProperties$CacheDomainProperties
2126:             3             72  com.flashchat.chatservice.ratelimit.RateLimitProperties$DimensionConfig
2127:             1             72  com.flashchat.chatservice.service.impl.MessageSideEffectServiceImpl
2128:             1             72  com.flashchat.chatservice.service.impl.RoomMemberServiceImpl$$SpringCGLIB$$0
2129:             1             72  com.flashchat.gameservice.listener.GameEventListener$$SpringCGLIB$$0
2130:             1             72  com.flashchat.gameservice.service.impl.GamePlayServiceImpl
2131:             1             72  com.flashchat.gameservice.service.impl.WordPairServiceImpl$$SpringCGLIB$$0
2132:             1             72  com.flashchat.userservice.service.impl.InviteCodeServiceImpl$$SpringCGLIB$$0
2133:             3             72  com.github.benmanes.caffeine.cache.BoundedBuffer
2134:             3             72  com.github.benmanes.caffeine.cache.BoundedLocalCache$BoundedLocalManualCache
2135:             3             72  com.github.benmanes.caffeine.cache.BoundedLocalCache$PerformCleanupTask
2136:             3             72  com.github.benmanes.caffeine.cache.TimerWheel
2137:             1             72  com.github.benmanes.caffeine.cache.stats.CacheStats
2138:             3             72  com.mysql.cj.Query$CancelStatus
2139:             3             72  com.mysql.cj.conf.PropertyDefinitions$Compression
2140:             3             72  com.mysql.cj.conf.PropertyDefinitions$ZeroDatetimeBehavior
2141:             3             72  com.mysql.cj.jdbc.JdbcPropertySetImpl
2142:             3             72  com.mysql.cj.protocol.NetworkResources
2143:             3             72  com.mysql.cj.protocol.a.NativeConstants$StringSelfDataType
2144:             3             72  com.mysql.cj.protocol.a.NativeServerSessionStateController
2145:             3             72  com.mysql.cj.protocol.a.ResultsetRowReader
2146:             3             72  com.mysql.cj.protocol.a.TimeTrackingPacketReader
2147:             3             72  com.mysql.cj.protocol.a.authentication.AuthenticationFidoClient
2148:             3             72  com.mysql.cj.protocol.a.authentication.MysqlClearPasswordPlugin
2149:             3             72  com.mysql.cj.protocol.a.authentication.MysqlNativePasswordPlugin
2150:             3             72  com.mysql.cj.protocol.a.authentication.MysqlOldPasswordPlugin
2151:             3             72  com.sun.jndi.toolkit.url.Uri$ParseMode (java.naming@25)
2152:             3             72  com.zaxxer.hikari.pool.HikariPool$MaxLifetimeTask
2153:             3             72  com.zaxxer.hikari.util.FastList
2154:             3             72  com.zaxxer.hikari.util.UtilityElf$DefaultThreadFactory
2155:             3             72  io.lettuce.core.resource.EventLoopResourcesWrapper
2156:             3             72  io.micrometer.core.instrument.binder.cache.CaffeineCacheMetrics
2157:             3             72  io.micrometer.core.instrument.binder.jvm.JvmGcMetrics$$Lambda/0x000000003177d920
2158:             3             72  io.micrometer.core.instrument.binder.jvm.JvmGcMetrics$GcGenerationAge
2159:             3             72  io.micrometer.core.instrument.binder.jvm.JvmHeapPressureMetrics$$Lambda/0x0000000031762228
2160:             3             72  io.micrometer.core.instrument.config.MeterFilterReply
2161:             3             72  io.netty.channel.ChannelMetadata
2162:             3             72  io.netty.resolver.dns.DefaultAuthoritativeDnsServerCache$1
2163:             3             72  io.netty.resolver.dns.DefaultDnsCache$1
2164:             3             72  io.netty.resolver.dns.DefaultDnsCnameCache
2165:             3             72  io.netty.resolver.dns.DefaultDnsCnameCache$1
2166:             3             72  jakarta.servlet.SessionTrackingMode
2167:             3             72  jakarta.validation.ConstraintTarget
2168:             3             72  jakarta.validation.metadata.ValidateUnwrappedValue
2169:             1             72  java.beans.PropertyDescriptor (java.desktop@25)
2170:             3             72  java.lang.StackStreamFactory$WalkerState (java.base@25)
2171:             3             72  java.lang.String$$StringConcat/0x0000000031408800 (java.base@25)
2172:             3             72  java.lang.WeakPairMap (java.base@25)
2173:             3             72  java.lang.annotation.RetentionPolicy (java.base@25)
2174:             3             72  java.lang.classfile.ClassFile$StackMapsOption (java.base@25)
2175:             3             72  java.lang.invoke.MethodHandleImpl$ArrayAccess (java.base@25)
2176:             3             72  java.net.Proxy$Type (java.base@25)
2177:             3             72  java.net.Socket$SocketInputStream (java.base@25)
2178:             3             72  java.net.Socket$SocketOutputStream (java.base@25)
2179:             3             72  java.net.StandardProtocolFamily (java.base@25)
2180:             3             72  java.security.DrbgParameters$Capability (java.base@25)
2181:             3             72  java.security.SecurityPermission (java.base@25)
2182:             3             72  java.time.format.ResolverStyle (java.base@25)
2183:             3             72  java.util.Base64$Encoder (java.base@25)
2184:             3             72  java.util.Comparator$$Lambda/0x00000000315ebce0 (java.base@25)
2185:             3             72  java.util.concurrent.ConcurrentSkipListMap$Index (java.base@25)
2186:             3             72  java.util.concurrent.Executors$DefaultThreadFactory (java.base@25)
2187:             3             72  java.util.concurrent.SynchronousQueue$Transferer (java.base@25)
2188:             3             72  java.util.regex.Pattern$Neg (java.base@25)
2189:             3             72  java.util.stream.Collector$Characteristics (java.base@25)
2190:             1             72  javax.management.modelmbean.ModelMBeanInfoSupport (java.management@25)
2191:             3             72  jdk.internal.math.FloatingDecimal$ExceptionalBinaryToASCIIBuffer (java.base@25)
2192:             3             72  jdk.internal.module.ModuleBootstrap$IllegalNativeAccess (java.base@25)
2193:             3             72  jdk.internal.ref.CleanerImpl$CleanableList$Node (java.base@25)
2194:             3             72  jdk.xml.internal.XMLSecurityManager$Processor (java.xml@25)
2195:             3             72  org.apache.catalina.authenticator.AuthenticatorBase$AllowCorsPreflight
2196:             1             72  org.apache.catalina.core.StandardWrapperValve
2197:             1             72  org.apache.catalina.webresources.DirResourceSet
2198:             3             72  org.apache.coyote.http11.Http11InputBuffer$HeaderParseStatus
2199:             3             72  org.apache.ibatis.mapping.ParameterMode
2200:             3             72  org.apache.ibatis.mapping.StatementType
2201:             3             72  org.apache.ibatis.ognl.internal.entry.DeclaredMethodCacheEntry
2202:             3             72  org.apache.ibatis.session.AutoMappingBehavior
2203:             3             72  org.apache.ibatis.session.ExecutorType
2204:             3             72  org.apache.ibatis.type.ByteTypeHandler
2205:             3             72  org.apache.ibatis.type.DoubleTypeHandler
2206:             3             72  org.apache.ibatis.type.FloatTypeHandler
2207:             3             72  org.apache.ibatis.type.IntegerTypeHandler
2208:             3             72  org.apache.ibatis.type.LongTypeHandler
2209:             3             72  org.apache.ibatis.type.ShortTypeHandler
2210:             3             72  org.apache.tomcat.util.http.parser.HttpHeaderParser$HeaderParseStatus
2211:             3             72  org.apache.tomcat.util.http.parser.SkipResult
2212:             3             72  org.apache.tomcat.util.log.UserDataHelper$Mode
2213:             3             72  org.apache.tomcat.util.net.SendfileState
2214:             3             72  org.apache.tomcat.util.threads.InlineExecutorService
2215:             3             72  org.hibernate.validator.constraints.CompositionType
2216:             3             72  org.hibernate.validator.internal.util.ConcurrentReferenceHashMap$ReferenceType
2217:             3             72  org.redisson.api.NodeType
2218:             3             72  org.redisson.client.ChannelName
2219:             3             72  org.redisson.client.RedisConnection$Status
2220:             1             72  org.redisson.client.RedisPubSubConnection
2221:             1             72  org.redisson.client.handler.CommandPubSubDecoder
2222:             3             72  org.redisson.codec.Kryo5Codec$2
2223:             3             72  org.redisson.codec.Kryo5Codec$3
2224:             3             72  org.redisson.config.ReadMode
2225:             3             72  org.redisson.liveobject.core.RedissonObjectBuilder$ReferenceType
2226:             1             72  org.redisson.pubsub.PublishSubscribeService
2227:             3             72  org.springframework.aop.framework.JdkDynamicAopProxy
2228:             3             72  org.springframework.aop.framework.JdkDynamicAopProxy$ProxiedInterfacesCache
2229:             1             72  org.springframework.aop.framework.autoproxy.InfrastructureAdvisorAutoProxyCreator
2230:             3             72  org.springframework.aop.support.annotation.AnnotationClassFilter
2231:             3             72  org.springframework.beans.factory.config.YamlProcessor$ResolutionMethod
2232:             3             72  org.springframework.boot.Banner$Mode
2233:             3             72  org.springframework.boot.WebApplicationType
2234:             3             72  org.springframework.boot.actuate.autoconfigure.metrics.MeterRegistryPostProcessor$CompositeMeterRegistries
2235:             3             72  org.springframework.boot.actuate.autoconfigure.web.ManagementContextType
2236:             3             72  org.springframework.boot.actuate.autoconfigure.web.server.ManagementPortType
2237:             3             72  org.springframework.boot.actuate.endpoint.OperationType
2238:             3             72  org.springframework.boot.actuate.endpoint.Show
2239:             3             72  org.springframework.boot.actuate.endpoint.annotation.EndpointDiscoverer$$Lambda/0x0000000031432308
2240:             3             72  org.springframework.boot.actuate.endpoint.web.WebEndpointHttpMethod
2241:             3             72  org.springframework.boot.ansi.AnsiOutput$Enabled
2242:             3             72  org.springframework.boot.autoconfigure.condition.ConditionalOnWebApplication$Type
2243:             3             72  org.springframework.boot.autoconfigure.condition.SearchStrategy
2244:             1             72  org.springframework.boot.autoconfigure.data.redis.RedisProperties
2245:             1             72  org.springframework.boot.autoconfigure.jackson.JacksonProperties
2246:             3             72  org.springframework.boot.autoconfigure.web.ErrorProperties$IncludeAttribute
2247:             1             72  org.springframework.boot.autoconfigure.web.ServerProperties$Undertow
2248:             3             72  org.springframework.boot.context.config.ConfigData$Option
2249:             3             72  org.springframework.boot.context.properties.source.ConfigurationPropertyName$Form
2250:             3             72  org.springframework.boot.context.properties.source.ConfigurationPropertyState
2251:             1             72  org.springframework.boot.jackson.JsonComponentModule
2252:             1             72  org.springframework.boot.jackson.JsonMixinModule
2253:             3             72  org.springframework.boot.loader.zip.ZipContent$Kind
2254:             3             72  org.springframework.boot.loader.zip.ZipString$CompareType
2255:             3             72  org.springframework.boot.sql.init.DatabaseInitializationMode
2256:             3             72  org.springframework.context.annotation.AnnotationScopeMetadataResolver
2257:             1             72  org.springframework.context.annotation.ClassPathBeanDefinitionScanner
2258:             3             72  org.springframework.context.annotation.CommonAnnotationBeanPostProcessor$1
2259:             1             72  org.springframework.context.annotation.ConfigurationClassPostProcessor
2260:             3             72  org.springframework.core.annotation.PackagesAnnotationFilter
2261:             3             72  org.springframework.core.io.support.EncodedResource
2262:             3             72  org.springframework.data.convert.CustomConversions$ConverterRegistrationIntent$ConverterOrigin
2263:             3             72  org.springframework.data.convert.PropertyValueConverterFactories$CachingPropertyValueConverterFactory
2264:             3             72  org.springframework.data.convert.PropertyValueConverterFactories$CachingPropertyValueConverterFactory$Cache
2265:             3             72  org.springframework.data.convert.SimplePropertyValueConversions
2266:             1             72  org.springframework.data.geo.GeoModule
2267:             3             72  org.springframework.data.redis.core.RedisKeyValueAdapter$EnableKeyspaceEvents
2268:             3             72  org.springframework.data.redis.core.RedisKeyValueAdapter$ShadowCopy
2269:             3             72  org.springframework.data.repository.config.BootstrapMode
2270:             3             72  org.springframework.data.repository.query.QueryLookupStrategy$Key
2271:             3             72  org.springframework.data.util.NullableWrapperConverters$WrapperType$Cardinality
2272:             1             72  org.springframework.data.web.config.SpringDataJacksonConfiguration$PageModule
2273:             3             72  org.springframework.expression.TypedValue
2274:             3             72  org.springframework.expression.spel.SpelCompilerMode
2275:             3             72  org.springframework.format.datetime.standard.DateTimeFormatterRegistrar$Type
2276:             3             72  org.springframework.http.converter.ByteArrayHttpMessageConverter
2277:             3             72  org.springframework.jmx.support.RegistrationPolicy
2278:             3             72  org.springframework.util.ConcurrentLruCache$CacheEntryState
2279:             3             72  org.springframework.web.context.request.async.WebAsyncManager$State
2280:             3             72  org.springframework.web.method.support.HandlerMethodArgumentResolverComposite
2281:             3             72  org.springframework.web.servlet.mvc.condition.ConsumesRequestCondition
2282:             3             72  org.springframework.web.servlet.mvc.condition.ConsumesRequestCondition$ConsumeMediaTypeExpression
2283:             3             72  org.springframework.web.servlet.mvc.method.annotation.RequestAttributeMethodArgumentResolver
2284:             3             72  org.springframework.web.servlet.mvc.method.annotation.SessionAttributeMethodArgumentResolver
2285:             3             72  org.springframework.web.servlet.resource.DefaultResourceTransformerChain
2286:             3             72  org.yaml.snakeyaml.comments.CommentType
2287:             3             72  org.yaml.snakeyaml.introspector.BeanAccess
2288:             3             72  reactor.core.scheduler.SchedulerState
2289:             3             72  reactor.netty.http.HttpProtocol
2290:             3             72  reactor.netty.transport.logging.AdvancedByteBufFormat
2291:             3             72  sun.management.ManagementFactoryHelper$1 (java.management@25)
2292:             2             64  [Lcom.baomidou.mybatisplus.annotation.FieldFill;
2293:             4             64  [Lcom.fasterxml.classmate.ResolvedType;
2294:             1             64  [Lcom.fasterxml.jackson.annotation.JsonFormat$Feature;
2295:             1             64  [Lcom.fasterxml.jackson.annotation.JsonFormat$Shape;
2296:             2             64  [Lcom.fasterxml.jackson.annotation.JsonProperty$Access;
2297:             1             64  [Lcom.fasterxml.jackson.databind.node.IntNode;
2298:             2             64  [Lcom.fasterxml.jackson.databind.ser.impl.PropertySerializerMap$TypeAndSerializer;
2299:             2             64  [Lcom.flashchat.gameservice.dao.enums.AiPersonaEnum;
2300:             2             64  [Lcom.mysql.cj.conf.BooleanPropertyDefinition$AllowableValues;
2301:             2             64  [Lcom.sun.jndi.toolkit.url.Uri$ParseMode; (java.naming@25)
2302:             2             64  [Lio.netty.buffer.PoolArena;
2303:             1             64  [Lio.netty.handler.codec.http.HttpObjectDecoder$State;
2304:             2             64  [Ljakarta.servlet.SessionTrackingMode;
2305:             2             64  [Ljava.lang.StackWalker$Option; (java.base@25)
2306:             2             64  [Ljava.lang.annotation.RetentionPolicy; (java.base@25)
2307:             3             64  [Ljava.lang.constant.ConstantDesc; (java.base@25)
2308:             2             64  [Ljava.nio.charset.CoderResult; (java.base@25)
2309:             2             64  [Ljavax.annotation.meta.When;
2310:             1             64  [Ljdk.internal.classfile.impl.StackMapGenerator$Type; (java.base@25)
2311:             2             64  [Ljdk.internal.util.OperatingSystem; (java.base@25)
2312:             1             64  [Lorg.apache.catalina.LifecycleState;
2313:             2             64  [Lorg.springframework.boot.actuate.autoconfigure.web.ManagementContextType;
2314:             2             64  [Lorg.springframework.boot.actuate.autoconfigure.web.server.ManagementPortType;
2315:             2             64  [Lorg.springframework.boot.actuate.endpoint.OperationType;
2316:             2             64  [Lorg.springframework.boot.actuate.endpoint.Show;
2317:             2             64  [Lorg.springframework.boot.actuate.metrics.export.prometheus.PrometheusOutputFormat;
2318:             2             64  [Lorg.springframework.boot.autoconfigure.condition.ConditionalOnWebApplication$Type;
2319:             2             64  [Lorg.springframework.boot.autoconfigure.condition.SearchStrategy;
2320:             2             64  [Lorg.springframework.boot.context.config.ConfigData$Option;
2321:             2             64  [Lorg.springframework.context.annotation.ScopedProxyMode;
2322:             2             64  [Lorg.springframework.data.redis.core.RedisKeyValueAdapter$EnableKeyspaceEvents;
2323:             2             64  [Lorg.springframework.data.redis.core.RedisKeyValueAdapter$ShadowCopy;
2324:             2             64  [Lorg.springframework.data.repository.query.QueryLookupStrategy$Key;
2325:             2             64  [Lorg.springframework.format.datetime.standard.DateTimeFormatterRegistrar$Type;
2326:             2             64  [Lorg.springframework.util.ConcurrentReferenceHashMap$TaskOption;
2327:             1             64  [Lorg.yaml.snakeyaml.events.Event$ID;
2328:             2             64  [Lorg.yaml.snakeyaml.nodes.NodeId;
2329:             1             64  [Lsun.reflect.annotation.TypeAnnotation$TypeAnnotationTarget; (java.base@25)
2330:             2             64  ch.qos.logback.classic.pattern.LevelConverter
2331:             2             64  ch.qos.logback.classic.pattern.LineSeparatorConverter
2332:             2             64  ch.qos.logback.classic.pattern.MessageConverter
2333:             2             64  ch.qos.logback.classic.pattern.ThreadConverter
2334:             1             64  ch.qos.logback.core.ConsoleAppender
2335:             2             64  ch.qos.logback.core.joran.spi.ConsoleTarget
2336:             2             64  ch.qos.logback.core.rolling.helper.FileNamePattern
2337:             2             64  ch.qos.logback.core.rolling.helper.IntegerTokenConverter
2338:             1             64  ch.qos.logback.core.rolling.helper.SizeAndTimeBasedArchiveRemover
2339:             1             64  com.alibaba.fastjson2.reader.ObjectReaderProvider
2340:             1             64  com.alibaba.fastjson2.reader.ObjectReaderProvider$LRUAutoTypeCache
2341:             4             64  com.baomidou.mybatisplus.core.override.MybatisMapperProxy$DefaultMethodInvoker
2342:             2             64  com.esotericsoftware.kryo.serializers.CachedFields
2343:             2             64  com.esotericsoftware.kryo.serializers.ImmutableCollectionsSerializers$JdkImmutableMapSerializer
2344:             1             64  com.fasterxml.classmate.util.LRUTypeCache$CacheMap
2345:             2             64  com.fasterxml.jackson.annotation.JsonInclude$Value
2346:             2             64  com.fasterxml.jackson.core.StreamWriteCapability
2347:             2             64  com.fasterxml.jackson.core.io.ContentReference
2348:             2             64  com.fasterxml.jackson.databind.cfg.EnumFeature
2349:             2             64  com.fasterxml.jackson.databind.introspect.VisibilityChecker$Std
2350:             2             64  com.fasterxml.jackson.databind.ser.impl.PropertySerializerMap$Double
2351:             2             64  com.fasterxml.jackson.databind.ser.std.NumberSerializers$DoubleSerializer
2352:             2             64  com.fasterxml.jackson.databind.ser.std.NumberSerializers$IntegerSerializer
2353:             2             64  com.fasterxml.jackson.databind.ser.std.NumberSerializers$LongSerializer
2354:             2             64  com.fasterxml.jackson.databind.util.EnumValues
2355:             2             64  com.fasterxml.jackson.datatype.jsr310.deser.LocalDateDeserializer
2356:             2             64  com.flashchat.chatservice.dao.enums.RoomMemberMuteStatusEnum
2357:             2             64  com.flashchat.chatservice.dao.enums.RoomMemberRoleEnum
2358:             1             64  com.flashchat.chatservice.websocket.NettyWebSocketServer$$SpringCGLIB$$0
2359:             1             64  com.flashchat.gameservice.service.impl.GameDescriptionServiceImpl$$SpringCGLIB$$0
2360:             1             64  com.flashchat.gameservice.service.impl.GamePersistServiceImpl$$SpringCGLIB$$0
2361:             1             64  com.flashchat.gameservice.service.impl.GamePlayerServiceImpl$$SpringCGLIB$$0
2362:             1             64  com.flashchat.gameservice.service.impl.GameRoundServiceImpl$$SpringCGLIB$$0
2363:             1             64  com.flashchat.gameservice.service.impl.GameVoteServiceImpl$$SpringCGLIB$$0
2364:             2             64  com.flashchat.userservice.dao.enums.AccountStatusEnum
2365:             1             64  com.flashchat.userservice.service.impl.AccountServiceImpl
2366:             2             64  com.mysql.cj.protocol.Resultset$Concurrency
2367:             2             64  com.sun.org.apache.xerces.internal.impl.PropertyManager (java.xml@25)
2368:             1             64  com.zaxxer.hikari.metrics.micrometer.MicrometerMetricsTracker
2369:             2             64  io.micrometer.core.instrument.config.MeterFilter$9
2370:             2             64  io.micrometer.observation.ObservationRegistry$ObservationConfig
2371:             2             64  io.netty.buffer.EmptyByteBuf
2372:             1             64  io.netty.buffer.PooledByteBufAllocator
2373:             2             64  io.netty.channel.socket.InternetProtocolFamily
2374:             1             64  io.netty.channel.socket.nio.NioServerSocketChannel$NioServerSocketChannelConfig
2375:             2             64  io.netty.resolver.dns.DnsAddressResolverGroup
2376:             2             64  io.netty.util.HashedWheelTimer$Worker
2377:             1             64  io.netty.util.concurrent.GlobalEventExecutor
2378:             4             64  io.netty.util.internal.ObjectPool$RecyclerObjectPool
2379:             1             64  io.prometheus.metrics.config.MetricsProperties
2380:             1             64  java.lang.ClassValue$ClassValueMap (java.base@25)
2381:             2             64  java.lang.System$Out (java.base@25)
2382:             2             64  java.lang.invoke.VarHandleByteArrayAsChars$ArrayHandle (java.base@25)
2383:             2             64  java.lang.invoke.VarHandleByteArrayAsDoubles$ArrayHandle (java.base@25)
2384:             2             64  java.lang.invoke.VarHandleByteArrayAsFloats$ArrayHandle (java.base@25)
2385:             2             64  java.lang.invoke.VarHandleByteArrayAsShorts$ArrayHandle (java.base@25)
2386:             2             64  java.lang.management.MemoryType (java.management@25)
2387:             2             64  java.lang.module.ModuleDescriptor$Version (java.base@25)
2388:             2             64  java.lang.ref.ReferenceQueue$Null (java.base@25)
2389:             4             64  java.time.format.DateTimeFormatterBuilder$StringLiteralPrinterParser (java.base@25)
2390:             2             64  java.time.temporal.IsoFields$Unit (java.base@25)
2391:             2             64  java.util.Collections$SynchronizedMap (java.base@25)
2392:             4             64  java.util.Comparator$$Lambda/0x0000000031148f50 (java.base@25)
2393:             2             64  java.util.HexFormat (java.base@25)
2394:             2             64  java.util.Vector (java.base@25)
2395:             2             64  java.util.concurrent.Semaphore$NonfairSync (java.base@25)
2396:             2             64  java.util.concurrent.locks.AbstractQueuedSynchronizer$SharedNode (java.base@25)
2397:             1             64  java.util.jar.JarVerifier (java.base@25)
2398:             1             64  java.util.logging.LogManager$RootLogger (java.logging@25)
2399:             2             64  java.util.stream.FindOps$FindOp (java.base@25)
2400:             2             64  jdk.jfr.internal.jfc.JFC$KnownConfiguration (jdk.jfr@25)
2401:             4             64  jdk.proxy2.$Proxy10 (jdk.proxy2)
2402:             4             64  jdk.proxy2.$Proxy147 (jdk.proxy2)
2403:             4             64  jdk.proxy2.$Proxy24 (jdk.proxy2)
2404:             4             64  jdk.proxy2.$Proxy32 (jdk.proxy2)
2405:             4             64  jdk.proxy2.$Proxy33 (jdk.proxy2)
2406:             4             64  jdk.proxy2.$Proxy61 (jdk.proxy2)
2407:             4             64  jdk.proxy2.$Proxy7 (jdk.proxy2)
2408:             1             64  org.apache.catalina.core.ApplicationContext
2409:             1             64  org.apache.catalina.mapper.Mapper$ContextVersion
2410:             2             64  org.apache.tomcat.util.buf.UEncoder$SafeCharsSet
2411:             1             64  org.apache.tomcat.util.collections.ConcurrentLruCache$LimitedLinkedHashMap
2412:             2             64  org.apache.tomcat.util.http.CookiesWithoutEquals
2413:             2             64  org.apache.tomcat.util.threads.TaskThreadFactory
2414:             4             64  org.mybatis.logging.Logger
2415:             1             64  org.redisson.client.RedisClient
2416:             2             64  org.redisson.client.protocol.CommandData
2417:             4             64  org.redisson.client.protocol.convertor.BooleanNotNullReplayConvertor
2418:             4             64  org.redisson.client.protocol.convertor.DoubleNullSafeReplayConvertor
2419:             4             64  org.redisson.client.protocol.convertor.DoubleReplayConvertor
2420:             4             64  org.redisson.client.protocol.convertor.EmptyListConvertor
2421:             4             64  org.redisson.client.protocol.convertor.StreamIdConvertor
2422:             4             64  org.redisson.client.protocol.decoder.ListObjectDecoder
2423:             4             64  org.redisson.client.protocol.decoder.ListScanResultReplayDecoder
2424:             2             64  org.redisson.command.RedisExecutor$$Lambda/0x000000003167dfc0
2425:             1             64  org.redisson.connection.ClientConnectionsEntry
2426:             2             64  org.redisson.connection.IdleConnectionWatcher$Entry
2427:             2             64  org.redisson.connection.NodeSource
2428:             1             64  org.redisson.connection.SingleEntry
2429:             1             64  org.redisson.connection.TrackedConnectionsHolder
2430:             4             64  org.redisson.spring.data.connection.PropertiesDecoder
2431:             1             64  org.redisson.spring.data.connection.RedissonConnection
2432:             4             64  org.redisson.spring.data.connection.ScoredSortedSetReplayDecoderV2
2433:             2             64  org.springframework.beans.propertyeditors.CustomMapEditor
2434:             2             64  org.springframework.beans.propertyeditors.PatternEditor
2435:             2             64  org.springframework.boot.actuate.endpoint.ApiVersion
2436:             4             64  org.springframework.boot.actuate.metrics.jdbc.DataSourcePoolMetrics$$Lambda/0x0000000031783290
2437:             1             64  org.springframework.boot.autoconfigure.jdbc.DataSourceProperties
2438:             1             64  org.springframework.boot.autoconfigure.template.TemplateAvailabilityProviders$1
2439:             1             64  org.springframework.boot.autoconfigure.web.ServerProperties$Tomcat$Accesslog
2440:             1             64  org.springframework.boot.autoconfigure.web.WebProperties$Resources$Cache$Cachecontrol
2441:             1             64  org.springframework.boot.autoconfigure.web.servlet.WebMvcProperties
2442:             2             64  org.springframework.boot.availability.AvailabilityChangeEvent
2443:             4             64  org.springframework.boot.convert.ArrayToDelimitedStringConverter
2444:             4             64  org.springframework.boot.convert.DelimitedStringToArrayConverter
2445:             4             64  org.springframework.boot.convert.DelimitedStringToCollectionConverter
2446:             4             64  org.springframework.boot.convert.StringToDataSizeConverter
2447:             4             64  org.springframework.boot.convert.StringToDurationConverter
2448:             4             64  org.springframework.boot.convert.StringToPeriodConverter
2449:             2             64  org.springframework.boot.env.OriginTrackedMapPropertySource
2450:             1             64  org.springframework.context.annotation.CommonAnnotationBeanPostProcessor
2451:             2             64  org.springframework.context.annotation.ConditionEvaluator$ConditionContextImpl
2452:             2             64  org.springframework.core.NativeDetector$Context
2453:             2             64  org.springframework.core.type.StandardAnnotationMetadata
2454:             4             64  org.springframework.data.mapping.model.ClassGeneratingEntityInstantiator$ObjectInstantiatorClassGenerator
2455:             2             64  org.springframework.data.mapping.model.ClassGeneratingPropertyAccessorFactory
2456:             4             64  org.springframework.data.redis.core.BoundOperationsProxyFactory
2457:             4             64  org.springframework.data.redis.core.DefaultGeoOperations
2458:             4             64  org.springframework.data.redis.core.DefaultHashOperations
2459:             4             64  org.springframework.data.redis.core.DefaultHyperLogLogOperations
2460:             4             64  org.springframework.data.redis.core.DefaultListOperations
2461:             2             64  org.springframework.data.redis.core.DefaultReactiveStreamOperations$1
2462:             4             64  org.springframework.data.redis.core.DefaultSetOperations
2463:             4             64  org.springframework.data.redis.core.DefaultValueOperations
2464:             4             64  org.springframework.data.redis.core.DefaultZSetOperations
2465:             1             64  org.springframework.data.redis.core.ReactiveRedisTemplate
2466:             1             64  org.springframework.data.redis.core.ReactiveStringRedisTemplate
2467:             2             64  org.springframework.data.redis.core.convert.DefaultRedisTypeMapper
2468:             2             64  org.springframework.data.redis.core.mapping.RedisMappingContext$ConfigAwareTimeToLiveAccessor
2469:             4             64  org.springframework.data.redis.core.script.DefaultScriptExecutor
2470:             2             64  org.springframework.data.redis.serializer.DefaultRedisSerializationContext
2471:             4             64  org.springframework.data.redis.serializer.StringRedisSerializer
2472:             2             64  org.springframework.data.repository.support.Repositories
2473:             2             64  org.springframework.data.web.ProxyingHandlerMethodArgumentResolver
2474:             2             64  org.springframework.data.web.SortHandlerMethodArgumentResolver
2475:             2             64  org.springframework.http.codec.FormHttpMessageReader
2476:             2             64  org.springframework.http.codec.json.Jackson2JsonDecoder
2477:             2             64  org.springframework.http.codec.multipart.PartEventHttpMessageWriter
2478:             2             64  org.springframework.http.codec.multipart.PartHttpMessageWriter
2479:             2             64  org.springframework.http.codec.support.BaseCodecConfigurer$DefaultCustomCodecs
2480:             2             64  org.springframework.http.codec.xml.Jaxb2XmlEncoder
2481:             4             64  org.springframework.http.codec.xml.JaxbContextContainer
2482:             2             64  org.springframework.http.codec.xml.XmlEventDecoder
2483:             2             64  org.springframework.http.converter.support.AllEncompassingFormHttpMessageConverter
2484:             1             64  org.springframework.scheduling.annotation.ScheduledAnnotationBeanPostProcessor
2485:             1             64  org.springframework.validation.beanvalidation.LocalValidatorFactoryBean
2486:             2             64  org.springframework.validation.beanvalidation.MethodValidationAdapter
2487:             4             64  org.springframework.web.method.annotation.ModelMethodProcessor
2488:             2             64  org.springframework.web.servlet.handler.MappedInterceptor
2489:             4             64  org.springframework.web.servlet.mvc.method.RequestMappingInfoHandlerMethodMappingNamingStrategy
2490:             1             64  org.springframework.web.servlet.mvc.method.annotation.RequestMappingHandlerAdapter$MvcSimpleAsyncTaskExecutor
2491:             1             64  org.springframework.web.servlet.view.AbstractCachingViewResolver$2
2492:             2             64  reactor.core.publisher.ImmutableSignal
2493:             2             64  reactor.core.publisher.MonoCacheTime
2494:             1             64  reactor.netty.resources.DefaultLoopResources
2495:             1             64  sun.nio.ch.FileChannelImpl (java.base@25)
2496:             1             64  sun.nio.fs.WindowsFileAttributes (java.base@25)
2497:             1             64  sun.security.provider.certpath.ldap.JdkLDAP$ProviderService (java.naming@25)
2498:             1             64  sun.security.smartcardio.SunPCSC$ProviderService (java.smartcardio@25)
2499:             1             56  [Lcom.baomidou.mybatisplus.core.conditions.segments.MatchSegment;
2500:             1             56  [Lcom.fasterxml.jackson.databind.cfg.CoercionInputShape;
2501:             1             56  [Lcom.mysql.cj.conf.ConnectionUrl$Type;
2502:             1             56  [Lcom.sun.org.apache.xerces.internal.impl.XMLScanner$NameType; (java.xml@25)
2503:             1             56  [Ljava.lang.Runnable; (java.base@25)
2504:             1             56  [Ljava.lang.classfile.TypeKind; (java.base@25)
2505:             1             56  [Ljava.lang.invoke.MethodHandleImpl$Intrinsic; (java.base@25)
2506:             1             56  [Ljava.lang.reflect.AccessFlag$Location; (java.base@25)
2507:             1             56  [Ljava.nio.file.StandardOpenOption; (java.base@25)
2508:             1             56  [Ljava.text.Format; (java.base@25)
2509:             3             56  [Ljava.util.Map$Entry; (java.base@25)
2510:             1             56  [Lorg.apache.tomcat.util.net.AbstractEndpoint$Handler$SocketState;
2511:             1             56  [Lreactor.core.publisher.SignalType;
2512:             2             56  [Lreactor.netty.http.HttpProtocol;
2513:             1             56  com.baomidou.mybatisplus.autoconfigure.MybatisPlusAutoConfiguration
2514:             1             56  com.baomidou.mybatisplus.autoconfigure.MybatisPlusProperties
2515:             1             56  com.baomidou.mybatisplus.core.config.GlobalConfig
2516:             1             56  com.fasterxml.jackson.databind.type.ResolvedRecursiveType
2517:             1             56  com.fasterxml.jackson.datatype.jsr310.ser.InstantSerializer
2518:             1             56  com.fasterxml.jackson.datatype.jsr310.ser.OffsetDateTimeSerializer
2519:             1             56  com.fasterxml.jackson.datatype.jsr310.ser.ZonedDateTimeSerializer
2520:             1             56  com.flashchat.chatservice.websocket.manager.RoomChannelManager
2521:             1             56  com.flashchat.gameservice.service.impl.GameRoomServiceImpl
2522:             1             56  com.mysql.cj.conf.LongPropertyDefinition
2523:             1             56  com.zaxxer.hikari.pool.HikariPool$1
2524:             1             56  io.micrometer.core.instrument.binder.jvm.JvmGcMetrics
2525:             1             56  io.micrometer.core.instrument.binder.logging.MetricsTurboFilter
2526:             1             56  io.netty.channel.ServerChannelRecvByteBufAllocator$1
2527:             1             56  io.prometheus.metrics.config.ExporterOpenTelemetryProperties
2528:             1             56  java.lang.invoke.BoundMethodHandle$Specializer (java.base@25)
2529:             1             56  java.util.ServiceLoader (java.base@25)
2530:             1             56  java.util.logging.LogManager (java.logging@25)
2531:             1             56  jdk.internal.classfile.impl.SplitConstantPool (java.base@25)
2532:             1             56  org.apache.catalina.loader.WebappLoader
2533:             1             56  org.apache.catalina.util.StandardSessionIdGenerator
2534:             1             56  org.apache.catalina.webresources.Cache
2535:             1             56  org.apache.tomcat.util.modeler.NoDescriptorRegistry
2536:             1             56  org.apache.tomcat.util.modeler.NoDescriptorRegistry$PassthroughMBean
2537:             1             56  org.apache.tomcat.util.scan.StandardJarScanFilter
2538:             1             56  org.hibernate.validator.internal.engine.ValidatorFactoryImpl
2539:             1             56  org.hibernate.validator.internal.engine.ValidatorFactoryScopedContext
2540:             1             56  org.hibernate.validator.internal.xml.config.BootstrapConfigurationImpl
2541:             1             56  org.hibernate.validator.messageinterpolation.ResourceBundleMessageInterpolator
2542:             1             56  org.redisson.connection.SingleConnectionManager
2543:             1             56  org.springframework.asm.Label
2544:             1             56  org.springframework.beans.factory.annotation.AutowiredAnnotationBeanPostProcessor
2545:             1             56  org.springframework.boot.autoconfigure.web.servlet.DispatcherServletRegistrationBean
2546:             1             56  org.springframework.boot.context.properties.source.ConfigurationPropertySourcesPropertyResolver
2547:             1             56  org.springframework.boot.context.properties.source.ConfigurationPropertySourcesPropertyResolver$DefaultResolver
2548:             1             56  org.springframework.boot.loader.zip.FileDataBlock$FileAccess
2549:             1             56  org.springframework.boot.task.TaskExecutorBuilder
2550:             1             56  org.springframework.boot.task.ThreadPoolTaskExecutorBuilder
2551:             1             56  org.springframework.boot.validation.beanvalidation.FilteredMethodValidationPostProcessor
2552:             1             56  org.springframework.boot.web.embedded.tomcat.LazySessionIdGenerator
2553:             1             56  org.springframework.boot.web.servlet.FilterRegistrationBean
2554:             1             56  org.springframework.core.env.PropertySourcesPropertyResolver
2555:             1             56  org.springframework.data.redis.core.RedisKeyValueAdapter
2556:             1             56  org.springframework.http.client.ReactorResourceFactory
2557:             1             56  org.springframework.scheduling.annotation.AsyncAnnotationBeanPostProcessor
2558:             1             56  org.springframework.scheduling.config.ScheduledTaskRegistrar
2559:             1             56  org.springframework.web.reactive.function.client.DefaultWebClient
2560:             1             56  org.springframework.web.servlet.config.annotation.PathMatchConfigurer
2561:             1             56  org.springframework.web.servlet.view.ContentNegotiatingViewResolver
2562:             1             56  org.springframework.web.util.UriComponentsBuilder
2563:             1             56  reactor.netty.resources.DefaultPooledConnectionProvider
2564:             1             48  [Lcom.fasterxml.jackson.annotation.JsonTypeInfo$Id;
2565:             2             48  [Lcom.fasterxml.jackson.databind.cfg.EnumFeature;
2566:             1             48  [Lcom.flashchat.chatservice.dao.enums.MessageTypeEnum;
2567:             1             48  [Lcom.mysql.cj.protocol.a.NativeConstants$IntegerDataType;
2568:             1             48  [Lcom.sun.beans.introspect.PropertyInfo$Name; (java.desktop@25)
2569:             1             48  [Lcom.sun.beans.util.Cache$CacheEntry; (java.desktop@25)
2570:             2             48  [Lio.micrometer.core.instrument.config.MeterFilter;
2571:             2             48  [Ljakarta.annotation.Resource$AuthenticationType;
2572:             1             48  [Ljakarta.validation.ElementKind;
2573:             1             48  [Ljava.beans.WeakIdentityMap$Entry; (java.desktop@25)
2574:             1             48  [Ljava.lang.classfile.attribute.StackMapFrameInfo$SimpleVerificationTypeInfo; (java.base@25)
2575:             1             48  [Ljava.lang.management.MemoryPoolMXBean; (java.management@25)
2576:             1             48  [Ljava.lang.reflect.ProxyGenerator$PrimitiveTypeInfo; (java.base@25)
2577:             1             48  [Ljava.math.RoundingMode; (java.base@25)
2578:             2             48  [Ljava.security.ProtectionDomain; (java.base@25)
2579:             1             48  [Ljdk.internal.classfile.impl.BootstrapMethodEntryImpl; (java.base@25)
2580:             1             48  [Ljdk.xml.internal.JdkProperty$ImplPropMap; (java.xml@25)
2581:             3             48  [Lorg.apache.catalina.mapper.Mapper$MappedWrapper;
2582:             1             48  [Lorg.apache.tomcat.util.http.parser.HttpParser$DomainParseState;
2583:             1             48  [Lorg.apache.tomcat.util.net.SocketEvent;
2584:             1             48  [Lorg.hibernate.validator.internal.metadata.location.ConstraintLocation$ConstraintLocationKind;
2585:             2             48  [Lorg.hibernate.validator.internal.util.ConcurrentReferenceHashMap$Option;
2586:             1             48  [Lorg.redisson.api.RScript$ReturnType;
2587:             2             48  [Lorg.springframework.aop.ClassFilter;
2588:             2             48  [Lorg.springframework.boot.actuate.autoconfigure.info.InfoContributorFallback;
2589:             2             48  [Lorg.springframework.boot.actuate.endpoint.ApiVersion;
2590:             2             48  [Lorg.springframework.boot.actuate.endpoint.annotation.Selector$Match;
2591:             2             48  [Lorg.springframework.boot.autoconfigure.thread.Threading;
2592:             2             48  [Lorg.springframework.boot.context.properties.bind.Bindable$BindRestriction;
2593:             2             48  [Lorg.springframework.boot.context.properties.source.PropertyMapper;
2594:             1             48  [Lorg.springframework.boot.convert.DurationStyle$Unit;
2595:             1             48  [Lorg.springframework.cglib.proxy.CallbackInfo;
2596:             2             48  [Lorg.springframework.context.annotation.AdviceMode;
2597:             2             48  [Lorg.springframework.data.web.config.EnableSpringDataWebSupport$PageSerializationMode;
2598:             1             48  [Lorg.springframework.http.HttpMethod;
2599:             1             48  [Lorg.springframework.scheduling.support.CronField$Type;
2600:             1             48  [Lorg.springframework.scheduling.support.CronField;
2601:             2             48  [Lorg.springframework.web.servlet.handler.MappedInterceptor$PatternAdapter;
2602:             1             48  [[Ljava.lang.Object; (java.base@25)
2603:             2             48  ch.qos.logback.classic.pattern.NamedConverter$CacheMissCalculator
2604:             1             48  ch.qos.logback.classic.pattern.ThrowableProxyConverter
2605:             1             48  ch.qos.logback.core.recovery.ResilientFileOutputStream
2606:             2             48  ch.qos.logback.core.rolling.SizeAndTimeBasedFileNamingAndTriggeringPolicy$Usage
2607:             2             48  ch.qos.logback.core.subst.Node$Type
2608:             1             48  com.alibaba.fastjson2.internal.asm.Label
2609:             1             48  com.alibaba.fastjson2.writer.ObjectWriterProvider
2610:             1             48  com.esotericsoftware.kryo.io.Input
2611:             1             48  com.esotericsoftware.kryo.io.Output
2612:             2             48  com.esotericsoftware.kryo.serializers.DefaultSerializers$EnumSerializer
2613:             2             48  com.esotericsoftware.kryo.serializers.DefaultSerializers$PriorityQueueSerializer
2614:             2             48  com.esotericsoftware.kryo.serializers.ImmutableCollectionsSerializers$JdkImmutableListSerializer
2615:             2             48  com.esotericsoftware.kryo.serializers.ImmutableCollectionsSerializers$JdkImmutableSetSerializer
2616:             2             48  com.esotericsoftware.kryo.util.IntArray
2617:             2             48  com.fasterxml.jackson.databind.AnnotationIntrospector$ReferenceProperty$Type
2618:             1             48  com.fasterxml.jackson.databind.cfg.ConfigOverride$Empty
2619:             2             48  com.fasterxml.jackson.databind.deser.impl.NullsConstantProvider
2620:             2             48  com.fasterxml.jackson.databind.deser.std.StdKeyDeserializer$StringKD
2621:             1             48  com.fasterxml.jackson.databind.deser.std.UntypedObjectDeserializer
2622:             2             48  com.fasterxml.jackson.databind.ser.impl.PropertySerializerMap$Multi
2623:             2             48  com.fasterxml.jackson.databind.ser.std.BooleanSerializer
2624:             1             48  com.fasterxml.jackson.databind.util.StdDateFormat
2625:             1             48  com.flashchat.cache.config.RedisDistributedProperties
2626:             2             48  com.flashchat.chatservice.audit.hander.SensitiveWordAuditHandler$DfaAutomaton
2627:             1             48  com.flashchat.chatservice.config.MsgIdGenerator
2628:             2             48  com.flashchat.chatservice.config.RBloomFilterConfiguration$$SpringCGLIB$$FastClass$$0
2629:             2             48  com.flashchat.chatservice.config.RBloomFilterConfiguration$$SpringCGLIB$$FastClass$$1
2630:             2             48  com.flashchat.chatservice.config.RoomDelayQueueConfiguration$$SpringCGLIB$$FastClass$$0
2631:             2             48  com.flashchat.chatservice.config.RoomDelayQueueConfiguration$$SpringCGLIB$$FastClass$$1
2632:             2             48  com.flashchat.chatservice.service.persist.PersistResult$PersistMode
2633:             2             48  com.flashchat.gameservice.config.GameThreadPoolConfig$$SpringCGLIB$$FastClass$$0
2634:             2             48  com.flashchat.gameservice.config.GameThreadPoolConfig$$SpringCGLIB$$FastClass$$1
2635:             1             48  com.flashchat.gameservice.engine.WhoIsSpyEngine
2636:             3             48  com.github.benmanes.caffeine.cache.BoundedLocalCache$$Lambda/0x000000003162fb80
2637:             2             48  com.mysql.cj.conf.PropertyDefinitions$DatabaseTerm
2638:             3             48  com.mysql.cj.log.StandardLogger
2639:             3             48  com.mysql.cj.protocol.FullReadInputStream
2640:             3             48  com.mysql.cj.protocol.a.BinaryResultsetReader
2641:             3             48  com.mysql.cj.protocol.a.MultiPacketReader
2642:             3             48  com.mysql.cj.protocol.a.NativeAuthenticationProvider$$Lambda/0x00000000315be5f8
2643:             2             48  com.mysql.cj.protocol.a.NativeConstants$StringLengthDataType
2644:             3             48  com.mysql.cj.protocol.a.NativeServerSessionStateController$NativeServerSessionStateChanges
2645:             3             48  com.mysql.cj.protocol.a.SimplePacketSender
2646:             3             48  com.mysql.cj.protocol.a.TextResultsetReader
2647:             3             48  com.mysql.cj.protocol.a.authentication.AuthenticationKerberosClient$$Lambda/0x0000000031608510
2648:             3             48  com.mysql.cj.protocol.a.authentication.AuthenticationLdapSaslClientPlugin$$Lambda/0x0000000031603d40
2649:             2             48  com.sun.jmx.mbeanserver.ClassLoaderRepositorySupport$LoaderEntry (java.management@25)
2650:             1             48  com.sun.jmx.mbeanserver.DefaultMXBeanMappingFactory$Mappings (java.management@25)
2651:             1             48  com.sun.jmx.mbeanserver.MBeanIntrospector$MBeanInfoMap (java.management@25)
2652:             1             48  com.sun.jmx.mbeanserver.MBeanIntrospector$PerInterfaceMap (java.management@25)
2653:             2             48  com.sun.jmx.mbeanserver.WeakIdentityHashMap (java.management@25)
2654:             1             48  com.sun.jndi.dns.ZoneNode (jdk.naming.dns@25)
2655:             3             48  com.sun.org.apache.xerces.internal.impl.dv.dtd.ListDatatypeValidator (java.xml@25)
2656:             2             48  com.sun.xml.internal.stream.XMLInputFactoryImpl (java.xml@25)
2657:             2             48  com.zaxxer.hikari.pool.HikariPool$PoolEntryCreator
2658:             2             48  io.micrometer.common.util.internal.logging.WarnThenDebugLogger
2659:             3             48  io.micrometer.core.instrument.binder.cache.CacheMeterBinder$$Lambda/0x0000000031632f20
2660:             3             48  io.micrometer.core.instrument.binder.cache.CacheMeterBinder$$Lambda/0x00000000316358d0
2661:             3             48  io.micrometer.core.instrument.binder.cache.CacheMeterBinder$$Lambda/0x0000000031638230
2662:             3             48  io.micrometer.core.instrument.binder.cache.CacheMeterBinder$$Lambda/0x00000000316386a8
2663:             3             48  io.micrometer.core.instrument.binder.cache.CacheMeterBinder$$Lambda/0x0000000031638b20
2664:             1             48  io.micrometer.core.instrument.binder.jvm.JvmGcMetrics$GcGenerationAge$1
2665:             1             48  io.micrometer.core.instrument.binder.jvm.JvmHeapPressureMetrics
2666:             3             48  io.micrometer.core.instrument.binder.jvm.JvmHeapPressureMetrics$$Lambda/0x0000000031767c20
2667:             2             48  io.micrometer.core.instrument.config.validate.InvalidReason
2668:             2             48  io.netty.buffer.PoolArena$SizeClass
2669:             2             48  io.netty.buffer.UnreleasableByteBuf
2670:             1             48  io.netty.handler.codec.DefaultHeaders
2671:             2             48  io.netty.handler.codec.http.cookie.ClientCookieDecoder
2672:             2             48  io.netty.handler.codec.http.websocketx.WebSocketServerProtocolHandler$ServerHandshakeStateEvent
2673:             2             48  io.netty.handler.logging.ByteBufFormat
2674:             2             48  io.netty.resolver.dns.DnsNameResolverChannelStrategy
2675:             1             48  io.netty.util.ResourceLeakDetector$TraceRecord$1
2676:             1             48  io.netty.util.collection.IntObjectHashMap
2677:             3             48  io.netty.util.concurrent.PromiseTask$SentinelRunnable
2678:             2             48  io.prometheus.metrics.expositionformats.ExpositionFormats
2679:             2             48  io.prometheus.metrics.model.registry.PrometheusRegistry
2680:             2             48  jakarta.annotation.Resource$AuthenticationType
2681:             2             48  jakarta.el.ExpressionFactory$CacheValue
2682:             2             48  jakarta.el.Util$CacheValue
2683:             2             48  jakarta.validation.constraintvalidation.ValidationTarget
2684:             1             48  java.beans.BeanDescriptor (java.desktop@25)
2685:             2             48  java.io.File$PathStatus (java.base@25)
2686:             2             48  java.io.OutputStreamWriter (java.base@25)
2687:             2             48  java.lang.ClassValue$Entry (java.base@25)
2688:             3             48  java.lang.ClassValue$Identity (java.base@25)
2689:             3             48  java.lang.ClassValue$Version (java.base@25)
2690:             1             48  java.lang.NullPointerException (java.base@25)
2691:             1             48  java.lang.ProcessEnvironment (java.base@25)
2692:             2             48  java.lang.String$$StringConcat/0x0000000031260800 (java.base@25)
2693:             2             48  java.lang.String$$StringConcat/0x0000000031408000 (java.base@25)
2694:             2             48  java.lang.String$$StringConcat/0x00000000318e4000 (java.base@25)
2695:             2             48  java.lang.String$$StringConcat/0x0000000031920400 (java.base@25)
2696:             1             48  java.lang.VirtualThread$VThreadContinuation (java.base@25)
2697:             1             48  java.lang.invoke.BoundMethodHandle$Specializer$Factory (java.base@25)
2698:             3             48  java.nio.charset.CodingErrorAction (java.base@25)
2699:             2             48  java.security.Security$SecPropLoader$LoadingMode (java.base@25)
2700:             2             48  java.sql.SQLPermission (java.sql@25)
2701:             3             48  java.text.AttributedCharacterIterator$Attribute (java.base@25)
2702:             2             48  java.time.Clock$FixedClock (java.base@25)
2703:             3             48  java.time.Clock$SystemClock (java.base@25)
2704:             2             48  java.time.OffsetDateTime (java.base@25)
2705:             2             48  java.time.OffsetTime (java.base@25)
2706:             2             48  java.time.format.DateTimeFormatterBuilder$ZoneIdPrinterParser (java.base@25)
2707:             2             48  java.time.format.DateTimeTextProvider$LocaleStore (java.base@25)
2708:             3             48  java.util.Comparator$$Lambda/0x000000003102df40 (java.base@25)
2709:             3             48  java.util.IdentityHashMap$EntrySet (java.base@25)
2710:             3             48  java.util.ResourceBundle$NoFallbackControl (java.base@25)
2711:             3             48  java.util.concurrent.ConcurrentSkipListSet (java.base@25)
2712:             1             48  java.util.concurrent.locks.ReentrantReadWriteLock$FairSync (java.base@25)
2713:             2             48  java.util.logging.Logger$LoggerBundle (java.logging@25)
2714:             2             48  java.util.regex.Pattern$$Lambda/0x0000000031843238 (java.base@25)
2715:             3             48  javax.management.modelmbean.DescriptorSupport (java.management@25)
2716:             3             48  javax.xml.catalog.CatalogFeatures$Builder (java.xml@25)
2717:             2             48  jdk.internal.classfile.impl.ClassHierarchyImpl$ClassHierarchyInfoImpl (java.base@25)
2718:             1             48  jdk.internal.jimage.ImageHeader (java.base@25)
2719:             2             48  jdk.internal.misc.Signal (java.base@25)
2720:             2             48  jdk.internal.misc.Signal$NativeHandler (java.base@25)
2721:             2             48  jdk.internal.module.ModuleHashes (java.base@25)
2722:             2             48  jdk.internal.module.SystemModuleFinders$SystemModuleFinder (java.base@25)
2723:             2             48  jdk.internal.ref.CleanerImpl (java.base@25)
2724:             2             48  jdk.internal.ref.CleanerImpl$CleanableList (java.base@25)
2725:             1             48  jdk.management.jfr.FlightRecorderMXBeanImpl (jdk.management.jfr@25)
2726:             3             48  jdk.proxy1.$Proxy136 (jdk.proxy1)
2727:             3             48  jdk.proxy2.$Proxy126 (jdk.proxy2)
2728:             3             48  jdk.proxy2.$Proxy162 (jdk.proxy2)
2729:             3             48  jdk.proxy2.$Proxy37 (jdk.proxy2)
2730:             3             48  jdk.proxy2.$Proxy45 (jdk.proxy2)
2731:             3             48  jdk.proxy2.$Proxy52 (jdk.proxy2)
2732:             3             48  jdk.proxy2.$Proxy76 (jdk.proxy2)
2733:             3             48  jdk.xml.internal.TransformErrorListener (java.xml@25)
2734:             2             48  jdk.xml.internal.XMLSecurityManager$StringMapper (java.xml@25)
2735:             1             48  org.apache.catalina.core.DefaultInstanceManager
2736:             1             48  org.apache.catalina.core.StandardContextValve
2737:             1             48  org.apache.catalina.core.StandardEngineValve
2738:             1             48  org.apache.catalina.core.StandardHostValve
2739:             1             48  org.apache.catalina.mapper.MapperListener
2740:             3             48  org.apache.catalina.realm.RealmBase$AllRolesMode
2741:             1             48  org.apache.catalina.startup.Tomcat
2742:             2             48  org.apache.catalina.util.ErrorPageSupport
2743:             2             48  org.apache.catalina.util.URLEncoder
2744:             1             48  org.apache.catalina.valves.ErrorReportValve
2745:             2             48  org.apache.ibatis.ognl.internal.entry.DeclaredMethodCacheEntry$MethodType
2746:             3             48  org.apache.ibatis.ognl.internal.entry.MethodAccessEntryValue
2747:             2             48  org.apache.ibatis.reflection.DefaultReflectorFactory
2748:             2             48  org.apache.ibatis.session.LocalCacheScope
2749:             2             48  org.apache.ibatis.type.ArrayTypeHandler
2750:             2             48  org.apache.ibatis.type.BlobByteObjectArrayTypeHandler
2751:             2             48  org.apache.ibatis.type.CharacterTypeHandler
2752:             2             48  org.apache.ibatis.type.ClobTypeHandler
2753:             2             48  org.apache.ibatis.type.DateOnlyTypeHandler
2754:             2             48  org.apache.ibatis.type.DateTypeHandler
2755:             2             48  org.apache.ibatis.type.NClobTypeHandler
2756:             2             48  org.apache.ibatis.type.TimeOnlyTypeHandler
2757:             2             48  org.apache.tomcat.util.http.parser.HttpParser
2758:             1             48  org.apache.tomcat.util.modeler.AttributeInfo
2759:             1             48  org.apache.tomcat.util.net.NioEndpoint$Poller
2760:             1             48  org.apache.tomcat.util.threads.TaskQueue
2761:             2             48  org.hibernate.validator.internal.constraintvalidators.bv.size.SizeValidatorForCharSequence
2762:             1             48  org.hibernate.validator.internal.engine.ValidatorImpl
2763:             1             48  org.hibernate.validator.internal.engine.validationcontext.ValidatorScopedContext
2764:             1             48  org.hibernate.validator.internal.metadata.BeanMetaDataManagerImpl
2765:             2             48  org.hibernate.validator.internal.metadata.aggregated.NonContainerCascadingMetaData
2766:             2             48  org.hibernate.validator.internal.metadata.core.ConstraintOrigin
2767:             2             48  org.hibernate.validator.internal.metadata.descriptor.ConstraintDescriptorImpl$ConstraintType
2768:             1             48  org.hibernate.validator.internal.properties.javabean.JavaBeanGetter
2769:             3             48  org.redisson.client.codec.StringCodec$1
2770:             3             48  org.redisson.client.codec.StringCodec$2
2771:             2             48  org.redisson.client.handler.PingConnectionHandler
2772:             2             48  org.redisson.client.handler.RedisChannelInitializer$Type
2773:             2             48  org.redisson.client.protocol.QueueCommandHolder
2774:             3             48  org.redisson.client.protocol.decoder.ListResultReplayDecoder
2775:             3             48  org.redisson.client.protocol.decoder.Long2MultiDecoder
2776:             3             48  org.redisson.client.protocol.decoder.MapKeyDecoder
2777:             2             48  org.redisson.client.protocol.decoder.ScoredSortedSetScanDecoder
2778:             3             48  org.redisson.client.protocol.decoder.StreamResultDecoder
2779:             3             48  org.redisson.client.protocol.decoder.StreamResultDecoderV2
2780:             3             48  org.redisson.codec.Kryo5Codec$4
2781:             3             48  org.redisson.codec.Kryo5Codec$5
2782:             1             48  org.redisson.command.CommandAsyncService
2783:             2             48  org.redisson.command.RedisExecutor$$Lambda/0x0000000031656000
2784:             2             48  org.redisson.command.RedisExecutor$$Lambda/0x00000000316573e0
2785:             2             48  org.redisson.config.Protocol
2786:             2             48  org.redisson.config.SslProvider
2787:             2             48  org.redisson.config.SubscriptionMode
2788:             2             48  org.redisson.connection.ConnectionEventsHub$Status
2789:             2             48  org.redisson.connection.NodeSource$Redirect
2790:             3             48  org.redisson.spring.data.connection.ScoredSortedSingleReplayDecoder
2791:             3             48  org.slf4j.helpers.BasicMarkerFactory
2792:             2             48  org.slf4j.helpers.Reporter$TargetChoice
2793:             2             48  org.springframework.aop.support.ComposablePointcut
2794:             2             48  org.springframework.beans.TypeConverterDelegate
2795:             2             48  org.springframework.beans.propertyeditors.ByteArrayPropertyEditor
2796:             2             48  org.springframework.beans.propertyeditors.CharArrayPropertyEditor
2797:             2             48  org.springframework.beans.propertyeditors.CharsetEditor
2798:             2             48  org.springframework.beans.propertyeditors.CurrencyEditor
2799:             2             48  org.springframework.beans.propertyeditors.LocaleEditor
2800:             2             48  org.springframework.beans.propertyeditors.PropertiesEditor
2801:             2             48  org.springframework.beans.propertyeditors.TimeZoneEditor
2802:             2             48  org.springframework.beans.propertyeditors.UUIDEditor
2803:             2             48  org.springframework.beans.propertyeditors.ZoneIdEditor
2804:             2             48  org.springframework.boot.BootstrapRegistry$Scope
2805:             2             48  org.springframework.boot.actuate.autoconfigure.info.InfoContributorFallback
2806:             2             48  org.springframework.boot.actuate.autoconfigure.metrics.OnlyOnceLoggingDenyMeterFilter
2807:             2             48  org.springframework.boot.actuate.autoconfigure.metrics.export.prometheus.PrometheusProperties$HistogramFlavor
2808:             1             48  org.springframework.boot.actuate.autoconfigure.metrics.export.prometheus.PrometheusProperties$Pushgateway
2809:             3             48  org.springframework.boot.actuate.autoconfigure.web.server.OnManagementPortCondition
2810:             2             48  org.springframework.boot.actuate.endpoint.annotation.Selector$Match
2811:             3             48  org.springframework.boot.actuate.endpoint.web.EndpointMapping
2812:             3             48  org.springframework.boot.actuate.endpoint.web.servlet.SkipPathExtensionContentNegotiation
2813:             3             48  org.springframework.boot.actuate.health.AbstractHealthIndicator$$Lambda/0x0000000031741250
2814:             3             48  org.springframework.boot.actuate.health.HealthIndicatorReactiveAdapter
2815:             2             48  org.springframework.boot.actuate.health.SimpleStatusAggregator
2816:             2             48  org.springframework.boot.actuate.info.InfoPropertiesInfoContributor$Mode
2817:             3             48  org.springframework.boot.autoconfigure.condition.OnThreadingCondition
2818:             2             48  org.springframework.boot.autoconfigure.jdbc.DataSourceAutoConfiguration$PooledDataSourceCondition
2819:             2             48  org.springframework.boot.autoconfigure.reactor.ReactorProperties$ContextPropagationMode
2820:             1             48  org.springframework.boot.autoconfigure.sql.init.SqlInitializationProperties
2821:             2             48  org.springframework.boot.autoconfigure.web.ServerProperties$Jetty$Accesslog$FORMAT
2822:             2             48  org.springframework.boot.autoconfigure.web.WebProperties$LocaleResolver
2823:             2             48  org.springframework.boot.autoconfigure.web.client.NotReactiveWebApplicationCondition
2824:             1             48  org.springframework.boot.autoconfigure.web.servlet.WebMvcAutoConfiguration$WebMvcAutoConfigurationAdapter
2825:             2             48  org.springframework.boot.autoconfigure.web.servlet.WebMvcProperties$MatchingStrategy
2826:             2             48  org.springframework.boot.availability.LivenessState
2827:             2             48  org.springframework.boot.availability.ReadinessState
2828:             3             48  org.springframework.boot.context.config.ConfigData$Options
2829:             2             48  org.springframework.boot.context.config.ConfigDataEnvironmentContributor$ImportPhase
2830:             2             48  org.springframework.boot.context.config.ConfigDataLocation
2831:             2             48  org.springframework.boot.context.config.LocationResourceLoader$ResourceType
2832:             2             48  org.springframework.boot.context.properties.bind.BindConverter$TypeConverterConversionService
2833:             2             48  org.springframework.boot.context.properties.bind.BindConverter$TypeConverterConverter
2834:             2             48  org.springframework.boot.context.properties.bind.BindMethod
2835:             2             48  org.springframework.boot.context.properties.bind.ValueObjectBinder$Discoverer
2836:             2             48  org.springframework.boot.context.properties.source.DefaultPropertyMapper$LastMapping
2837:             2             48  org.springframework.boot.context.properties.source.SpringConfigurationPropertySources
2838:             2             48  org.springframework.boot.convert.CharSequenceToObjectConverter
2839:             2             48  org.springframework.boot.loader.zip.NameOffsetLookups
2840:             2             48  org.springframework.boot.logging.LoggerGroup
2841:             1             48  org.springframework.boot.logging.logback.ExtendedWhitespaceThrowableProxyConverter
2842:             2             48  org.springframework.boot.origin.OriginTrackedResource
2843:             2             48  org.springframework.boot.web.server.Shutdown
2844:             1             48  org.springframework.boot.web.servlet.filter.OrderedCharacterEncodingFilter
2845:             1             48  org.springframework.boot.web.servlet.filter.OrderedFormContentFilter
2846:             1             48  org.springframework.boot.web.servlet.filter.OrderedRequestContextFilter
2847:             2             48  org.springframework.boot.web.servlet.server.Encoding$Type
2848:             2             48  org.springframework.context.annotation.AdviceMode
2849:             2             48  org.springframework.context.annotation.ConfigurationCondition$ConfigurationPhase
2850:             3             48  org.springframework.context.expression.BeanFactoryResolver
2851:             2             48  org.springframework.context.support.ApplicationListenerDetector
2852:             2             48  org.springframework.core.NamedInheritableThreadLocal
2853:             2             48  org.springframework.core.ResolvableType$WildcardBounds$Kind
2854:             2             48  org.springframework.core.annotation.AnnotationTypeMappings$Cache
2855:             2             48  org.springframework.core.annotation.MergedAnnotation$Adapt
2856:             2             48  org.springframework.core.codec.ByteArrayDecoder
2857:             2             48  org.springframework.core.codec.ByteArrayEncoder
2858:             2             48  org.springframework.core.codec.ByteBufferDecoder
2859:             2             48  org.springframework.core.codec.ByteBufferEncoder
2860:             2             48  org.springframework.core.codec.DataBufferDecoder
2861:             2             48  org.springframework.core.codec.DataBufferEncoder
2862:             2             48  org.springframework.core.codec.NettyByteBufDecoder
2863:             2             48  org.springframework.core.codec.NettyByteBufEncoder
2864:             2             48  org.springframework.core.codec.ResourceDecoder
2865:             2             48  org.springframework.core.codec.ResourceEncoder
2866:             2             48  org.springframework.core.codec.ResourceRegionEncoder
2867:             2             48  org.springframework.core.convert.support.GenericConversionService
2868:             2             48  org.springframework.core.convert.support.GenericConversionService$ConverterCacheKey
2869:             2             48  org.springframework.core.env.CommandLineArgs
2870:             2             48  org.springframework.core.env.PropertiesPropertySource
2871:             2             48  org.springframework.core.type.classreading.CachingMetadataReaderFactory
2872:             2             48  org.springframework.core.type.filter.AnnotationTypeFilter
2873:             1             48  org.springframework.dao.annotation.PersistenceExceptionTranslationPostProcessor
2874:             3             48  org.springframework.data.convert.CustomConversions$$Lambda/0x000000003153df48
2875:             3             48  org.springframework.data.convert.CustomConversions$$Lambda/0x000000003153e198
2876:             3             48  org.springframework.data.convert.CustomConversions$$Lambda/0x000000003153e3e8
2877:             2             48  org.springframework.data.convert.CustomConversions$StoreConversions
2878:             2             48  org.springframework.data.convert.MappingContextTypeInformationMapper
2879:             3             48  org.springframework.data.convert.PropertyValueConverterFactories$SimplePropertyConverterFactory
2880:             3             48  org.springframework.data.convert.SimplePropertyValueConverterRegistry
2881:             2             48  org.springframework.data.convert.SimpleTypeInformationMapper
2882:             2             48  org.springframework.data.domain.PageRequest
2883:             2             48  org.springframework.data.domain.Sort$Direction
2884:             2             48  org.springframework.data.mapping.context.PersistentPropertyPathFactory
2885:             2             48  org.springframework.data.mapping.model.InstantiationAwarePropertyAccessorFactory
2886:             3             48  org.springframework.data.redis.connection.convert.ListConverter
2887:             3             48  org.springframework.data.redis.connection.convert.SetConverter
2888:             2             48  org.springframework.data.redis.connection.stream.StreamReadOptions
2889:             2             48  org.springframework.data.redis.core.DefaultReactiveGeoOperations
2890:             2             48  org.springframework.data.redis.core.DefaultReactiveHashOperations
2891:             2             48  org.springframework.data.redis.core.DefaultReactiveHyperLogLogOperations
2892:             2             48  org.springframework.data.redis.core.DefaultReactiveListOperations
2893:             2             48  org.springframework.data.redis.core.DefaultReactiveSetOperations
2894:             2             48  org.springframework.data.redis.core.DefaultReactiveStreamOperations
2895:             2             48  org.springframework.data.redis.core.DefaultReactiveValueOperations
2896:             2             48  org.springframework.data.redis.core.DefaultReactiveZSetOperations
2897:             1             48  org.springframework.data.redis.core.RedisKeyValueTemplate
2898:             2             48  org.springframework.data.redis.core.convert.DefaultRedisTypeMapper$BucketTypeAliasAccessor
2899:             2             48  org.springframework.data.redis.core.convert.MappingConfiguration
2900:             2             48  org.springframework.data.redis.core.script.DefaultReactiveScriptExecutor
2901:             1             48  org.springframework.data.redis.listener.RedisMessageListenerContainer$BlockingSubscriber
2902:             1             48  org.springframework.data.redis.serializer.GenericJackson2JsonRedisSerializer$TypeResolverBuilder
2903:             1             48  org.springframework.data.web.PageableHandlerMethodArgumentResolver
2904:             2             48  org.springframework.data.web.config.EnableSpringDataWebSupport$PageSerializationMode
2905:             1             48  org.springframework.data.web.config.SpringDataWebConfiguration
2906:             2             48  org.springframework.expression.spel.support.StandardTypeLocator
2907:             3             48  org.springframework.format.datetime.DateTimeFormatAnnotationFormatterFactory
2908:             3             48  org.springframework.format.datetime.standard.DateTimeConverters$CalendarToInstantConverter
2909:             3             48  org.springframework.format.datetime.standard.DateTimeConverters$CalendarToLocalDateConverter
2910:             3             48  org.springframework.format.datetime.standard.DateTimeConverters$CalendarToLocalDateTimeConverter
2911:             3             48  org.springframework.format.datetime.standard.DateTimeConverters$CalendarToLocalTimeConverter
2912:             3             48  org.springframework.format.datetime.standard.DateTimeConverters$CalendarToOffsetDateTimeConverter
2913:             3             48  org.springframework.format.datetime.standard.DateTimeConverters$CalendarToZonedDateTimeConverter
2914:             3             48  org.springframework.format.datetime.standard.DateTimeConverters$InstantToLongConverter
2915:             3             48  org.springframework.format.datetime.standard.DateTimeConverters$LocalDateTimeToLocalDateConverter
2916:             3             48  org.springframework.format.datetime.standard.DateTimeConverters$LocalDateTimeToLocalTimeConverter
2917:             3             48  org.springframework.format.datetime.standard.DateTimeConverters$LongToInstantConverter
2918:             3             48  org.springframework.format.datetime.standard.DateTimeConverters$OffsetDateTimeToInstantConverter
2919:             3             48  org.springframework.format.datetime.standard.DateTimeConverters$OffsetDateTimeToLocalDateConverter
2920:             3             48  org.springframework.format.datetime.standard.DateTimeConverters$OffsetDateTimeToLocalDateTimeConverter
2921:             3             48  org.springframework.format.datetime.standard.DateTimeConverters$OffsetDateTimeToLocalTimeConverter
2922:             3             48  org.springframework.format.datetime.standard.DateTimeConverters$OffsetDateTimeToZonedDateTimeConverter
2923:             3             48  org.springframework.format.datetime.standard.DateTimeConverters$ZonedDateTimeToInstantConverter
2924:             3             48  org.springframework.format.datetime.standard.DateTimeConverters$ZonedDateTimeToLocalDateConverter
2925:             3             48  org.springframework.format.datetime.standard.DateTimeConverters$ZonedDateTimeToLocalDateTimeConverter
2926:             3             48  org.springframework.format.datetime.standard.DateTimeConverters$ZonedDateTimeToLocalTimeConverter
2927:             3             48  org.springframework.format.datetime.standard.DateTimeConverters$ZonedDateTimeToOffsetDateTimeConverter
2928:             3             48  org.springframework.format.datetime.standard.DurationFormatter
2929:             3             48  org.springframework.format.datetime.standard.InstantFormatter
2930:             3             48  org.springframework.format.datetime.standard.Jsr310DateTimeFormatAnnotationFormatterFactory
2931:             3             48  org.springframework.format.datetime.standard.MonthDayFormatter
2932:             3             48  org.springframework.format.datetime.standard.MonthFormatter
2933:             3             48  org.springframework.format.datetime.standard.PeriodFormatter
2934:             3             48  org.springframework.format.datetime.standard.YearFormatter
2935:             3             48  org.springframework.format.datetime.standard.YearMonthFormatter
2936:             3             48  org.springframework.format.number.NumberFormatAnnotationFormatterFactory
2937:             2             48  org.springframework.http.ReadOnlyHttpHeaders
2938:             2             48  org.springframework.http.codec.FormHttpMessageWriter
2939:             2             48  org.springframework.http.codec.ResourceHttpMessageReader
2940:             2             48  org.springframework.http.codec.ResourceHttpMessageWriter
2941:             2             48  org.springframework.http.codec.ServerSentEventHttpMessageReader
2942:             2             48  org.springframework.http.codec.multipart.FileStorage$TempFileStorage
2943:             2             48  org.springframework.http.codec.multipart.MultipartHttpMessageReader
2944:             2             48  org.springframework.http.codec.protobuf.ProtobufDecoder
2945:             2             48  org.springframework.http.codec.protobuf.ProtobufHttpMessageWriter
2946:             2             48  org.springframework.http.codec.support.DefaultClientCodecConfigurer
2947:             2             48  org.springframework.http.server.DefaultPathContainer$DefaultSeparator
2948:             1             48  org.springframework.jdbc.support.JdbcTransactionManager
2949:             3             48  org.springframework.jmx.export.annotation.AnnotationJmxAttributeSource
2950:             2             48  org.springframework.objenesis.SpringObjenesis
2951:             2             48  org.springframework.scheduling.annotation.AbstractAsyncConfiguration$$Lambda/0x0000000031312ab8
2952:             1             48  org.springframework.scheduling.concurrent.ReschedulingRunnable
2953:             1             48  org.springframework.transaction.interceptor.AbstractFallbackTransactionAttributeSource$1
2954:             1             48  org.springframework.transaction.interceptor.TransactionInterceptor
2955:             2             48  org.springframework.util.ConcurrentReferenceHashMap$ReferenceType
2956:             2             48  org.springframework.util.ConcurrentReferenceHashMap$Restructure
2957:             2             48  org.springframework.validation.DefaultMessageCodesResolver
2958:             1             48  org.springframework.web.accept.ContentNegotiationManagerFactoryBean
2959:             2             48  org.springframework.web.cors.CorsConfiguration$OriginPattern
2960:             1             48  org.springframework.web.filter.ServerHttpObservationFilter
2961:             2             48  org.springframework.web.method.HandlerTypePredicate
2962:             2             48  org.springframework.web.method.annotation.AbstractNamedValueMethodArgumentResolver$NamedValueInfo
2963:             2             48  org.springframework.web.method.annotation.ExceptionHandlerMethodResolver
2964:             2             48  org.springframework.web.method.annotation.ExpressionValueMethodArgumentResolver
2965:             3             48  org.springframework.web.method.annotation.MapMethodProcessor
2966:             2             48  org.springframework.web.reactive.function.client.DefaultExchangeStrategiesBuilder$DefaultExchangeStrategies
2967:             2             48  org.springframework.web.servlet.handler.MappedInterceptor$PatternAdapter
2968:             1             48  org.springframework.web.servlet.mvc.annotation.ResponseStatusExceptionResolver
2969:             2             48  org.springframework.web.servlet.mvc.method.annotation.MatrixVariableMethodArgumentResolver
2970:             2             48  org.springframework.web.servlet.mvc.method.annotation.PathVariableMethodArgumentResolver
2971:             3             48  org.springframework.web.servlet.mvc.method.annotation.PrincipalMethodArgumentResolver
2972:             2             48  org.springframework.web.servlet.mvc.method.annotation.RequestMappingHandlerAdapter$$Lambda/0x000000003171baf8
2973:             3             48  org.springframework.web.servlet.mvc.method.annotation.ServletRequestMethodArgumentResolver
2974:             3             48  org.springframework.web.servlet.mvc.method.annotation.ServletResponseMethodArgumentResolver
2975:             2             48  org.yaml.snakeyaml.DumperOptions$NonPrintableStyle
2976:             2             48  reactor.core.publisher.FluxCreate$CreateMode
2977:             2             48  reactor.core.scheduler.BoundedElasticScheduler$BoundedServices$BusyStates
2978:             1             48  reactor.netty.transport.logging.ReactorNettyLoggingHandler
2979:             3             48  sun.nio.ch.NioSocketImpl$$Lambda/0x00000000314ff858 (java.base@25)
2980:             3             48  sun.nio.ch.NioSocketImpl$1 (java.base@25)
2981:             3             48  sun.nio.ch.NioSocketImpl$2 (java.base@25)
2982:             3             48  sun.nio.ch.SocketDispatcher (java.base@25)
2983:             2             48  sun.security.jca.ProviderList (java.base@25)
2984:             2             48  sun.security.jca.ProviderList$2 (java.base@25)
2985:             2             48  sun.util.locale.provider.LocaleServiceProviderPool (java.base@25)
2986:             2             40  [Lch.qos.logback.core.Appender;
2987:             1             40  [Lch.qos.logback.core.pattern.parser.TokenStream$TokenizerState;
2988:             1             40  [Lch.qos.logback.core.subst.Token$Type;
2989:             1             40  [Lcom.fasterxml.jackson.annotation.JsonAutoDetect$Visibility;
2990:             1             40  [Lcom.fasterxml.jackson.annotation.JsonTypeInfo$As;
2991:             1             40  [Lcom.fasterxml.jackson.annotation.Nulls;
2992:             1             40  [Lcom.fasterxml.jackson.core.JsonEncoding;
2993:             1             40  [Lcom.fasterxml.jackson.core.JsonFactory$Feature;
2994:             1             40  [Lcom.fasterxml.jackson.core.JsonParser$NumberType;
2995:             1             40  [Lcom.fasterxml.jackson.core.json.JsonWriteFeature;
2996:             1             40  [Lcom.fasterxml.jackson.core.type.WritableTypeId$Inclusion;
2997:             1             40  [Lcom.fasterxml.jackson.databind.ObjectMapper$DefaultTyping;
2998:             1             40  [Lcom.flashchat.chatservice.dao.enums.RoomStatusEnum;
2999:             1             40  [Lcom.github.benmanes.caffeine.cache.RemovalCause;
3000:             1             40  [Lcom.mysql.cj.conf.PropertyDefinitions$SslMode;
3001:             2             40  [Lcom.sun.jmx.mbeanserver.ClassLoaderRepositorySupport$LoaderEntry; (java.management@25)
3002:             1             40  [Lcom.sun.org.apache.xerces.internal.util.Status; (java.xml@25)
3003:             1             40  [Lio.micrometer.core.instrument.Meter$Type;
3004:             1             40  [Lio.netty.handler.codec.http.websocketx.WebSocket08FrameDecoder$State;
3005:             1             40  [Lio.netty.handler.codec.http.websocketx.WebSocketVersion;
3006:             1             40  [Lio.netty.handler.logging.LogLevel;
3007:             1             40  [Lio.netty.util.internal.logging.InternalLogLevel;
3008:             1             40  [Ljakarta.servlet.http.MappingMatch;
3009:             2             40  [Ljava.beans.PropertyDescriptor; (java.desktop@25)
3010:             1             40  [Ljava.lang.Thread$State; (java.base@25)
3011:             1             40  [Ljava.lang.classfile.AttributeMapper$AttributeStability; (java.base@25)
3012:             1             40  [Ljava.lang.invoke.VarHandle$AccessType; (java.base@25)
3013:             1             40  [Ljava.lang.management.MemoryManagerMXBean; (java.management@25)
3014:             1             40  [Ljava.nio.charset.Charset; (java.base@25)
3015:             1             40  [Ljava.time.format.SignStyle; (java.base@25)
3016:             1             40  [Ljava.time.format.TextStyle; (java.base@25)
3017:             1             40  [Ljava.util.stream.StreamOpFlag; (java.base@25)
3018:             2             40  [Ljavax.management.modelmbean.ModelMBeanOperationInfo; (java.management@25)
3019:             1             40  [Ljavax.xml.catalog.CatalogFeatures$State; (java.xml@25)
3020:             1             40  [Lorg.apache.coyote.http11.Http11InputBuffer$HeaderParsePosition;
3021:             1             40  [Lorg.apache.coyote.http11.filters.ChunkedInputFilter$ParseState;
3022:             1             40  [Lorg.apache.ibatis.mapping.SqlCommandType;
3023:             1             40  [Lorg.apache.ibatis.plugin.Signature;
3024:             1             40  [Lorg.apache.tomcat.util.descriptor.web.FilterMap;
3025:             1             40  [Lorg.apache.tomcat.util.http.parser.HttpHeaderParser$HeaderParsePosition;
3026:             1             40  [Lorg.apache.tomcat.util.net.openssl.OpenSSLStatus$Name;
3027:             1             40  [Lorg.hibernate.validator.messageinterpolation.ExpressionLanguageFeatureLevel;
3028:             1             40  [Lorg.jboss.logging.Logger$Level;
3029:             1             40  [Lorg.springframework.boot.ansi.AnsiStyle;
3030:             1             40  [Lorg.springframework.boot.context.config.ConfigDataEnvironmentContributor$Kind;
3031:             2             40  [Lorg.springframework.boot.context.config.ConfigDataLocation;
3032:             1             40  [Lorg.springframework.boot.logging.logback.RollingPolicySystemProperty;
3033:             1             40  [Lorg.springframework.data.redis.connection.ReturnType;
3034:             1             40  [Lorg.springframework.http.client.observation.ClientHttpObservationDocumentation$LowCardinalityKeyNames;
3035:             1             40  [Lorg.springframework.http.server.observation.ServerHttpObservationDocumentation$LowCardinalityKeyNames;
3036:             1             40  [Lorg.springframework.util.unit.DataUnit;
3037:             1             40  [Lorg.springframework.web.reactive.function.client.ClientHttpObservationDocumentation$LowCardinalityKeyNames;
3038:             1             40  [Lorg.yaml.snakeyaml.DumperOptions$ScalarStyle;
3039:             1             40  [Lreactor.core.publisher.FluxSink$OverflowStrategy;
3040:             1             40  [Lsun.nio.fs.WindowsPathType; (java.base@25)
3041:             1             40  [Lsun.util.locale.provider.LocaleProviderAdapter$Type; (java.base@25)
3042:             1             40  [[Ljava.lang.invoke.LambdaForm$Name; (java.base@25)
3043:             1             40  ch.qos.logback.core.BasicStatusManager
3044:             1             40  cn.dev33.satoken.strategy.SaStrategy
3045:             1             40  com.alibaba.fastjson2.reader.ObjectReaderImplLocalDateTime
3046:             1             40  com.alibaba.fastjson2.writer.ObjectWriterImplLocalDateTime
3047:             1             40  com.esotericsoftware.kryo.util.IdentityObjectIntMap
3048:             1             40  com.esotericsoftware.kryo.util.ObjectMap
3049:             1             40  com.fasterxml.jackson.annotation.JsonFormat$Value
3050:             1             40  com.fasterxml.jackson.core.StreamReadConstraints
3051:             1             40  com.fasterxml.jackson.datatype.jsr310.deser.OffsetTimeDeserializer
3052:             1             40  com.fasterxml.jackson.datatype.jsr310.ser.DurationSerializer
3053:             1             40  com.fasterxml.jackson.datatype.jsr310.ser.MonthDaySerializer
3054:             1             40  com.fasterxml.jackson.datatype.jsr310.ser.OffsetTimeSerializer
3055:             1             40  com.fasterxml.jackson.datatype.jsr310.ser.YearMonthSerializer
3056:             1             40  com.fasterxml.jackson.datatype.jsr310.ser.YearSerializer
3057:             1             40  com.flashchat.chatservice.audit.AuditProperties$SensitiveWordConfig
3058:             1             40  com.flashchat.chatservice.config.FileUploadConfig$$SpringCGLIB$$0
3059:             1             40  com.flashchat.chatservice.service.impl.RoomMemberServiceImpl
3060:             1             40  com.flashchat.chatservice.websocket.handlers.NettyWebSocketServerHandler
3061:             1             40  com.flashchat.gameservice.config.GameAiProperties
3062:             1             40  com.flashchat.gameservice.config.GameThreadPoolConfig$$SpringCGLIB$$0
3063:             1             40  com.flashchat.gameservice.listener.GameEventListener
3064:             1             40  com.flashchat.gameservice.service.impl.WordPairServiceImpl
3065:             1             40  com.flashchat.userservice.service.impl.InviteCodeServiceImpl
3066:             1             40  com.mysql.cj.conf.HostInfo
3067:             1             40  com.mysql.cj.conf.url.SingleConnectionUrl
3068:             1             40  com.sun.beans.introspect.ClassInfo$1 (java.desktop@25)
3069:             1             40  com.sun.jmx.interceptor.DefaultMBeanServerInterceptor (java.management@25)
3070:             1             40  com.sun.jmx.mbeanserver.JmxMBeanServer (java.management@25)
3071:             1             40  com.sun.jmx.mbeanserver.MBeanServerDelegateImpl (java.management@25)
3072:             1             40  com.sun.management.internal.DiagnosticCommandImpl (jdk.management@25)
3073:             1             40  com.sun.org.apache.xerces.internal.impl.XMLEntityScanner$1 (java.xml@25)
3074:             1             40  com.zaxxer.hikari.util.ConcurrentBag
3075:             1             40  io.lettuce.core.resource.DefaultEventLoopGroupProvider
3076:             1             40  io.micrometer.core.instrument.binder.system.ProcessorMetrics
3077:             1             40  io.micrometer.core.instrument.distribution.TimeWindowSum
3078:             1             40  io.micrometer.observation.Observation$Context
3079:             1             40  io.netty.bootstrap.ServerBootstrap$ServerBootstrapAcceptor
3080:             1             40  io.netty.buffer.UnpooledSlicedByteBuf
3081:             1             40  io.netty.channel.group.DefaultChannelGroup
3082:             1             40  io.netty.handler.codec.http.HttpStatusClass$1
3083:             1             40  io.netty.resolver.DefaultHostsFileEntriesResolver
3084:             1             40  io.netty.util.concurrent.DefaultPromise$StacklessCancellationException
3085:             1             40  io.prometheus.metrics.config.PrometheusProperties
3086:             1             40  jakarta.servlet.MultipartConfigElement
3087:             1             40  java.beans.GenericBeanInfo (java.desktop@25)
3088:             1             40  java.beans.WeakIdentityMap$Entry (java.desktop@25)
3089:             1             40  java.io.BufferedInputStream (java.base@25)
3090:             1             40  java.io.FileNotFoundException (java.base@25)
3091:             1             40  java.io.RandomAccessFile (java.base@25)
3092:             1             40  java.lang.ArithmeticException (java.base@25)
3093:             1             40  java.lang.ArrayIndexOutOfBoundsException (java.base@25)
3094:             1             40  java.lang.ArrayStoreException (java.base@25)
3095:             1             40  java.lang.ClassCastException (java.base@25)
3096:             1             40  java.lang.InternalError (java.base@25)
3097:             1             40  java.lang.StackOverflowError (java.base@25)
3098:             1             40  java.lang.System$In (java.base@25)
3099:             1             40  java.lang.UnsupportedOperationException (java.base@25)
3100:             1             40  java.lang.invoke.VarHandleLongs$Array (java.base@25)
3101:             1             40  java.net.InetAddress$CachedLookup (java.base@25)
3102:             1             40  java.text.MessageFormat (java.base@25)
3103:             1             40  java.time.format.DateTimeFormatterBuilder$ReducedPrinterParser (java.base@25)
3104:             1             40  java.util.Collections$UnmodifiableNavigableMap$EmptyNavigableMap (java.base@25)
3105:             1             40  java.util.ResourceBundle$2 (java.base@25)
3106:             1             40  java.util.ServiceLoader$LazyClassPathLookupIterator (java.base@25)
3107:             1             40  java.util.concurrent.LinkedBlockingDeque (java.base@25)
3108:             1             40  java.util.concurrent.ThreadPerTaskExecutor (java.base@25)
3109:             1             40  java.util.concurrent.ThreadPerTaskExecutor$ThreadBoundFuture (java.base@25)
3110:             1             40  java.util.regex.Pattern$LazyLoop (java.base@25)
3111:             1             40  jdk.internal.classfile.impl.EntryMap (java.base@25)
3112:             1             40  jdk.internal.event.SecurityProviderServiceEvent (java.base@25)
3113:             1             40  jdk.internal.event.VirtualThreadEndEvent (java.base@25)
3114:             1             40  jdk.internal.event.VirtualThreadStartEvent (java.base@25)
3115:             1             40  jdk.internal.module.ArchivedModuleGraph (java.base@25)
3116:             1             40  net.sf.jsqlparser.schema.Column
3117:             1             40  org.apache.catalina.realm.MessageDigestCredentialHandler
3118:             1             40  org.apache.coyote.AbstractProtocol$RecycledProcessors
3119:             1             40  org.apache.ibatis.cache.CacheKey$1
3120:             1             40  org.apache.ibatis.ognl.OgnlParser$LookaheadSuccess
3121:             1             40  org.hibernate.validator.internal.engine.constraintvalidation.ConstraintValidatorManagerImpl
3122:             1             40  org.hibernate.validator.internal.metadata.core.AnnotationProcessingOptionsImpl
3123:             1             40  org.hibernate.validator.internal.metadata.core.ConstraintHelper
3124:             1             40  org.redisson.Redisson
3125:             1             40  org.redisson.RedissonDelayedQueue
3126:             1             40  org.redisson.RedissonDelayedQueue$1
3127:             1             40  org.redisson.connection.SequentialDnsAddressResolverFactory$1
3128:             1             40  org.redisson.misc.RedisURI
3129:             1             40  org.redisson.pubsub.PubSubConnectionEntry
3130:             1             40  org.slf4j.bridge.SLF4JBridgeHandler
3131:             1             40  org.springframework.beans.factory.annotation.InitDestroyAnnotationBeanPostProcessor$1
3132:             1             40  org.springframework.beans.propertyeditors.StringArrayPropertyEditor
3133:             1             40  org.springframework.boot.SpringApplicationShutdownHook
3134:             1             40  org.springframework.boot.actuate.autoconfigure.endpoint.web.CorsEndpointProperties
3135:             1             40  org.springframework.boot.actuate.autoconfigure.health.AutoConfiguredHealthEndpointGroup
3136:             1             40  org.springframework.boot.actuate.autoconfigure.health.HealthEndpointProperties
3137:             1             40  org.springframework.boot.actuate.autoconfigure.metrics.MeterRegistryPostProcessor
3138:             1             40  org.springframework.boot.actuate.autoconfigure.metrics.MetricsProperties
3139:             1             40  org.springframework.boot.actuate.autoconfigure.metrics.MetricsProperties$Distribution
3140:             1             40  org.springframework.boot.actuate.autoconfigure.observation.ObservationRegistryConfigurer
3141:             1             40  org.springframework.boot.actuate.autoconfigure.observation.ObservationRegistryPostProcessor
3142:             1             40  org.springframework.boot.actuate.endpoint.jmx.JmxEndpointExporter
3143:             1             40  org.springframework.boot.actuate.endpoint.web.annotation.ControllerEndpointDiscoverer
3144:             1             40  org.springframework.boot.actuate.endpoint.web.annotation.ServletEndpointDiscoverer
3145:             1             40  org.springframework.boot.actuate.endpoint.web.annotation.WebEndpointDiscoverer
3146:             1             40  org.springframework.boot.autoconfigure.data.redis.LettuceConnectionConfiguration
3147:             1             40  org.springframework.boot.autoconfigure.data.web.SpringDataWebProperties$Pageable
3148:             1             40  org.springframework.boot.autoconfigure.task.TaskExecutionProperties$Pool
3149:             1             40  org.springframework.boot.autoconfigure.web.ErrorProperties
3150:             1             40  org.springframework.boot.autoconfigure.web.ServerProperties$Jetty
3151:             1             40  org.springframework.boot.autoconfigure.web.ServerProperties$Jetty$Accesslog
3152:             1             40  org.springframework.boot.autoconfigure.web.ServerProperties$Jetty$Threads
3153:             1             40  org.springframework.boot.autoconfigure.web.ServerProperties$Netty
3154:             1             40  org.springframework.boot.autoconfigure.web.ServerProperties$Servlet
3155:             1             40  org.springframework.boot.autoconfigure.web.ServerProperties$Tomcat$Remoteip
3156:             1             40  org.springframework.boot.context.logging.LoggingApplicationListener
3157:             1             40  org.springframework.boot.context.properties.ConfigurationPropertiesBinder
3158:             1             40  org.springframework.boot.jdbc.DatabaseDriver$1
3159:             1             40  org.springframework.boot.jdbc.DatabaseDriver$2
3160:             1             40  org.springframework.boot.jdbc.DatabaseDriver$3
3161:             1             40  org.springframework.boot.jdbc.DatabaseDriver$4
3162:             1             40  org.springframework.boot.jdbc.DatabaseDriver$5
3163:             1             40  org.springframework.boot.jdbc.DatabaseDriver$6
3164:             1             40  org.springframework.boot.jdbc.DatabaseDriver$7
3165:             1             40  org.springframework.boot.loader.zip.VirtualZipDataBlock
3166:             1             40  org.springframework.boot.sql.init.DatabaseInitializationSettings
3167:             1             40  org.springframework.boot.task.SimpleAsyncTaskExecutorBuilder
3168:             1             40  org.springframework.boot.web.server.Cookie
3169:             1             40  org.springframework.boot.web.servlet.server.Session
3170:             1             40  org.springframework.boot.web.servlet.server.Session$Cookie
3171:             1             40  org.springframework.cglib.core.ClassNameReader$EarlyExitException
3172:             1             40  org.springframework.context.annotation.ConfigurationClassBeanDefinitionReader
3173:             1             40  org.springframework.context.event.EventListenerMethodProcessor
3174:             1             40  org.springframework.context.event.SimpleApplicationEventMulticaster
3175:             1             40  org.springframework.context.expression.StandardBeanExpressionResolver
3176:             1             40  org.springframework.context.support.DefaultLifecycleProcessor
3177:             1             40  org.springframework.core.codec.CharBufferDecoder
3178:             1             40  org.springframework.jndi.support.SimpleJndiBeanFactory
3179:             1             40  org.springframework.scheduling.annotation.AnnotationAsyncExecutionInterceptor
3180:             1             40  org.springframework.transaction.interceptor.BeanFactoryTransactionAttributeSourceAdvisor
3181:             1             40  org.springframework.transaction.support.TransactionTemplate
3182:             1             40  org.springframework.ui.context.support.ResourceBundleThemeSource
3183:             1             40  org.springframework.web.bind.support.ConfigurableWebBindingInitializer
3184:             1             40  org.springframework.web.servlet.mvc.support.DefaultHandlerExceptionResolver
3185:             1             40  org.springframework.web.servlet.resource.ResourceUrlProvider
3186:             1             40  reactor.core.scheduler.BoundedElasticScheduler
3187:             1             40  reactor.netty.http.client.HttpResponseDecoderSpec
3188:             1             40  sun.management.MappedMXBeanType$CompositeDataMXBeanType (java.management@25)
3189:             1             40  sun.management.MappedMXBeanType$MapMXBeanType (java.management@25)
3190:             1             40  sun.nio.cs.StandardCharsets$Aliases (java.base@25)
3191:             1             40  sun.nio.cs.StandardCharsets$Cache (java.base@25)
3192:             1             40  sun.nio.cs.StandardCharsets$Classes (java.base@25)
3193:             1             40  sun.util.locale.InternalLocaleBuilder (java.base@25)
3194:             1             40  sun.util.resources.Bundles$1 (java.base@25)
3195:             1             32  [Lch.qos.logback.classic.spi.Configurator$ExecutionStatus;
3196:             1             32  [Lch.qos.logback.core.rolling.helper.CompressionMode;
3197:             1             32  [Lch.qos.logback.core.spi.FilterReply;
3198:             1             32  [Lch.qos.logback.core.subst.Tokenizer$TokenizerState;
3199:             1             32  [Lcom.fasterxml.classmate.AnnotationInclusion;
3200:             1             32  [Lcom.fasterxml.jackson.annotation.JsonCreator$Mode;
3201:             1             32  [Lcom.fasterxml.jackson.core.Base64Variant$PaddingReadBehaviour;
3202:             1             32  [Lcom.fasterxml.jackson.core.StreamReadCapability;
3203:             1             32  [Lcom.fasterxml.jackson.core.util.Separators$Spacing;
3204:             1             32  [Lcom.fasterxml.jackson.databind.annotation.JsonSerialize$Typing;
3205:             1             32  [Lcom.fasterxml.jackson.databind.cfg.ConstructorDetector$SingleArgConstructor;
3206:             1             32  [Lcom.fasterxml.jackson.databind.jsontype.PolymorphicTypeValidator$Validity;
3207:             1             32  [Lcom.fasterxml.jackson.databind.util.AccessPattern;
3208:             1             32  [Lcom.fasterxml.jackson.databind.util.internal.PrivateMaxEntriesMap$DrainStatus;
3209:             1             32  [Lcom.fasterxml.jackson.datatype.jsr310.JavaTimeFeature;
3210:             1             32  [Lcom.flashchat.chatservice.audit.AuditResultEnum;
3211:             1             32  [Lcom.flashchat.chatservice.dao.enums.RoomMemberStatusEnum;
3212:             1             32  [Lcom.flashchat.chatservice.ratelimit.RateLimitResult;
3213:             1             32  [Lcom.mysql.cj.Query$CancelStatus;
3214:             1             32  [Lcom.mysql.cj.QueryReturnType;
3215:             1             32  [Lcom.mysql.cj.conf.ConnectionUrl$HostsCardinality;
3216:             1             32  [Lcom.mysql.cj.conf.PropertyDefinitions$AuthMech;
3217:             1             32  [Lcom.mysql.cj.conf.PropertyDefinitions$Compression;
3218:             1             32  [Lcom.mysql.cj.conf.PropertyDefinitions$XdevapiSslMode;
3219:             1             32  [Lcom.mysql.cj.conf.PropertyDefinitions$ZeroDatetimeBehavior;
3220:             1             32  [Lcom.mysql.cj.protocol.Resultset$Type;
3221:             1             32  [Lcom.mysql.cj.protocol.a.NativeConstants$StringSelfDataType;
3222:             1             32  [Lcom.mysql.cj.protocol.a.authentication.CachingSha2PasswordPlugin$AuthStage;
3223:             1             32  [Lcom.sun.beans.util.Cache$Kind; (java.desktop@25)
3224:             1             32  [Lio.micrometer.core.instrument.Counter;
3225:             1             32  [Lio.micrometer.core.instrument.Timer;
3226:             1             32  [Lio.micrometer.core.instrument.binder.jvm.JvmGcMetrics$GcGenerationAge;
3227:             1             32  [Lio.micrometer.core.instrument.config.MeterFilterReply;
3228:             2             32  [Lio.micrometer.core.instrument.distribution.CountAtBucket;
3229:             1             32  [Lio.micrometer.observation.transport.Kind;
3230:             1             32  [Lio.netty.channel.DefaultChannelPipeline$AddStrategy;
3231:             1             32  [Lio.netty.resolver.ResolvedAddressTypes;
3232:             1             32  [Lio.netty.util.ResourceLeakDetector$Level;
3233:             1             32  [Ljakarta.validation.ConstraintTarget;
3234:             1             32  [Ljakarta.validation.metadata.ValidateUnwrappedValue;
3235:             1             32  [Ljava.lang.StackStreamFactory$WalkerState; (java.base@25)
3236:             1             32  [Ljava.lang.ThreadGroup; (java.base@25)
3237:             2             32  [Ljava.lang.Throwable; (java.base@25)
3238:             1             32  [Ljava.lang.classfile.ClassFile$StackMapsOption; (java.base@25)
3239:             1             32  [Ljava.lang.invoke.MethodHandleImpl$ArrayAccess; (java.base@25)
3240:             1             32  [Ljava.lang.module.ModuleDescriptor$Modifier; (java.base@25)
3241:             1             32  [Ljava.lang.module.ModuleDescriptor$Requires$Modifier; (java.base@25)
3242:             1             32  [Ljava.lang.ref.WeakReference; (java.base@25)
3243:             1             32  [Ljava.net.Proxy$Type; (java.base@25)
3244:             1             32  [Ljava.net.StandardProtocolFamily; (java.base@25)
3245:             1             32  [Ljava.security.DrbgParameters$Capability; (java.base@25)
3246:             2             32  [Ljava.security.cert.Certificate; (java.base@25)
3247:             1             32  [Ljava.time.format.DateTimeFormatter; (java.base@25)
3248:             1             32  [Ljava.time.format.DateTimeFormatterBuilder$SettingsParser; (java.base@25)
3249:             1             32  [Ljava.time.format.FormatStyle; (java.base@25)
3250:             1             32  [Ljava.time.format.ResolverStyle; (java.base@25)
3251:             1             32  [Ljava.time.temporal.IsoFields$Field; (java.base@25)
3252:             1             32  [Ljava.time.temporal.JulianFields$Field; (java.base@25)
3253:             1             32  [Ljava.util.Locale; (java.base@25)
3254:             1             32  [Ljava.util.concurrent.ThreadPoolExecutor; (java.base@25)
3255:             1             32  [Ljava.util.regex.Pattern$Qtype; (java.base@25)
3256:             1             32  [Ljava.util.stream.MatchOps$MatchKind; (java.base@25)
3257:             1             32  [Ljava.util.stream.StreamShape; (java.base@25)
3258:             2             32  [Ljavax.management.modelmbean.ModelMBeanAttributeInfo; (java.management@25)
3259:             2             32  [Ljavax.management.modelmbean.ModelMBeanConstructorInfo; (java.management@25)
3260:             2             32  [Ljavax.management.modelmbean.ModelMBeanNotificationInfo; (java.management@25)
3261:             1             32  [Ljavax.xml.catalog.CatalogFeatures$Feature; (java.xml@25)
3262:             1             32  [Ljdk.internal.classfile.impl.AbstractPoolEntry$Utf8EntryImpl$State; (java.base@25)
3263:             1             32  [Ljdk.internal.logger.BootstrapLogger$LoggingBackend; (java.base@25)
3264:             1             32  [Ljdk.internal.module.ModuleBootstrap$IllegalNativeAccess; (java.base@25)
3265:             1             32  [Ljdk.internal.module.ServicesCatalog; (java.base@25)
3266:             1             32  [Ljdk.internal.vm.Continuation$Pinned; (java.base@25)
3267:             1             32  [Ljdk.xml.internal.JdkXmlFeatures$XmlFeature; (java.xml@25)
3268:             1             32  [Ljdk.xml.internal.XMLSecurityManager$Processor; (java.xml@25)
3269:             1             32  [Ljdk.xml.internal.XMLSecurityPropertyManager$Property; (java.xml@25)
3270:             1             32  [Lorg.apache.catalina.WebResourceRoot$ArchiveIndexStrategy;
3271:             1             32  [Lorg.apache.catalina.authenticator.AuthenticatorBase$AllowCorsPreflight;
3272:             1             32  [Lorg.apache.coyote.ContinueResponseTiming;
3273:             1             32  [Lorg.apache.coyote.ErrorState;
3274:             1             32  [Lorg.apache.coyote.http11.Http11InputBuffer$HeaderParseStatus;
3275:             1             32  [Lorg.apache.ibatis.mapping.ParameterMode;
3276:             1             32  [Lorg.apache.ibatis.mapping.ResultSetType;
3277:             1             32  [Lorg.apache.ibatis.mapping.StatementType;
3278:             1             32  [Lorg.apache.ibatis.session.AutoMappingBehavior;
3279:             1             32  [Lorg.apache.ibatis.session.AutoMappingUnknownColumnBehavior;
3280:             1             32  [Lorg.apache.ibatis.session.ExecutorType;
3281:             1             32  [Lorg.apache.tomcat.util.buf.EncodedSolidusHandling;
3282:             1             32  [Lorg.apache.tomcat.util.http.ConcurrentDateFormat;
3283:             1             32  [Lorg.apache.tomcat.util.http.SameSiteCookies;
3284:             1             32  [Lorg.apache.tomcat.util.http.parser.HttpHeaderParser$HeaderParseStatus;
3285:             1             32  [Lorg.apache.tomcat.util.http.parser.SkipResult;
3286:             1             32  [Lorg.apache.tomcat.util.log.UserDataHelper$Config;
3287:             1             32  [Lorg.apache.tomcat.util.log.UserDataHelper$Mode;
3288:             1             32  [Lorg.apache.tomcat.util.net.AbstractEndpoint$BindState;
3289:             1             32  [Lorg.apache.tomcat.util.net.Acceptor$AcceptorState;
3290:             1             32  [Lorg.apache.tomcat.util.net.SendfileState;
3291:             1             32  [Lorg.hibernate.validator.constraints.CompositionType;
3292:             1             32  [Lorg.hibernate.validator.internal.metadata.raw.ConfigurationSource;
3293:             1             32  [Lorg.hibernate.validator.internal.util.ConcurrentReferenceHashMap$ReferenceType;
3294:             1             32  [Lorg.redisson.api.BatchOptions$ExecutionMode;
3295:             1             32  [Lorg.redisson.api.NodeType;
3296:             1             32  [Lorg.redisson.client.RedisConnection$Status;
3297:             1             32  [Lorg.redisson.config.ReadMode;
3298:             1             32  [Lorg.redisson.config.TransportMode;
3299:             1             32  [Lorg.redisson.liveobject.core.RedissonObjectBuilder$ReferenceType;
3300:             1             32  [Lorg.slf4j.helpers.Reporter$Level;
3301:             1             32  [Lorg.springframework.beans.factory.config.YamlProcessor$ResolutionMethod;
3302:             1             32  [Lorg.springframework.boot.Banner$Mode;
3303:             1             32  [Lorg.springframework.boot.WebApplicationType;
3304:             1             32  [Lorg.springframework.boot.actuate.autoconfigure.metrics.MeterRegistryPostProcessor$CompositeMeterRegistries;
3305:             1             32  [Lorg.springframework.boot.actuate.endpoint.web.WebEndpointHttpMethod;
3306:             1             32  [Lorg.springframework.boot.actuate.metrics.export.prometheus.PrometheusPushGatewayManager$ShutdownOperation;
3307:             1             32  [Lorg.springframework.boot.ansi.AnsiOutput$Enabled;
3308:             1             32  [Lorg.springframework.boot.autoconfigure.web.ErrorProperties$IncludeAttribute;
3309:             1             32  [Lorg.springframework.boot.context.properties.source.ConfigurationPropertyName$Form;
3310:             1             32  [Lorg.springframework.boot.context.properties.source.ConfigurationPropertyState;
3311:             1             32  [Lorg.springframework.boot.jdbc.DataSourceBuilder$DataSourceProperty;
3312:             1             32  [Lorg.springframework.boot.jdbc.EmbeddedDatabaseConnection;
3313:             1             32  [Lorg.springframework.boot.loader.zip.ZipContent$Kind;
3314:             1             32  [Lorg.springframework.boot.loader.zip.ZipString$CompareType;
3315:             1             32  [Lorg.springframework.boot.sql.init.DatabaseInitializationMode;
3316:             1             32  [Lorg.springframework.boot.web.servlet.ServletContextInitializer;
3317:             1             32  [Lorg.springframework.cglib.proxy.Callback;
3318:             1             32  [Lorg.springframework.core.annotation.MergedAnnotations$SearchStrategy;
3319:             1             32  [Lorg.springframework.core.annotation.TypeMappedAnnotations$IsPresent;
3320:             1             32  [Lorg.springframework.data.convert.CustomConversions$ConverterRegistrationIntent$ConverterOrigin;
3321:             1             32  [Lorg.springframework.data.geo.Metrics;
3322:             1             32  [Lorg.springframework.data.repository.config.BootstrapMode;
3323:             1             32  [Lorg.springframework.data.util.NullableWrapperConverters$WrapperType$Cardinality;
3324:             1             32  [Lorg.springframework.expression.spel.SpelCompilerMode;
3325:             1             32  [Lorg.springframework.jmx.support.RegistrationPolicy;
3326:             1             32  [Lorg.springframework.scheduling.support.ScheduledTaskObservationDocumentation$LowCardinalityKeyNames;
3327:             1             32  [Lorg.springframework.security.crypto.bcrypt.BCryptPasswordEncoder$BCryptVersion;
3328:             1             32  [Lorg.springframework.util.ConcurrentLruCache$CacheEntryState;
3329:             1             32  [Lorg.springframework.util.ConcurrentLruCache$DrainStatus;
3330:             1             32  [Lorg.springframework.web.context.request.async.StandardServletAsyncWebRequest$State;
3331:             1             32  [Lorg.springframework.web.context.request.async.WebAsyncManager$State;
3332:             1             32  [Lorg.springframework.web.util.DefaultUriBuilderFactory$EncodingMode;
3333:             1             32  [Lorg.yaml.snakeyaml.DumperOptions$FlowStyle;
3334:             1             32  [Lorg.yaml.snakeyaml.DumperOptions$LineBreak;
3335:             1             32  [Lorg.yaml.snakeyaml.comments.CommentType;
3336:             1             32  [Lorg.yaml.snakeyaml.introspector.BeanAccess;
3337:             2             32  [Lreactor.core.publisher.SinkManyBestEffort$DirectInner;
3338:             2             32  [Lreactor.core.scheduler.BoundedElasticScheduler$BoundedState;
3339:             1             32  [Lreactor.netty.transport.logging.AdvancedByteBufFormat;
3340:             1             32  [Lsun.misc.Unsafe$MemoryAccessOption; (jdk.unsupported@25)
3341:             2             32  [Lsun.reflect.annotation.TypeAnnotation; (java.base@25)
3342:             1             32  ch.qos.logback.classic.jul.LevelChangePropagator
3343:             2             32  ch.qos.logback.classic.pattern.EnsureExceptionHandling
3344:             2             32  ch.qos.logback.classic.pattern.TargetLengthBasedClassNameAbbreviator
3345:             1             32  ch.qos.logback.classic.spi.LoggerContextVO
3346:             1             32  ch.qos.logback.classic.util.ContextInitializer
3347:             1             32  ch.qos.logback.core.helpers.CyclicBuffer
3348:             1             32  ch.qos.logback.core.rolling.helper.Compressor
3349:             2             32  ch.qos.logback.core.spi.FilterAttachableImpl
3350:             2             32  ch.qos.logback.core.spi.LogbackLock
3351:             2             32  ch.qos.logback.core.util.StatusPrinter2
3352:             1             32  cn.dev33.satoken.config.SaCookieConfig
3353:             1             32  cn.dev33.satoken.dao.SaTokenDaoRedisJackson
3354:             1             32  cn.dev33.satoken.strategy.SaAnnotationStrategy
3355:             2             32  com.alibaba.fastjson2.function.impl.ToBoolean
3356:             2             32  com.alibaba.fastjson2.function.impl.ToByte
3357:             2             32  com.alibaba.fastjson2.function.impl.ToDouble
3358:             2             32  com.alibaba.fastjson2.function.impl.ToFloat
3359:             2             32  com.alibaba.fastjson2.function.impl.ToInteger
3360:             2             32  com.alibaba.fastjson2.function.impl.ToLong
3361:             2             32  com.alibaba.fastjson2.function.impl.ToShort
3362:             1             32  com.baomidou.mybatisplus.core.MybatisMapperRegistry
3363:             1             32  com.baomidou.mybatisplus.core.config.GlobalConfig$Sequence
3364:             1             32  com.baomidou.mybatisplus.core.enums.WrapperKeyword
3365:             1             32  com.baomidou.mybatisplus.extension.plugins.inner.PaginationInnerInterceptor
3366:             2             32  com.esotericsoftware.kryo.SerializerFactory$FieldSerializerFactory
3367:             2             32  com.esotericsoftware.kryo.serializers.DefaultSerializers$BitSetSerializer
3368:             2             32  com.esotericsoftware.kryo.serializers.DefaultSerializers$BooleanSerializer
3369:             2             32  com.esotericsoftware.kryo.serializers.DefaultSerializers$ByteSerializer
3370:             2             32  com.esotericsoftware.kryo.serializers.DefaultSerializers$CharSerializer
3371:             2             32  com.esotericsoftware.kryo.serializers.DefaultSerializers$DoubleSerializer
3372:             2             32  com.esotericsoftware.kryo.serializers.DefaultSerializers$FloatSerializer
3373:             2             32  com.esotericsoftware.kryo.serializers.DefaultSerializers$IntSerializer
3374:             2             32  com.esotericsoftware.kryo.serializers.DefaultSerializers$LongSerializer
3375:             2             32  com.esotericsoftware.kryo.serializers.DefaultSerializers$PatternSerializer
3376:             2             32  com.esotericsoftware.kryo.serializers.DefaultSerializers$ShortSerializer
3377:             2             32  com.esotericsoftware.kryo.serializers.DefaultSerializers$StringSerializer
3378:             2             32  com.esotericsoftware.kryo.serializers.DefaultSerializers$URISerializer
3379:             2             32  com.esotericsoftware.kryo.serializers.DefaultSerializers$UUIDSerializer
3380:             2             32  com.esotericsoftware.kryo.serializers.DefaultSerializers$VoidSerializer
3381:             1             32  com.fasterxml.classmate.TypeBindings
3382:             1             32  com.fasterxml.jackson.databind.ObjectWriter$GeneratorSettings
3383:             1             32  com.fasterxml.jackson.databind.cfg.DatatypeFeatures
3384:             1             32  com.fasterxml.jackson.databind.deser.std.JsonNodeDeserializer
3385:             1             32  com.fasterxml.jackson.databind.introspect.DefaultAccessorNamingStrategy$Provider
3386:             2             32  com.fasterxml.jackson.databind.ser.impl.PropertySerializerMap$Empty
3387:             1             32  com.fasterxml.jackson.databind.ser.std.CalendarSerializer
3388:             1             32  com.fasterxml.jackson.databind.ser.std.DateSerializer
3389:             1             32  com.fasterxml.jackson.databind.ser.std.EnumSerializer
3390:             1             32  com.fasterxml.jackson.databind.ser.std.NumberSerializers$FloatSerializer
3391:             1             32  com.fasterxml.jackson.databind.ser.std.NumberSerializers$IntLikeSerializer
3392:             1             32  com.fasterxml.jackson.databind.ser.std.NumberSerializers$ShortSerializer
3393:             1             32  com.fasterxml.jackson.datatype.jsr310.deser.DurationDeserializer
3394:             1             32  com.fasterxml.jackson.datatype.jsr310.deser.MonthDayDeserializer
3395:             1             32  com.fasterxml.jackson.datatype.jsr310.deser.YearDeserializer
3396:             1             32  com.fasterxml.jackson.datatype.jsr310.deser.YearMonthDeserializer
3397:             1             32  com.flashchat.aggregation.AggregationServiceApplication$$SpringCGLIB$$0
3398:             1             32  com.flashchat.cache.config.LocalCacheManager
3399:             1             32  com.flashchat.cache.config.RedisDistributedProperties$LocalCacheProperties
3400:             1             32  com.flashchat.chatservice.ChatServiceApplication$$SpringCGLIB$$0
3401:             1             32  com.flashchat.chatservice.audit.hander.SensitiveWordAuditHandler
3402:             1             32  com.flashchat.chatservice.config.AsyncConfiguration$$SpringCGLIB$$0
3403:             1             32  com.flashchat.chatservice.config.DataBaseConfiguration$$SpringCGLIB$$0
3404:             1             32  com.flashchat.chatservice.config.FlashChatPropertiesConfig$$SpringCGLIB$$0
3405:             1             32  com.flashchat.chatservice.config.RBloomFilterConfiguration$$SpringCGLIB$$0
3406:             1             32  com.flashchat.chatservice.config.RoomDelayQueueConfiguration$$SpringCGLIB$$0
3407:             1             32  com.flashchat.chatservice.config.WebSocketThreadPoolConfig$$SpringCGLIB$$0
3408:             1             32  com.flashchat.chatservice.delay.consumer.RoomDelayConsumer
3409:             1             32  com.flashchat.chatservice.ratelimit.RateLimitProperties
3410:             1             32  com.flashchat.chatservice.service.dispatch.RoomSerialLock
3411:             1             32  com.flashchat.chatservice.service.impl.MessagePersistServiceImpl
3412:             1             32  com.flashchat.chatservice.service.impl.SystemMessageServiceImpl
3413:             1             32  com.flashchat.chatservice.service.impl.UnreadServiceImpl
3414:             1             32  com.flashchat.chatservice.stream.MessageStreamConsumer
3415:             1             32  com.flashchat.gameservice.GameServiceApplication$$SpringCGLIB$$0
3416:             1             32  com.flashchat.gameservice.config.GamePropertiesConfig$$SpringCGLIB$$0
3417:             1             32  com.flashchat.gameservice.service.impl.GameDescriptionServiceImpl
3418:             1             32  com.flashchat.gameservice.service.impl.GamePersistServiceImpl
3419:             1             32  com.flashchat.gameservice.service.impl.GamePlayerServiceImpl
3420:             1             32  com.flashchat.gameservice.service.impl.GameRoundServiceImpl
3421:             1             32  com.flashchat.gameservice.service.impl.GameVoteServiceImpl
3422:             1             32  com.flashchat.userservice.UserServiceApplication$$SpringCGLIB$$0
3423:             1             32  com.flashchat.userservice.config.SecurityConfiguration$$SpringCGLIB$$0
3424:             1             32  com.flashchat.userservice.controller.AccountController
3425:             1             32  com.github.benmanes.caffeine.cache.NodeFactory$DeadWeakKey
3426:             1             32  com.github.benmanes.caffeine.cache.NodeFactory$RetiredWeakKey
3427:             1             32  com.sun.beans.finder.BeanInfoFinder (java.desktop@25)
3428:             1             32  com.sun.beans.introspect.ClassInfo (java.desktop@25)
3429:             1             32  com.sun.beans.util.Cache$CacheEntry (java.desktop@25)
3430:             1             32  com.sun.jmx.mbeanserver.Repository (java.management@25)
3431:             2             32  com.sun.org.apache.xerces.internal.impl.dv.dtd.ENTITYDatatypeValidator (java.xml@25)
3432:             2             32  com.sun.proxy.jdk.proxy1.$Proxy158 (jdk.proxy1)
3433:             2             32  com.sun.xml.internal.stream.StaxEntityResolverWrapper (java.xml@25)
3434:             1             32  com.zaxxer.hikari.pool.HikariPool$HouseKeeper
3435:             1             32  com.zaxxer.hikari.pool.ProxyLeakTask$1
3436:             2             32  io.lettuce.core.event.DefaultEventPublisherOptions
3437:             1             32  io.lettuce.core.metrics.DefaultCommandLatencyCollectorOptions
3438:             1             32  io.lettuce.core.metrics.MicrometerCommandLatencyRecorder
3439:             1             32  io.lettuce.core.tracing.NoOpTracing
3440:             2             32  io.micrometer.core.instrument.MeterRegistry$Config
3441:             2             32  io.micrometer.core.instrument.MeterRegistry$More
3442:             1             32  io.micrometer.core.instrument.binder.system.FileDescriptorMetrics
3443:             1             32  io.micrometer.core.instrument.binder.tomcat.TomcatMetrics
3444:             2             32  io.micrometer.core.instrument.distribution.pause.NoPauseDetector
3445:             1             32  io.micrometer.observation.NoopObservationConfig
3446:             2             32  io.micrometer.observation.SimpleObservationRegistry
3447:             2             32  io.netty.bootstrap.Bootstrap$ExternalAddressResolver
3448:             1             32  io.netty.buffer.ByteBufInputStream
3449:             1             32  io.netty.buffer.ByteBufOutputStream
3450:             2             32  io.netty.handler.codec.DecoderResult
3451:             2             32  io.netty.handler.codec.http.cookie.ClientCookieEncoder
3452:             1             32  io.netty.handler.codec.http2.Http2StreamFrameToHttpObjectCodec
3453:             1             32  io.netty.handler.logging.LoggingHandler
3454:             1             32  io.netty.util.concurrent.DefaultEventExecutorGroup
3455:             2             32  io.netty.util.concurrent.FastThreadLocal
3456:             2             32  io.netty.util.internal.logging.Slf4JLoggerFactory
3457:             1             32  io.prometheus.metrics.config.ExporterFilterProperties
3458:             2             32  io.prometheus.metrics.expositionformats.OpenMetricsTextFormatWriter
3459:             2             32  io.prometheus.metrics.expositionformats.PrometheusProtobufWriter
3460:             2             32  io.prometheus.metrics.expositionformats.PrometheusTextFormatWriter
3461:             1             32  java.beans.ThreadGroupContext (java.desktop@25)
3462:             1             32  java.beans.ThreadGroupContext$1 (java.desktop@25)
3463:             1             32  java.io.ByteArrayInputStream (java.base@25)
3464:             1             32  java.io.FileOutputStream (java.base@25)
3465:             2             32  java.lang.Boolean (java.base@25)
3466:             1             32  java.lang.Module$ArchivedData (java.base@25)
3467:             1             32  java.lang.ProcessHandleImpl (java.base@25)
3468:             2             32  java.lang.Shutdown$Lock (java.base@25)
3469:             1             32  java.lang.invoke.SimpleMethodHandle (java.base@25)
3470:             2             32  java.lang.ref.Cleaner (java.base@25)
3471:             1             32  java.net.InetAddress$CachedLocalHost (java.base@25)
3472:             2             32  java.nio.ByteOrder (java.base@25)
3473:             2             32  java.nio.file.attribute.PosixFilePermissions$1 (java.base@25)
3474:             1             32  java.text.DontCareFieldPosition (java.base@25)
3475:             2             32  java.time.format.DateTimeFormatterBuilder$1 (java.base@25)
3476:             2             32  java.util.AbstractMap$1 (java.base@25)
3477:             2             32  java.util.IdentityHashMap$Values (java.base@25)
3478:             2             32  java.util.ResourceBundle$SingleFormatControl (java.base@25)
3479:             1             32  java.util.ServiceLoader$ModuleServicesLookupIterator (java.base@25)
3480:             2             32  java.util.WeakHashMap$EntrySet (java.base@25)
3481:             2             32  java.util.concurrent.Semaphore (java.base@25)
3482:             1             32  java.util.concurrent.ThreadLocalRandom (java.base@25)
3483:             1             32  java.util.regex.Pattern$BnM (java.base@25)
3484:             2             32  javax.naming.CompositeName (java.naming@25)
3485:             1             32  jdk.internal.loader.ArchivedClassLoaders (java.base@25)
3486:             1             32  jdk.internal.loader.URLClassPath$JarLoader (java.base@25)
3487:             2             32  jdk.internal.math.DoubleToDecimal (java.base@25)
3488:             2             32  jdk.internal.module.ModuleTarget (java.base@25)
3489:             2             32  jdk.internal.reflect.ReflectionFactory$Config (java.base@25)
3490:             2             32  jdk.internal.util.ReferencedKeySet (java.base@25)
3491:             1             32  jdk.net.ExtendedSocketOptions$1 (jdk.net@25)
3492:             2             32  jdk.proxy2.$Proxy105 (jdk.proxy2)
3493:             2             32  jdk.proxy2.$Proxy114 (jdk.proxy2)
3494:             2             32  jdk.proxy2.$Proxy120 (jdk.proxy2)
3495:             2             32  jdk.proxy2.$Proxy127 (jdk.proxy2)
3496:             2             32  jdk.proxy2.$Proxy142 (jdk.proxy2)
3497:             2             32  jdk.proxy2.$Proxy15 (jdk.proxy2)
3498:             2             32  jdk.proxy2.$Proxy155 (jdk.proxy2)
3499:             2             32  jdk.proxy2.$Proxy164 (jdk.proxy2)
3500:             2             32  jdk.proxy2.$Proxy23 (jdk.proxy2)
3501:             2             32  jdk.proxy2.$Proxy31 (jdk.proxy2)
3502:             2             32  jdk.proxy2.$Proxy50 (jdk.proxy2)
3503:             2             32  jdk.proxy2.$Proxy59 (jdk.proxy2)
3504:             2             32  jdk.proxy2.$Proxy62 (jdk.proxy2)
3505:             2             32  jdk.proxy2.$Proxy65 (jdk.proxy2)
3506:             2             32  jdk.proxy2.$Proxy75 (jdk.proxy2)
3507:             2             32  jdk.proxy2.$Proxy81 (jdk.proxy2)
3508:             2             32  jdk.proxy2.$Proxy86 (jdk.proxy2)
3509:             2             32  jdk.proxy2.$Proxy88 (jdk.proxy2)
3510:             1             32  jdk.xml.internal.JdkXmlConfig (java.xml@25)
3511:             1             32  org.apache.catalina.authenticator.jaspic.AuthConfigFactoryImpl
3512:             1             32  org.apache.catalina.mapper.Mapper
3513:             1             32  org.apache.catalina.mapper.Mapper$MappedHost
3514:             1             32  org.apache.coyote.AbstractProtocol$ConnectionHandler
3515:             1             32  org.apache.coyote.CompressionConfig
3516:             2             32  org.apache.ibatis.ognl.OgnlRuntime$ClassPropertyMethodCache
3517:             1             32  org.apache.ibatis.reflection.MetaObject
3518:             2             32  org.apache.ibatis.reflection.factory.DefaultObjectFactory
3519:             2             32  org.apache.ibatis.reflection.wrapper.DefaultObjectWrapperFactory
3520:             1             32  org.apache.ibatis.type.TypeHandlerRegistry
3521:             1             32  org.apache.ibatis.type.UnknownTypeHandler
3522:             1             32  org.apache.tomcat.util.collections.ManagedConcurrentWeakHashMap
3523:             1             32  org.apache.tomcat.util.collections.SynchronizedQueue
3524:             1             32  org.apache.tomcat.util.descriptor.web.ErrorPage
3525:             1             32  org.apache.tomcat.util.descriptor.web.LoginConfig
3526:             1             32  org.apache.tomcat.util.net.Acceptor
3527:             1             32  org.apache.tomcat.util.net.NioChannel
3528:             1             32  org.apache.tomcat.util.net.NioChannel$1
3529:             1             32  org.apache.tomcat.util.scan.StandardJarScanner
3530:             1             32  org.apache.tomcat.util.threads.LimitLatch
3531:             1             32  org.apache.tomcat.util.threads.LimitLatch$Sync
3532:             1             32  org.apache.tomcat.websocket.server.WsWriteTimeout
3533:             2             32  org.hibernate.validator.internal.constraintvalidators.bv.NotBlankValidator
3534:             1             32  org.hibernate.validator.internal.engine.ConstraintCreationContext
3535:             1             32  org.hibernate.validator.internal.engine.ValidatorFactoryImpl$BeanMetaDataManagerKey
3536:             1             32  org.hibernate.validator.internal.engine.constraintvalidation.HibernateConstraintValidatorInitializationContextImpl
3537:             1             32  org.hibernate.validator.internal.engine.scripting.DefaultScriptEvaluatorFactory
3538:             1             32  org.hibernate.validator.internal.engine.valueextraction.ValueExtractorResolver
3539:             1             32  org.hibernate.validator.internal.metadata.aggregated.FieldCascadable
3540:             1             32  org.hibernate.validator.internal.metadata.provider.AnnotationMetaDataProvider
3541:             1             32  org.hibernate.validator.internal.metadata.raw.BeanConfiguration
3542:             1             32  org.hibernate.validator.internal.properties.javabean.JavaBeanConstructor
3543:             1             32  org.mybatis.spring.SqlSessionTemplate
3544:             2             32  org.objenesis.strategy.StdInstantiatorStrategy
3545:             1             32  org.redisson.RedissonBlockingQueue
3546:             1             32  org.redisson.client.codec.DoubleCodec
3547:             1             32  org.redisson.client.codec.LongCodec
3548:             1             32  org.redisson.client.handler.RedisPubSubConnectionHandler
3549:             2             32  org.redisson.client.protocol.convertor.TrueReplayConvertor
3550:             2             32  org.redisson.client.protocol.decoder.ClusterNodesDecoder
3551:             2             32  org.redisson.client.protocol.decoder.ObjectMapEntryReplayDecoder
3552:             2             32  org.redisson.client.protocol.decoder.ObjectMapReplayDecoder2
3553:             2             32  org.redisson.client.protocol.decoder.RankedEntryDecoder
3554:             2             32  org.redisson.client.protocol.decoder.RedisURIDecoder
3555:             2             32  org.redisson.client.protocol.decoder.ScoredSortedSetPolledObjectDecoder
3556:             2             32  org.redisson.client.protocol.decoder.StringDataDecoder
3557:             2             32  org.redisson.client.protocol.decoder.StringListListReplayDecoder
3558:             2             32  org.redisson.client.protocol.decoder.StringMapReplayDecoder
3559:             2             32  org.redisson.client.protocol.decoder.TimeLongObjectDecoder
3560:             2             32  org.redisson.codec.Kryo5Codec$SimpleInstantiatorStrategy
3561:             2             32  org.redisson.command.RedisExecutor$$Lambda/0x0000000031656240
3562:             2             32  org.redisson.command.RedisExecutor$$Lambda/0x0000000031657620
3563:             1             32  org.redisson.command.RedisExecutor$$Lambda/0x0000000031657a98
3564:             1             32  org.redisson.connection.pool.MasterConnectionPool
3565:             1             32  org.redisson.connection.pool.MasterPubSubConnectionPool
3566:             1             32  org.redisson.connection.pool.PubSubConnectionPool
3567:             1             32  org.redisson.connection.pool.SlaveConnectionPool
3568:             1             32  org.redisson.liveobject.core.RedissonObjectBuilder
3569:             1             32  org.redisson.misc.RandomXoshiro256PlusPlus
3570:             2             32  org.redisson.spring.data.connection.GeoResultsDecoder
3571:             2             32  org.redisson.spring.data.connection.ObjectMapEntryReplayDecoder
3572:             2             32  org.redisson.spring.data.connection.PointDecoder
3573:             2             32  org.redisson.spring.data.connection.PropertiesListDecoder
3574:             2             32  org.redisson.spring.data.connection.ScoredSortedListReplayDecoder
3575:             2             32  org.redisson.spring.data.connection.ScoredSortedSingleBlockingReplayDecoder
3576:             2             32  org.redisson.spring.data.connection.SingleMapEntryDecoder
3577:             1             32  org.redisson.spring.starter.RedissonAutoConfigurationV2
3578:             2             32  org.slf4j.helpers.ThreadLocalMapOfStacks
3579:             1             32  org.springframework.aop.support.MethodMatchers$ClassFilterAwareUnionMethodMatcher
3580:             1             32  org.springframework.beans.factory.support.AbstractBeanFactory$BeanPostProcessorCache
3581:             1             32  org.springframework.beans.factory.support.BeanDefinitionDefaults
3582:             2             32  org.springframework.beans.factory.support.NullBean
3583:             1             32  org.springframework.boot.DefaultApplicationArguments$Source
3584:             2             32  org.springframework.boot.LazyInitializationExcludeFilter$$Lambda/0x00000000317665e0
3585:             1             32  org.springframework.boot.actuate.autoconfigure.endpoint.jmx.DefaultEndpointObjectNameFactory
3586:             1             32  org.springframework.boot.actuate.autoconfigure.endpoint.web.WebEndpointProperties
3587:             1             32  org.springframework.boot.actuate.autoconfigure.health.AutoConfiguredHealthContributorRegistry
3588:             1             32  org.springframework.boot.actuate.autoconfigure.health.AutoConfiguredReactiveHealthContributorRegistry
3589:             2             32  org.springframework.boot.actuate.autoconfigure.metrics.export.OnMetricsExportEnabledCondition
3590:             1             32  org.springframework.boot.actuate.autoconfigure.metrics.export.prometheus.PrometheusProperties
3591:             1             32  org.springframework.boot.actuate.autoconfigure.observation.ObservationProperties
3592:             1             32  org.springframework.boot.actuate.autoconfigure.web.server.ManagementContextAutoConfiguration$SameManagementContextConfiguration$1
3593:             1             32  org.springframework.boot.actuate.autoconfigure.web.server.ManagementServerProperties
3594:             1             32  org.springframework.boot.actuate.context.properties.ConfigurationPropertiesReportEndpoint
3595:             2             32  org.springframework.boot.actuate.endpoint.Sanitizer
3596:             1             32  org.springframework.boot.actuate.endpoint.jmx.EndpointMBean
3597:             1             32  org.springframework.boot.actuate.endpoint.jmx.annotation.JmxEndpointDiscoverer
3598:             2             32  org.springframework.boot.actuate.endpoint.web.WebServerNamespace
3599:             2             32  org.springframework.boot.actuate.health.SimpleStatusAggregator$StatusComparator
3600:             1             32  org.springframework.boot.actuate.jdbc.DataSourceHealthIndicator
3601:             1             32  org.springframework.boot.actuate.management.HeapDumpWebEndpoint
3602:             1             32  org.springframework.boot.actuate.metrics.data.MetricsRepositoryMethodInvocationListener
3603:             1             32  org.springframework.boot.actuate.metrics.export.prometheus.PrometheusOutputFormat$1
3604:             1             32  org.springframework.boot.actuate.metrics.export.prometheus.PrometheusOutputFormat$2
3605:             1             32  org.springframework.boot.actuate.metrics.export.prometheus.PrometheusOutputFormat$3
3606:             1             32  org.springframework.boot.actuate.metrics.startup.StartupTimeMetricsListener
3607:             2             32  org.springframework.boot.actuate.metrics.startup.StartupTimeMetricsListener$$Lambda/0x00000000317a06c0
3608:             1             32  org.springframework.boot.actuate.system.DiskSpaceHealthIndicator
3609:             1             32  org.springframework.boot.autoconfigure.condition.ConditionEvaluationReport
3610:             2             32  org.springframework.boot.autoconfigure.condition.OnResourceCondition
3611:             1             32  org.springframework.boot.autoconfigure.jmx.JmxProperties
3612:             1             32  org.springframework.boot.autoconfigure.jmx.ParentAwareNamingStrategy
3613:             1             32  org.springframework.boot.autoconfigure.task.TaskExecutionProperties
3614:             1             32  org.springframework.boot.autoconfigure.task.TaskSchedulingProperties
3615:             1             32  org.springframework.boot.autoconfigure.web.ServerProperties$Undertow$Accesslog
3616:             1             32  org.springframework.boot.autoconfigure.web.WebProperties$Resources
3617:             1             32  org.springframework.boot.autoconfigure.web.format.WebConversionService
3618:             1             32  org.springframework.boot.autoconfigure.web.servlet.MultipartProperties
3619:             1             32  org.springframework.boot.autoconfigure.web.servlet.ServletWebServerFactoryCustomizer
3620:             1             32  org.springframework.boot.autoconfigure.web.servlet.error.DefaultErrorViewResolver
3621:             1             32  org.springframework.boot.cloud.CloudPlatform$7
3622:             2             32  org.springframework.boot.context.config.ConfigData$AlwaysPropertySourceOptions
3623:             2             32  org.springframework.boot.context.properties.bind.BindConverter
3624:             1             32  org.springframework.boot.context.properties.bind.Binder
3625:             2             32  org.springframework.boot.convert.CharArrayFormatter
3626:             1             32  org.springframework.boot.convert.DurationStyle$1
3627:             1             32  org.springframework.boot.convert.DurationStyle$2
3628:             2             32  org.springframework.boot.convert.DurationToNumberConverter
3629:             2             32  org.springframework.boot.convert.DurationToStringConverter
3630:             2             32  org.springframework.boot.convert.InetAddressFormatter
3631:             2             32  org.springframework.boot.convert.InputStreamSourceToByteArrayConverter
3632:             2             32  org.springframework.boot.convert.IsoOffsetFormatter
3633:             2             32  org.springframework.boot.convert.LenientBooleanToEnumConverterFactory
3634:             2             32  org.springframework.boot.convert.LenientStringToEnumConverterFactory
3635:             2             32  org.springframework.boot.convert.NumberToDataSizeConverter
3636:             2             32  org.springframework.boot.convert.NumberToDurationConverter
3637:             2             32  org.springframework.boot.convert.NumberToPeriodConverter
3638:             2             32  org.springframework.boot.convert.PeriodToStringConverter
3639:             2             32  org.springframework.boot.convert.StringToFileConverter
3640:             1             32  org.springframework.boot.env.SystemEnvironmentPropertySourceEnvironmentPostProcessor$OriginAwareSystemEnvironmentPropertySource
3641:             2             32  org.springframework.boot.jdbc.metadata.CompositeDataSourcePoolMetadataProvider
3642:             2             32  org.springframework.boot.loader.net.protocol.nested.Handler
3643:             1             32  org.springframework.boot.logging.logback.ApplicationNameConverter
3644:             1             32  org.springframework.boot.logging.logback.LogbackLoggingSystem$1
3645:             1             32  org.springframework.boot.task.SimpleAsyncTaskSchedulerBuilder
3646:             1             32  org.springframework.boot.task.TaskSchedulerBuilder
3647:             1             32  org.springframework.boot.task.ThreadPoolTaskSchedulerBuilder
3648:             1             32  org.springframework.boot.web.embedded.tomcat.TomcatWebServer
3649:             1             32  org.springframework.boot.web.server.Compression
3650:             2             32  org.springframework.boot.web.server.MimeMappings
3651:             1             32  org.springframework.boot.web.servlet.context.ApplicationServletEnvironment
3652:             1             32  org.springframework.boot.web.servlet.server.Encoding
3653:             1             32  org.springframework.cglib.core.AbstractClassGenerator$ClassLoaderData
3654:             2             32  org.springframework.cglib.core.AbstractClassGenerator$Source
3655:             2             32  org.springframework.cglib.proxy.DispatcherGenerator
3656:             1             32  org.springframework.context.annotation.AnnotatedBeanDefinitionReader
3657:             2             32  org.springframework.context.annotation.ConditionEvaluator
3658:             1             32  org.springframework.context.annotation.ConfigurationClassParser$ImportStack
3659:             1             32  org.springframework.context.event.EventExpressionEvaluator
3660:             2             32  org.springframework.context.expression.BeanExpressionContextAccessor
3661:             2             32  org.springframework.context.expression.BeanFactoryAccessor
3662:             2             32  org.springframework.context.expression.EnvironmentAccessor
3663:             2             32  org.springframework.context.expression.MapAccessor
3664:             2             32  org.springframework.context.expression.StandardBeanExpressionResolver$$Lambda/0x00000000311aad50
3665:             1             32  org.springframework.context.support.DelegatingMessageSource
3666:             1             32  org.springframework.context.support.PropertySourcesPlaceholderConfigurer$1
3667:             2             32  org.springframework.core.annotation.MergedAnnotationPredicates$$Lambda/0x0000000031700ee8
3668:             1             32  org.springframework.core.annotation.TypeMappedAnnotations$Aggregate
3669:             2             32  org.springframework.core.convert.support.GenericConversionService$NoOpConverter
3670:             2             32  org.springframework.core.env.MutablePropertySources
3671:             1             32  org.springframework.core.env.SimpleCommandLinePropertySource
3672:             1             32  org.springframework.core.io.FileUrlResource
3673:             2             32  org.springframework.data.convert.DefaultTypeMapper$$Lambda/0x0000000031548b50
3674:             2             32  org.springframework.data.domain.ManagedTypes$$Lambda/0x0000000031542550
3675:             1             32  org.springframework.data.keyvalue.core.DefaultIdentifierGenerator
3676:             2             32  org.springframework.data.redis.connection.DefaultStringRedisConnection$TupleConverter
3677:             2             32  org.springframework.data.redis.connection.convert.MapConverter
3678:             1             32  org.springframework.data.redis.core.DefaultStreamOperations$5
3679:             2             32  org.springframework.data.redis.core.convert.BinaryConverters$StringToBytesConverter
3680:             2             32  org.springframework.data.redis.core.convert.KeyspaceConfiguration
3681:             1             32  org.springframework.data.redis.core.convert.PathIndexResolver
3682:             2             32  org.springframework.data.redis.core.index.IndexConfiguration
3683:             2             32  org.springframework.data.redis.core.mapping.RedisMappingContext$ConfigAwareKeySpaceResolver
3684:             1             32  org.springframework.data.redis.serializer.GenericJackson2JsonRedisSerializer
3685:             1             32  org.springframework.data.repository.support.DomainClassConverter
3686:             2             32  org.springframework.data.util.CustomCollections$SearchableTypes
3687:             2             32  org.springframework.expression.spel.support.StandardTypeConverter
3688:             2             32  org.springframework.http.client.observation.DefaultClientRequestObservationConvention
3689:             1             32  org.springframework.http.client.reactive.ReactorClientHttpConnector
3690:             2             32  org.springframework.http.codec.multipart.DefaultPartHttpMessageReader$$Lambda/0x00000000316c0230
3691:             2             32  org.springframework.http.codec.protobuf.ProtobufEncoder
3692:             2             32  org.springframework.http.codec.support.BaseCodecConfigurer$$Lambda/0x00000000316c8268
3693:             2             32  org.springframework.http.codec.support.BaseDefaultCodecs$$Lambda/0x00000000316c6db0
3694:             2             32  org.springframework.http.server.PathContainer$Options
3695:             2             32  org.springframework.http.server.observation.DefaultServerRequestObservationConvention
3696:             1             32  org.springframework.jmx.export.assembler.MetadataMBeanInfoAssembler
3697:             2             32  org.springframework.objenesis.strategy.StdInstantiatorStrategy
3698:             1             32  org.springframework.scheduling.config.TaskSchedulerRouter
3699:             1             32  org.springframework.scheduling.support.SimpleTriggerContext
3700:             1             32  org.springframework.security.crypto.bcrypt.BCryptPasswordEncoder
3701:             1             32  org.springframework.transaction.annotation.AnnotationTransactionAttributeSource
3702:             1             32  org.springframework.util.UnmodifiableMultiValueMap
3703:             1             32  org.springframework.util.backoff.FixedBackOff
3704:             2             32  org.springframework.validation.beanvalidation.MethodValidationAdapter$$Lambda/0x0000000031320b50
3705:             2             32  org.springframework.web.method.annotation.RequestParamMapMethodArgumentResolver
3706:             2             32  org.springframework.web.method.support.HandlerMethodReturnValueHandlerComposite
3707:             2             32  org.springframework.web.reactive.function.client.DefaultClientRequestObservationConvention
3708:             1             32  org.springframework.web.servlet.config.annotation.AsyncSupportConfigurer
3709:             2             32  org.springframework.web.servlet.mvc.condition.HeadersRequestCondition
3710:             1             32  org.springframework.web.servlet.mvc.condition.PatternsRequestCondition
3711:             2             32  org.springframework.web.servlet.mvc.method.annotation.JsonViewResponseBodyAdvice
3712:             2             32  org.springframework.web.servlet.mvc.method.annotation.MatrixVariableMapMethodArgumentResolver
3713:             2             32  org.springframework.web.servlet.mvc.method.annotation.ModelAndViewMethodReturnValueHandler
3714:             2             32  org.springframework.web.servlet.mvc.method.annotation.PathVariableMapMethodArgumentResolver
3715:             2             32  org.springframework.web.servlet.mvc.method.annotation.RedirectAttributesMethodArgumentResolver
3716:             1             32  org.springframework.web.servlet.mvc.method.annotation.ServletCookieValueMethodArgumentResolver
3717:             2             32  org.springframework.web.servlet.mvc.method.annotation.ViewMethodReturnValueHandler
3718:             2             32  org.springframework.web.servlet.mvc.method.annotation.ViewNameMethodReturnValueHandler
3719:             1             32  org.springframework.web.servlet.view.BeanNameViewResolver
3720:             1             32  org.springframework.web.servlet.view.DefaultRequestToViewNameTranslator
3721:             1             32  org.springframework.web.util.DefaultUriBuilderFactory
3722:             2             32  reactor.core.publisher.MonoCallable
3723:             1             32  reactor.core.publisher.SinkManySerialized
3724:             2             32  reactor.core.publisher.SinksSpecs$UnicastSpecImpl
3725:             1             32  reactor.core.scheduler.BoundedElasticScheduler$BoundedServices$1
3726:             1             32  reactor.core.scheduler.ReactorThreadFactory
3727:             1             32  reactor.netty.http.HttpResources
3728:             1             32  sun.management.MappedMXBeanType$InProgress (java.management@25)
3729:             2             32  sun.net.www.protocol.file.Handler (java.base@25)
3730:             2             32  sun.net.www.protocol.jrt.Handler (java.base@25)
3731:             1             32  sun.nio.ch.NativeThreadSet (java.base@25)
3732:             1             32  sun.nio.cs.ext.ExtendedCharsets (jdk.charsets@25)
3733:             1             24  [Lch.qos.logback.core.joran.spi.ConsoleTarget;
3734:             1             24  [Lch.qos.logback.core.rolling.SizeAndTimeBasedFileNamingAndTriggeringPolicy$Usage;
3735:             1             24  [Lch.qos.logback.core.subst.Node$Type;
3736:             1             24  [Lcom.baomidou.mybatisplus.core.enums.WrapperKeyword;
3737:             1             24  [Lcom.fasterxml.jackson.core.StreamWriteCapability;
3738:             1             24  [Lcom.fasterxml.jackson.databind.AnnotationIntrospector$ReferenceProperty$Type;
3739:             1             24  [Lcom.flashchat.chatservice.dao.enums.RoomMemberMuteStatusEnum;
3740:             1             24  [Lcom.flashchat.chatservice.dao.enums.RoomMemberRoleEnum;
3741:             1             24  [Lcom.flashchat.chatservice.service.persist.PersistResult$PersistMode;
3742:             1             24  [Lcom.flashchat.userservice.dao.enums.AccountStatusEnum;
3743:             1             24  [Lcom.github.benmanes.caffeine.cache.DisabledScheduler;
3744:             1             24  [Lcom.github.benmanes.caffeine.cache.SingletonWeigher;
3745:             1             24  [Lcom.github.benmanes.caffeine.cache.SystemTicker;
3746:             1             24  [Lcom.mysql.cj.conf.PropertyDefinitions$DatabaseTerm;
3747:             1             24  [Lcom.mysql.cj.protocol.Resultset$Concurrency;
3748:             1             24  [Lcom.mysql.cj.protocol.a.NativeConstants$StringLengthDataType;
3749:             1             24  [Lio.lettuce.core.event.jfr.NoOpEventRecorder;
3750:             1             24  [Lio.lettuce.core.resource.DefaultNettyCustomizer;
3751:             1             24  [Lio.lettuce.core.resource.DefaultThreadFactoryProvider;
3752:             1             24  [Lio.lettuce.core.resource.DnsResolvers;
3753:             1             24  [Lio.lettuce.core.resource.UnavailableResources;
3754:             1             24  [Lio.lettuce.core.tracing.NoOpTracing;
3755:             1             24  [Lio.micrometer.core.instrument.config.validate.InvalidReason;
3756:             1             24  [Lio.netty.buffer.PoolArena$SizeClass;
3757:             1             24  [Lio.netty.handler.codec.http.websocketx.WebSocketServerProtocolHandler$ServerHandshakeStateEvent;
3758:             1             24  [Lio.netty.handler.logging.ByteBufFormat;
3759:             1             24  [Lio.netty.resolver.dns.DnsNameResolverChannelStrategy;
3760:             1             24  [Ljava.io.File$PathStatus; (java.base@25)
3761:             1             24  [Ljava.lang.StackWalker$ExtendedOption; (java.base@25)
3762:             1             24  [Ljava.lang.management.MemoryType; (java.management@25)
3763:             1             24  [Ljava.net.InetSocketAddress; (java.base@25)
3764:             1             24  [Ljava.net.SocketAddress; (java.base@25)
3765:             1             24  [Ljava.nio.charset.spi.CharsetProvider; (java.base@25)
3766:             1             24  [Ljava.security.Security$SecPropLoader$LoadingMode; (java.base@25)
3767:             1             24  [Ljava.time.temporal.IsoFields$Unit; (java.base@25)
3768:             1             24  [Ljava.util.Comparators$NaturalOrderComparator; (java.base@25)
3769:             1             24  [Ljava.util.Locale$Category; (java.base@25)
3770:             1             24  [Ljava.util.jar.Manifest; (java.base@25)
3771:             1             24  [Lorg.apache.catalina.Service;
3772:             1             24  [Lorg.apache.catalina.WebResource;
3773:             1             24  [Lorg.apache.catalina.connector.Connector;
3774:             1             24  [Lorg.apache.catalina.mapper.Mapper$ContextVersion;
3775:             1             24  [Lorg.apache.catalina.mapper.Mapper$MappedContext;
3776:             1             24  [Lorg.apache.catalina.mapper.Mapper$MappedHost;
3777:             1             24  [Lorg.apache.ibatis.executor.ExecutionPlaceholder;
3778:             1             24  [Lorg.apache.ibatis.ognl.internal.entry.DeclaredMethodCacheEntry$MethodType;
3779:             1             24  [Lorg.apache.ibatis.plugin.Interceptor;
3780:             1             24  [Lorg.apache.ibatis.session.LocalCacheScope;
3781:             1             24  [Lorg.apache.tomcat.util.buf.UEncoder$SafeCharsSet;
3782:             1             24  [Lorg.apache.tomcat.util.http.CookiesWithoutEquals;
3783:             1             24  [Lorg.hibernate.validator.internal.metadata.core.ConstraintOrigin;
3784:             1             24  [Lorg.hibernate.validator.internal.metadata.descriptor.ConstraintDescriptorImpl$ConstraintType;
3785:             1             24  [Lorg.redisson.client.handler.RedisChannelInitializer$Type;
3786:             1             24  [Lorg.redisson.config.Protocol;
3787:             1             24  [Lorg.redisson.config.SslProvider;
3788:             1             24  [Lorg.redisson.config.SubscriptionMode;
3789:             1             24  [Lorg.redisson.connection.ConnectionEventsHub$Status;
3790:             1             24  [Lorg.redisson.connection.NodeSource$Redirect;
3791:             1             24  [Lorg.slf4j.helpers.Reporter$TargetChoice;
3792:             1             24  [Lorg.springframework.boot.BootstrapRegistry$Scope;
3793:             1             24  [Lorg.springframework.boot.actuate.autoconfigure.metrics.export.prometheus.PrometheusProperties$HistogramFlavor;
3794:             1             24  [Lorg.springframework.boot.actuate.info.InfoPropertiesInfoContributor$Mode;
3795:             1             24  [Lorg.springframework.boot.autoconfigure.condition.ConditionMessage$Style;
3796:             1             24  [Lorg.springframework.boot.autoconfigure.condition.FilteringSpringBootCondition$ClassNameFilter;
3797:             1             24  [Lorg.springframework.boot.autoconfigure.reactor.ReactorProperties$ContextPropagationMode;
3798:             1             24  [Lorg.springframework.boot.autoconfigure.web.ServerProperties$Jetty$Accesslog$FORMAT;
3799:             1             24  [Lorg.springframework.boot.autoconfigure.web.WebProperties$LocaleResolver;
3800:             1             24  [Lorg.springframework.boot.autoconfigure.web.servlet.WebMvcProperties$MatchingStrategy;
3801:             1             24  [Lorg.springframework.boot.availability.LivenessState;
3802:             1             24  [Lorg.springframework.boot.availability.ReadinessState;
3803:             1             24  [Lorg.springframework.boot.context.ConfigurationWarningsApplicationContextInitializer$Check;
3804:             1             24  [Lorg.springframework.boot.context.config.ConfigDataEnvironmentContributor$ImportPhase;
3805:             1             24  [Lorg.springframework.boot.context.config.ConfigDataNotFoundAction;
3806:             1             24  [Lorg.springframework.boot.context.config.LocationResourceLoader$ResourceType;
3807:             1             24  [Lorg.springframework.boot.context.config.Profiles$Type;
3808:             1             24  [Lorg.springframework.boot.context.properties.bind.BindMethod;
3809:             1             24  [Lorg.springframework.boot.convert.DurationStyle;
3810:             1             24  [Lorg.springframework.boot.web.server.Shutdown;
3811:             1             24  [Lorg.springframework.boot.web.servlet.server.Encoding$Type;
3812:             1             24  [Lorg.springframework.context.annotation.ConfigurationCondition$ConfigurationPhase;
3813:             1             24  [Lorg.springframework.core.NativeDetector$Context;
3814:             1             24  [Lorg.springframework.core.ResolvableType$WildcardBounds$Kind;
3815:             1             24  [Lorg.springframework.core.annotation.IntrospectionFailureLogger;
3816:             1             24  [Lorg.springframework.data.convert.Jsr310Converters$DateToInstantConverter;
3817:             1             24  [Lorg.springframework.data.convert.Jsr310Converters$DateToLocalDateConverter;
3818:             1             24  [Lorg.springframework.data.convert.Jsr310Converters$DateToLocalDateTimeConverter;
3819:             1             24  [Lorg.springframework.data.convert.Jsr310Converters$DateToLocalTimeConverter;
3820:             1             24  [Lorg.springframework.data.convert.Jsr310Converters$DurationToStringConverter;
3821:             1             24  [Lorg.springframework.data.convert.Jsr310Converters$InstantToDateConverter;
3822:             1             24  [Lorg.springframework.data.convert.Jsr310Converters$InstantToLocalDateTimeConverter;
3823:             1             24  [Lorg.springframework.data.convert.Jsr310Converters$LocalDateTimeToDateConverter;
3824:             1             24  [Lorg.springframework.data.convert.Jsr310Converters$LocalDateTimeToInstantConverter;
3825:             1             24  [Lorg.springframework.data.convert.Jsr310Converters$LocalDateToDateConverter;
3826:             1             24  [Lorg.springframework.data.convert.Jsr310Converters$LocalTimeToDateConverter;
3827:             1             24  [Lorg.springframework.data.convert.Jsr310Converters$PeriodToStringConverter;
3828:             1             24  [Lorg.springframework.data.convert.Jsr310Converters$StringToDurationConverter;
3829:             1             24  [Lorg.springframework.data.convert.Jsr310Converters$StringToInstantConverter;
3830:             1             24  [Lorg.springframework.data.convert.Jsr310Converters$StringToLocalDateConverter;
3831:             1             24  [Lorg.springframework.data.convert.Jsr310Converters$StringToLocalDateTimeConverter;
3832:             1             24  [Lorg.springframework.data.convert.Jsr310Converters$StringToPeriodConverter;
3833:             1             24  [Lorg.springframework.data.convert.Jsr310Converters$StringToZoneIdConverter;
3834:             1             24  [Lorg.springframework.data.convert.Jsr310Converters$ZoneIdToStringConverter;
3835:             1             24  [Lorg.springframework.data.domain.Sort$Direction;
3836:             1             24  [Lorg.springframework.data.geo.format.DistanceFormatter;
3837:             1             24  [Lorg.springframework.data.geo.format.PointFormatter;
3838:             1             24  [Lorg.springframework.data.keyvalue.core.DefaultIdentifierGenerator;
3839:             1             24  [Lorg.springframework.data.projection.ProxyProjectionFactory$MapAccessingMethodInterceptorFactory;
3840:             1             24  [Lorg.springframework.data.projection.ProxyProjectionFactory$PropertyAccessingMethodInvokerFactory;
3841:             1             24  [Lorg.springframework.data.redis.connection.stream.StreamOffset;
3842:             1             24  [Lorg.springframework.data.redis.core.convert.MappingRedisConverter$NaturalOrderingKeyComparator;
3843:             1             24  [Lorg.springframework.data.redis.serializer.ByteArrayRedisSerializer;
3844:             1             24  [Lorg.springframework.data.repository.support.Repositories$EmptyRepositoryFactoryInformation;
3845:             1             24  [Lorg.springframework.data.util.NullableWrapperConverters$GuavaOptionalUnwrapper;
3846:             1             24  [Lorg.springframework.data.util.NullableWrapperConverters$Jdk8OptionalUnwrapper;
3847:             1             24  [Lorg.springframework.http.client.observation.ClientHttpObservationDocumentation$HighCardinalityKeyNames;
3848:             1             24  [Lorg.springframework.http.server.observation.ServerHttpObservationDocumentation$HighCardinalityKeyNames;
3849:             1             24  [Lorg.springframework.http.server.observation.ServerHttpObservationDocumentation;
3850:             1             24  [Lorg.springframework.scheduling.support.ScheduledTaskObservationDocumentation;
3851:             1             24  [Lorg.springframework.util.ConcurrentReferenceHashMap$ReferenceType;
3852:             1             24  [Lorg.springframework.util.ConcurrentReferenceHashMap$Restructure;
3853:             1             24  [Lorg.springframework.validation.DefaultMessageCodesResolver$Format;
3854:             1             24  [Lorg.springframework.web.reactive.function.client.ClientHttpObservationDocumentation$HighCardinalityKeyNames;
3855:             1             24  [Lorg.yaml.snakeyaml.DumperOptions$NonPrintableStyle;
3856:             1             24  [Lreactor.core.publisher.FluxCreate$CreateMode;
3857:             1             24  [[Ljava.lang.annotation.Annotation; (java.base@25)
3858:             1             24  ch.qos.logback.classic.BasicConfigurator
3859:             1             24  ch.qos.logback.classic.spi.LogbackServiceProvider
3860:             1             24  ch.qos.logback.classic.spi.TurboFilterList
3861:             1             24  ch.qos.logback.classic.util.LogbackMDCAdapter
3862:             1             24  ch.qos.logback.core.rolling.helper.RenameUtil
3863:             1             24  ch.qos.logback.core.spi.ContextAwareImpl
3864:             1             24  ch.qos.logback.core.util.ExecutorServiceUtil$1
3865:             1             24  cn.dev33.satoken.config.SaSignConfig
3866:             1             24  cn.dev33.satoken.interceptor.SaInterceptor
3867:             1             24  cn.dev33.satoken.spring.context.path.ApplicationContextPathLoading
3868:             1             24  cn.dev33.satoken.stp.StpLogic
3869:             1             24  com.alibaba.fastjson2.reader.ObjectReaderBaseModule
3870:             1             24  com.alibaba.fastjson2.reader.ObjectReaderCreator
3871:             1             24  com.alibaba.fastjson2.reader.ObjectReaderCreatorASM
3872:             1             24  com.alibaba.fastjson2.writer.ObjectWriterBaseModule
3873:             1             24  com.alibaba.fastjson2.writer.ObjectWriterCreator
3874:             1             24  com.alibaba.fastjson2.writer.ObjectWriterCreatorASM
3875:             1             24  com.alibaba.ttl.TransmittableThreadLocal
3876:             1             24  com.esotericsoftware.minlog.Log$Logger
3877:             1             24  com.fasterxml.classmate.AnnotationConfiguration$StdConfiguration
3878:             1             24  com.fasterxml.classmate.util.LRUTypeCache
3879:             1             24  com.fasterxml.jackson.annotation.JsonFormat$Features
3880:             1             24  com.fasterxml.jackson.annotation.JsonIgnoreProperties$Value
3881:             1             24  com.fasterxml.jackson.annotation.JsonSetter$Value
3882:             1             24  com.fasterxml.jackson.core.ErrorReportConfiguration
3883:             1             24  com.fasterxml.jackson.core.util.MinimalPrettyPrinter
3884:             1             24  com.fasterxml.jackson.databind.AnnotationIntrospector$ReferenceProperty
3885:             1             24  com.fasterxml.jackson.databind.ObjectWriter$Prefetch
3886:             1             24  com.fasterxml.jackson.databind.cfg.ContextAttributes$Impl
3887:             1             24  com.fasterxml.jackson.databind.cfg.DefaultCacheProvider
3888:             1             24  com.fasterxml.jackson.databind.deser.impl.FailingDeserializer
3889:             1             24  com.fasterxml.jackson.databind.deser.impl.TypeWrappedDeserializer
3890:             1             24  com.fasterxml.jackson.databind.deser.std.NumberDeserializers$NumberDeserializer
3891:             1             24  com.fasterxml.jackson.databind.deser.std.StringDeserializer
3892:             1             24  com.fasterxml.jackson.databind.deser.std.UntypedObjectDeserializerNR
3893:             1             24  com.fasterxml.jackson.databind.ext.OptionalHandlerFactory
3894:             1             24  com.fasterxml.jackson.databind.introspect.JacksonAnnotationIntrospector
3895:             1             24  com.fasterxml.jackson.databind.ser.impl.FailingSerializer
3896:             1             24  com.fasterxml.jackson.databind.ser.impl.StringCollectionSerializer
3897:             1             24  com.fasterxml.jackson.databind.ser.impl.TypeWrappedSerializer
3898:             1             24  com.fasterxml.jackson.databind.ser.std.UUIDSerializer
3899:             1             24  com.fasterxml.jackson.databind.util.internal.PrivateMaxEntriesMap$DrainStatus$1
3900:             1             24  com.fasterxml.jackson.databind.util.internal.PrivateMaxEntriesMap$DrainStatus$2
3901:             1             24  com.fasterxml.jackson.databind.util.internal.PrivateMaxEntriesMap$DrainStatus$3
3902:             1             24  com.flashchat.cache.MultistageCacheProxy
3903:             1             24  com.flashchat.cache.StringRedisTemplateProxy
3904:             1             24  com.flashchat.cache.config.RedisDistributedProperties$RedisProperties
3905:             1             24  com.flashchat.chatservice.audit.AuditProperties
3906:             1             24  com.flashchat.chatservice.audit.AuditProperties$ContentLengthConfig
3907:             1             24  com.flashchat.chatservice.config.AsyncConfiguration$$SpringCGLIB$$FastClass$$0
3908:             1             24  com.flashchat.chatservice.config.AsyncConfiguration$$SpringCGLIB$$FastClass$$1
3909:             1             24  com.flashchat.chatservice.config.DataBaseConfiguration$$SpringCGLIB$$FastClass$$0
3910:             1             24  com.flashchat.chatservice.config.DataBaseConfiguration$$SpringCGLIB$$FastClass$$1
3911:             1             24  com.flashchat.chatservice.config.RoomMemberCountReconcileJob
3912:             1             24  com.flashchat.chatservice.config.UnreadCleanupJob
3913:             1             24  com.flashchat.chatservice.config.WebSocketThreadPoolConfig$$SpringCGLIB$$FastClass$$0
3914:             1             24  com.flashchat.chatservice.config.WebSocketThreadPoolConfig$$SpringCGLIB$$FastClass$$1
3915:             1             24  com.flashchat.chatservice.delay.RoomExpireCompensateJob
3916:             1             24  com.flashchat.chatservice.listener.UserEventListener
3917:             1             24  com.flashchat.chatservice.ratelimit.RedisMessageRateLimiter
3918:             1             24  com.flashchat.chatservice.service.dispatch.RoomSideEffectMailbox
3919:             1             24  com.flashchat.chatservice.service.impl.FileServiceImpl
3920:             1             24  com.flashchat.chatservice.service.impl.MessageWindowServiceImpl
3921:             1             24  com.flashchat.chatservice.websocket.NettyWebSocketServer$1
3922:             1             24  com.flashchat.chatservice.websocket.manager.RoomMemberCleanupJob
3923:             1             24  com.flashchat.gameservice.ai.AiPlayerServiceImpl
3924:             1             24  com.flashchat.gameservice.ai.llm.provider.KimiLlmClient
3925:             1             24  com.flashchat.gameservice.controller.GameController
3926:             1             24  com.flashchat.gameservice.engine.GameContextManager
3927:             1             24  com.flashchat.userservice.config.SecurityConfiguration$$SpringCGLIB$$FastClass$$0
3928:             1             24  com.flashchat.userservice.config.SecurityConfiguration$$SpringCGLIB$$FastClass$$1
3929:             1             24  com.flashchat.userservice.service.impl.CreditServiceImpl
3930:             1             24  com.github.benmanes.caffeine.cache.DisabledScheduler
3931:             1             24  com.github.benmanes.caffeine.cache.RemovalCause$1
3932:             1             24  com.github.benmanes.caffeine.cache.RemovalCause$2
3933:             1             24  com.github.benmanes.caffeine.cache.RemovalCause$3
3934:             1             24  com.github.benmanes.caffeine.cache.RemovalCause$4
3935:             1             24  com.github.benmanes.caffeine.cache.RemovalCause$5
3936:             1             24  com.github.benmanes.caffeine.cache.SingletonWeigher
3937:             1             24  com.github.benmanes.caffeine.cache.SystemTicker
3938:             1             24  com.mysql.cj.conf.ConnectionUrl$HostsCardinality$1
3939:             1             24  com.mysql.cj.conf.ConnectionUrl$HostsCardinality$2
3940:             1             24  com.mysql.cj.conf.ConnectionUrl$HostsCardinality$3
3941:             1             24  com.sun.beans.util.Cache$Kind$1 (java.desktop@25)
3942:             1             24  com.sun.beans.util.Cache$Kind$2 (java.desktop@25)
3943:             1             24  com.sun.beans.util.Cache$Kind$3 (java.desktop@25)
3944:             1             24  com.sun.jmx.mbeanserver.ClassLoaderRepositorySupport (java.management@25)
3945:             1             24  com.sun.jmx.mbeanserver.MXBeanLookup (java.management@25)
3946:             1             24  com.sun.jmx.remote.util.ClassLogger (java.management@25)
3947:             1             24  com.sun.management.internal.HotSpotThreadImpl (jdk.management@25)
3948:             1             24  com.sun.management.internal.OperatingSystemImpl (jdk.management@25)
3949:             1             24  com.sun.management.internal.PlatformMBeanProviderImpl$2 (jdk.management@25)
3950:             1             24  com.sun.management.internal.PlatformMBeanProviderImpl$3 (jdk.management@25)
3951:             1             24  com.sun.management.internal.PlatformMBeanProviderImpl$6 (jdk.management@25)
3952:             1             24  com.sun.org.apache.xerces.internal.impl.Constants$ArrayEnumeration (java.xml@25)
3953:             1             24  com.zaxxer.hikari.pool.ProxyLeakTaskFactory
3954:             1             24  com.zaxxer.hikari.util.DriverDataSource
3955:             1             24  io.lettuce.core.event.DefaultEventBus
3956:             1             24  io.lettuce.core.event.jfr.NoOpEventRecorder
3957:             1             24  io.lettuce.core.metrics.DefaultCommandLatencyCollectorOptions$Builder
3958:             1             24  io.lettuce.core.resource.DefaultNettyCustomizer
3959:             1             24  io.lettuce.core.resource.DefaultThreadFactoryProvider
3960:             1             24  io.lettuce.core.resource.DnsResolvers$1
3961:             1             24  io.lettuce.core.resource.DnsResolvers$2
3962:             1             24  io.lettuce.core.resource.UnavailableResources
3963:             1             24  io.micrometer.common.KeyValues
3964:             1             24  io.micrometer.core.instrument.binder.jvm.JvmGcMetrics$GcMetricsNotificationListener
3965:             1             24  io.micrometer.core.instrument.binder.logging.LogbackMetrics
3966:             1             24  io.micrometer.core.instrument.binder.system.UptimeMetrics
3967:             1             24  io.micrometer.core.instrument.binder.tomcat.TomcatMetrics$$Lambda/0x00000000317a0b18
3968:             1             24  io.micrometer.core.instrument.binder.tomcat.TomcatMetrics$$Lambda/0x00000000317a11c0
3969:             1             24  io.micrometer.core.instrument.binder.tomcat.TomcatMetrics$$Lambda/0x00000000317a1400
3970:             1             24  io.micrometer.core.instrument.binder.tomcat.TomcatMetrics$$Lambda/0x00000000317a1640
3971:             1             24  io.micrometer.core.instrument.observation.DefaultMeterObservationHandler
3972:             1             24  io.micrometer.prometheusmetrics.PrometheusMeterRegistry$$Lambda/0x000000003177a460
3973:             1             24  io.netty.bootstrap.ServerBootstrap$ServerBootstrapAcceptor$1
3974:             1             24  io.netty.buffer.PooledByteBufAllocator$PoolThreadLocalCache
3975:             1             24  io.netty.buffer.UnpooledByteBufAllocator
3976:             1             24  io.netty.buffer.UnpooledByteBufAllocator$UnpooledByteBufAllocatorMetric
3977:             1             24  io.netty.channel.ChannelOption$1
3978:             1             24  io.netty.channel.ServerChannelRecvByteBufAllocator
3979:             1             24  io.netty.channel.WriteBufferWaterMark
3980:             1             24  io.netty.handler.codec.MessageToMessageCodec$1
3981:             1             24  io.netty.handler.codec.MessageToMessageCodec$2
3982:             1             24  io.netty.handler.codec.dns.DatagramDnsQueryEncoder
3983:             1             24  io.netty.handler.codec.dns.DatagramDnsResponseDecoder$1
3984:             1             24  io.netty.handler.codec.http.HttpMethod$EnumNameMap
3985:             1             24  io.netty.handler.codec.http.websocketx.WebSocketDecoderConfig
3986:             1             24  io.netty.resolver.HostsFileEntriesProvider
3987:             1             24  io.netty.resolver.dns.DnsNameResolver$2
3988:             1             24  io.netty.resolver.dns.DnsServerAddressStreamProviders$DefaultProviderHolder$1
3989:             1             24  io.netty.resolver.dns.DnsServerAddresses$1
3990:             1             24  io.netty.resolver.dns.UnixResolverOptions
3991:             1             24  io.netty.util.AttributeKey$1
3992:             1             24  io.netty.util.ResourceLeakDetectorFactory$DefaultResourceLeakDetectorFactory
3993:             1             24  io.netty.util.Signal$1
3994:             1             24  io.netty.util.concurrent.FailedFuture
3995:             1             24  io.netty.util.internal.ThreadExecutorMap$3
3996:             1             24  io.prometheus.metrics.config.ExemplarsProperties
3997:             1             24  io.prometheus.metrics.config.ExporterProperties
3998:             1             24  io.prometheus.metrics.model.snapshots.ClassicHistogramBuckets
3999:             1             24  io.prometheus.metrics.model.snapshots.Labels
4000:             1             24  io.prometheus.metrics.model.snapshots.NativeHistogramBuckets
4001:             1             24  jakarta.el.ExpressionFactory$CacheKey
4002:             1             24  jakarta.el.Util$CacheKey
4003:             1             24  jakarta.websocket.CloseReason
4004:             1             24  java.io.ByteArrayOutputStream (java.base@25)
4005:             1             24  java.io.WinNTFileSystem (java.base@25)
4006:             1             24  java.lang.ProcessHandleImpl$$Lambda/0x0000000031037460 (java.base@25)
4007:             1             24  java.lang.RuntimePermission (java.base@25)
4008:             1             24  java.lang.StackWalker$ExtendedOption (java.base@25)
4009:             1             24  java.lang.String$$StringConcat/0x000000003105a400 (java.base@25)
4010:             1             24  java.lang.String$$StringConcat/0x0000000031104400 (java.base@25)
4011:             1             24  java.lang.String$$StringConcat/0x0000000031278400 (java.base@25)
4012:             1             24  java.lang.String$$StringConcat/0x00000000313f0400 (java.base@25)
4013:             1             24  java.lang.String$$StringConcat/0x0000000031710000 (java.base@25)
4014:             1             24  java.lang.String$$StringConcat/0x0000000031776800 (java.base@25)
4015:             1             24  java.lang.String$$StringConcat/0x00000000317b0000 (java.base@25)
4016:             1             24  java.lang.String$$StringConcat/0x00000000317b8000 (java.base@25)
4017:             1             24  java.lang.StringBuilder (java.base@25)
4018:             1             24  java.lang.VirtualThread$VThreadContinuation$1 (java.base@25)
4019:             1             24  java.lang.invoke.MethodHandleImpl$ArrayAccessor$1 (java.base@25)
4020:             1             24  java.lang.invoke.MethodHandleImpl$Makers$3 (java.base@25)
4021:             1             24  java.lang.reflect.Proxy$1 (java.base@25)
4022:             1             24  java.math.MutableBigInteger (java.base@25)
4023:             1             24  java.net.Inet6AddressImpl (java.base@25)
4024:             1             24  java.net.Proxy (java.base@25)
4025:             1             24  java.security.AccessControlContext (java.base@25)
4026:             1             24  java.sql.DriverInfo (java.sql@25)
4027:             1             24  java.time.Clock$TickClock (java.base@25)
4028:             1             24  java.time.Period (java.base@25)
4029:             1             24  java.time.format.DecimalStyle (java.base@25)
4030:             1             24  java.time.temporal.IsoFields$Field$1 (java.base@25)
4031:             1             24  java.time.temporal.IsoFields$Field$2 (java.base@25)
4032:             1             24  java.time.temporal.IsoFields$Field$3 (java.base@25)
4033:             1             24  java.time.temporal.IsoFields$Field$4 (java.base@25)
4034:             1             24  java.time.zone.TzdbZoneRulesProvider (java.base@25)
4035:             1             24  java.util.Collections$3 (java.base@25)
4036:             1             24  java.util.Collections$EmptyMap (java.base@25)
4037:             1             24  java.util.Collections$SynchronizedCollection (java.base@25)
4038:             1             24  java.util.Collections$SynchronizedSet (java.base@25)
4039:             1             24  java.util.Collections$UnmodifiableNavigableSet$EmptyNavigableSet (java.base@25)
4040:             1             24  java.util.Comparators$NaturalOrderComparator (java.base@25)
4041:             1             24  java.util.Comparators$NullComparator (java.base@25)
4042:             1             24  java.util.Formatter (java.base@25)
4043:             1             24  java.util.OptionalDouble (java.base@25)
4044:             1             24  java.util.OptionalInt (java.base@25)
4045:             1             24  java.util.OptionalLong (java.base@25)
4046:             1             24  java.util.ServiceLoader$1 (java.base@25)
4047:             1             24  java.util.concurrent.CopyOnWriteArrayList$COWIterator (java.base@25)
4048:             1             24  java.util.concurrent.Executors$AutoShutdownDelegatedExecutorService (java.base@25)
4049:             1             24  java.util.concurrent.atomic.AtomicStampedReference$Pair (java.base@25)
4050:             1             24  java.util.logging.LogManager$LoggerContext (java.logging@25)
4051:             1             24  java.util.logging.LogManager$SystemLoggerContext (java.logging@25)
4052:             1             24  java.util.regex.Pattern$Pos (java.base@25)
4053:             1             24  java.util.zip.ZipCoder$UTF8ZipCoder (java.base@25)
4054:             1             24  java.util.zip.ZipFile$Source$Key (java.base@25)
4055:             1             24  jdk.internal.classfile.impl.AbstractAttributeMapper$BootstrapMethodsMapper (java.base@25)
4056:             1             24  jdk.internal.classfile.impl.AbstractAttributeMapper$CodeMapper (java.base@25)
4057:             1             24  jdk.internal.classfile.impl.AbstractAttributeMapper$ExceptionsMapper (java.base@25)
4058:             1             24  jdk.internal.classfile.impl.AbstractAttributeMapper$RuntimeVisibleAnnotationsMapper (java.base@25)
4059:             1             24  jdk.internal.classfile.impl.AbstractAttributeMapper$SourceFileMapper (java.base@25)
4060:             1             24  jdk.internal.classfile.impl.AbstractAttributeMapper$StackMapTableMapper (java.base@25)
4061:             1             24  jdk.internal.jimage.ImageReader (java.base@25)
4062:             1             24  jdk.internal.logger.BootstrapLogger$RedirectedLoggers (java.base@25)
4063:             1             24  jdk.internal.vm.ThreadContainers$RootContainer$TrackingRootContainer (java.base@25)
4064:             1             24  jdk.jfr.internal.management.StreamManager (jdk.jfr@25)
4065:             1             24  jdk.management.jfr.internal.FlightRecorderMXBeanProvider$SingleMBeanComponent (jdk.management.jfr@25)
4066:             1             24  net.sf.jsqlparser.expression.Alias
4067:             1             24  net.sf.jsqlparser.statement.select.SelectItem
4068:             1             24  org.apache.catalina.core.ApplicationContextFacade
4069:             1             24  org.apache.catalina.core.ApplicationSessionCookieConfig
4070:             1             24  org.apache.catalina.core.StandardContext$ContextFilterMaps
4071:             1             24  org.apache.catalina.core.StandardWrapperFacade
4072:             1             24  org.apache.catalina.mapper.Mapper$ContextList
4073:             1             24  org.apache.catalina.mapper.Mapper$MappedContext
4074:             1             24  org.apache.catalina.mapper.Mapper$MappedWrapper
4075:             1             24  org.apache.catalina.startup.CatalinaBaseConfigurationSource
4076:             1             24  org.apache.catalina.webresources.TomcatURLStreamHandlerFactory
4077:             1             24  org.apache.ibatis.binding.MapperRegistry
4078:             1             24  org.apache.ibatis.executor.ExecutionPlaceholder
4079:             1             24  org.apache.ibatis.io.ClassLoaderWrapper
4080:             1             24  org.apache.ibatis.javassist.util.proxy.ProxyFactory$2
4081:             1             24  org.apache.ibatis.mapping.Environment
4082:             1             24  org.apache.ibatis.ognl.OgnlRuntime$ArgsCompatbilityReport
4083:             1             24  org.apache.ibatis.ognl.enhance.ExpressionCompiler
4084:             1             24  org.apache.ibatis.reflection.MetaClass
4085:             1             24  org.apache.ibatis.reflection.wrapper.BeanWrapper
4086:             1             24  org.apache.ibatis.scripting.LanguageDriverRegistry
4087:             1             24  org.apache.ibatis.session.AutoMappingUnknownColumnBehavior$1
4088:             1             24  org.apache.ibatis.session.AutoMappingUnknownColumnBehavior$2
4089:             1             24  org.apache.ibatis.session.AutoMappingUnknownColumnBehavior$3
4090:             1             24  org.apache.ibatis.session.RowBounds
4091:             1             24  org.apache.ibatis.type.BigIntegerTypeHandler
4092:             1             24  org.apache.ibatis.type.BlobInputStreamTypeHandler
4093:             1             24  org.apache.ibatis.type.ByteArrayTypeHandler
4094:             1             24  org.apache.ibatis.type.ByteObjectArrayTypeHandler
4095:             1             24  org.apache.ibatis.type.ClobReaderTypeHandler
4096:             1             24  org.apache.ibatis.type.InstantTypeHandler
4097:             1             24  org.apache.ibatis.type.JapaneseDateTypeHandler
4098:             1             24  org.apache.ibatis.type.LocalDateTimeTypeHandler
4099:             1             24  org.apache.ibatis.type.LocalDateTypeHandler
4100:             1             24  org.apache.ibatis.type.LocalTimeTypeHandler
4101:             1             24  org.apache.ibatis.type.MonthTypeHandler
4102:             1             24  org.apache.ibatis.type.ObjectTypeHandler
4103:             1             24  org.apache.ibatis.type.OffsetDateTimeTypeHandler
4104:             1             24  org.apache.ibatis.type.OffsetTimeTypeHandler
4105:             1             24  org.apache.ibatis.type.SqlDateTypeHandler
4106:             1             24  org.apache.ibatis.type.SqlTimeTypeHandler
4107:             1             24  org.apache.ibatis.type.SqlTimestampTypeHandler
4108:             1             24  org.apache.ibatis.type.SqlxmlTypeHandler
4109:             1             24  org.apache.ibatis.type.YearMonthTypeHandler
4110:             1             24  org.apache.ibatis.type.YearTypeHandler
4111:             1             24  org.apache.ibatis.type.ZonedDateTimeTypeHandler
4112:             1             24  org.apache.naming.StringManager
4113:             1             24  org.apache.tomcat.util.buf.CharsetCache$DummyCharset
4114:             1             24  org.apache.tomcat.util.collections.ConcurrentCache
4115:             1             24  org.apache.tomcat.util.collections.ConcurrentLruCache
4116:             1             24  org.apache.tomcat.util.file.ConfigurationSource$1
4117:             1             24  org.apache.tomcat.util.http.Rfc6265CookieProcessor
4118:             1             24  org.apache.tomcat.util.net.SocketBufferHandler
4119:             1             24  org.apache.tomcat.util.net.SocketBufferHandler$1
4120:             1             24  org.apache.tomcat.util.net.WriteBuffer
4121:             1             24  org.apache.tomcat.websocket.WsExtension
4122:             1             24  org.apache.tomcat.websocket.server.WsFilter
4123:             1             24  org.hibernate.validator.internal.constraintvalidators.bv.number.bound.MaxValidatorForInteger
4124:             1             24  org.hibernate.validator.internal.constraintvalidators.bv.number.bound.MinValidatorForInteger
4125:             1             24  org.hibernate.validator.internal.constraintvalidators.bv.size.SizeValidatorForCollection
4126:             1             24  org.hibernate.validator.internal.engine.MethodValidationConfiguration
4127:             1             24  org.hibernate.validator.internal.engine.groups.Sequence
4128:             1             24  org.hibernate.validator.internal.engine.messageinterpolation.DefaultLocaleResolverContext
4129:             1             24  org.hibernate.validator.internal.engine.valueextraction.ValueExtractorManager
4130:             1             24  org.hibernate.validator.internal.engine.valueextraction.ValueExtractorResolver$ValueExtractorCacheKey
4131:             1             24  org.hibernate.validator.internal.properties.javabean.JavaBeanHelper
4132:             1             24  org.hibernate.validator.internal.util.ConcurrentReferenceHashMap$Option
4133:             1             24  org.mybatis.spring.MyBatisExceptionTranslator
4134:             1             24  org.redisson.ElementsSubscribeService
4135:             1             24  org.redisson.PubSubMessageListener
4136:             1             24  org.redisson.PubSubStatusListener
4137:             1             24  org.redisson.QueueTransferTask$TimeoutTask
4138:             1             24  org.redisson.WriteBehindService
4139:             1             24  org.redisson.client.FailedConnectionDetector
4140:             1             24  org.redisson.client.SubscribeListener
4141:             1             24  org.redisson.client.codec.ByteArrayCodec
4142:             1             24  org.redisson.client.codec.StringCodec
4143:             1             24  org.redisson.client.handler.CommandBatchEncoder
4144:             1             24  org.redisson.client.handler.CommandsQueuePubSub
4145:             1             24  org.redisson.client.handler.PubSubEntry
4146:             1             24  org.redisson.client.protocol.RedisCommands$16
4147:             1             24  org.redisson.client.protocol.RedisCommands$6
4148:             1             24  org.redisson.client.protocol.convertor.BooleanNumberReplayConvertor
4149:             1             24  org.redisson.client.protocol.decoder.ScoredSortedSetRandomMapDecoder
4150:             1             24  org.redisson.cluster.ClusterSlotRange
4151:             1             24  org.redisson.codec.CompositeCodec
4152:             1             24  org.redisson.codec.Kryo5Codec$SimpleInstantiatorStrategy$1
4153:             1             24  org.redisson.command.RedisExecutor$$Lambda/0x00000000318fecd0
4154:             1             24  org.redisson.command.RedisExecutor$1
4155:             1             24  org.redisson.config.Credentials
4156:             1             24  org.redisson.connection.ConnectionEventsHub
4157:             1             24  org.redisson.connection.IdleConnectionWatcher
4158:             1             24  org.redisson.connection.IdleConnectionWatcher$$Lambda/0x00000000314998a8
4159:             1             24  org.redisson.connection.MasterSlaveConnectionManager$$Lambda/0x000000003149d468
4160:             1             24  org.redisson.connection.MasterSlaveConnectionManager$$Lambda/0x000000003149d6a8
4161:             1             24  org.redisson.eviction.EvictionScheduler
4162:             1             24  org.redisson.pubsub.CountDownLatchPubSub
4163:             1             24  org.redisson.pubsub.LockPubSub
4164:             1             24  org.redisson.pubsub.PublishSubscribeService$PubSubKey
4165:             1             24  org.redisson.pubsub.SemaphorePubSub
4166:             1             24  org.redisson.spring.data.connection.RedissonConnectionFactory
4167:             1             24  org.redisson.spring.starter.RedissonProperties
4168:             1             24  org.slf4j.helpers.BasicMDCAdapter
4169:             1             24  org.slf4j.helpers.BasicMDCAdapter$1
4170:             1             24  org.slf4j.helpers.BasicMarker
4171:             1             24  org.slf4j.helpers.FormattingTuple
4172:             1             24  org.slf4j.helpers.NOP_FallbackServiceProvider
4173:             1             24  org.slf4j.helpers.SubstituteLoggerFactory
4174:             1             24  org.slf4j.helpers.SubstituteServiceProvider
4175:             1             24  org.springframework.aop.framework.autoproxy.AbstractAdvisorAutoProxyCreator$BeanFactoryAdvisorRetrievalHelperAdapter
4176:             1             24  org.springframework.aop.support.DefaultPointcutAdvisor
4177:             1             24  org.springframework.aop.support.annotation.AnnotationMatchingPointcut
4178:             1             24  org.springframework.aop.support.annotation.AnnotationMethodMatcher
4179:             1             24  org.springframework.beans.CachedIntrospectionResults
4180:             1             24  org.springframework.beans.SimpleBeanInfoFactory$1
4181:             1             24  org.springframework.beans.factory.annotation.InjectionMetadata$1
4182:             1             24  org.springframework.beans.factory.support.AbstractBeanFactory$BeanPostProcessorCacheAwareList
4183:             1             24  org.springframework.beans.support.ResourceEditorRegistrar
4184:             1             24  org.springframework.boot.DefaultApplicationArguments
4185:             1             24  org.springframework.boot.SpringApplicationBannerPrinter$PrintedBanner
4186:             1             24  org.springframework.boot.SpringApplicationShutdownHook$Handlers
4187:             1             24  org.springframework.boot.actuate.autoconfigure.context.properties.ConfigurationPropertiesReportEndpointProperties
4188:             1             24  org.springframework.boot.actuate.autoconfigure.data.redis.RedisReactiveHealthContributorAutoConfiguration
4189:             1             24  org.springframework.boot.actuate.autoconfigure.endpoint.jmx.JmxEndpointAutoConfiguration
4190:             1             24  org.springframework.boot.actuate.autoconfigure.endpoint.jmx.JmxEndpointProperties
4191:             1             24  org.springframework.boot.actuate.autoconfigure.endpoint.jmx.JmxEndpointProperties$Exposure
4192:             1             24  org.springframework.boot.actuate.autoconfigure.endpoint.web.WebEndpointAutoConfiguration
4193:             1             24  org.springframework.boot.actuate.autoconfigure.endpoint.web.WebEndpointProperties$Exposure
4194:             1             24  org.springframework.boot.actuate.autoconfigure.env.EnvironmentEndpointProperties
4195:             1             24  org.springframework.boot.actuate.autoconfigure.health.AutoConfiguredHealthEndpointGroups
4196:             1             24  org.springframework.boot.actuate.autoconfigure.health.HealthEndpointConfiguration$AdaptedReactiveHealthContributors$1
4197:             1             24  org.springframework.boot.actuate.autoconfigure.health.HealthEndpointConfiguration$HealthEndpointGroupMembershipValidator
4198:             1             24  org.springframework.boot.actuate.autoconfigure.health.HealthProperties$Status
4199:             1             24  org.springframework.boot.actuate.autoconfigure.jdbc.DataSourceHealthContributorAutoConfiguration
4200:             1             24  org.springframework.boot.actuate.autoconfigure.metrics.AutoTimeProperties
4201:             1             24  org.springframework.boot.actuate.autoconfigure.metrics.CompositeMeterRegistryConfiguration$MultipleNonPrimaryMeterRegistriesCondition
4202:             1             24  org.springframework.boot.actuate.autoconfigure.metrics.MetricsProperties$Data$Repository
4203:             1             24  org.springframework.boot.actuate.autoconfigure.metrics.MetricsProperties$Web
4204:             1             24  org.springframework.boot.actuate.autoconfigure.metrics.PropertiesMeterFilter
4205:             1             24  org.springframework.boot.actuate.autoconfigure.metrics.jdbc.DataSourcePoolMetricsAutoConfiguration$DataSourcePoolMetadataMetricsConfiguration$DataSourcePoolMetadataMeterBinder
4206:             1             24  org.springframework.boot.actuate.autoconfigure.metrics.redis.LettuceMetricsAutoConfiguration$$Lambda/0x00000000317314e0
4207:             1             24  org.springframework.boot.actuate.autoconfigure.observation.ObservationProperties$Http
4208:             1             24  org.springframework.boot.actuate.autoconfigure.observation.PropertiesObservationFilterPredicate
4209:             1             24  org.springframework.boot.actuate.autoconfigure.system.DiskSpaceHealthIndicatorProperties
4210:             1             24  org.springframework.boot.actuate.autoconfigure.web.ManagementContextFactory
4211:             1             24  org.springframework.boot.actuate.context.properties.ConfigurationPropertiesReportEndpointWebExtension
4212:             1             24  org.springframework.boot.actuate.data.redis.RedisReactiveHealthIndicator
4213:             1             24  org.springframework.boot.actuate.endpoint.jmx.JacksonJmxOperationResponseMapper
4214:             1             24  org.springframework.boot.actuate.endpoint.jmx.annotation.DiscoveredJmxOperation$DiscoveredJmxOperationParameter
4215:             1             24  org.springframework.boot.actuate.endpoint.web.EndpointMediaTypes
4216:             1             24  org.springframework.boot.actuate.endpoint.web.PathMappedEndpoints
4217:             1             24  org.springframework.boot.actuate.endpoint.web.ServletEndpointRegistrar
4218:             1             24  org.springframework.boot.actuate.env.EnvironmentEndpoint
4219:             1             24  org.springframework.boot.actuate.env.EnvironmentEndpointWebExtension
4220:             1             24  org.springframework.boot.actuate.health.Health
4221:             1             24  org.springframework.boot.actuate.health.HealthEndpoint
4222:             1             24  org.springframework.boot.actuate.health.HealthEndpointWebExtension
4223:             1             24  org.springframework.boot.actuate.health.PingHealthIndicator
4224:             1             24  org.springframework.boot.actuate.logging.LoggersEndpoint
4225:             1             24  org.springframework.boot.actuate.metrics.export.prometheus.PrometheusScrapeEndpoint
4226:             1             24  org.springframework.boot.actuate.metrics.system.DiskSpaceMetricsBinder
4227:             1             24  org.springframework.boot.actuate.metrics.web.client.ObservationRestClientCustomizer
4228:             1             24  org.springframework.boot.actuate.metrics.web.client.ObservationRestTemplateCustomizer
4229:             1             24  org.springframework.boot.actuate.metrics.web.reactive.client.ObservationWebClientCustomizer
4230:             1             24  org.springframework.boot.actuate.metrics.web.tomcat.TomcatMetricsBinder
4231:             1             24  org.springframework.boot.autoconfigure.AutoConfigurationImportSelector$AutoConfigurationEntry
4232:             1             24  org.springframework.boot.autoconfigure.AutoConfigurationPackages$BasePackages
4233:             1             24  org.springframework.boot.autoconfigure.codec.CodecProperties
4234:             1             24  org.springframework.boot.autoconfigure.condition.ConditionMessage$Style$1
4235:             1             24  org.springframework.boot.autoconfigure.condition.ConditionMessage$Style$2
4236:             1             24  org.springframework.boot.autoconfigure.condition.FilteringSpringBootCondition$ClassNameFilter$1
4237:             1             24  org.springframework.boot.autoconfigure.condition.FilteringSpringBootCondition$ClassNameFilter$2
4238:             1             24  org.springframework.boot.autoconfigure.data.redis.RedisProperties$Lettuce
4239:             1             24  org.springframework.boot.autoconfigure.data.redis.RedisProperties$Lettuce$Cluster$Refresh
4240:             1             24  org.springframework.boot.autoconfigure.data.redis.RedisProperties$Ssl
4241:             1             24  org.springframework.boot.autoconfigure.data.web.SpringDataWebProperties
4242:             1             24  org.springframework.boot.autoconfigure.freemarker.FreeMarkerTemplateAvailabilityProvider
4243:             1             24  org.springframework.boot.autoconfigure.groovy.template.GroovyTemplateAvailabilityProvider
4244:             1             24  org.springframework.boot.autoconfigure.http.HttpMessageConvertersAutoConfiguration$NotReactiveWebApplicationCondition
4245:             1             24  org.springframework.boot.autoconfigure.info.ProjectInfoProperties
4246:             1             24  org.springframework.boot.autoconfigure.info.ProjectInfoProperties$Build
4247:             1             24  org.springframework.boot.autoconfigure.info.ProjectInfoProperties$Git
4248:             1             24  org.springframework.boot.autoconfigure.jackson.JacksonAutoConfiguration$Jackson2ObjectMapperBuilderCustomizerConfiguration$StandardJackson2ObjectMapperBuilderCustomizer
4249:             1             24  org.springframework.boot.autoconfigure.jackson.JacksonProperties$Datatype
4250:             1             24  org.springframework.boot.autoconfigure.jdbc.DataSourceAutoConfiguration$EmbeddedDatabaseCondition
4251:             1             24  org.springframework.boot.autoconfigure.jdbc.DataSourceJmxConfiguration$Hikari
4252:             1             24  org.springframework.boot.autoconfigure.jdbc.DataSourceProperties$Xa
4253:             1             24  org.springframework.boot.autoconfigure.jdbc.HikariJdbcConnectionDetailsBeanPostProcessor
4254:             1             24  org.springframework.boot.autoconfigure.jdbc.JdbcProperties$Template
4255:             1             24  org.springframework.boot.autoconfigure.logging.ConditionEvaluationReportLogger
4256:             1             24  org.springframework.boot.autoconfigure.logging.ConditionEvaluationReportLoggingListener$ConditionEvaluationReportListener
4257:             1             24  org.springframework.boot.autoconfigure.security.DefaultWebSecurityCondition
4258:             1             24  org.springframework.boot.autoconfigure.sql.init.SqlDataSourceScriptDatabaseInitializer
4259:             1             24  org.springframework.boot.autoconfigure.sql.init.SqlInitializationAutoConfiguration$SqlInitializationModeCondition
4260:             1             24  org.springframework.boot.autoconfigure.ssl.FileWatcher
4261:             1             24  org.springframework.boot.autoconfigure.ssl.SslAutoConfiguration
4262:             1             24  org.springframework.boot.autoconfigure.ssl.SslProperties$Bundles
4263:             1             24  org.springframework.boot.autoconfigure.ssl.SslPropertiesBundleRegistrar
4264:             1             24  org.springframework.boot.autoconfigure.task.TaskExecutionProperties$Shutdown
4265:             1             24  org.springframework.boot.autoconfigure.task.TaskExecutorConfigurations$SimpleAsyncTaskExecutorBuilderConfiguration
4266:             1             24  org.springframework.boot.autoconfigure.task.TaskSchedulingConfigurations$SimpleAsyncTaskSchedulerBuilderConfiguration
4267:             1             24  org.springframework.boot.autoconfigure.task.TaskSchedulingProperties$Shutdown
4268:             1             24  org.springframework.boot.autoconfigure.template.TemplateAvailabilityProviders
4269:             1             24  org.springframework.boot.autoconfigure.thread.Threading$1
4270:             1             24  org.springframework.boot.autoconfigure.thread.Threading$2
4271:             1             24  org.springframework.boot.autoconfigure.transaction.TransactionProperties
4272:             1             24  org.springframework.boot.autoconfigure.validation.ValidatorAdapter
4273:             1             24  org.springframework.boot.autoconfigure.web.ServerProperties$Reactive$Session
4274:             1             24  org.springframework.boot.autoconfigure.web.ServerProperties$Tomcat$Resource
4275:             1             24  org.springframework.boot.autoconfigure.web.ServerProperties$Tomcat$Threads
4276:             1             24  org.springframework.boot.autoconfigure.web.ServerProperties$Undertow$Options
4277:             1             24  org.springframework.boot.autoconfigure.web.ServerProperties$Undertow$Threads
4278:             1             24  org.springframework.boot.autoconfigure.web.WebProperties
4279:             1             24  org.springframework.boot.autoconfigure.web.WebProperties$Resources$Cache
4280:             1             24  org.springframework.boot.autoconfigure.web.WebProperties$Resources$Chain
4281:             1             24  org.springframework.boot.autoconfigure.web.WebProperties$Resources$Chain$Strategy
4282:             1             24  org.springframework.boot.autoconfigure.web.WebProperties$Resources$Chain$Strategy$Content
4283:             1             24  org.springframework.boot.autoconfigure.web.WebProperties$Resources$Chain$Strategy$Fixed
4284:             1             24  org.springframework.boot.autoconfigure.web.embedded.NettyWebServerFactoryCustomizer
4285:             1             24  org.springframework.boot.autoconfigure.web.embedded.TomcatWebServerFactoryCustomizer
4286:             1             24  org.springframework.boot.autoconfigure.web.embedded.TomcatWebServerFactoryCustomizer$$Lambda/0x0000000031402480
4287:             1             24  org.springframework.boot.autoconfigure.web.reactive.function.client.AutoConfiguredWebClientSsl
4288:             1             24  org.springframework.boot.autoconfigure.web.reactive.function.client.ReactorClientHttpConnectorFactory
4289:             1             24  org.springframework.boot.autoconfigure.web.servlet.WebMvcProperties$Contentnegotiation
4290:             1             24  org.springframework.boot.autoconfigure.web.servlet.WebMvcProperties$Format
4291:             1             24  org.springframework.boot.autoconfigure.web.servlet.WebMvcProperties$Servlet
4292:             1             24  org.springframework.boot.autoconfigure.web.servlet.WebMvcProperties$View
4293:             1             24  org.springframework.boot.autoconfigure.web.servlet.WelcomePage
4294:             1             24  org.springframework.boot.autoconfigure.web.servlet.error.BasicErrorController
4295:             1             24  org.springframework.boot.autoconfigure.web.servlet.error.ErrorMvcAutoConfiguration$DefaultErrorViewResolverConfiguration
4296:             1             24  org.springframework.boot.autoconfigure.web.servlet.error.ErrorMvcAutoConfiguration$ErrorPageCustomizer
4297:             1             24  org.springframework.boot.availability.ApplicationAvailabilityBean
4298:             1             24  org.springframework.boot.builder.ParentContextCloserApplicationListener
4299:             1             24  org.springframework.boot.cloud.CloudPlatform$1
4300:             1             24  org.springframework.boot.cloud.CloudPlatform$2
4301:             1             24  org.springframework.boot.cloud.CloudPlatform$3
4302:             1             24  org.springframework.boot.cloud.CloudPlatform$4
4303:             1             24  org.springframework.boot.cloud.CloudPlatform$5
4304:             1             24  org.springframework.boot.cloud.CloudPlatform$6
4305:             1             24  org.springframework.boot.context.ContextIdApplicationContextInitializer$ContextId
4306:             1             24  org.springframework.boot.context.config.ConfigData
4307:             1             24  org.springframework.boot.context.config.ConfigDataEnvironmentContributors$BinderOption
4308:             1             24  org.springframework.boot.context.config.ConfigDataNotFoundAction$1
4309:             1             24  org.springframework.boot.context.config.ConfigDataNotFoundAction$2
4310:             1             24  org.springframework.boot.context.config.DelegatingApplicationListener
4311:             1             24  org.springframework.boot.context.logging.LoggingApplicationListener$Lifecycle
4312:             1             24  org.springframework.boot.context.properties.ConfigurationPropertiesBindingPostProcessor
4313:             1             24  org.springframework.boot.context.properties.PropertyMapper
4314:             1             24  org.springframework.boot.context.properties.bind.Bindable$BindRestriction
4315:             1             24  org.springframework.boot.context.properties.bind.DefaultBindConstructorProvider$Constructors
4316:             1             24  org.springframework.boot.context.properties.bind.JavaBeanBinder$Bean
4317:             1             24  org.springframework.boot.context.properties.bind.PropertySourcesPlaceholdersResolver
4318:             1             24  org.springframework.boot.context.properties.source.ConfigurationPropertySourcesPropertySource
4319:             1             24  org.springframework.boot.context.properties.source.DefaultPropertyMapper
4320:             1             24  org.springframework.boot.env.EnvironmentPostProcessorApplicationListener
4321:             1             24  org.springframework.boot.env.RandomValuePropertySource
4322:             1             24  org.springframework.boot.io.ApplicationResourceLoader
4323:             1             24  org.springframework.boot.loader.launch.JarFileArchive
4324:             1             24  org.springframework.boot.loader.net.protocol.jar.UrlJarFiles
4325:             1             24  org.springframework.boot.loader.net.protocol.jar.UrlJarFiles$Cache
4326:             1             24  org.springframework.boot.logging.AbstractLoggingSystem$LogLevels
4327:             1             24  org.springframework.boot.logging.DeferredLogs
4328:             1             24  org.springframework.boot.logging.LogFile
4329:             1             24  org.springframework.boot.logging.logback.LogbackLoggingSystem
4330:             1             24  org.springframework.boot.type.classreading.ConcurrentReferenceCachingMetadataReaderFactory
4331:             1             24  org.springframework.boot.validation.MessageSourceMessageInterpolator
4332:             1             24  org.springframework.boot.validation.beanvalidation.MethodValidationExcludeFilter$$Lambda/0x000000003131e000
4333:             1             24  org.springframework.boot.web.context.WebServerGracefulShutdownLifecycle
4334:             1             24  org.springframework.boot.web.embedded.tomcat.TomcatServletWebServerFactory$StaticResourceConfigurer
4335:             1             24  org.springframework.boot.web.embedded.tomcat.TomcatStarter
4336:             1             24  org.springframework.boot.web.embedded.tomcat.TomcatWebServer$$Lambda/0x00000000314030a0
4337:             1             24  org.springframework.boot.web.server.ErrorPage
4338:             1             24  org.springframework.boot.web.server.ErrorPageRegistrarBeanPostProcessor
4339:             1             24  org.springframework.boot.web.server.MimeMappings$DefaultMimeMappings
4340:             1             24  org.springframework.boot.web.server.MimeMappings$LazyMimeMappingsCopy
4341:             1             24  org.springframework.boot.web.server.WebServerFactoryCustomizerBeanPostProcessor
4342:             1             24  org.springframework.boot.web.servlet.context.WebApplicationContextServletContextAwareProcessor
4343:             1             24  org.springframework.boot.web.servlet.context.WebServerStartStopLifecycle
4344:             1             24  org.springframework.boot.web.servlet.server.DocumentRoot
4345:             1             24  org.springframework.boot.web.servlet.server.Jsp
4346:             1             24  org.springframework.cglib.core.EmitUtils$ArrayDelimiters
4347:             1             24  org.springframework.cglib.core.internal.LoadingCache
4348:             1             24  org.springframework.context.annotation.ConfigurationClassEnhancer$ConditionalCallbackFilter
4349:             1             24  org.springframework.context.annotation.ContextAnnotationAutowireCandidateResolver
4350:             1             24  org.springframework.context.event.AbstractApplicationEventMulticaster$DefaultListenerRetriever
4351:             1             24  org.springframework.context.support.ApplicationContextAwareProcessor
4352:             1             24  org.springframework.context.support.PostProcessorRegistrationDelegate$BeanPostProcessorChecker
4353:             1             24  org.springframework.context.support.PropertySourcesPlaceholderConfigurer$$Lambda/0x00000000312e69a0
4354:             1             24  org.springframework.core.OrderComparator$$Lambda/0x000000003131eb50
4355:             1             24  org.springframework.core.annotation.IntrospectionFailureLogger$1
4356:             1             24  org.springframework.core.annotation.IntrospectionFailureLogger$2
4357:             1             24  org.springframework.core.env.MapPropertySource
4358:             1             24  org.springframework.core.env.PropertySource$StubPropertySource
4359:             1             24  org.springframework.dao.annotation.PersistenceExceptionTranslationAdvisor
4360:             1             24  org.springframework.dao.support.PersistenceExceptionTranslationInterceptor
4361:             1             24  org.springframework.data.convert.Jsr310Converters$DateToInstantConverter
4362:             1             24  org.springframework.data.convert.Jsr310Converters$DateToLocalDateConverter
4363:             1             24  org.springframework.data.convert.Jsr310Converters$DateToLocalDateTimeConverter
4364:             1             24  org.springframework.data.convert.Jsr310Converters$DateToLocalTimeConverter
4365:             1             24  org.springframework.data.convert.Jsr310Converters$DurationToStringConverter
4366:             1             24  org.springframework.data.convert.Jsr310Converters$InstantToDateConverter
4367:             1             24  org.springframework.data.convert.Jsr310Converters$InstantToLocalDateTimeConverter
4368:             1             24  org.springframework.data.convert.Jsr310Converters$LocalDateTimeToDateConverter
4369:             1             24  org.springframework.data.convert.Jsr310Converters$LocalDateTimeToInstantConverter
4370:             1             24  org.springframework.data.convert.Jsr310Converters$LocalDateToDateConverter
4371:             1             24  org.springframework.data.convert.Jsr310Converters$LocalTimeToDateConverter
4372:             1             24  org.springframework.data.convert.Jsr310Converters$PeriodToStringConverter
4373:             1             24  org.springframework.data.convert.Jsr310Converters$StringToDurationConverter
4374:             1             24  org.springframework.data.convert.Jsr310Converters$StringToInstantConverter
4375:             1             24  org.springframework.data.convert.Jsr310Converters$StringToLocalDateConverter
4376:             1             24  org.springframework.data.convert.Jsr310Converters$StringToLocalDateTimeConverter
4377:             1             24  org.springframework.data.convert.Jsr310Converters$StringToPeriodConverter
4378:             1             24  org.springframework.data.convert.Jsr310Converters$StringToZoneIdConverter
4379:             1             24  org.springframework.data.convert.Jsr310Converters$ZoneIdToStringConverter
4380:             1             24  org.springframework.data.geo.format.DistanceFormatter
4381:             1             24  org.springframework.data.geo.format.PointFormatter
4382:             1             24  org.springframework.data.projection.ProxyProjectionFactory$MapAccessingMethodInterceptorFactory
4383:             1             24  org.springframework.data.projection.ProxyProjectionFactory$PropertyAccessingMethodInvokerFactory
4384:             1             24  org.springframework.data.redis.connection.RedisStreamCommands$XAddOptions
4385:             1             24  org.springframework.data.redis.connection.stream.Consumer
4386:             1             24  org.springframework.data.redis.connection.stream.StreamOffset
4387:             1             24  org.springframework.data.redis.core.RedisQueryEngine
4388:             1             24  org.springframework.data.redis.core.convert.BinaryConverters$BooleanToBytesConverter
4389:             1             24  org.springframework.data.redis.core.convert.MappingRedisConverter$NaturalOrderingKeyComparator
4390:             1             24  org.springframework.data.redis.core.convert.ReferenceResolverImpl
4391:             1             24  org.springframework.data.redis.listener.SynchronizingMessageListener
4392:             1             24  org.springframework.data.redis.serializer.ByteArrayRedisSerializer
4393:             1             24  org.springframework.data.redis.serializer.GenericJackson2JsonRedisSerializer$$Lambda/0x0000000031726178
4394:             1             24  org.springframework.data.redis.serializer.GenericJackson2JsonRedisSerializer$NullValueSerializer
4395:             1             24  org.springframework.data.redis.serializer.GenericJackson2JsonRedisSerializer$TypeResolver
4396:             1             24  org.springframework.data.repository.config.RepositoryRegistrationAotProcessor
4397:             1             24  org.springframework.data.repository.support.DefaultRepositoryInvokerFactory
4398:             1             24  org.springframework.data.repository.support.DomainClassConverter$$Lambda/0x00000000316ef630
4399:             1             24  org.springframework.data.repository.support.DomainClassConverter$ToEntityConverter
4400:             1             24  org.springframework.data.repository.support.DomainClassConverter$ToIdConverter
4401:             1             24  org.springframework.data.repository.support.Repositories$EmptyRepositoryFactoryInformation
4402:             1             24  org.springframework.data.spel.ExtensionAwareEvaluationContextProvider
4403:             1             24  org.springframework.data.util.Lazy$$Lambda/0x00000000317263a8
4404:             1             24  org.springframework.data.util.NullableWrapperConverters$GuavaOptionalUnwrapper
4405:             1             24  org.springframework.data.util.NullableWrapperConverters$Jdk8OptionalUnwrapper
4406:             1             24  org.springframework.data.util.NullableWrapperConverters$NullableWrapperToGuavaOptionalConverter
4407:             1             24  org.springframework.data.util.NullableWrapperConverters$NullableWrapperToJdk8OptionalConverter
4408:             1             24  org.springframework.data.web.OffsetScrollPositionHandlerMethodArgumentResolver
4409:             1             24  org.springframework.http.HttpEntity
4410:             1             24  org.springframework.http.client.observation.ClientHttpObservationDocumentation$HighCardinalityKeyNames$1
4411:             1             24  org.springframework.http.client.observation.ClientHttpObservationDocumentation$HighCardinalityKeyNames$2
4412:             1             24  org.springframework.http.client.observation.ClientHttpObservationDocumentation$LowCardinalityKeyNames$1
4413:             1             24  org.springframework.http.client.observation.ClientHttpObservationDocumentation$LowCardinalityKeyNames$2
4414:             1             24  org.springframework.http.client.observation.ClientHttpObservationDocumentation$LowCardinalityKeyNames$3
4415:             1             24  org.springframework.http.client.observation.ClientHttpObservationDocumentation$LowCardinalityKeyNames$4
4416:             1             24  org.springframework.http.client.observation.ClientHttpObservationDocumentation$LowCardinalityKeyNames$5
4417:             1             24  org.springframework.http.client.observation.ClientHttpObservationDocumentation$LowCardinalityKeyNames$6
4418:             1             24  org.springframework.http.server.DefaultPathContainer
4419:             1             24  org.springframework.http.server.observation.ServerHttpObservationDocumentation$1
4420:             1             24  org.springframework.http.server.observation.ServerHttpObservationDocumentation$HighCardinalityKeyNames$1
4421:             1             24  org.springframework.http.server.observation.ServerHttpObservationDocumentation$LowCardinalityKeyNames$1
4422:             1             24  org.springframework.http.server.observation.ServerHttpObservationDocumentation$LowCardinalityKeyNames$2
4423:             1             24  org.springframework.http.server.observation.ServerHttpObservationDocumentation$LowCardinalityKeyNames$3
4424:             1             24  org.springframework.http.server.observation.ServerHttpObservationDocumentation$LowCardinalityKeyNames$4
4425:             1             24  org.springframework.http.server.observation.ServerHttpObservationDocumentation$LowCardinalityKeyNames$5
4426:             1             24  org.springframework.jdbc.core.namedparam.NamedParameterJdbcTemplate
4427:             1             24  org.springframework.jdbc.core.simple.DefaultJdbcClient
4428:             1             24  org.springframework.jmx.export.naming.MetadataNamingStrategy
4429:             1             24  org.springframework.jndi.JndiTemplate
4430:             1             24  org.springframework.scheduling.annotation.AsyncAnnotationAdvisor
4431:             1             24  org.springframework.scheduling.annotation.ProxyAsyncConfiguration
4432:             1             24  org.springframework.scheduling.config.CronTask
4433:             1             24  org.springframework.scheduling.support.CronExpression
4434:             1             24  org.springframework.scheduling.support.CronTrigger
4435:             1             24  org.springframework.scheduling.support.ScheduledTaskObservationDocumentation$1
4436:             1             24  org.springframework.scheduling.support.ScheduledTaskObservationDocumentation$LowCardinalityKeyNames$1
4437:             1             24  org.springframework.scheduling.support.ScheduledTaskObservationDocumentation$LowCardinalityKeyNames$2
4438:             1             24  org.springframework.scheduling.support.ScheduledTaskObservationDocumentation$LowCardinalityKeyNames$3
4439:             1             24  org.springframework.scheduling.support.ScheduledTaskObservationDocumentation$LowCardinalityKeyNames$4
4440:             1             24  org.springframework.scripting.support.StaticScriptSource
4441:             1             24  org.springframework.transaction.annotation.ProxyTransactionManagementConfiguration
4442:             1             24  org.springframework.transaction.interceptor.TransactionAttributeSourcePointcut
4443:             1             24  org.springframework.util.ConcurrentLruCache$DrainStatus$1
4444:             1             24  org.springframework.util.ConcurrentLruCache$DrainStatus$2
4445:             1             24  org.springframework.util.ConcurrentLruCache$DrainStatus$3
4446:             1             24  org.springframework.validation.DefaultMessageCodesResolver$Format$1
4447:             1             24  org.springframework.validation.DefaultMessageCodesResolver$Format$2
4448:             1             24  org.springframework.validation.beanvalidation.MethodValidationInterceptor
4449:             1             24  org.springframework.web.accept.MappingMediaTypeFileExtensionResolver
4450:             1             24  org.springframework.web.context.support.ServletContextPropertySource
4451:             1             24  org.springframework.web.context.support.ServletContextResource
4452:             1             24  org.springframework.web.context.support.ServletContextResourcePatternResolver
4453:             1             24  org.springframework.web.context.support.ServletContextScope
4454:             1             24  org.springframework.web.method.annotation.HandlerMethodValidator
4455:             1             24  org.springframework.web.method.annotation.RequestHeaderMethodArgumentResolver
4456:             1             24  org.springframework.web.method.support.CompositeUriComponentsContributor
4457:             1             24  org.springframework.web.reactive.function.client.ClientHttpObservationDocumentation$HighCardinalityKeyNames$1
4458:             1             24  org.springframework.web.reactive.function.client.ClientHttpObservationDocumentation$HighCardinalityKeyNames$2
4459:             1             24  org.springframework.web.reactive.function.client.ClientHttpObservationDocumentation$LowCardinalityKeyNames$1
4460:             1             24  org.springframework.web.reactive.function.client.ClientHttpObservationDocumentation$LowCardinalityKeyNames$2
4461:             1             24  org.springframework.web.reactive.function.client.ClientHttpObservationDocumentation$LowCardinalityKeyNames$3
4462:             1             24  org.springframework.web.reactive.function.client.ClientHttpObservationDocumentation$LowCardinalityKeyNames$4
4463:             1             24  org.springframework.web.reactive.function.client.ClientHttpObservationDocumentation$LowCardinalityKeyNames$5
4464:             1             24  org.springframework.web.reactive.function.client.ClientHttpObservationDocumentation$LowCardinalityKeyNames$6
4465:             1             24  org.springframework.web.reactive.function.client.ExchangeFunctions$DefaultExchangeFunction
4466:             1             24  org.springframework.web.servlet.function.support.HandlerFunctionAdapter
4467:             1             24  org.springframework.web.servlet.handler.HandlerExceptionResolverComposite
4468:             1             24  org.springframework.web.servlet.i18n.AcceptHeaderLocaleResolver
4469:             1             24  org.springframework.web.servlet.mvc.method.annotation.ReactiveTypeHandler
4470:             1             24  org.springframework.web.servlet.mvc.method.annotation.RequestPartMethodArgumentResolver
4471:             1             24  org.springframework.web.servlet.mvc.method.annotation.ResponseBodyEmitterReturnValueHandler
4472:             1             24  org.springframework.web.servlet.support.SessionFlashMapManager
4473:             1             24  org.springframework.web.servlet.view.ViewResolverComposite
4474:             1             24  org.springframework.web.util.UrlPathHelper$1
4475:             1             24  org.springframework.web.util.pattern.PathPattern$PathMatchInfo
4476:             1             24  org.springframework.web.util.pattern.PathPatternParser$1
4477:             1             24  org.yaml.snakeyaml.external.com.google.gdata.util.common.base.PercentEscaper
4478:             1             24  reactor.core.publisher.MonoFlatMap$FlatMapInner
4479:             1             24  reactor.core.publisher.SinkManyBestEffort
4480:             1             24  reactor.core.scheduler.DelegateServiceScheduler
4481:             1             24  reactor.core.scheduler.Schedulers$CachedScheduler
4482:             1             24  reactor.netty.http.client.HttpConnectionProvider
4483:             1             24  reactor.netty.resources.ColocatedEventLoopGroup
4484:             1             24  reactor.netty.resources.DefaultLoopResources$EventLoopFactory
4485:             1             24  reactor.netty.transport.NameResolverProvider$$Lambda/0x00000000317996c0
4486:             1             24  reactor.netty.transport.NameResolverProvider$$Lambda/0x0000000031799908
4487:             1             24  sun.management.CompilationImpl (java.management@25)
4488:             1             24  sun.management.ManagementFactoryHelper$LoggingMXBeanAccess (java.management@25)
4489:             1             24  sun.management.ManagementFactoryHelper$PlatformLoggingImpl (java.management@25)
4490:             1             24  sun.management.MemoryImpl (java.management@25)
4491:             1             24  sun.management.RuntimeImpl (java.management@25)
4492:             1             24  sun.management.VMManagementImpl (java.management@25)
4493:             1             24  sun.net.www.protocol.http.Handler (java.base@25)
4494:             1             24  sun.nio.cs.GB18030 (java.base@25)
4495:             1             24  sun.nio.cs.GBK (java.base@25)
4496:             1             24  sun.nio.cs.IBM437 (java.base@25)
4497:             1             24  sun.nio.cs.IBM850 (java.base@25)
4498:             1             24  sun.nio.cs.IBM852 (java.base@25)
4499:             1             24  sun.nio.cs.IBM866 (java.base@25)
4500:             1             24  sun.nio.cs.ISO_8859_1 (java.base@25)
4501:             1             24  sun.nio.cs.ISO_8859_13 (java.base@25)
4502:             1             24  sun.nio.cs.ISO_8859_2 (java.base@25)
4503:             1             24  sun.nio.cs.ISO_8859_7 (java.base@25)
4504:             1             24  sun.nio.cs.ISO_8859_9 (java.base@25)
4505:             1             24  sun.nio.cs.KOI8_R (java.base@25)
4506:             1             24  sun.nio.cs.MS1250 (java.base@25)
4507:             1             24  sun.nio.cs.MS1251 (java.base@25)
4508:             1             24  sun.nio.cs.MS1252 (java.base@25)
4509:             1             24  sun.nio.cs.MS1256 (java.base@25)
4510:             1             24  sun.nio.cs.MS1257 (java.base@25)
4511:             1             24  sun.nio.cs.MS932 (java.base@25)
4512:             1             24  sun.nio.cs.MS936 (java.base@25)
4513:             1             24  sun.nio.cs.SJIS (java.base@25)
4514:             1             24  sun.nio.cs.StandardCharsets (java.base@25)
4515:             1             24  sun.nio.cs.ThreadLocalCoders$1 (java.base@25)
4516:             1             24  sun.nio.cs.ThreadLocalCoders$2 (java.base@25)
4517:             1             24  sun.nio.cs.US_ASCII (java.base@25)
4518:             1             24  sun.nio.cs.UTF_16 (java.base@25)
4519:             1             24  sun.nio.cs.UTF_16BE (java.base@25)
4520:             1             24  sun.nio.cs.UTF_16LE (java.base@25)
4521:             1             24  sun.nio.cs.UTF_32 (java.base@25)
4522:             1             24  sun.nio.cs.UTF_32BE (java.base@25)
4523:             1             24  sun.nio.cs.UTF_32LE (java.base@25)
4524:             1             24  sun.nio.cs.UTF_8 (java.base@25)
4525:             1             24  sun.nio.fs.WindowsFileSystem (java.base@25)
4526:             1             24  sun.nio.fs.WindowsSecurityDescriptor (java.base@25)
4527:             1             24  sun.reflect.annotation.TypeAnnotation$LocationInfo (java.base@25)
4528:             1             24  sun.util.cldr.CLDRCalendarDataProviderImpl (java.base@25)
4529:             1             24  sun.util.cldr.CLDRTimeZoneNameProviderImpl (java.base@25)
4530:             1             24  sun.util.locale.provider.CalendarProviderImpl (java.base@25)
4531:             1             24  sun.util.locale.provider.DateFormatSymbolsProviderImpl (java.base@25)
4532:             1             24  sun.util.locale.provider.DecimalFormatSymbolsProviderImpl (java.base@25)
4533:             1             24  sun.util.locale.provider.NumberFormatProviderImpl (java.base@25)
4534:             1             24  sun.util.locale.provider.TimeZoneNameProviderImpl (java.base@25)
4535:             1             16  [Lcom.fasterxml.classmate.members.RawConstructor;
4536:             1             16  [Lcom.fasterxml.classmate.members.RawField;
4537:             1             16  [Lcom.fasterxml.classmate.members.ResolvedConstructor;
4538:             1             16  [Lcom.fasterxml.classmate.members.ResolvedField;
4539:             1             16  [Lcom.fasterxml.classmate.members.ResolvedMethod;
4540:             1             16  [Lcom.fasterxml.jackson.databind.AbstractTypeResolver;
4541:             1             16  [Lcom.fasterxml.jackson.databind.util.ClassUtil$Ctor;
4542:             1             16  [Lio.micrometer.common.KeyValue;
4543:             1             16  [Lio.micrometer.common.docs.KeyName;
4544:             1             16  [Lio.micrometer.core.instrument.distribution.ValueAtPercentile;
4545:             1             16  [Lio.micrometer.observation.Observation$Event;
4546:             1             16  [Lio.netty.handler.codec.dns.DnsRecord;
4547:             1             16  [Lio.netty.util.AsciiString;
4548:             1             16  [Ljava.beans.EventSetDescriptor; (java.desktop@25)
4549:             1             16  [Ljava.beans.PropertyChangeListener; (java.desktop@25)
4550:             1             16  [Ljava.lang.classfile.Attribute; (java.base@25)
4551:             1             16  [Ljava.lang.classfile.attribute.StackMapFrameInfo; (java.base@25)
4552:             1             16  [Ljava.lang.classfile.constantpool.ClassEntry; (java.base@25)
4553:             1             16  [Ljava.lang.classfile.instruction.CharacterRange; (java.base@25)
4554:             1             16  [Ljava.lang.classfile.instruction.LocalVariable; (java.base@25)
4555:             1             16  [Ljava.lang.classfile.instruction.LocalVariableType; (java.base@25)
4556:             1             16  [Ljava.lang.management.LockInfo; (java.management@25)
4557:             1             16  [Ljava.lang.management.MonitorInfo; (java.management@25)
4558:             1             16  [Ljava.lang.reflect.AnnotatedType; (java.base@25)
4559:             1             16  [Ljava.security.Provider; (java.base@25)
4560:             1             16  [Ljava.security.cert.X509Certificate; (java.base@25)
4561:             1             16  [Ljava.text.FieldPosition; (java.base@25)
4562:             1             16  [Ljava.time.zone.ZoneOffsetTransitionRule; (java.base@25)
4563:             1             16  [Ljava.util.logging.Handler; (java.logging@25)
4564:             1             16  [Ljavax.security.cert.X509Certificate; (java.base@25)
4565:             1             16  [Ljdk.internal.classfile.impl.DirectCodeBuilder$DeferredLabel; (java.base@25)
4566:             1             16  [Ljdk.internal.classfile.impl.StackMapGenerator$Frame; (java.base@25)
4567:             1             16  [Ljdk.internal.classfile.impl.Util$Writable; (java.base@25)
4568:             1             16  [Lorg.apache.catalina.core.DefaultInstanceManager$AnnotationCacheEntry;
4569:             1             16  [Lorg.apache.tomcat.util.descriptor.web.ApplicationParameter;
4570:             1             16  [Lorg.apache.tomcat.util.descriptor.web.SecurityConstraint;
4571:             1             16  [Lorg.apache.tomcat.util.modeler.NotificationInfo;
4572:             1             16  [Lorg.springframework.boot.autoconfigure.web.reactive.function.client.ReactorNettyHttpClientMapper;
4573:             1             16  [Lorg.springframework.data.domain.Sort$Order;
4574:             1             16  [Lorg.springframework.web.context.request.async.CallableProcessingInterceptor;
4575:             1             16  [Lorg.springframework.web.context.request.async.DeferredResultProcessingInterceptor;
4576:             1             16  [Lsun.reflect.annotation.TypeAnnotation$LocationInfo$Location; (java.base@25)
4577:             1             16  ch.qos.logback.classic.util.ContextInitializer$1
4578:             1             16  ch.qos.logback.core.LifeCycleManager
4579:             1             16  ch.qos.logback.core.joran.spi.ConsoleTarget$1
4580:             1             16  ch.qos.logback.core.joran.spi.ConsoleTarget$2
4581:             1             16  ch.qos.logback.core.rolling.LengthCounterBase
4582:             1             16  ch.qos.logback.core.spi.AppenderAttachableImpl
4583:             1             16  cn.dev33.satoken.annotation.handler.SaCheckDisableHandler
4584:             1             16  cn.dev33.satoken.annotation.handler.SaCheckHttpBasicHandler
4585:             1             16  cn.dev33.satoken.annotation.handler.SaCheckHttpDigestHandler
4586:             1             16  cn.dev33.satoken.annotation.handler.SaCheckLoginHandler
4587:             1             16  cn.dev33.satoken.annotation.handler.SaCheckOrHandler
4588:             1             16  cn.dev33.satoken.annotation.handler.SaCheckPermissionHandler
4589:             1             16  cn.dev33.satoken.annotation.handler.SaCheckRoleHandler
4590:             1             16  cn.dev33.satoken.annotation.handler.SaCheckSafeHandler
4591:             1             16  cn.dev33.satoken.annotation.handler.SaIgnoreHandler
4592:             1             16  cn.dev33.satoken.dao.SaTokenDaoRedisJackson$$Lambda/0x0000000031728c00
4593:             1             16  cn.dev33.satoken.filter.SaPathCheckFilterForJakartaServlet
4594:             1             16  cn.dev33.satoken.interceptor.SaInterceptor$$Lambda/0x00000000316f1878
4595:             1             16  cn.dev33.satoken.listener.SaTokenListenerForLog
4596:             1             16  cn.dev33.satoken.log.SaLogForConsole
4597:             1             16  cn.dev33.satoken.spring.SaBeanInject
4598:             1             16  cn.dev33.satoken.spring.SaBeanRegister
4599:             1             16  cn.dev33.satoken.spring.SaTokenContextForSpringInJakartaServlet
4600:             1             16  cn.dev33.satoken.spring.SaTokenContextRegister
4601:             1             16  cn.dev33.satoken.spring.json.SaJsonTemplateForJackson
4602:             1             16  cn.dev33.satoken.strategy.SaAnnotationStrategy$$Lambda/0x00000000317f75d8
4603:             1             16  cn.dev33.satoken.strategy.SaAnnotationStrategy$$Lambda/0x00000000317f7830
4604:             1             16  cn.dev33.satoken.strategy.SaAnnotationStrategy$$Lambda/0x00000000317f7a80
4605:             1             16  cn.dev33.satoken.strategy.SaStrategy$$Lambda/0x0000000031721000
4606:             1             16  cn.dev33.satoken.strategy.SaStrategy$$Lambda/0x0000000031721250
4607:             1             16  cn.dev33.satoken.strategy.SaStrategy$$Lambda/0x00000000317214b0
4608:             1             16  cn.dev33.satoken.strategy.SaStrategy$$Lambda/0x0000000031721700
4609:             1             16  cn.dev33.satoken.strategy.SaStrategy$$Lambda/0x0000000031728778
4610:             1             16  cn.dev33.satoken.strategy.SaStrategy$$Lambda/0x00000000317289d8
4611:             1             16  cn.hutool.extra.spring.SpringUtil
4612:             1             16  com.alibaba.fastjson2.JSONFactory$$Lambda/0x0000000031825a38
4613:             1             16  com.alibaba.fastjson2.JSONPathCompilerReflect
4614:             1             16  com.alibaba.fastjson2.JSONPathCompilerReflectASM
4615:             1             16  com.alibaba.fastjson2.function.impl.ToBigDecimal
4616:             1             16  com.alibaba.fastjson2.function.impl.ToBigInteger
4617:             1             16  com.alibaba.fastjson2.function.impl.ToNumber
4618:             1             16  com.alibaba.fastjson2.function.impl.ToString
4619:             1             16  com.alibaba.fastjson2.reader.ObjectArrayReader
4620:             1             16  com.alibaba.fastjson2.reader.ObjectReaderBaseModule$$Lambda/0x0000000031892ff0
4621:             1             16  com.alibaba.fastjson2.reader.ObjectReaderBaseModule$$Lambda/0x0000000031897378
4622:             1             16  com.alibaba.fastjson2.reader.ObjectReaderBaseModule$$Lambda/0x0000000031897808
4623:             1             16  com.alibaba.fastjson2.reader.ObjectReaderBaseModule$$Lambda/0x0000000031897a50
4624:             1             16  com.alibaba.fastjson2.reader.ObjectReaderBaseModule$ReaderAnnotationProcessor
4625:             1             16  com.alibaba.fastjson2.reader.ObjectReaderCreator$$Lambda/0x0000000031936000
4626:             1             16  com.alibaba.fastjson2.reader.ObjectReaderCreator$$Lambda/0x00000000319368d0
4627:             1             16  com.alibaba.fastjson2.reader.ObjectReaderCreatorASM$$Lambda/0x0000000031935400
4628:             1             16  com.alibaba.fastjson2.reader.ObjectReaderCreatorASM$$Lambda/0x00000000319388e8
4629:             1             16  com.alibaba.fastjson2.reader.ObjectReaderCreatorASM$$Lambda/0x0000000031938fa0
4630:             1             16  com.alibaba.fastjson2.reader.ObjectReaderCreatorASM$$Lambda/0x00000000319391e8
4631:             1             16  com.alibaba.fastjson2.reader.ObjectReaderImplBoolean
4632:             1             16  com.alibaba.fastjson2.reader.ObjectReaderImplInt64
4633:             1             16  com.alibaba.fastjson2.reader.ObjectReaderImplMap$$Lambda/0x000000003183f9e0
4634:             1             16  com.alibaba.fastjson2.reader.ObjectReaderImplString
4635:             1             16  com.alibaba.fastjson2.util.TypeUtils$Cache
4636:             1             16  com.alibaba.fastjson2.writer.ObjectWriterBaseModule$VoidObjectWriter
4637:             1             16  com.alibaba.fastjson2.writer.ObjectWriterBaseModule$WriterAnnotationProcessor
4638:             1             16  com.alibaba.fastjson2.writer.ObjectWriterImplBoolean
4639:             1             16  com.alibaba.fastjson2.writer.ObjectWriterImplString
4640:             1             16  com.alibaba.ttl.TransmittableThreadLocal$1
4641:             1             16  com.baomidou.mybatisplus.autoconfigure.DdlAutoConfiguration
4642:             1             16  com.baomidou.mybatisplus.autoconfigure.MybatisPlusProperties$$Lambda/0x0000000031570000
4643:             1             16  com.baomidou.mybatisplus.core.MybatisConfiguration$$Lambda/0x000000003156a820
4644:             1             16  com.baomidou.mybatisplus.core.MybatisMapperAnnotationBuilder$$Lambda/0x0000000031579000
4645:             1             16  com.baomidou.mybatisplus.core.MybatisMapperAnnotationBuilder$$Lambda/0x000000003157d7d0
4646:             1             16  com.baomidou.mybatisplus.core.MybatisMapperAnnotationBuilder$$Lambda/0x000000003157da18
4647:             1             16  com.baomidou.mybatisplus.core.MybatisMapperAnnotationBuilder$$Lambda/0x000000003157dc60
4648:             1             16  com.baomidou.mybatisplus.core.MybatisMapperAnnotationBuilder$$Lambda/0x0000000031584b00
4649:             1             16  com.baomidou.mybatisplus.core.MybatisXMLLanguageDriver
4650:             1             16  com.baomidou.mybatisplus.core.MybatisXMLScriptBuilder$$Lambda/0x0000000031583720
4651:             1             16  com.baomidou.mybatisplus.core.MybatisXMLScriptBuilder$$Lambda/0x00000000315896e0
4652:             1             16  com.baomidou.mybatisplus.core.conditions.segments.MatchSegment$$Lambda/0x00000000318ea580
4653:             1             16  com.baomidou.mybatisplus.core.conditions.segments.MatchSegment$$Lambda/0x00000000318ea7d8
4654:             1             16  com.baomidou.mybatisplus.core.conditions.segments.MatchSegment$$Lambda/0x00000000318eaa30
4655:             1             16  com.baomidou.mybatisplus.core.conditions.segments.MatchSegment$$Lambda/0x00000000318eac88
4656:             1             16  com.baomidou.mybatisplus.core.conditions.segments.MatchSegment$$Lambda/0x00000000318eaee0
4657:             1             16  com.baomidou.mybatisplus.core.conditions.segments.MatchSegment$$Lambda/0x00000000318eb138
4658:             1             16  com.baomidou.mybatisplus.core.conditions.segments.MatchSegment$$Lambda/0x00000000318eb390
4659:             1             16  com.baomidou.mybatisplus.core.conditions.segments.MatchSegment$$Lambda/0x00000000318eb5e8
4660:             1             16  com.baomidou.mybatisplus.core.conditions.segments.MatchSegment$$Lambda/0x00000000318eb840
4661:             1             16  com.baomidou.mybatisplus.core.conditions.segments.NormalSegmentList$$Lambda/0x00000000318ee350
4662:             1             16  com.baomidou.mybatisplus.core.config.GlobalConfig$1
4663:             1             16  com.baomidou.mybatisplus.core.config.GlobalConfig$2
4664:             1             16  com.baomidou.mybatisplus.core.incrementer.DefaultIdentifierGenerator
4665:             1             16  com.baomidou.mybatisplus.core.injector.DefaultSqlInjector
4666:             1             16  com.baomidou.mybatisplus.core.injector.methods.DeleteById$$Lambda/0x000000003161e9a8
4667:             1             16  com.baomidou.mybatisplus.core.injector.methods.DeleteById$$Lambda/0x000000003161ec00
4668:             1             16  com.baomidou.mybatisplus.core.injector.methods.DeleteById$$Lambda/0x000000003161ee58
4669:             1             16  com.baomidou.mybatisplus.core.injector.methods.DeleteByIds$$Lambda/0x000000003161f0a0
4670:             1             16  com.baomidou.mybatisplus.core.injector.methods.DeleteByIds$$Lambda/0x000000003161f2f8
4671:             1             16  com.baomidou.mybatisplus.core.injector.methods.DeleteByIds$$Lambda/0x000000003161f550
4672:             1             16  com.baomidou.mybatisplus.core.metadata.TableInfo$$Lambda/0x0000000031589250
4673:             1             16  com.baomidou.mybatisplus.core.metadata.TableInfo$$Lambda/0x000000003158bd20
4674:             1             16  com.baomidou.mybatisplus.core.metadata.TableInfo$$Lambda/0x0000000031590250
4675:             1             16  com.baomidou.mybatisplus.core.metadata.TableInfo$$Lambda/0x0000000031590dc8
4676:             1             16  com.baomidou.mybatisplus.core.metadata.TableInfo$$Lambda/0x0000000031591490
4677:             1             16  com.baomidou.mybatisplus.core.metadata.TableInfo$$Lambda/0x00000000315916e8
4678:             1             16  com.baomidou.mybatisplus.core.metadata.TableInfoHelper$$Lambda/0x0000000031587d38
4679:             1             16  com.baomidou.mybatisplus.core.toolkit.GlobalConfigUtils$$Lambda/0x0000000031573f78
4680:             1             16  com.baomidou.mybatisplus.core.toolkit.IdWorker$$Lambda/0x0000000031574ef0
4681:             1             16  com.baomidou.mybatisplus.core.toolkit.ReflectionKit$$Lambda/0x000000003158c210
4682:             1             16  com.baomidou.mybatisplus.core.toolkit.ReflectionKit$$Lambda/0x000000003158c458
4683:             1             16  com.baomidou.mybatisplus.core.toolkit.ReflectionKit$$Lambda/0x000000003158c6a0
4684:             1             16  com.baomidou.mybatisplus.core.toolkit.ReflectionKit$$Lambda/0x000000003158c8f0
4685:             1             16  com.baomidou.mybatisplus.core.toolkit.ReflectionKit$$Lambda/0x000000003158cfb8
4686:             1             16  com.baomidou.mybatisplus.core.toolkit.ReflectionKit$$Lambda/0x000000003158d210
4687:             1             16  com.baomidou.mybatisplus.extension.plugins.MybatisPlusInterceptor
4688:             1             16  com.baomidou.mybatisplus.extension.spi.SpringCompatibleSet
4689:             1             16  com.baomidou.mybatisplus.extension.spring.MybatisPlusApplicationContextAware
4690:             1             16  com.baomidou.mybatisplus.extension.spring.MybatisSqlSessionFactoryBean$$Lambda/0x0000000031572070
4691:             1             16  com.baomidou.mybatisplus.extension.spring.MybatisSqlSessionFactoryBean$$Lambda/0x0000000031572298
4692:             1             16  com.baomidou.mybatisplus.extension.spring.MybatisSqlSessionFactoryBean$$Lambda/0x0000000031573d50
4693:             1             16  com.fasterxml.classmate.TypeResolver
4694:             1             16  com.fasterxml.jackson.annotation.JsonIncludeProperties$Value
4695:             1             16  com.fasterxml.jackson.core.StreamWriteConstraints
4696:             1             16  com.fasterxml.jackson.core.io.JsonStringEncoder
4697:             1             16  com.fasterxml.jackson.core.util.DefaultPrettyPrinter$FixedSpaceIndenter
4698:             1             16  com.fasterxml.jackson.core.util.DefaultPrettyPrinter$NopIndenter
4699:             1             16  com.fasterxml.jackson.core.util.JsonRecyclerPools$ThreadLocalPool
4700:             1             16  com.fasterxml.jackson.databind.deser.impl.JDKValueInstantiators$ArrayListInstantiator
4701:             1             16  com.fasterxml.jackson.databind.deser.impl.JDKValueInstantiators$ConcurrentHashMapInstantiator
4702:             1             16  com.fasterxml.jackson.databind.deser.impl.JDKValueInstantiators$LinkedHashMapInstantiator
4703:             1             16  com.fasterxml.jackson.databind.deser.std.StdKeyDeserializers
4704:             1             16  com.fasterxml.jackson.databind.ext.Java7HandlersImpl
4705:             1             16  com.fasterxml.jackson.databind.ext.Java7SupportImpl
4706:             1             16  com.fasterxml.jackson.databind.introspect.AnnotationCollector$EmptyCollector
4707:             1             16  com.fasterxml.jackson.databind.introspect.AnnotationCollector$NoAnnotations
4708:             1             16  com.fasterxml.jackson.databind.introspect.NopAnnotationIntrospector$1
4709:             1             16  com.fasterxml.jackson.databind.jsontype.impl.LaissezFaireSubTypeValidator
4710:             1             16  com.fasterxml.jackson.databind.jsontype.impl.SubTypeValidator
4711:             1             16  com.fasterxml.jackson.databind.node.JsonNodeFactory
4712:             1             16  com.fasterxml.jackson.databind.node.NullNode
4713:             1             16  com.fasterxml.jackson.databind.node.TextNode
4714:             1             16  com.fasterxml.jackson.databind.ser.impl.UnknownSerializer
4715:             1             16  com.fasterxml.jackson.databind.ser.std.NullSerializer
4716:             1             16  com.fasterxml.jackson.databind.ser.std.StdKeySerializer
4717:             1             16  com.fasterxml.jackson.databind.ser.std.StdKeySerializers$StringKeySerializer
4718:             1             16  com.fasterxml.jackson.databind.ser.std.StringSerializer
4719:             1             16  com.fasterxml.jackson.databind.util.NameTransformer$NopTransformer
4720:             1             16  com.fasterxml.jackson.databind.util.ViewMatcher
4721:             1             16  com.fasterxml.jackson.datatype.jsr310.deser.InstantDeserializer$$Lambda/0x0000000031234f10
4722:             1             16  com.fasterxml.jackson.datatype.jsr310.deser.InstantDeserializer$$Lambda/0x0000000031235370
4723:             1             16  com.fasterxml.jackson.datatype.jsr310.deser.InstantDeserializer$$Lambda/0x00000000312357d0
4724:             1             16  com.fasterxml.jackson.datatype.jsr310.deser.InstantDeserializer$$Lambda/0x0000000031235a18
4725:             1             16  com.fasterxml.jackson.datatype.jsr310.deser.InstantDeserializer$$Lambda/0x0000000031235c50
4726:             1             16  com.fasterxml.jackson.datatype.jsr310.deser.InstantDeserializer$$Lambda/0x0000000031235e98
4727:             1             16  com.fasterxml.jackson.datatype.jsr310.deser.InstantDeserializer$$Lambda/0x00000000312360e0
4728:             1             16  com.fasterxml.jackson.datatype.jsr310.deser.InstantDeserializer$$Lambda/0x0000000031236328
4729:             1             16  com.fasterxml.jackson.datatype.jsr310.deser.InstantDeserializer$$Lambda/0x0000000031236560
4730:             1             16  com.fasterxml.jackson.datatype.jsr310.deser.InstantDeserializer$$Lambda/0x00000000312367a8
4731:             1             16  com.fasterxml.jackson.datatype.jsr310.deser.InstantDeserializer$$Lambda/0x00000000312369f0
4732:             1             16  com.fasterxml.jackson.datatype.jsr310.deser.InstantDeserializer$$Lambda/0x0000000031236c38
4733:             1             16  com.fasterxml.jackson.datatype.jsr310.deser.key.DurationKeyDeserializer
4734:             1             16  com.fasterxml.jackson.datatype.jsr310.deser.key.InstantKeyDeserializer
4735:             1             16  com.fasterxml.jackson.datatype.jsr310.deser.key.LocalDateKeyDeserializer
4736:             1             16  com.fasterxml.jackson.datatype.jsr310.deser.key.LocalDateTimeKeyDeserializer
4737:             1             16  com.fasterxml.jackson.datatype.jsr310.deser.key.LocalTimeKeyDeserializer
4738:             1             16  com.fasterxml.jackson.datatype.jsr310.deser.key.MonthDayKeyDeserializer
4739:             1             16  com.fasterxml.jackson.datatype.jsr310.deser.key.OffsetDateTimeKeyDeserializer
4740:             1             16  com.fasterxml.jackson.datatype.jsr310.deser.key.OffsetTimeKeyDeserializer
4741:             1             16  com.fasterxml.jackson.datatype.jsr310.deser.key.PeriodKeyDeserializer
4742:             1             16  com.fasterxml.jackson.datatype.jsr310.deser.key.YearKeyDeserializer
4743:             1             16  com.fasterxml.jackson.datatype.jsr310.deser.key.YearMonthKeyDeserializer
4744:             1             16  com.fasterxml.jackson.datatype.jsr310.deser.key.ZoneIdKeyDeserializer
4745:             1             16  com.fasterxml.jackson.datatype.jsr310.deser.key.ZoneOffsetKeyDeserializer
4746:             1             16  com.fasterxml.jackson.datatype.jsr310.deser.key.ZonedDateTimeKeyDeserializer
4747:             1             16  com.fasterxml.jackson.datatype.jsr310.ser.InstantSerializer$$Lambda/0x00000000312382c0
4748:             1             16  com.fasterxml.jackson.datatype.jsr310.ser.InstantSerializer$$Lambda/0x00000000312384e8
4749:             1             16  com.fasterxml.jackson.datatype.jsr310.ser.InstantSerializer$$Lambda/0x0000000031238710
4750:             1             16  com.fasterxml.jackson.datatype.jsr310.ser.OffsetDateTimeSerializer$$Lambda/0x0000000031238938
4751:             1             16  com.fasterxml.jackson.datatype.jsr310.ser.OffsetDateTimeSerializer$$Lambda/0x0000000031238b60
4752:             1             16  com.fasterxml.jackson.datatype.jsr310.ser.OffsetDateTimeSerializer$$Lambda/0x0000000031238d88
4753:             1             16  com.fasterxml.jackson.datatype.jsr310.ser.ZonedDateTimeSerializer$$Lambda/0x0000000031238fb0
4754:             1             16  com.fasterxml.jackson.datatype.jsr310.ser.ZonedDateTimeSerializer$$Lambda/0x00000000312391d8
4755:             1             16  com.fasterxml.jackson.datatype.jsr310.ser.ZonedDateTimeSerializer$$Lambda/0x0000000031239400
4756:             1             16  com.fasterxml.jackson.datatype.jsr310.ser.key.ZonedDateTimeKeySerializer
4757:             1             16  com.flashchat.cache.config.CacheAutoConfiguration
4758:             1             16  com.flashchat.cache.config.LocalCacheManager$NullValueMarker
4759:             1             16  com.flashchat.cache.toolkit.CacheUtil$$Lambda/0x00000000317fb3a8
4760:             1             16  com.flashchat.cache.toolkit.CacheUtil$$Lambda/0x00000000317fbe60
4761:             1             16  com.flashchat.chatservice.audit.MessageAuditChain
4762:             1             16  com.flashchat.chatservice.audit.MessageAuditChain$$Lambda/0x00000000314488e8
4763:             1             16  com.flashchat.chatservice.audit.hander.ContentLengthAuditHandler
4764:             1             16  com.flashchat.chatservice.audit.hander.SensitiveWordAuditHandler$DfaAutomaton$$Lambda/0x00000000314424a0
4765:             1             16  com.flashchat.chatservice.cache.RoomCacheGetFilter
4766:             1             16  com.flashchat.chatservice.cache.RoomCacheIfAbsentHandler
4767:             1             16  com.flashchat.chatservice.config.AsyncConfiguration$$Lambda/0x00000000316dee50
4768:             1             16  com.flashchat.chatservice.config.MyMetaObjectHandler
4769:             1             16  com.flashchat.chatservice.config.RoomMemberCountReconcileJob$$Lambda/0x000000003196d278
4770:             1             16  com.flashchat.chatservice.config.RoomMemberCountReconcileJob$$Lambda/0x000000003196d4d8
4771:             1             16  com.flashchat.chatservice.config.RoomMemberCountReconcileJob$$Lambda/0x000000003196d738
4772:             1             16  com.flashchat.chatservice.config.RoomMemberCountReconcileJob$$Lambda/0x000000003196d998
4773:             1             16  com.flashchat.chatservice.config.SaTokenExceptionHandler
4774:             1             16  com.flashchat.chatservice.config.WebSocketThreadPoolConfig$WsRejectPolicy
4775:             1             16  com.flashchat.chatservice.controller.ChatController
4776:             1             16  com.flashchat.chatservice.controller.FileController
4777:             1             16  com.flashchat.chatservice.controller.RoomController
4778:             1             16  com.flashchat.chatservice.dao.enums.MessageTypeEnum$$Lambda/0x000000003167e650
4779:             1             16  com.flashchat.chatservice.delay.RoomExpireCompensateJob$$Lambda/0x000000003195dc00
4780:             1             16  com.flashchat.chatservice.delay.RoomExpireCompensateJob$$Lambda/0x000000003195ed40
4781:             1             16  com.flashchat.chatservice.delay.RoomExpireCompensateJob$$Lambda/0x000000003195f400
4782:             1             16  com.flashchat.chatservice.delay.RoomExpireCompensateJob$$Lambda/0x000000003195f8b0
4783:             1             16  com.flashchat.chatservice.delay.RoomExpireCompensateJob$$Lambda/0x000000003195fb10
4784:             1             16  com.flashchat.chatservice.delay.RoomExpireCompensateJob$$Lambda/0x000000003195fd70
4785:             1             16  com.flashchat.chatservice.delay.consumer.RoomDelayConsumer$$Lambda/0x000000003167d408
4786:             1             16  com.flashchat.chatservice.delay.producer.RoomDelayProducer
4787:             1             16  com.flashchat.chatservice.listener.GameEndedListener
4788:             1             16  com.flashchat.chatservice.service.dispatch.RoomSideEffectMailbox$$Lambda/0x000000003167c230
4789:             1             16  com.flashchat.chatservice.service.impl.ChatServiceImpl$$Lambda/0x0000000031947270
4790:             1             16  com.flashchat.chatservice.service.impl.ChatServiceImpl$$Lambda/0x00000000319474d0
4791:             1             16  com.flashchat.chatservice.service.impl.ChatServiceImpl$$Lambda/0x0000000031947730
4792:             1             16  com.flashchat.chatservice.service.impl.MessageWindowServiceImpl$$Lambda/0x0000000031948648
4793:             1             16  com.flashchat.chatservice.service.impl.RoomMemberServiceImpl$$Lambda/0x00000000318fcb50
4794:             1             16  com.flashchat.chatservice.service.impl.RoomMemberServiceImpl$$Lambda/0x00000000318fcdb0
4795:             1             16  com.flashchat.chatservice.service.impl.RoomMemberServiceImpl$$Lambda/0x00000000319759f0
4796:             1             16  com.flashchat.chatservice.service.impl.RoomServiceImpl$$Lambda/0x00000000318e93c8
4797:             1             16  com.flashchat.chatservice.service.impl.RoomServiceImpl$$Lambda/0x00000000318ec100
4798:             1             16  com.flashchat.chatservice.service.impl.RoomServiceImpl$$Lambda/0x00000000318eeea8
4799:             1             16  com.flashchat.chatservice.service.impl.RoomServiceImpl$$Lambda/0x00000000318ef108
4800:             1             16  com.flashchat.chatservice.service.impl.RoomServiceImpl$$Lambda/0x00000000318f4d48
4801:             1             16  com.flashchat.chatservice.service.impl.RoomServiceImpl$$Lambda/0x00000000318f4fa8
4802:             1             16  com.flashchat.chatservice.service.impl.RoomServiceImpl$$Lambda/0x00000000318f5208
4803:             1             16  com.flashchat.chatservice.service.impl.RoomServiceImpl$$Lambda/0x00000000318fe178
4804:             1             16  com.flashchat.chatservice.service.impl.RoomServiceImpl$$Lambda/0x000000003193ec38
4805:             1             16  com.flashchat.chatservice.service.impl.RoomServiceImpl$$Lambda/0x000000003193f0f8
4806:             1             16  com.flashchat.chatservice.service.impl.RoomServiceImpl$$Lambda/0x0000000031960cc0
4807:             1             16  com.flashchat.chatservice.service.impl.RoomServiceImpl$$Lambda/0x0000000031960f20
4808:             1             16  com.flashchat.chatservice.service.impl.RoomServiceImpl$$Lambda/0x00000000319613d0
4809:             1             16  com.flashchat.chatservice.service.impl.RoomServiceImpl$$Lambda/0x000000003196b800
4810:             1             16  com.flashchat.chatservice.service.impl.RoomServiceImpl$$Lambda/0x000000003196c8f8
4811:             1             16  com.flashchat.chatservice.service.impl.RoomServiceImpl$$Lambda/0x000000003196cb58
4812:             1             16  com.flashchat.chatservice.service.impl.RoomServiceImpl$$Lambda/0x000000003196cdb8
4813:             1             16  com.flashchat.chatservice.service.impl.RoomServiceImpl$$Lambda/0x000000003196d018
4814:             1             16  com.flashchat.chatservice.service.impl.RoomServiceImpl$$Lambda/0x000000003196f8e8
4815:             1             16  com.flashchat.chatservice.service.impl.RoomServiceImpl$$Lambda/0x000000003196fb48
4816:             1             16  com.flashchat.chatservice.service.impl.RoomServiceImpl$$Lambda/0x0000000031974490
4817:             1             16  com.flashchat.chatservice.service.impl.RoomServiceImpl$$Lambda/0x00000000319746f0
4818:             1             16  com.flashchat.chatservice.service.impl.RoomServiceImpl$$Lambda/0x0000000031974950
4819:             1             16  com.flashchat.chatservice.service.impl.RoomServiceImpl$$Lambda/0x0000000031974bb0
4820:             1             16  com.flashchat.chatservice.service.impl.RoomServiceImpl$$Lambda/0x0000000031974e10
4821:             1             16  com.flashchat.chatservice.service.impl.RoomServiceImpl$$Lambda/0x0000000031975070
4822:             1             16  com.flashchat.chatservice.service.impl.RoomServiceImpl$$Lambda/0x00000000319752d0
4823:             1             16  com.flashchat.chatservice.service.impl.RoomServiceImpl$$Lambda/0x0000000031975530
4824:             1             16  com.flashchat.chatservice.service.impl.RoomServiceImpl$$Lambda/0x0000000031975790
4825:             1             16  com.flashchat.chatservice.service.strategy.msg.FileMsgHandler
4826:             1             16  com.flashchat.chatservice.service.strategy.msg.ImageMsgHandler
4827:             1             16  com.flashchat.chatservice.service.strategy.msg.TextMsgHandler
4828:             1             16  com.flashchat.chatservice.service.strategy.msg.VoiceMsgHandler
4829:             1             16  com.flashchat.chatservice.stream.MessageStreamConsumer$$Lambda/0x000000003167eaa8
4830:             1             16  com.flashchat.chatservice.stream.MessageStreamConsumer$$Lambda/0x000000003167ecd8
4831:             1             16  com.flashchat.chatservice.websocket.manager.RoomChannelManager$$Lambda/0x00000000318e2218
4832:             1             16  com.flashchat.chatservice.websocket.manager.RoomChannelManager$$Lambda/0x00000000318e26b0
4833:             1             16  com.flashchat.chatservice.websocket.manager.RoomChannelManager$$Lambda/0x0000000031936228
4834:             1             16  com.flashchat.chatservice.websocket.manager.RoomChannelManager$$Lambda/0x0000000031941258
4835:             1             16  com.flashchat.convention.web.GlobalExceptionHandler
4836:             1             16  com.flashchat.gameservice.ai.AiContextAssembler
4837:             1             16  com.flashchat.gameservice.ai.prompt.WhoIsSpyPromptBuilder
4838:             1             16  com.flashchat.gameservice.config.GameThreadPoolConfig$$Lambda/0x00000000316d34a8
4839:             1             16  com.flashchat.gameservice.config.GameThreadPoolConfig$$Lambda/0x00000000316d36d0
4840:             1             16  com.flashchat.gameservice.config.GameThreadPoolConfig$$Lambda/0x00000000316d3900
4841:             1             16  com.flashchat.gameservice.controller.GameAiDebugController
4842:             1             16  com.flashchat.gameservice.engine.GameActionLockManager
4843:             1             16  com.flashchat.gameservice.service.impl.GameStateQueryServiceImpl
4844:             1             16  com.flashchat.gameservice.timer.GameTurnTimer
4845:             1             16  com.flashchat.user.config.SaTokenConfiguration
4846:             1             16  com.flashchat.user.config.SaTokenConfiguration$$Lambda/0x00000000316f1650
4847:             1             16  com.flashchat.user.config.SaTokenConfiguration$$Lambda/0x00000000317f8bb8
4848:             1             16  com.flashchat.user.config.UserContextAutoConfiguration
4849:             1             16  com.flashchat.user.core.UserContext$$Lambda/0x00000000318d4908
4850:             1             16  com.flashchat.user.core.UserContextInterceptor
4851:             1             16  com.github.benmanes.caffeine.cache.Caffeine$$Lambda/0x0000000031629698
4852:             1             16  com.github.benmanes.caffeine.cache.LocalCacheFactory$$Lambda/0x000000003162a0f0
4853:             1             16  com.github.benmanes.caffeine.cache.NodeFactory$$Lambda/0x000000003162e930
4854:             1             16  com.github.benmanes.caffeine.cache.NodeFactory$DeadStrongKey
4855:             1             16  com.github.benmanes.caffeine.cache.NodeFactory$RetiredStrongKey
4856:             1             16  com.github.benmanes.caffeine.cache.SS$$Lambda/0x000000003162cb48
4857:             1             16  com.github.benmanes.caffeine.cache.SSS$$Lambda/0x000000003162cd70
4858:             1             16  com.github.benmanes.caffeine.cache.SSSMS$$Lambda/0x000000003162cf98
4859:             1             16  com.github.benmanes.caffeine.cache.SSSMSA$$Lambda/0x000000003162d1c0
4860:             1             16  com.google.common.base.Absent
4861:             1             16  com.google.common.base.Platform$JdkPatternCompiler
4862:             1             16  com.google.protobuf.ExtensionRegistryLite
4863:             1             16  com.mysql.cj.jdbc.AbandonedConnectionCleanupThread
4864:             1             16  com.mysql.cj.jdbc.AbandonedConnectionCleanupThread$$Lambda/0x00000000315584d0
4865:             1             16  com.mysql.cj.jdbc.ClientPreparedStatement$$Lambda/0x0000000031617438
4866:             1             16  com.mysql.cj.jdbc.ConnectionImpl$$Lambda/0x00000000315b2d90
4867:             1             16  com.mysql.cj.jdbc.ConnectionImpl$$Lambda/0x000000003160e6f0
4868:             1             16  com.mysql.cj.jdbc.ConnectionImpl$$Lambda/0x000000003160e938
4869:             1             16  com.mysql.cj.jdbc.ConnectionImpl$$Lambda/0x000000003196eba0
4870:             1             16  com.mysql.cj.jdbc.Driver
4871:             1             16  com.mysql.cj.log.NullLogger
4872:             1             16  com.mysql.cj.protocol.ExportControlled$$Lambda/0x000000003196e2c0
4873:             1             16  com.mysql.cj.protocol.ExportControlled$$Lambda/0x000000003196e4f8
4874:             1             16  com.mysql.cj.protocol.ExportControlled$$Lambda/0x000000003196e730
4875:             1             16  com.mysql.cj.protocol.ExportControlled$$Lambda/0x000000003196e968
4876:             1             16  com.mysql.cj.protocol.a.NativeProtocol$$Lambda/0x00000000315b5a60
4877:             1             16  com.mysql.cj.protocol.a.NativeProtocol$$Lambda/0x00000000315b5c88
4878:             1             16  com.mysql.cj.protocol.a.NativeProtocol$$Lambda/0x00000000315b64c0
4879:             1             16  com.mysql.cj.protocol.a.NativeProtocol$$Lambda/0x00000000315b69e8
4880:             1             16  com.mysql.cj.protocol.a.NativeProtocol$$Lambda/0x00000000315b6c10
4881:             1             16  com.mysql.cj.protocol.a.NativeProtocol$$Lambda/0x00000000315b7138
4882:             1             16  com.mysql.cj.protocol.a.NativeProtocol$$Lambda/0x00000000315b7660
4883:             1             16  com.mysql.cj.protocol.a.NativeProtocol$$Lambda/0x00000000315b8000
4884:             1             16  com.mysql.cj.protocol.a.NativeProtocol$$Lambda/0x00000000315b8528
4885:             1             16  com.mysql.cj.protocol.a.NativeProtocol$$Lambda/0x00000000315b8a50
4886:             1             16  com.mysql.cj.protocol.a.NativeProtocol$$Lambda/0x00000000315b8c78
4887:             1             16  com.mysql.cj.protocol.a.NativeProtocol$$Lambda/0x00000000315b91a0
4888:             1             16  com.mysql.cj.protocol.a.NativeProtocol$$Lambda/0x00000000315b93c8
4889:             1             16  com.mysql.cj.protocol.a.NativeProtocol$$Lambda/0x00000000315b95f0
4890:             1             16  com.mysql.cj.protocol.a.NativeProtocol$$Lambda/0x00000000315b9b18
4891:             1             16  com.mysql.cj.protocol.a.NativeProtocol$$Lambda/0x00000000315b9d40
4892:             1             16  com.mysql.cj.protocol.a.NativeProtocol$$Lambda/0x00000000315ba268
4893:             1             16  com.mysql.cj.protocol.a.NativeProtocol$$Lambda/0x00000000315ba790
4894:             1             16  com.mysql.cj.protocol.a.NativeProtocol$$Lambda/0x00000000315bacb8
4895:             1             16  com.mysql.cj.protocol.a.NativeProtocol$$Lambda/0x00000000315baee0
4896:             1             16  com.mysql.cj.protocol.a.NativeProtocol$$Lambda/0x00000000315bb408
4897:             1             16  com.mysql.cj.protocol.a.NativeProtocol$$Lambda/0x00000000315bb930
4898:             1             16  com.mysql.cj.protocol.a.NativeProtocol$$Lambda/0x00000000315bbb58
4899:             1             16  com.mysql.cj.protocol.a.NativeProtocol$$Lambda/0x00000000315bbd80
4900:             1             16  com.mysql.cj.protocol.a.NativeProtocol$$Lambda/0x00000000315bc2a8
4901:             1             16  com.mysql.cj.protocol.a.NativeProtocol$$Lambda/0x00000000315bc7d0
4902:             1             16  com.mysql.cj.protocol.a.NativeProtocol$$Lambda/0x00000000315bccf8
4903:             1             16  com.mysql.cj.protocol.a.NativeProtocol$$Lambda/0x00000000315bd220
4904:             1             16  com.mysql.cj.protocol.a.NativeProtocol$$Lambda/0x0000000031946538
4905:             1             16  com.mysql.cj.util.Util$$Lambda/0x00000000315b21d0
4906:             1             16  com.mysql.cj.util.Util$$Lambda/0x00000000315b2678
4907:             1             16  com.sun.beans.WeakCache (java.desktop@25)
4908:             1             16  com.sun.beans.introspect.EventSetInfo$$Lambda/0x000000003184f248 (java.desktop@25)
4909:             1             16  com.sun.beans.introspect.MethodInfo$MethodOrder (java.desktop@25)
4910:             1             16  com.sun.beans.introspect.PropertyInfo$$Lambda/0x000000003184f6b8 (java.desktop@25)
4911:             1             16  com.sun.jmx.interceptor.DefaultMBeanServerInterceptor$ResourceContext$1 (java.management@25)
4912:             1             16  com.sun.jmx.mbeanserver.DefaultMXBeanMappingFactory (java.management@25)
4913:             1             16  com.sun.jmx.mbeanserver.DescriptorCache (java.management@25)
4914:             1             16  com.sun.jmx.mbeanserver.MBeanAnalyzer$MethodOrder (java.management@25)
4915:             1             16  com.sun.jmx.mbeanserver.MBeanInstantiator (java.management@25)
4916:             1             16  com.sun.jmx.mbeanserver.MXBeanIntrospector (java.management@25)
4917:             1             16  com.sun.jmx.mbeanserver.SecureClassLoaderRepository (java.management@25)
4918:             1             16  com.sun.jndi.dns.DnsContextFactory (jdk.naming.dns@25)
4919:             1             16  com.sun.jndi.dns.DnsNameParser (jdk.naming.dns@25)
4920:             1             16  com.sun.management.internal.HotSpotDiagnostic (jdk.management@25)
4921:             1             16  com.sun.management.internal.PlatformMBeanProviderImpl$1 (jdk.management@25)
4922:             1             16  com.sun.management.internal.PlatformMBeanProviderImpl$4 (jdk.management@25)
4923:             1             16  com.sun.management.internal.PlatformMBeanProviderImpl$5 (jdk.management@25)
4924:             1             16  com.sun.management.internal.VirtualThreadSchedulerImpls$VirtualThreadSchedulerImpl (jdk.management@25)
4925:             1             16  com.sun.naming.internal.VersionHelper (java.naming@25)
4926:             1             16  com.sun.org.apache.xerces.internal.dom.CharacterDataImpl$1 (java.xml@25)
4927:             1             16  com.sun.org.apache.xerces.internal.impl.dv.dtd.IDDatatypeValidator (java.xml@25)
4928:             1             16  com.sun.org.apache.xerces.internal.impl.dv.dtd.IDREFDatatypeValidator (java.xml@25)
4929:             1             16  com.sun.org.apache.xerces.internal.impl.dv.dtd.NMTOKENDatatypeValidator (java.xml@25)
4930:             1             16  com.sun.org.apache.xerces.internal.impl.dv.dtd.NOTATIONDatatypeValidator (java.xml@25)
4931:             1             16  com.sun.org.apache.xerces.internal.impl.dv.dtd.StringDatatypeValidator (java.xml@25)
4932:             1             16  com.sun.org.apache.xpath.internal.objects.EqualComparator (java.xml@25)
4933:             1             16  com.sun.org.apache.xpath.internal.objects.GreaterThanComparator (java.xml@25)
4934:             1             16  com.sun.org.apache.xpath.internal.objects.GreaterThanOrEqualComparator (java.xml@25)
4935:             1             16  com.sun.org.apache.xpath.internal.objects.LessThanComparator (java.xml@25)
4936:             1             16  com.sun.org.apache.xpath.internal.objects.LessThanOrEqualComparator (java.xml@25)
4937:             1             16  com.sun.org.apache.xpath.internal.objects.NotEqualComparator (java.xml@25)
4938:             1             16  com.sun.org.apache.xpath.internal.objects.XMLStringFactoryImpl (java.xml@25)
4939:             1             16  com.zaxxer.hikari.metrics.micrometer.MicrometerMetricsTracker$$Lambda/0x0000000031781068
4940:             1             16  com.zaxxer.hikari.metrics.micrometer.MicrometerMetricsTracker$$Lambda/0x0000000031781290
4941:             1             16  com.zaxxer.hikari.metrics.micrometer.MicrometerMetricsTracker$$Lambda/0x00000000317814b8
4942:             1             16  com.zaxxer.hikari.metrics.micrometer.MicrometerMetricsTracker$$Lambda/0x00000000317816e0
4943:             1             16  com.zaxxer.hikari.metrics.micrometer.MicrometerMetricsTracker$$Lambda/0x0000000031781908
4944:             1             16  com.zaxxer.hikari.metrics.micrometer.MicrometerMetricsTracker$$Lambda/0x0000000031781b30
4945:             1             16  com.zaxxer.hikari.metrics.micrometer.MicrometerMetricsTrackerFactory
4946:             1             16  com.zaxxer.hikari.pool.PoolBase$MetricsTrackerDelegate
4947:             1             16  com.zaxxer.hikari.pool.PoolBase$SynchronousExecutor
4948:             1             16  com.zaxxer.hikari.pool.ProxyConnection$ClosedConnection$$Lambda/0x000000003161d880
4949:             1             16  com.zaxxer.hikari.util.ClockSource$NanosecondClockSource
4950:             1             16  com.zaxxer.hikari.util.ConcurrentBag$$Lambda/0x000000003159ef68
4951:             1             16  com.zaxxer.hikari.util.SuspendResumeLock$1
4952:             1             16  com.zaxxer.hikari.util.UtilityElf$CustomDiscardPolicy
4953:             1             16  io.lettuce.core.event.jfr.JfrEventRecorder
4954:             1             16  io.lettuce.core.metrics.MicrometerOptions$Builder$$Lambda/0x0000000031731288
4955:             1             16  io.lettuce.core.resource.DefaultClientResources$$Lambda/0x00000000317321f0
4956:             1             16  io.lettuce.core.resource.EpollProvider$$Lambda/0x0000000031735440
4957:             1             16  io.lettuce.core.resource.IOUringProvider$$Lambda/0x00000000317374f0
4958:             1             16  io.lettuce.core.resource.KqueueProvider$$Lambda/0x00000000317370b8
4959:             1             16  io.lettuce.core.resource.SocketAddressResolver
4960:             1             16  io.lettuce.core.tracing.NoOpTracing$1
4961:             1             16  io.micrometer.common.util.internal.logging.Slf4JLoggerFactory
4962:             1             16  io.micrometer.core.instrument.Clock$1
4963:             1             16  io.micrometer.core.instrument.Gauge$$Lambda/0x000000003177a000
4964:             1             16  io.micrometer.core.instrument.MeterRegistry$$Lambda/0x000000003141d6b8
4965:             1             16  io.micrometer.core.instrument.MeterRegistry$$Lambda/0x000000003141d900
4966:             1             16  io.micrometer.core.instrument.MeterRegistry$$Lambda/0x000000003141db50
4967:             1             16  io.micrometer.core.instrument.MeterRegistry$$Lambda/0x0000000031633d28
4968:             1             16  io.micrometer.core.instrument.MeterRegistry$$Lambda/0x0000000031639c80
4969:             1             16  io.micrometer.core.instrument.MeterRegistry$$Lambda/0x0000000031646368
4970:             1             16  io.micrometer.core.instrument.MeterRegistry$$Lambda/0x00000000316473e8
4971:             1             16  io.micrometer.core.instrument.MeterRegistry$More$$Lambda/0x0000000031634ab0
4972:             1             16  io.micrometer.core.instrument.MeterRegistry$More$$Lambda/0x000000003177b268
4973:             1             16  io.micrometer.core.instrument.MeterRegistry$More$$Lambda/0x00000000317bfd18
4974:             1             16  io.micrometer.core.instrument.Metrics$More
4975:             1             16  io.micrometer.core.instrument.TimeGauge$$Lambda/0x00000000317a08f0
4976:             1             16  io.micrometer.core.instrument.binder.cache.CaffeineCacheMetrics$$Lambda/0x0000000031632cd8
4977:             1             16  io.micrometer.core.instrument.binder.cache.CaffeineCacheMetrics$$Lambda/0x0000000031635478
4978:             1             16  io.micrometer.core.instrument.binder.cache.CaffeineCacheMetrics$$Lambda/0x00000000316388d8
4979:             1             16  io.micrometer.core.instrument.binder.cache.CaffeineCacheMetrics$$Lambda/0x0000000031638d50
4980:             1             16  io.micrometer.core.instrument.binder.cache.CaffeineCacheMetrics$$Lambda/0x0000000031896a80
4981:             1             16  io.micrometer.core.instrument.binder.cache.CaffeineCacheMetrics$$Lambda/0x0000000031896ef8
4982:             1             16  io.micrometer.core.instrument.binder.jvm.ClassLoaderMetrics
4983:             1             16  io.micrometer.core.instrument.binder.jvm.ClassLoaderMetrics$$Lambda/0x000000003177f768
4984:             1             16  io.micrometer.core.instrument.binder.jvm.ClassLoaderMetrics$$Lambda/0x000000003177f990
4985:             1             16  io.micrometer.core.instrument.binder.jvm.ExecutorServiceMetrics$$Lambda/0x0000000031768e30
4986:             1             16  io.micrometer.core.instrument.binder.jvm.ExecutorServiceMetrics$$Lambda/0x0000000031769058
4987:             1             16  io.micrometer.core.instrument.binder.jvm.ExecutorServiceMetrics$$Lambda/0x0000000031769280
4988:             1             16  io.micrometer.core.instrument.binder.jvm.ExecutorServiceMetrics$$Lambda/0x00000000317694a8
4989:             1             16  io.micrometer.core.instrument.binder.jvm.ExecutorServiceMetrics$$Lambda/0x00000000317696d0
4990:             1             16  io.micrometer.core.instrument.binder.jvm.ExecutorServiceMetrics$$Lambda/0x00000000317698f8
4991:             1             16  io.micrometer.core.instrument.binder.jvm.ExecutorServiceMetrics$$Lambda/0x0000000031769b20
4992:             1             16  io.micrometer.core.instrument.binder.jvm.JvmCompilationMetrics
4993:             1             16  io.micrometer.core.instrument.binder.jvm.JvmCompilationMetrics$$Lambda/0x000000003177a690
4994:             1             16  io.micrometer.core.instrument.binder.jvm.JvmGcMetrics$$Lambda/0x000000003177ce58
4995:             1             16  io.micrometer.core.instrument.binder.jvm.JvmGcMetrics$$Lambda/0x000000003177d080
4996:             1             16  io.micrometer.core.instrument.binder.jvm.JvmGcMetrics$$Lambda/0x000000003177d2a8
4997:             1             16  io.micrometer.core.instrument.binder.jvm.JvmGcMetrics$$Lambda/0x000000003177d4d0
4998:             1             16  io.micrometer.core.instrument.binder.jvm.JvmGcMetrics$$Lambda/0x000000003177d6f8
4999:             1             16  io.micrometer.core.instrument.binder.jvm.JvmHeapPressureMetrics$$Lambda/0x0000000031762000
5000:             1             16  io.micrometer.core.instrument.binder.jvm.JvmHeapPressureMetrics$$Lambda/0x00000000317679d8
5001:             1             16  io.micrometer.core.instrument.binder.jvm.JvmHeapPressureMetrics$$Lambda/0x000000003177db50
5002:             1             16  io.micrometer.core.instrument.binder.jvm.JvmHeapPressureMetrics$$Lambda/0x000000003177dd78
5003:             1             16  io.micrometer.core.instrument.binder.jvm.JvmInfoMetrics
5004:             1             16  io.micrometer.core.instrument.binder.jvm.JvmInfoMetrics$$Lambda/0x000000003177fbb8
5005:             1             16  io.micrometer.core.instrument.binder.jvm.JvmMemory$$Lambda/0x0000000031767528
5006:             1             16  io.micrometer.core.instrument.binder.jvm.JvmMemory$$Lambda/0x0000000031767780
5007:             1             16  io.micrometer.core.instrument.binder.jvm.JvmMemoryMetrics
5008:             1             16  io.micrometer.core.instrument.binder.jvm.JvmMemoryMetrics$$Lambda/0x000000003177dfa8
5009:             1             16  io.micrometer.core.instrument.binder.jvm.JvmMemoryMetrics$$Lambda/0x000000003177e1d0
5010:             1             16  io.micrometer.core.instrument.binder.jvm.JvmMemoryMetrics$$Lambda/0x000000003177e3f8
5011:             1             16  io.micrometer.core.instrument.binder.jvm.JvmMemoryMetrics$$Lambda/0x000000003177e620
5012:             1             16  io.micrometer.core.instrument.binder.jvm.JvmMemoryMetrics$$Lambda/0x000000003177e848
5013:             1             16  io.micrometer.core.instrument.binder.jvm.JvmMemoryMetrics$$Lambda/0x000000003177ea70
5014:             1             16  io.micrometer.core.instrument.binder.jvm.JvmMemoryMetrics$$Lambda/0x000000003189a000
5015:             1             16  io.micrometer.core.instrument.binder.jvm.JvmMemoryMetrics$$Lambda/0x000000003189a228
5016:             1             16  io.micrometer.core.instrument.binder.jvm.JvmMemoryMetrics$$Lambda/0x000000003189a450
5017:             1             16  io.micrometer.core.instrument.binder.jvm.JvmThreadMetrics
5018:             1             16  io.micrometer.core.instrument.binder.jvm.JvmThreadMetrics$$Lambda/0x000000003177ec98
5019:             1             16  io.micrometer.core.instrument.binder.jvm.JvmThreadMetrics$$Lambda/0x000000003177eec0
5020:             1             16  io.micrometer.core.instrument.binder.jvm.JvmThreadMetrics$$Lambda/0x000000003177f0e8
5021:             1             16  io.micrometer.core.instrument.binder.jvm.JvmThreadMetrics$$Lambda/0x000000003177f310
5022:             1             16  io.micrometer.core.instrument.binder.logging.LogbackMetrics$1
5023:             1             16  io.micrometer.core.instrument.binder.system.DiskSpaceMetrics$$Lambda/0x0000000031780238
5024:             1             16  io.micrometer.core.instrument.binder.system.DiskSpaceMetrics$$Lambda/0x0000000031780460
5025:             1             16  io.micrometer.core.instrument.binder.system.ProcessorMetrics$$Lambda/0x0000000031779800
5026:             1             16  io.micrometer.core.instrument.binder.system.ProcessorMetrics$$Lambda/0x0000000031779a30
5027:             1             16  io.micrometer.core.instrument.binder.system.ProcessorMetrics$$Lambda/0x0000000031779c60
5028:             1             16  io.micrometer.core.instrument.binder.system.ProcessorMetrics$$Lambda/0x000000003177bbf0
5029:             1             16  io.micrometer.core.instrument.binder.system.UptimeMetrics$$Lambda/0x000000003177a8b8
5030:             1             16  io.micrometer.core.instrument.binder.system.UptimeMetrics$$Lambda/0x000000003177b9c8
5031:             1             16  io.micrometer.core.instrument.binder.tomcat.TomcatMetrics$$Lambda/0x00000000317a1880
5032:             1             16  io.micrometer.core.instrument.binder.tomcat.TomcatMetrics$$Lambda/0x00000000317a1aa8
5033:             1             16  io.micrometer.core.instrument.binder.tomcat.TomcatMetrics$$Lambda/0x00000000317a1cd0
5034:             1             16  io.micrometer.core.instrument.binder.tomcat.TomcatMetrics$$Lambda/0x00000000317a1ef8
5035:             1             16  io.micrometer.core.instrument.binder.tomcat.TomcatMetrics$$Lambda/0x00000000317a2120
5036:             1             16  io.micrometer.core.instrument.binder.tomcat.TomcatMetrics$$Lambda/0x00000000317a2348
5037:             1             16  io.micrometer.core.instrument.composite.CompositeMeterRegistry$$Lambda/0x00000000314298c8
5038:             1             16  io.micrometer.core.instrument.composite.CompositeMeterRegistry$$Lambda/0x0000000031429b08
5039:             1             16  io.micrometer.core.instrument.composite.CompositeMeterRegistry$$Lambda/0x000000003142a628
5040:             1             16  io.micrometer.core.instrument.config.MeterFilter$1
5041:             1             16  io.micrometer.core.instrument.config.MeterRegistryConfigValidator$$Lambda/0x000000003141a000
5042:             1             16  io.micrometer.core.instrument.config.MeterRegistryConfigValidator$$Lambda/0x000000003141a590
5043:             1             16  io.micrometer.core.instrument.config.MeterRegistryConfigValidator$$Lambda/0x000000003141fb48
5044:             1             16  io.micrometer.core.instrument.config.NamingConvention$$Lambda/0x000000003141e8c8
5045:             1             16  io.micrometer.core.instrument.config.NamingConvention$1
5046:             1             16  io.micrometer.core.instrument.config.NamingConvention$1$$Lambda/0x0000000031637258
5047:             1             16  io.micrometer.core.instrument.config.NamingConvention$2
5048:             1             16  io.micrometer.core.instrument.config.NamingConvention$3
5049:             1             16  io.micrometer.core.instrument.config.NamingConvention$4
5050:             1             16  io.micrometer.core.instrument.config.validate.Validated$$Lambda/0x000000003141afb0
5051:             1             16  io.micrometer.core.instrument.distribution.NoopHistogram
5052:             1             16  io.micrometer.core.instrument.distribution.TimeWindowFixedBoundaryHistogram$$Lambda/0x000000003164e9c0
5053:             1             16  io.micrometer.core.instrument.distribution.TimeWindowFixedBoundaryHistogram$$Lambda/0x000000003164ec18
5054:             1             16  io.micrometer.core.instrument.internal.DefaultLongTaskTimer$$Lambda/0x0000000031900000
5055:             1             16  io.micrometer.core.instrument.internal.DefaultLongTaskTimer$$Lambda/0x0000000031900248
5056:             1             16  io.micrometer.core.instrument.search.Search$$Lambda/0x00000000317f17b0
5057:             1             16  io.micrometer.observation.NoopObservation
5058:             1             16  io.micrometer.observation.NoopObservation$NoopScope
5059:             1             16  io.micrometer.observation.NoopObservationRegistry
5060:             1             16  io.micrometer.observation.ObservationConvention$$Lambda/0x000000003142bd90
5061:             1             16  io.micrometer.observation.ObservationHandler$FirstMatchingCompositeObservationHandler
5062:             1             16  io.micrometer.prometheusmetrics.MicrometerCollector$$Lambda/0x0000000031637d60
5063:             1             16  io.micrometer.prometheusmetrics.MicrometerCollector$$Lambda/0x0000000031895628
5064:             1             16  io.micrometer.prometheusmetrics.PrometheusConfig$$Lambda/0x0000000031414800
5065:             1             16  io.micrometer.prometheusmetrics.PrometheusConfig$$Lambda/0x000000003141f4a0
5066:             1             16  io.micrometer.prometheusmetrics.PrometheusMeterRegistry$$Lambda/0x0000000031424370
5067:             1             16  io.micrometer.prometheusmetrics.PrometheusMeterRegistry$$Lambda/0x0000000031635000
5068:             1             16  io.micrometer.prometheusmetrics.PrometheusMeterRegistry$$Lambda/0x0000000031638460
5069:             1             16  io.micrometer.prometheusmetrics.PrometheusMeterRegistry$$Lambda/0x00000000317ba850
5070:             1             16  io.micrometer.prometheusmetrics.PrometheusMeterRegistry$$Lambda/0x0000000031893b60
5071:             1             16  io.micrometer.prometheusmetrics.PrometheusMeterRegistry$$Lambda/0x00000000318963e0
5072:             1             16  io.micrometer.prometheusmetrics.PrometheusMeterRegistry$$Lambda/0x00000000318975c0
5073:             1             16  io.micrometer.prometheusmetrics.PrometheusMeterRegistry$$Lambda/0x000000003189b9a0
5074:             1             16  io.micrometer.prometheusmetrics.PrometheusMeterRegistry$$Lambda/0x000000003189fcb0
5075:             1             16  io.micrometer.prometheusmetrics.PrometheusMeterRegistry$$Lambda/0x00000000318ff5d0
5076:             1             16  io.micrometer.prometheusmetrics.PrometheusNamingConvention
5077:             1             16  io.netty.bootstrap.ChannelInitializerExtensions$EmptyExtensions
5078:             1             16  io.netty.buffer.AbstractReferenceCountedByteBuf$1
5079:             1             16  io.netty.buffer.ByteBufUtil$1
5080:             1             16  io.netty.buffer.ByteBufUtil$2
5081:             1             16  io.netty.buffer.CompositeByteBuf$1
5082:             1             16  io.netty.buffer.CompositeByteBuf$2
5083:             1             16  io.netty.buffer.PoolThreadCache$MemoryRegionCache$1
5084:             1             16  io.netty.buffer.PooledByteBufAllocator$1
5085:             1             16  io.netty.buffer.PooledByteBufAllocatorMetric
5086:             1             16  io.netty.buffer.PooledUnsafeDirectByteBuf$1
5087:             1             16  io.netty.channel.AbstractChannelHandlerContext$WriteTask$1
5088:             1             16  io.netty.channel.ChannelFutureListener$1
5089:             1             16  io.netty.channel.ChannelFutureListener$2
5090:             1             16  io.netty.channel.ChannelFutureListener$3
5091:             1             16  io.netty.channel.ChannelHandlerMask$1
5092:             1             16  io.netty.channel.ChannelOutboundBuffer$1
5093:             1             16  io.netty.channel.ChannelOutboundBuffer$Entry$1
5094:             1             16  io.netty.channel.DefaultChannelPipeline$1
5095:             1             16  io.netty.channel.DefaultMessageSizeEstimator
5096:             1             16  io.netty.channel.DefaultMessageSizeEstimator$HandleImpl
5097:             1             16  io.netty.channel.DefaultSelectStrategy
5098:             1             16  io.netty.channel.DefaultSelectStrategyFactory
5099:             1             16  io.netty.channel.group.DefaultChannelGroup$1
5100:             1             16  io.netty.channel.group.VoidChannelGroupFuture
5101:             1             16  io.netty.handler.codec.ByteToMessageDecoder$1
5102:             1             16  io.netty.handler.codec.ByteToMessageDecoder$2
5103:             1             16  io.netty.handler.codec.CharSequenceValueConverter
5104:             1             16  io.netty.handler.codec.CodecOutputList$1
5105:             1             16  io.netty.handler.codec.CodecOutputList$2
5106:             1             16  io.netty.handler.codec.DefaultHeaders$NameValidator$1
5107:             1             16  io.netty.handler.codec.DefaultHeaders$ValueValidator$1
5108:             1             16  io.netty.handler.codec.dns.DefaultDnsRecordDecoder
5109:             1             16  io.netty.handler.codec.dns.DefaultDnsRecordEncoder
5110:             1             16  io.netty.handler.codec.dns.DnsQueryEncoder
5111:             1             16  io.netty.handler.codec.http.DefaultHttpHeaders$HeaderValueConverter
5112:             1             16  io.netty.handler.codec.http.DefaultHttpHeadersFactory$1
5113:             1             16  io.netty.handler.codec.http.DefaultHttpHeadersFactory$2
5114:             1             16  io.netty.handler.codec.http.DefaultHttpHeadersFactory$3
5115:             1             16  io.netty.handler.codec.http.EmptyHttpHeaders
5116:             1             16  io.netty.handler.codec.http.HttpObjectDecoder$1
5117:             1             16  io.netty.handler.codec.http.LastHttpContent$1
5118:             1             16  io.netty.handler.codec.http.cookie.ClientCookieEncoder$1
5119:             1             16  io.netty.handler.codec.http.websocketx.WebSocketUtil$1
5120:             1             16  io.netty.handler.codec.http.websocketx.WebSocketUtil$2
5121:             1             16  io.netty.resolver.HostsFileEntriesProvider$ParserImpl
5122:             1             16  io.netty.resolver.dns.Cache$1
5123:             1             16  io.netty.resolver.dns.DefaultDnsServerAddressStreamProvider
5124:             1             16  io.netty.resolver.dns.DnsNameResolver$1
5125:             1             16  io.netty.resolver.dns.NoopDnsQueryLifecycleObserverFactory
5126:             1             16  io.netty.util.AbstractReferenceCounted$1
5127:             1             16  io.netty.util.AsciiString$1
5128:             1             16  io.netty.util.AsciiString$2
5129:             1             16  io.netty.util.NettyRuntime$AvailableProcessorsHolder
5130:             1             16  io.netty.util.Recycler$1
5131:             1             16  io.netty.util.collection.IntObjectHashMap$1
5132:             1             16  io.netty.util.collection.IntObjectHashMap$EntrySet
5133:             1             16  io.netty.util.collection.IntObjectHashMap$KeySet
5134:             1             16  io.netty.util.concurrent.AbstractScheduledEventExecutor$1
5135:             1             16  io.netty.util.concurrent.AbstractScheduledEventExecutor$2
5136:             1             16  io.netty.util.concurrent.DefaultEventExecutorChooserFactory
5137:             1             16  io.netty.util.concurrent.DefaultPromise$CauseHolder
5138:             1             16  io.netty.util.concurrent.GlobalEventExecutor$1
5139:             1             16  io.netty.util.concurrent.GlobalEventExecutor$TaskRunner
5140:             1             16  io.netty.util.concurrent.ImmediateExecutor
5141:             1             16  io.netty.util.concurrent.RejectedExecutionHandlers$1
5142:             1             16  io.netty.util.concurrent.SingleThreadEventExecutor$1
5143:             1             16  io.netty.util.internal.CleanerJava9
5144:             1             16  io.netty.util.internal.PlatformDependent$1
5145:             1             16  io.netty.util.internal.PlatformDependent$2
5146:             1             16  io.netty.util.internal.TypeParameterMatcher$1
5147:             1             16  io.prometheus.metrics.config.ExemplarsProperties$$Lambda/0x0000000031421990
5148:             1             16  io.prometheus.metrics.config.ExemplarsProperties$$Lambda/0x0000000031421be8
5149:             1             16  io.prometheus.metrics.config.ExemplarsProperties$$Lambda/0x0000000031421e40
5150:             1             16  io.prometheus.metrics.config.ExporterHttpServerProperties
5151:             1             16  io.prometheus.metrics.config.ExporterHttpServerProperties$$Lambda/0x0000000031422718
5152:             1             16  io.prometheus.metrics.config.ExporterOpenTelemetryProperties$$Lambda/0x0000000031422bd8
5153:             1             16  io.prometheus.metrics.config.ExporterOpenTelemetryProperties$$Lambda/0x0000000031422e30
5154:             1             16  io.prometheus.metrics.config.MetricsProperties$$Lambda/0x00000000314206f8
5155:             1             16  io.prometheus.metrics.config.MetricsProperties$$Lambda/0x0000000031420950
5156:             1             16  io.prometheus.metrics.config.MetricsProperties$$Lambda/0x0000000031420ba8
5157:             1             16  io.prometheus.metrics.config.MetricsProperties$$Lambda/0x0000000031420e00
5158:             1             16  io.prometheus.metrics.config.MetricsProperties$$Lambda/0x0000000031421058
5159:             1             16  io.prometheus.metrics.config.MetricsProperties$$Lambda/0x00000000314212b0
5160:             1             16  io.prometheus.metrics.config.MetricsProperties$$Lambda/0x0000000031421508
5161:             1             16  io.prometheus.metrics.model.snapshots.Exemplars
5162:             1             16  io.prometheus.metrics.model.snapshots.MetricSnapshot$$Lambda/0x0000000031895ac8
5163:             1             16  io.prometheus.metrics.model.snapshots.MetricSnapshots$$Lambda/0x0000000031895f68
5164:             1             16  io.prometheus.metrics.model.snapshots.Quantiles
5165:             1             16  io.prometheus.metrics.model.snapshots.Quantiles$$Lambda/0x00000000318ff388
5166:             1             16  jakarta.security.auth.message.config.AuthConfigFactory$$Lambda/0x00000000317b2ea0
5167:             1             16  jakarta.validation.Validation$GetValidationProviderListAction
5168:             1             16  java.beans.Introspector$1 (java.desktop@25)
5169:             1             16  java.io.Console$1 (java.base@25)
5170:             1             16  java.io.DeleteOnExitHook$1 (java.base@25)
5171:             1             16  java.io.FileDescriptor$1 (java.base@25)
5172:             1             16  java.io.RandomAccessFile$2 (java.base@25)
5173:             1             16  java.lang.ApplicationShutdownHooks$1 (java.base@25)
5174:             1             16  java.lang.CharacterData00 (java.base@25)
5175:             1             16  java.lang.CharacterDataLatin1 (java.base@25)
5176:             1             16  java.lang.CharacterDataUndefined (java.base@25)
5177:             1             16  java.lang.Class$$Lambda/0x0000000031148d08 (java.base@25)
5178:             1             16  java.lang.Module$$Lambda/0x0000000031018da0 (java.base@25)
5179:             1             16  java.lang.ProcessEnvironment$CheckedKeySet (java.base@25)
5180:             1             16  java.lang.ProcessEnvironment$EntryComparator (java.base@25)
5181:             1             16  java.lang.ProcessEnvironment$NameComparator (java.base@25)
5182:             1             16  java.lang.Runtime (java.base@25)
5183:             1             16  java.lang.String$$Lambda/0x00000000318434a8 (java.base@25)
5184:             1             16  java.lang.String$$Lambda/0x0000000031843700 (java.base@25)
5185:             1             16  java.lang.String$$Lambda/0x0000000031844728 (java.base@25)
5186:             1             16  java.lang.String$$Lambda/0x0000000031844950 (java.base@25)
5187:             1             16  java.lang.String$CaseInsensitiveComparator (java.base@25)
5188:             1             16  java.lang.System$1 (java.base@25)
5189:             1             16  java.lang.Terminator$1 (java.base@25)
5190:             1             16  java.lang.VirtualThread$$Lambda/0x0000000031854ae0 (java.base@25)
5191:             1             16  java.lang.VirtualThread$$Lambda/0x0000000031854d08 (java.base@25)
5192:             1             16  java.lang.VirtualThread$$Lambda/0x0000000031854f30 (java.base@25)
5193:             1             16  java.lang.VirtualThread$$Lambda/0x0000000031855188 (java.base@25)
5194:             1             16  java.lang.VirtualThread$$Lambda/0x0000000031855858 (java.base@25)
5195:             1             16  java.lang.classfile.ClassHierarchyResolver$1Factory (java.base@25)
5196:             1             16  java.lang.invoke.ClassSpecializer$1 (java.base@25)
5197:             1             16  java.lang.invoke.MemberName$Factory (java.base@25)
5198:             1             16  java.lang.invoke.MethodHandleImpl$1 (java.base@25)
5199:             1             16  java.lang.invoke.MethodHandleImpl$Makers$1 (java.base@25)
5200:             1             16  java.lang.invoke.MethodHandleImpl$Makers$2 (java.base@25)
5201:             1             16  java.lang.invoke.StringConcatFactory$InlineHiddenClassStrategy$1 (java.base@25)
5202:             1             16  java.lang.management.DefaultPlatformMBeanProvider$1 (java.management@25)
5203:             1             16  java.lang.management.DefaultPlatformMBeanProvider$10 (java.management@25)
5204:             1             16  java.lang.management.DefaultPlatformMBeanProvider$2 (java.management@25)
5205:             1             16  java.lang.management.DefaultPlatformMBeanProvider$3 (java.management@25)
5206:             1             16  java.lang.management.DefaultPlatformMBeanProvider$5 (java.management@25)
5207:             1             16  java.lang.management.DefaultPlatformMBeanProvider$5$$Lambda/0x00000000315d24a8 (java.management@25)
5208:             1             16  java.lang.management.DefaultPlatformMBeanProvider$6 (java.management@25)
5209:             1             16  java.lang.management.DefaultPlatformMBeanProvider$7 (java.management@25)
5210:             1             16  java.lang.management.DefaultPlatformMBeanProvider$9 (java.management@25)
5211:             1             16  java.lang.management.ManagementFactory$$Lambda/0x00000000315c8c08 (java.management@25)
5212:             1             16  java.lang.management.ManagementFactory$$Lambda/0x00000000315c8e60 (java.management@25)
5213:             1             16  java.lang.management.ManagementFactory$$Lambda/0x00000000315c90a8 (java.management@25)
5214:             1             16  java.lang.module.ModuleDescriptor$1 (java.base@25)
5215:             1             16  java.lang.module.ModuleDescriptor$Builder$$Lambda/0x80000000e (java.base@25)
5216:             1             16  java.lang.ref.Cleaner$1 (java.base@25)
5217:             1             16  java.lang.ref.Reference$1 (java.base@25)
5218:             1             16  java.lang.reflect.Executable$$Lambda/0x00000000314d0828 (java.base@25)
5219:             1             16  java.lang.reflect.Executable$$Lambda/0x00000000315e9ab8 (java.base@25)
5220:             1             16  java.lang.reflect.Executable$$Lambda/0x000000003184ebe8 (java.base@25)
5221:             1             16  java.lang.reflect.Proxy$$Lambda/0x0000000031017370 (java.base@25)
5222:             1             16  java.lang.reflect.Proxy$$Lambda/0x00000000310365c0 (java.base@25)
5223:             1             16  java.lang.reflect.Proxy$ProxyBuilder$$Lambda/0x0000000031018670 (java.base@25)
5224:             1             16  java.lang.reflect.ProxyGenerator$$Lambda/0x0000000031019c70 (java.base@25)
5225:             1             16  java.lang.reflect.ReflectAccess (java.base@25)
5226:             1             16  java.lang.runtime.ObjectMethods$$Lambda/0x800000015 (java.base@25)
5227:             1             16  java.net.DatagramSocket$1 (java.base@25)
5228:             1             16  java.net.InetAddress$$Lambda/0x000000003147dd50 (java.base@25)
5229:             1             16  java.net.InetAddress$$Lambda/0x000000003147df98 (java.base@25)
5230:             1             16  java.net.InetAddress$1 (java.base@25)
5231:             1             16  java.net.InetAddress$PlatformResolver (java.base@25)
5232:             1             16  java.net.URI$1 (java.base@25)
5233:             1             16  java.net.URL$1 (java.base@25)
5234:             1             16  java.net.URL$DefaultFactory (java.base@25)
5235:             1             16  java.net.spi.InetAddressResolver$LookupPolicy (java.base@25)
5236:             1             16  java.nio.Bits$1 (java.base@25)
5237:             1             16  java.nio.Buffer$1 (java.base@25)
5238:             1             16  java.nio.Buffer$2 (java.base@25)
5239:             1             16  java.nio.file.Files$AcceptAllFilter (java.base@25)
5240:             1             16  java.security.AllPermission (java.base@25)
5241:             1             16  java.security.Provider$$Lambda/0x000000003115c0b0 (java.base@25)
5242:             1             16  java.security.Security$2 (java.base@25)
5243:             1             16  java.text.DontCareFieldPosition$1 (java.base@25)
5244:             1             16  java.text.MessageFormat$Field (java.base@25)
5245:             1             16  java.time.chrono.IsoChronology (java.base@25)
5246:             1             16  java.time.format.DateTimeFormatter$$Lambda/0x80000001a (java.base@25)
5247:             1             16  java.time.format.DateTimeFormatter$$Lambda/0x80000001b (java.base@25)
5248:             1             16  java.time.format.DateTimeFormatterBuilder$$Lambda/0x80000001c (java.base@25)
5249:             1             16  java.time.format.DateTimeFormatterBuilder$InstantPrinterParser (java.base@25)
5250:             1             16  java.time.format.DateTimeTextProvider (java.base@25)
5251:             1             16  java.time.format.DateTimeTextProvider$1 (java.base@25)
5252:             1             16  java.time.temporal.TemporalQueries$1 (java.base@25)
5253:             1             16  java.time.temporal.TemporalQueries$2 (java.base@25)
5254:             1             16  java.time.temporal.TemporalQueries$3 (java.base@25)
5255:             1             16  java.time.temporal.TemporalQueries$4 (java.base@25)
5256:             1             16  java.time.temporal.TemporalQueries$5 (java.base@25)
5257:             1             16  java.time.temporal.TemporalQueries$6 (java.base@25)
5258:             1             16  java.time.temporal.TemporalQueries$7 (java.base@25)
5259:             1             16  java.util.AbstractMap$2 (java.base@25)
5260:             1             16  java.util.Collections$EmptyEnumeration (java.base@25)
5261:             1             16  java.util.Collections$EmptyIterator (java.base@25)
5262:             1             16  java.util.Collections$EmptyList (java.base@25)
5263:             1             16  java.util.Collections$EmptySet (java.base@25)
5264:             1             16  java.util.Collections$ReverseComparator (java.base@25)
5265:             1             16  java.util.Comparator$$Lambda/0x000000003117d2d8 (java.base@25)
5266:             1             16  java.util.DualPivotQuicksort$$Lambda/0x0000000031167500 (java.base@25)
5267:             1             16  java.util.DualPivotQuicksort$$Lambda/0x00000000315e2140 (java.base@25)
5268:             1             16  java.util.DualPivotQuicksort$$Lambda/0x00000000315e2368 (java.base@25)
5269:             1             16  java.util.DualPivotQuicksort$$Lambda/0x0000000031844b98 (java.base@25)
5270:             1             16  java.util.DualPivotQuicksort$$Lambda/0x0000000031852440 (java.base@25)
5271:             1             16  java.util.EnumMap$1 (java.base@25)
5272:             1             16  java.util.Hashtable$KeySet (java.base@25)
5273:             1             16  java.util.ImmutableCollections$Access$1 (java.base@25)
5274:             1             16  java.util.Locale$Builder (java.base@25)
5275:             1             16  java.util.Locale$LocaleCache (java.base@25)
5276:             1             16  java.util.Map$Entry$$Lambda/0x00000000310353c8 (java.base@25)
5277:             1             16  java.util.ResourceBundle$1 (java.base@25)
5278:             1             16  java.util.ResourceBundle$Control (java.base@25)
5279:             1             16  java.util.ResourceBundle$Control$$Lambda/0x80000001d (java.base@25)
5280:             1             16  java.util.ResourceBundle$Control$$Lambda/0x80000001e (java.base@25)
5281:             1             16  java.util.ResourceBundle$ResourceBundleControlProviderHolder$$Lambda/0x0000000031158348 (java.base@25)
5282:             1             16  java.util.Spliterators$EmptySpliterator$OfRef (java.base@25)
5283:             1             16  java.util.TreeMap$Values (java.base@25)
5284:             1             16  java.util.concurrent.CompletableFuture$AltResult (java.base@25)
5285:             1             16  java.util.concurrent.ConcurrentLinkedQueue$$Lambda/0x00000000315e17d0 (java.base@25)
5286:             1             16  java.util.concurrent.ConcurrentSkipListMap$KeySet (java.base@25)
5287:             1             16  java.util.concurrent.Executors$AutoShutdownDelegatedExecutorService$$Lambda/0x00000000314ca500 (java.base@25)
5288:             1             16  java.util.concurrent.ForkJoinPool$1 (java.base@25)
5289:             1             16  java.util.concurrent.ForkJoinPool$DefaultForkJoinWorkerThreadFactory (java.base@25)
5290:             1             16  java.util.concurrent.ThreadLocalRandom$Access$1 (java.base@25)
5291:             1             16  java.util.concurrent.ThreadPoolExecutor$CallerRunsPolicy (java.base@25)
5292:             1             16  java.util.concurrent.ThreadPoolExecutor$DiscardPolicy (java.base@25)
5293:             1             16  java.util.concurrent.atomic.AtomicStampedReference (java.base@25)
5294:             1             16  java.util.function.Function$$Lambda/0x00000000310393b0 (java.base@25)
5295:             1             16  java.util.jar.JavaUtilJarAccessImpl (java.base@25)
5296:             1             16  java.util.logging.ErrorManager (java.logging@25)
5297:             1             16  java.util.logging.Level$$Lambda/0x80000001f (java.logging@25)
5298:             1             16  java.util.logging.Level$KnownLevel$$Lambda/0x800000020 (java.logging@25)
5299:             1             16  java.util.logging.Level$KnownLevel$$Lambda/0x800000021 (java.logging@25)
5300:             1             16  java.util.logging.Level$KnownLevel$$Lambda/0x800000022 (java.logging@25)
5301:             1             16  java.util.logging.LogManager$CloseOnReset (java.logging@25)
5302:             1             16  java.util.logging.LogManager$LoggingProviderAccess (java.logging@25)
5303:             1             16  java.util.logging.LogManager$VisitedLoggers (java.logging@25)
5304:             1             16  java.util.logging.Logging (java.logging@25)
5305:             1             16  java.util.logging.SimpleFormatter$$Lambda/0x0000000031022a58 (java.logging@25)
5306:             1             16  java.util.regex.CharPredicates$$Lambda/0x000000003102e450 (java.base@25)
5307:             1             16  java.util.regex.CharPredicates$$Lambda/0x00000000315f6488 (java.base@25)
5308:             1             16  java.util.regex.CharPredicates$$Lambda/0x800000024 (java.base@25)
5309:             1             16  java.util.regex.CharPredicates$$Lambda/0x800000025 (java.base@25)
5310:             1             16  java.util.regex.Pattern$$Lambda/0x000000003102e1e8 (java.base@25)
5311:             1             16  java.util.regex.Pattern$$Lambda/0x000000003114ac78 (java.base@25)
5312:             1             16  java.util.regex.Pattern$LastNode (java.base@25)
5313:             1             16  java.util.regex.Pattern$Node (java.base@25)
5314:             1             16  java.util.stream.Collectors$$Lambda/0x0000000031002f88 (java.base@25)
5315:             1             16  java.util.stream.Collectors$$Lambda/0x00000000310031c0 (java.base@25)
5316:             1             16  java.util.stream.Collectors$$Lambda/0x000000003114b908 (java.base@25)
5317:             1             16  java.util.stream.Collectors$$Lambda/0x000000003114bb30 (java.base@25)
5318:             1             16  java.util.stream.Collectors$$Lambda/0x000000003114bd68 (java.base@25)
5319:             1             16  java.util.stream.Collectors$$Lambda/0x000000003114bfb8 (java.base@25)
5320:             1             16  java.util.stream.Collectors$$Lambda/0x0000000031150c98 (java.base@25)
5321:             1             16  java.util.stream.Collectors$$Lambda/0x0000000031151100 (java.base@25)
5322:             1             16  java.util.stream.Collectors$$Lambda/0x000000003116dd48 (java.base@25)
5323:             1             16  java.util.stream.Collectors$$Lambda/0x000000003116df70 (java.base@25)
5324:             1             16  java.util.stream.Collectors$$Lambda/0x000000003116e1a8 (java.base@25)
5325:             1             16  java.util.stream.Collectors$$Lambda/0x000000003116e3f8 (java.base@25)
5326:             1             16  java.util.stream.Collectors$$Lambda/0x000000003117c4b0 (java.base@25)
5327:             1             16  java.util.stream.Collectors$$Lambda/0x000000003117c6d8 (java.base@25)
5328:             1             16  java.util.stream.Collectors$$Lambda/0x000000003117c910 (java.base@25)
5329:             1             16  java.util.stream.Collectors$$Lambda/0x000000003117cb60 (java.base@25)
5330:             1             16  java.util.stream.Collectors$$Lambda/0x00000000314d0a70 (java.base@25)
5331:             1             16  java.util.stream.Collectors$$Lambda/0x00000000315ec728 (java.base@25)
5332:             1             16  java.util.stream.Collectors$$Lambda/0x800000038 (java.base@25)
5333:             1             16  java.util.stream.Collectors$$Lambda/0x80000003e (java.base@25)
5334:             1             16  java.util.stream.Collectors$$Lambda/0x800000040 (java.base@25)
5335:             1             16  java.util.stream.Collectors$$Lambda/0x800000041 (java.base@25)
5336:             1             16  java.util.stream.Collectors$$Lambda/0x800000042 (java.base@25)
5337:             1             16  java.util.stream.Collectors$$Lambda/0x800000043 (java.base@25)
5338:             1             16  java.util.stream.Collectors$$Lambda/0x800000045 (java.base@25)
5339:             1             16  java.util.stream.DoublePipeline$$Lambda/0x0000000031478658 (java.base@25)
5340:             1             16  java.util.stream.DoublePipeline$$Lambda/0x00000000315f0a38 (java.base@25)
5341:             1             16  java.util.stream.DoublePipeline$$Lambda/0x00000000315f0c60 (java.base@25)
5342:             1             16  java.util.stream.DoublePipeline$$Lambda/0x00000000315f0e88 (java.base@25)
5343:             1             16  java.util.stream.DoublePipeline$$Lambda/0x00000000318516b8 (java.base@25)
5344:             1             16  java.util.stream.FindOps$FindSink$OfRef$$Lambda/0x800000048 (java.base@25)
5345:             1             16  java.util.stream.FindOps$FindSink$OfRef$$Lambda/0x800000049 (java.base@25)
5346:             1             16  java.util.stream.IntPipeline$$Lambda/0x000000003100ab08 (java.base@25)
5347:             1             16  java.util.stream.IntPipeline$$Lambda/0x0000000031853e48 (java.base@25)
5348:             1             16  java.util.stream.LongPipeline$$Lambda/0x00000000315f2060 (java.base@25)
5349:             1             16  java.util.stream.LongPipeline$$Lambda/0x0000000031842d10 (java.base@25)
5350:             1             16  java.util.stream.LongPipeline$$Lambda/0x000000003184a888 (java.base@25)
5351:             1             16  java.util.stream.Nodes$EmptyNode$OfDouble (java.base@25)
5352:             1             16  java.util.stream.Nodes$EmptyNode$OfInt (java.base@25)
5353:             1             16  java.util.stream.Nodes$EmptyNode$OfLong (java.base@25)
5354:             1             16  java.util.stream.Nodes$EmptyNode$OfRef (java.base@25)
5355:             1             16  java.util.stream.ReferencePipeline$$Lambda/0x0000000031013e78 (java.base@25)
5356:             1             16  java.util.zip.ZipFile$1 (java.base@25)
5357:             1             16  javax.management.JMX (java.management@25)
5358:             1             16  javax.management.MBeanServerBuilder (java.management@25)
5359:             1             16  javax.management.NotificationBroadcasterSupport$1 (java.management@25)
5360:             1             16  javax.naming.spi.NamingManager$$Lambda/0x000000003147a590 (java.naming@25)
5361:             1             16  javax.naming.spi.NamingManager$$Lambda/0x000000003147b160 (java.naming@25)
5362:             1             16  javax.xml.xpath.XPathFactoryFinder$$Lambda/0x00000000314d1300 (java.xml@25)
5363:             1             16  javax.xml.xpath.XPathFactoryFinder$$Lambda/0x00000000314d1528 (java.xml@25)
5364:             1             16  jdk.internal.classfile.impl.ClassFileImpl$$Lambda/0x80000004b (java.base@25)
5365:             1             16  jdk.internal.classfile.impl.ClassHierarchyImpl$ClassLoadingClassHierarchyResolver (java.base@25)
5366:             1             16  jdk.internal.classfile.impl.ClassHierarchyImpl$ClassLoadingClassHierarchyResolver$1 (java.base@25)
5367:             1             16  jdk.internal.classfile.impl.RawBytecodeHelper$1 (java.base@25)
5368:             1             16  jdk.internal.classfile.impl.TemporaryConstantPool (java.base@25)
5369:             1             16  jdk.internal.jimage.ImageReaderFactory$1 (java.base@25)
5370:             1             16  jdk.internal.jimage.ImageStringsReader (java.base@25)
5371:             1             16  jdk.internal.jimage.decompressor.Decompressor (java.base@25)
5372:             1             16  jdk.internal.lang.stable.StableValueImpl (java.base@25)
5373:             1             16  jdk.internal.logger.LazyLoggers$1 (java.base@25)
5374:             1             16  jdk.internal.logger.LazyLoggers$LazyLoggerFactories (java.base@25)
5375:             1             16  jdk.internal.math.FloatingDecimal$1 (java.base@25)
5376:             1             16  jdk.internal.misc.ScopedMemoryAccess (java.base@25)
5377:             1             16  jdk.internal.misc.TerminatingThreadLocal$1 (java.base@25)
5378:             1             16  jdk.internal.misc.ThreadTracker (java.base@25)
5379:             1             16  jdk.internal.misc.Unsafe (java.base@25)
5380:             1             16  jdk.internal.module.ArchivedBootLayer (java.base@25)
5381:             1             16  jdk.internal.module.ModuleLoaderMap$Mapper (java.base@25)
5382:             1             16  jdk.internal.module.ModulePatcher (java.base@25)
5383:             1             16  jdk.internal.module.ModuleResolution (java.base@25)
5384:             1             16  jdk.internal.perf.Perf (java.base@25)
5385:             1             16  jdk.internal.ref.CleanerImpl$InnocuousThreadFactory (java.base@25)
5386:             1             16  jdk.internal.reflect.ReflectionFactory (java.base@25)
5387:             1             16  jdk.internal.util.Preconditions$1 (java.base@25)
5388:             1             16  jdk.internal.util.Preconditions$2 (java.base@25)
5389:             1             16  jdk.internal.util.Preconditions$3 (java.base@25)
5390:             1             16  jdk.internal.vm.ContinuationScope (java.base@25)
5391:             1             16  jdk.jfr.internal.dcmd.DCmdCheck$$Lambda/0x00000000315dda00 (jdk.jfr@25)
5392:             1             16  jdk.jfr.internal.dcmd.DCmdDump$$Lambda/0x00000000315dd7d8 (jdk.jfr@25)
5393:             1             16  jdk.jfr.internal.dcmd.DCmdStart$$Lambda/0x00000000315d8700 (jdk.jfr@25)
5394:             1             16  jdk.jfr.internal.dcmd.DCmdStart$$Lambda/0x00000000315dd5b0 (jdk.jfr@25)
5395:             1             16  jdk.jfr.internal.dcmd.DCmdStop$$Lambda/0x00000000315d7ea8 (jdk.jfr@25)
5396:             1             16  jdk.jfr.internal.dcmd.DCmdView$$Lambda/0x00000000315d7c80 (jdk.jfr@25)
5397:             1             16  jdk.jfr.internal.jfc.model.JFCModel$$Lambda/0x00000000315dce90 (jdk.jfr@25)
5398:             1             16  jdk.jfr.internal.jfc.model.JFCModel$$Lambda/0x00000000315dd0c8 (jdk.jfr@25)
5399:             1             16  jdk.jfr.internal.management.HiddenWait (jdk.jfr@25)
5400:             1             16  jdk.jfr.internal.util.Utils$$Lambda/0x00000000315dd310 (jdk.jfr@25)
5401:             1             16  jdk.management.jfr.SettingDescriptorInfo$1 (jdk.management.jfr@25)
5402:             1             16  jdk.net.WindowsSocketOptions (jdk.net@25)
5403:             1             16  jdk.proxy2.$Proxy103 (jdk.proxy2)
5404:             1             16  jdk.proxy2.$Proxy109 (jdk.proxy2)
5405:             1             16  jdk.proxy2.$Proxy11 (jdk.proxy2)
5406:             1             16  jdk.proxy2.$Proxy115 (jdk.proxy2)
5407:             1             16  jdk.proxy2.$Proxy116 (jdk.proxy2)
5408:             1             16  jdk.proxy2.$Proxy118 (jdk.proxy2)
5409:             1             16  jdk.proxy2.$Proxy124 (jdk.proxy2)
5410:             1             16  jdk.proxy2.$Proxy125 (jdk.proxy2)
5411:             1             16  jdk.proxy2.$Proxy128 (jdk.proxy2)
5412:             1             16  jdk.proxy2.$Proxy129 (jdk.proxy2)
5413:             1             16  jdk.proxy2.$Proxy13 (jdk.proxy2)
5414:             1             16  jdk.proxy2.$Proxy132 (jdk.proxy2)
5415:             1             16  jdk.proxy2.$Proxy133 (jdk.proxy2)
5416:             1             16  jdk.proxy2.$Proxy135 (jdk.proxy2)
5417:             1             16  jdk.proxy2.$Proxy137 (jdk.proxy2)
5418:             1             16  jdk.proxy2.$Proxy138 (jdk.proxy2)
5419:             1             16  jdk.proxy2.$Proxy139 (jdk.proxy2)
5420:             1             16  jdk.proxy2.$Proxy14 (jdk.proxy2)
5421:             1             16  jdk.proxy2.$Proxy140 (jdk.proxy2)
5422:             1             16  jdk.proxy2.$Proxy141 (jdk.proxy2)
5423:             1             16  jdk.proxy2.$Proxy151 (jdk.proxy2)
5424:             1             16  jdk.proxy2.$Proxy156 (jdk.proxy2)
5425:             1             16  jdk.proxy2.$Proxy159 (jdk.proxy2)
5426:             1             16  jdk.proxy2.$Proxy16 (jdk.proxy2)
5427:             1             16  jdk.proxy2.$Proxy165 (jdk.proxy2)
5428:             1             16  jdk.proxy2.$Proxy166 (jdk.proxy2)
5429:             1             16  jdk.proxy2.$Proxy18 (jdk.proxy2)
5430:             1             16  jdk.proxy2.$Proxy22 (jdk.proxy2)
5431:             1             16  jdk.proxy2.$Proxy25 (jdk.proxy2)
5432:             1             16  jdk.proxy2.$Proxy30 (jdk.proxy2)
5433:             1             16  jdk.proxy2.$Proxy38 (jdk.proxy2)
5434:             1             16  jdk.proxy2.$Proxy39 (jdk.proxy2)
5435:             1             16  jdk.proxy2.$Proxy53 (jdk.proxy2)
5436:             1             16  jdk.proxy2.$Proxy57 (jdk.proxy2)
5437:             1             16  jdk.proxy2.$Proxy58 (jdk.proxy2)
5438:             1             16  jdk.proxy2.$Proxy63 (jdk.proxy2)
5439:             1             16  jdk.proxy2.$Proxy71 (jdk.proxy2)
5440:             1             16  jdk.proxy2.$Proxy77 (jdk.proxy2)
5441:             1             16  jdk.proxy2.$Proxy82 (jdk.proxy2)
5442:             1             16  jdk.proxy2.$Proxy83 (jdk.proxy2)
5443:             1             16  jdk.proxy2.$Proxy84 (jdk.proxy2)
5444:             1             16  jdk.proxy2.$Proxy85 (jdk.proxy2)
5445:             1             16  jdk.proxy2.$Proxy92 (jdk.proxy2)
5446:             1             16  jdk.proxy2.$Proxy93 (jdk.proxy2)
5447:             1             16  jdk.proxy3.$Proxy112 (jdk.proxy3)
5448:             1             16  jdk.xml.internal.XMLSecurityManager$BooleanMapper (java.xml@25)
5449:             1             16  jdk.xml.internal.XMLSecurityManager$IntegerMapper (java.xml@25)
5450:             1             16  jdk.xml.internal.XMLSecurityManager$StringMapper$$Lambda/0x0000000031150808 (java.xml@25)
5451:             1             16  jdk.xml.internal.XMLSecurityManager$StringMapper$$Lambda/0x0000000031150a50 (java.xml@25)
5452:             1             16  org.apache.catalina.connector.CoyoteAdapter
5453:             1             16  org.apache.catalina.connector.Request$1
5454:             1             16  org.apache.catalina.connector.Request$2
5455:             1             16  org.apache.catalina.connector.Request$3
5456:             1             16  org.apache.catalina.connector.Request$4
5457:             1             16  org.apache.catalina.connector.Request$5
5458:             1             16  org.apache.catalina.connector.Request$6
5459:             1             16  org.apache.catalina.connector.Request$7
5460:             1             16  org.apache.catalina.connector.Request$8
5461:             1             16  org.apache.catalina.core.ContainerBase$ContainerBackgroundProcessor
5462:             1             16  org.apache.catalina.core.ContainerBase$ContainerBackgroundProcessorMonitor
5463:             1             16  org.apache.catalina.core.StandardContext$1
5464:             1             16  org.apache.catalina.core.StandardContext$NoPluggabilityServletContext
5465:             1             16  org.apache.catalina.core.StandardHost$MemoryLeakTrackingListener
5466:             1             16  org.apache.catalina.core.StandardServer$$Lambda/0x000000003143cc00
5467:             1             16  org.apache.catalina.core.StandardServer$$Lambda/0x0000000031440240
5468:             1             16  org.apache.catalina.realm.X509SubjectDnRetriever
5469:             1             16  org.apache.catalina.startup.Tomcat$FixContextListener
5470:             1             16  org.apache.catalina.util.CharsetMapper
5471:             1             16  org.apache.catalina.webresources.Cache$$Lambda/0x0000000031900b10
5472:             1             16  org.apache.commons.logging.LogAdapter$$Lambda/0x0000000031057c58
5473:             1             16  org.apache.commons.logging.impl.NoOpLog
5474:             1             16  org.apache.coyote.AbstractProtocol$$Lambda/0x000000003179ba08
5475:             1             16  org.apache.coyote.AbstractProtocol$$Lambda/0x000000003179cc48
5476:             1             16  org.apache.el.ExpressionFactoryImpl
5477:             1             16  org.apache.ibatis.executor.ErrorContext$$Lambda/0x000000003157ceb0
5478:             1             16  org.apache.ibatis.executor.keygen.Jdbc3KeyGenerator
5479:             1             16  org.apache.ibatis.executor.keygen.NoKeyGenerator
5480:             1             16  org.apache.ibatis.executor.loader.javassist.JavassistProxyFactory
5481:             1             16  org.apache.ibatis.javassist.util.proxy.ProxyFactory$1
5482:             1             16  org.apache.ibatis.javassist.util.proxy.ProxyFactory$3
5483:             1             16  org.apache.ibatis.logging.LogFactory$$Lambda/0x00000000312ecd98
5484:             1             16  org.apache.ibatis.logging.LogFactory$$Lambda/0x00000000312edc08
5485:             1             16  org.apache.ibatis.logging.LogFactory$$Lambda/0x00000000312ede30
5486:             1             16  org.apache.ibatis.logging.LogFactory$$Lambda/0x00000000312ee058
5487:             1             16  org.apache.ibatis.logging.LogFactory$$Lambda/0x00000000312ee280
5488:             1             16  org.apache.ibatis.logging.LogFactory$$Lambda/0x00000000312ee4a8
5489:             1             16  org.apache.ibatis.ognl.AccessibleObjectHandlerPreJDK9
5490:             1             16  org.apache.ibatis.ognl.ArrayElementsAccessor
5491:             1             16  org.apache.ibatis.ognl.ArrayPropertyAccessor
5492:             1             16  org.apache.ibatis.ognl.CollectionElementsAccessor
5493:             1             16  org.apache.ibatis.ognl.EnumerationElementsAccessor
5494:             1             16  org.apache.ibatis.ognl.EnumerationPropertyAccessor
5495:             1             16  org.apache.ibatis.ognl.EvaluationPool
5496:             1             16  org.apache.ibatis.ognl.IteratorElementsAccessor
5497:             1             16  org.apache.ibatis.ognl.IteratorPropertyAccessor
5498:             1             16  org.apache.ibatis.ognl.ListPropertyAccessor
5499:             1             16  org.apache.ibatis.ognl.MapElementsAccessor
5500:             1             16  org.apache.ibatis.ognl.MapPropertyAccessor
5501:             1             16  org.apache.ibatis.ognl.NumberElementsAccessor
5502:             1             16  org.apache.ibatis.ognl.NumericCasts
5503:             1             16  org.apache.ibatis.ognl.NumericDefaults
5504:             1             16  org.apache.ibatis.ognl.NumericLiterals
5505:             1             16  org.apache.ibatis.ognl.NumericValues
5506:             1             16  org.apache.ibatis.ognl.ObjectElementsAccessor
5507:             1             16  org.apache.ibatis.ognl.ObjectMethodAccessor
5508:             1             16  org.apache.ibatis.ognl.ObjectNullHandler
5509:             1             16  org.apache.ibatis.ognl.ObjectPropertyAccessor
5510:             1             16  org.apache.ibatis.ognl.OgnlCache$$Lambda/0x0000000031812000
5511:             1             16  org.apache.ibatis.ognl.OgnlCache$$Lambda/0x0000000031816f18
5512:             1             16  org.apache.ibatis.ognl.OgnlCache$$Lambda/0x0000000031817a68
5513:             1             16  org.apache.ibatis.ognl.PrimitiveDefaults
5514:             1             16  org.apache.ibatis.ognl.PrimitiveTypes
5515:             1             16  org.apache.ibatis.ognl.PrimitiveWrapperClasses
5516:             1             16  org.apache.ibatis.ognl.SetPropertyAccessor
5517:             1             16  org.apache.ibatis.ognl.internal.HashMapCacheFactory
5518:             1             16  org.apache.ibatis.ognl.internal.entry.DeclaredMethodCacheEntryFactory
5519:             1             16  org.apache.ibatis.ognl.internal.entry.FieldCacheEntryFactory
5520:             1             16  org.apache.ibatis.ognl.internal.entry.GenericMethodParameterTypeFactory
5521:             1             16  org.apache.ibatis.ognl.internal.entry.MethodAccessCacheEntryFactory
5522:             1             16  org.apache.ibatis.ognl.internal.entry.MethodCacheEntryFactory$$Lambda/0x00000000318ed870
5523:             1             16  org.apache.ibatis.ognl.internal.entry.MethodPermCacheEntryFactory
5524:             1             16  org.apache.ibatis.ognl.internal.entry.PermissionCacheEntryFactory
5525:             1             16  org.apache.ibatis.ognl.internal.entry.PropertyDescriptorCacheEntryFactory
5526:             1             16  org.apache.ibatis.plugin.InterceptorChain
5527:             1             16  org.apache.ibatis.plugin.Plugin$$Lambda/0x0000000031595428
5528:             1             16  org.apache.ibatis.reflection.DefaultReflectorFactory$$Lambda/0x00000000315861a0
5529:             1             16  org.apache.ibatis.reflection.ParamNameUtil$$Lambda/0x000000003180db70
5530:             1             16  org.apache.ibatis.reflection.Reflector$$Lambda/0x00000000315863e8
5531:             1             16  org.apache.ibatis.reflection.Reflector$$Lambda/0x0000000031586b10
5532:             1             16  org.apache.ibatis.reflection.Reflector$$Lambda/0x00000000315871b8
5533:             1             16  org.apache.ibatis.reflection.Reflector$$Lambda/0x0000000031587400
5534:             1             16  org.apache.ibatis.reflection.SystemMetaObject$NullObject
5535:             1             16  org.apache.ibatis.scripting.defaults.RawLanguageDriver
5536:             1             16  org.apache.ibatis.scripting.xmltags.DynamicContext$ContextAccessor
5537:             1             16  org.apache.ibatis.scripting.xmltags.ExpressionEvaluator
5538:             1             16  org.apache.ibatis.scripting.xmltags.OgnlClassResolver
5539:             1             16  org.apache.ibatis.scripting.xmltags.OgnlMemberAccess
5540:             1             16  org.apache.ibatis.scripting.xmltags.XMLLanguageDriver
5541:             1             16  org.apache.ibatis.session.Configuration$$Lambda/0x0000000031566be0
5542:             1             16  org.apache.ibatis.session.defaults.DefaultSqlSessionFactory
5543:             1             16  org.apache.ibatis.type.TypeAliasRegistry
5544:             1             16  org.apache.ibatis.type.UnknownTypeHandler$$Lambda/0x000000003155f2e0
5545:             1             16  org.apache.juli.logging.LogFactory
5546:             1             16  org.apache.tomcat.util.buf.CharsetCache
5547:             1             16  org.apache.tomcat.util.buf.MessageBytes$MessageBytesFactory
5548:             1             16  org.apache.tomcat.util.compat.Jre22Compat
5549:             1             16  org.apache.tomcat.util.http.CookieProcessorBase$$Lambda/0x000000003123af50
5550:             1             16  org.apache.tomcat.util.http.Parameters$$Lambda/0x0000000031937958
5551:             1             16  org.apache.tomcat.util.http.parser.MediaTypeCache
5552:             1             16  org.apache.tomcat.util.modeler.NoDescriptorRegistry$NoJmxMBeanServer
5553:             1             16  org.apache.tomcat.util.net.SocketWrapperBase$1
5554:             1             16  org.apache.tomcat.util.net.SocketWrapperBase$2
5555:             1             16  org.apache.tomcat.util.net.SocketWrapperBase$3
5556:             1             16  org.apache.tomcat.util.threads.ScheduledThreadPoolExecutor
5557:             1             16  org.apache.tomcat.util.threads.ThreadPoolExecutor$RejectPolicy
5558:             1             16  org.apache.tomcat.websocket.server.WsContextListener
5559:             1             16  org.apache.tomcat.websocket.server.WsSci
5560:             1             16  org.apache.tomcat.websocket.server.WsSessionListener
5561:             1             16  org.apache.tomcat.websocket.server.WsWriteTimeout$$Lambda/0x000000003143aa58
5562:             1             16  org.hibernate.validator.internal.constraintvalidators.bv.NotNullValidator
5563:             1             16  org.hibernate.validator.internal.engine.AbstractConfigurationImpl$$Lambda/0x0000000031180730
5564:             1             16  org.hibernate.validator.internal.engine.DefaultClockProvider
5565:             1             16  org.hibernate.validator.internal.engine.DefaultParameterNameProvider
5566:             1             16  org.hibernate.validator.internal.engine.DefaultPropertyNodeNameProvider
5567:             1             16  org.hibernate.validator.internal.engine.constraintvalidation.ConstraintValidatorManagerImpl$1
5568:             1             16  org.hibernate.validator.internal.engine.groups.Group
5569:             1             16  org.hibernate.validator.internal.engine.groups.GroupWithInheritance
5570:             1             16  org.hibernate.validator.internal.engine.groups.ValidationOrder$DefaultGroupValidationOrder
5571:             1             16  org.hibernate.validator.internal.engine.groups.ValidationOrder$DefaultSequenceValidationOrder
5572:             1             16  org.hibernate.validator.internal.engine.groups.ValidationOrderGenerator
5573:             1             16  org.hibernate.validator.internal.engine.messageinterpolation.DefaultLocaleResolver
5574:             1             16  org.hibernate.validator.internal.engine.resolver.TraverseAllTraversableResolver
5575:             1             16  org.hibernate.validator.internal.engine.valueextraction.AnnotatedObject
5576:             1             16  org.hibernate.validator.internal.engine.valueextraction.BooleanArrayValueExtractor
5577:             1             16  org.hibernate.validator.internal.engine.valueextraction.ByteArrayValueExtractor
5578:             1             16  org.hibernate.validator.internal.engine.valueextraction.CharArrayValueExtractor
5579:             1             16  org.hibernate.validator.internal.engine.valueextraction.DoubleArrayValueExtractor
5580:             1             16  org.hibernate.validator.internal.engine.valueextraction.FloatArrayValueExtractor
5581:             1             16  org.hibernate.validator.internal.engine.valueextraction.IntArrayValueExtractor
5582:             1             16  org.hibernate.validator.internal.engine.valueextraction.IterableValueExtractor
5583:             1             16  org.hibernate.validator.internal.engine.valueextraction.ListValueExtractor
5584:             1             16  org.hibernate.validator.internal.engine.valueextraction.LongArrayValueExtractor
5585:             1             16  org.hibernate.validator.internal.engine.valueextraction.MapKeyExtractor
5586:             1             16  org.hibernate.validator.internal.engine.valueextraction.MapValueExtractor
5587:             1             16  org.hibernate.validator.internal.engine.valueextraction.ObjectArrayValueExtractor
5588:             1             16  org.hibernate.validator.internal.engine.valueextraction.OptionalDoubleValueExtractor
5589:             1             16  org.hibernate.validator.internal.engine.valueextraction.OptionalIntValueExtractor
5590:             1             16  org.hibernate.validator.internal.engine.valueextraction.OptionalLongValueExtractor
5591:             1             16  org.hibernate.validator.internal.engine.valueextraction.OptionalValueExtractor
5592:             1             16  org.hibernate.validator.internal.engine.valueextraction.ShortArrayValueExtractor
5593:             1             16  org.hibernate.validator.internal.engine.valueextraction.ValueExtractorResolver$$Lambda/0x0000000031919b58
5594:             1             16  org.hibernate.validator.internal.metadata.DefaultBeanMetaDataClassNormalizer
5595:             1             16  org.hibernate.validator.internal.metadata.aggregated.AbstractConstraintMetaData$$Lambda/0x00000000318d0ef0
5596:             1             16  org.hibernate.validator.internal.metadata.aggregated.CascadingMetaDataBuilder$$Lambda/0x00000000318cc1a0
5597:             1             16  org.hibernate.validator.internal.metadata.aggregated.CascadingMetaDataBuilder$$Lambda/0x00000000318cc3e8
5598:             1             16  org.hibernate.validator.internal.metadata.aggregated.CascadingMetaDataBuilder$$Lambda/0x00000000318cc630
5599:             1             16  org.hibernate.validator.internal.metadata.aggregated.CascadingMetaDataBuilder$$Lambda/0x000000003191a210
5600:             1             16  org.hibernate.validator.internal.metadata.aggregated.CascadingMetaDataBuilder$$Lambda/0x000000003191a458
5601:             1             16  org.hibernate.validator.internal.metadata.aggregated.ContainerCascadingMetaData$$Lambda/0x000000003191af68
5602:             1             16  org.hibernate.validator.internal.metadata.aggregated.GroupConversionHelper
5603:             1             16  org.hibernate.validator.internal.metadata.aggregated.PropertyMetaData$Builder$$Lambda/0x00000000318d1c60
5604:             1             16  org.hibernate.validator.internal.metadata.aggregated.ValidatableParametersMetaData$$Lambda/0x00000000318d1380
5605:             1             16  org.hibernate.validator.internal.metadata.aggregated.rule.OverridingMethodMustNotAlterParameterConstraints
5606:             1             16  org.hibernate.validator.internal.metadata.aggregated.rule.ParallelMethodsMustNotDefineGroupConversionForCascadedReturnValue
5607:             1             16  org.hibernate.validator.internal.metadata.aggregated.rule.ParallelMethodsMustNotDefineParameterConstraints
5608:             1             16  org.hibernate.validator.internal.metadata.aggregated.rule.ReturnValueMayOnlyBeMarkedOnceAsCascadedPerHierarchyLine
5609:             1             16  org.hibernate.validator.internal.metadata.aggregated.rule.VoidMethodsMustNotBeReturnValueConstrained
5610:             1             16  org.hibernate.validator.internal.metadata.core.ConstraintHelper$ValidatorDescriptorMap
5611:             1             16  org.hibernate.validator.internal.metadata.core.MetaConstraints$$Lambda/0x00000000318ca3a0
5612:             1             16  org.hibernate.validator.internal.metadata.descriptor.ConstraintDescriptorImpl$$Lambda/0x00000000318c8af0
5613:             1             16  org.hibernate.validator.internal.metadata.descriptor.ConstraintDescriptorImpl$$Lambda/0x00000000318c8d38
5614:             1             16  org.hibernate.validator.internal.metadata.provider.AnnotationMetaDataProvider$$Lambda/0x00000000311c9328
5615:             1             16  org.hibernate.validator.internal.properties.DefaultGetterPropertySelectionStrategy
5616:             1             16  org.hibernate.validator.internal.util.ExecutableHelper
5617:             1             16  org.hibernate.validator.internal.util.ExecutableParameterNameProvider
5618:             1             16  org.hibernate.validator.internal.util.TypeResolutionHelper
5619:             1             16  org.hibernate.validator.internal.util.classhierarchy.Filters$InterfacesFilter
5620:             1             16  org.hibernate.validator.internal.util.classhierarchy.Filters$WeldProxyFilter
5621:             1             16  org.hibernate.validator.internal.util.logging.Messages_$bundle
5622:             1             16  org.hibernate.validator.internal.util.privilegedactions.GetClassLoader
5623:             1             16  org.hibernate.validator.resourceloading.PlatformResourceBundleLocator$AggregateResourceBundleControl
5624:             1             16  org.jboss.logging.Slf4jLoggerProvider
5625:             1             16  org.mybatis.spring.MyBatisExceptionTranslator$$Lambda/0x0000000031577000
5626:             1             16  org.mybatis.spring.SqlSessionTemplate$SqlSessionInterceptor
5627:             1             16  org.mybatis.spring.SqlSessionUtils$$Lambda/0x0000000031593fd0
5628:             1             16  org.mybatis.spring.annotation.MapperScannerRegistrar$$Lambda/0x000000003127b528
5629:             1             16  org.mybatis.spring.annotation.MapperScannerRegistrar$$Lambda/0x000000003127b780
5630:             1             16  org.mybatis.spring.mapper.ClassPathMapperScanner$$Lambda/0x00000000312ee6d0
5631:             1             16  org.mybatis.spring.mapper.ClassPathMapperScanner$$Lambda/0x00000000312ee8f8
5632:             1             16  org.mybatis.spring.transaction.SpringManagedTransactionFactory
5633:             1             16  org.redisson.QueueTransferService
5634:             1             16  org.redisson.QueueTransferTask$1
5635:             1             16  org.redisson.QueueTransferTask$2
5636:             1             16  org.redisson.QueueTransferTask$3
5637:             1             16  org.redisson.api.DefaultNameMapper
5638:             1             16  org.redisson.api.DefaultNatMapper
5639:             1             16  org.redisson.client.DefaultCredentialsResolver
5640:             1             16  org.redisson.client.DefaultNettyHook
5641:             1             16  org.redisson.client.codec.ByteArrayCodec$1
5642:             1             16  org.redisson.client.codec.ByteArrayCodec$2
5643:             1             16  org.redisson.client.codec.DoubleCodec$1
5644:             1             16  org.redisson.client.codec.LongCodec$1
5645:             1             16  org.redisson.client.handler.CommandDecoder$$Lambda/0x00000000316758d8
5646:             1             16  org.redisson.client.handler.CommandEncoder$$Lambda/0x00000000314bf570
5647:             1             16  org.redisson.client.handler.CommandEncoder$$Lambda/0x00000000314bf9e8
5648:             1             16  org.redisson.client.handler.CommandsQueuePubSub$$Lambda/0x0000000031505f38
5649:             1             16  org.redisson.client.protocol.RedisCommand$$Lambda/0x0000000031454fc8
5650:             1             16  org.redisson.client.protocol.RedisCommands$1
5651:             1             16  org.redisson.client.protocol.RedisCommands$10
5652:             1             16  org.redisson.client.protocol.RedisCommands$11
5653:             1             16  org.redisson.client.protocol.RedisCommands$12
5654:             1             16  org.redisson.client.protocol.RedisCommands$13
5655:             1             16  org.redisson.client.protocol.RedisCommands$14
5656:             1             16  org.redisson.client.protocol.RedisCommands$15
5657:             1             16  org.redisson.client.protocol.RedisCommands$2
5658:             1             16  org.redisson.client.protocol.RedisCommands$3
5659:             1             16  org.redisson.client.protocol.RedisCommands$4
5660:             1             16  org.redisson.client.protocol.RedisCommands$5
5661:             1             16  org.redisson.client.protocol.RedisCommands$7
5662:             1             16  org.redisson.client.protocol.RedisCommands$8
5663:             1             16  org.redisson.client.protocol.RedisCommands$9
5664:             1             16  org.redisson.client.protocol.convertor.BitsSizeReplayConvertor
5665:             1             16  org.redisson.client.protocol.convertor.BooleanNullReplayConvertor
5666:             1             16  org.redisson.client.protocol.convertor.ByteReplayConvertor
5667:             1             16  org.redisson.client.protocol.convertor.EmptySetConvertor
5668:             1             16  org.redisson.client.protocol.convertor.InstantReplyConvertor
5669:             1             16  org.redisson.client.protocol.convertor.JsonTypeConvertor
5670:             1             16  org.redisson.client.protocol.convertor.ShortReplayConvertor
5671:             1             16  org.redisson.client.protocol.convertor.StringToListConvertor
5672:             1             16  org.redisson.client.protocol.convertor.TimeObjectDecoder
5673:             1             16  org.redisson.client.protocol.convertor.TypeConvertor
5674:             1             16  org.redisson.client.protocol.decoder.AutoClaimDecoder
5675:             1             16  org.redisson.client.protocol.decoder.AutoClaimMapReplayDecoder
5676:             1             16  org.redisson.client.protocol.decoder.FastAutoClaimDecoder
5677:             1             16  org.redisson.client.protocol.decoder.IndexInfoDecoder
5678:             1             16  org.redisson.client.protocol.decoder.MapEntriesDecoder
5679:             1             16  org.redisson.client.protocol.decoder.MapMergeDecoder
5680:             1             16  org.redisson.client.protocol.decoder.MapScanResultReplayDecoder
5681:             1             16  org.redisson.client.protocol.decoder.ObjectFirstScoreReplayDecoder
5682:             1             16  org.redisson.client.protocol.decoder.ObjectMapDecoder
5683:             1             16  org.redisson.client.protocol.decoder.PendingEntryDecoder
5684:             1             16  org.redisson.client.protocol.decoder.PendingResultDecoder
5685:             1             16  org.redisson.client.protocol.decoder.ScoredEntryScanDecoder
5686:             1             16  org.redisson.client.protocol.decoder.ScoredSortedSetScanReplayDecoder
5687:             1             16  org.redisson.client.protocol.decoder.SlotsDecoder
5688:             1             16  org.redisson.client.protocol.decoder.StreamConsumerInfoDecoder
5689:             1             16  org.redisson.client.protocol.decoder.StreamGroupInfoDecoder
5690:             1             16  org.redisson.client.protocol.pubsub.PubSubMessageDecoder
5691:             1             16  org.redisson.codec.DefaultReferenceCodecProvider
5692:             1             16  org.redisson.codec.Kryo5Codec$$Lambda/0x000000003180bcb8
5693:             1             16  org.redisson.command.BaseRedisBatchExecutor$$Lambda/0x0000000031941948
5694:             1             16  org.redisson.command.CommandAsyncService$$Lambda/0x00000000318fc470
5695:             1             16  org.redisson.command.CommandBatchService$$Lambda/0x0000000031942628
5696:             1             16  org.redisson.command.RedisExecutor$$Lambda/0x0000000031657860
5697:             1             16  org.redisson.command.RedisExecutor$$Lambda/0x0000000031657cd0
5698:             1             16  org.redisson.command.RedisExecutor$$Lambda/0x000000003167d638
5699:             1             16  org.redisson.config.DefaultCommandMapper
5700:             1             16  org.redisson.connection.ClientConnectionsEntry$$Lambda/0x00000000314a1120
5701:             1             16  org.redisson.connection.ClientConnectionsEntry$$Lambda/0x00000000314a1368
5702:             1             16  org.redisson.connection.ConnectionsHolder$$Lambda/0x0000000031520238
5703:             1             16  org.redisson.connection.IdleConnectionWatcher$$Lambda/0x00000000314a15b0
5704:             1             16  org.redisson.connection.IdleConnectionWatcher$$Lambda/0x0000000031900d38
5705:             1             16  org.redisson.connection.MasterSlaveConnectionManager$$Lambda/0x000000003149b450
5706:             1             16  org.redisson.connection.SequentialDnsAddressResolverFactory
5707:             1             16  org.redisson.connection.ServiceManager$1
5708:             1             16  org.redisson.connection.ServiceManager$2
5709:             1             16  org.redisson.connection.balancer.RoundRobinLoadBalancer
5710:             1             16  org.redisson.pubsub.PublishSubscribeService$$Lambda/0x000000003166dc70
5711:             1             16  org.redisson.pubsub.PublishSubscribeService$$Lambda/0x000000003166e240
5712:             1             16  org.redisson.pubsub.PublishSubscribeService$$Lambda/0x000000003166e488
5713:             1             16  org.redisson.pubsub.PublishSubscribeService$$Lambda/0x0000000031961d50
5714:             1             16  org.redisson.pubsub.PublishSubscribeService$$Lambda/0x0000000031963890
5715:             1             16  org.redisson.pubsub.PublishSubscribeService$PubSubEntry
5716:             1             16  org.redisson.spring.data.connection.DataTypeConvertor
5717:             1             16  org.redisson.spring.data.connection.ListMergeDecoder
5718:             1             16  org.redisson.spring.data.connection.ObjectListReplayDecoder2
5719:             1             16  org.redisson.spring.data.connection.RedissonBaseReactive$$Lambda/0x00000000317d64f8
5720:             1             16  org.redisson.spring.data.connection.RedissonConnection$$Lambda/0x00000000318d7d60
5721:             1             16  org.redisson.spring.data.connection.RedissonConnection$5
5722:             1             16  org.redisson.spring.data.connection.RedissonConnection$6
5723:             1             16  org.redisson.spring.data.connection.RedissonExceptionConverter
5724:             1             16  org.redisson.spring.data.connection.RedissonStreamCommands$$Lambda/0x00000000316a2c70
5725:             1             16  org.redisson.spring.data.connection.RedissonStreamCommands$$Lambda/0x00000000316a3328
5726:             1             16  org.redisson.spring.data.connection.RedissonStreamCommands$$Lambda/0x00000000316a37c8
5727:             1             16  org.redisson.spring.data.connection.RedissonStreamCommands$$Lambda/0x0000000031949910
5728:             1             16  org.redisson.spring.data.connection.RedissonStreamCommands$ByteRecordReplayDecoder2
5729:             1             16  org.redisson.spring.data.connection.RedissonStreamCommands$ByteRecordReplayDecoder2_V2
5730:             1             16  org.redisson.spring.data.connection.RedissonStreamCommands$XInfoStreamReplayDecoder
5731:             1             16  org.slf4j.helpers.NOPLoggerFactory
5732:             1             16  org.slf4j.helpers.NOPMDCAdapter
5733:             1             16  org.springframework.aop.Advisor$1
5734:             1             16  org.springframework.aop.TrueClassFilter
5735:             1             16  org.springframework.aop.TrueMethodMatcher
5736:             1             16  org.springframework.aop.TruePointcut
5737:             1             16  org.springframework.aop.framework.DefaultAdvisorChainFactory
5738:             1             16  org.springframework.aop.framework.DefaultAopProxyFactory
5739:             1             16  org.springframework.aop.framework.adapter.AfterReturningAdviceAdapter
5740:             1             16  org.springframework.aop.framework.adapter.DefaultAdvisorAdapterRegistry
5741:             1             16  org.springframework.aop.framework.adapter.MethodBeforeAdviceAdapter
5742:             1             16  org.springframework.aop.framework.adapter.ThrowsAdviceAdapter
5743:             1             16  org.springframework.aop.interceptor.AsyncExecutionAspectSupport$$Lambda/0x0000000031310c00
5744:             1             16  org.springframework.aop.interceptor.AsyncExecutionAspectSupport$$Lambda/0x0000000031311c10
5745:             1             16  org.springframework.aop.interceptor.AsyncExecutionAspectSupport$$Lambda/0x0000000031318000
5746:             1             16  org.springframework.aop.support.ClassFilters$IntersectionClassFilter
5747:             1             16  org.springframework.aop.support.ClassFilters$UnionClassFilter
5748:             1             16  org.springframework.aop.support.annotation.AnnotationMatchingPointcut$AnnotationCandidateClassFilter
5749:             1             16  org.springframework.beans.SimpleBeanInfoFactory
5750:             1             16  org.springframework.beans.factory.BeanFactoryUtils$$Lambda/0x000000003119fb38
5751:             1             16  org.springframework.beans.factory.config.AutowiredPropertyMarker
5752:             1             16  org.springframework.beans.factory.parsing.FailFastProblemReporter
5753:             1             16  org.springframework.beans.factory.parsing.PassThroughSourceExtractor
5754:             1             16  org.springframework.beans.factory.support.AbstractAutowireCapableBeanFactory$$Lambda/0x000000003127d598
5755:             1             16  org.springframework.beans.factory.support.AutowireUtils$$Lambda/0x00000000312d3240
5756:             1             16  org.springframework.beans.factory.support.CglibSubclassingInstantiationStrategy
5757:             1             16  org.springframework.beans.factory.support.DefaultBeanNameGenerator
5758:             1             16  org.springframework.beans.factory.support.DefaultListableBeanFactory$$Lambda/0x000000003131e480
5759:             1             16  org.springframework.beans.factory.support.DefaultSingletonBeanRegistry$$Lambda/0x00000000311abb20
5760:             1             16  org.springframework.beans.factory.support.DefaultSingletonBeanRegistry$$Lambda/0x00000000311abfb0
5761:             1             16  org.springframework.beans.factory.support.DisposableBeanAdapter$$Lambda/0x000000003142acc0
5762:             1             16  org.springframework.beans.factory.support.SimpleAutowireCandidateResolver
5763:             1             16  org.springframework.beans.factory.xml.XmlBeanDefinitionReader$$Lambda/0x000000003113a520
5764:             1             16  org.springframework.boot.ClearCachesApplicationListener
5765:             1             16  org.springframework.boot.DefaultApplicationContextFactory
5766:             1             16  org.springframework.boot.DefaultApplicationContextFactory$$Lambda/0x000000003108aa48
5767:             1             16  org.springframework.boot.DefaultApplicationContextFactory$$Lambda/0x000000003110a478
5768:             1             16  org.springframework.boot.DefaultApplicationContextFactory$$Lambda/0x000000003110e160
5769:             1             16  org.springframework.boot.SpringApplication$$Lambda/0x000000003107cc90
5770:             1             16  org.springframework.boot.SpringApplication$$Lambda/0x000000003107cee8
5771:             1             16  org.springframework.boot.SpringApplication$$Lambda/0x00000000311339e0
5772:             1             16  org.springframework.boot.SpringApplication$PropertySourceOrderingBeanFactoryPostProcessor
5773:             1             16  org.springframework.boot.SpringApplicationShutdownHook$ApplicationContextClosedListener
5774:             1             16  org.springframework.boot.SpringBootBanner
5775:             1             16  org.springframework.boot.StartupInfoLogger$$Lambda/0x00000000311354f8
5776:             1             16  org.springframework.boot.StartupInfoLogger$$Lambda/0x0000000031135dc8
5777:             1             16  org.springframework.boot.StartupInfoLogger$$Lambda/0x0000000031136460
5778:             1             16  org.springframework.boot.StartupInfoLogger$$Lambda/0x0000000031136d00
5779:             1             16  org.springframework.boot.StartupInfoLogger$$Lambda/0x0000000031137378
5780:             1             16  org.springframework.boot.actuate.autoconfigure.availability.AvailabilityHealthContributorAutoConfiguration
5781:             1             16  org.springframework.boot.actuate.autoconfigure.availability.AvailabilityProbesAutoConfiguration$ProbesCondition
5782:             1             16  org.springframework.boot.actuate.autoconfigure.context.properties.ConfigurationPropertiesReportEndpointAutoConfiguration
5783:             1             16  org.springframework.boot.actuate.autoconfigure.data.redis.RedisHealthContributorAutoConfiguration
5784:             1             16  org.springframework.boot.actuate.autoconfigure.data.redis.RedisHealthContributorAutoConfiguration$$Lambda/0x000000003175e1c0
5785:             1             16  org.springframework.boot.actuate.autoconfigure.data.redis.RedisReactiveHealthContributorAutoConfiguration$$Lambda/0x0000000031743110
5786:             1             16  org.springframework.boot.actuate.autoconfigure.endpoint.EndpointAutoConfiguration
5787:             1             16  org.springframework.boot.actuate.autoconfigure.endpoint.EndpointIdTimeToLivePropertyFunction
5788:             1             16  org.springframework.boot.actuate.autoconfigure.endpoint.EndpointIdTimeToLivePropertyFunction$$Lambda/0x0000000031752000
5789:             1             16  org.springframework.boot.actuate.autoconfigure.endpoint.expose.IncludeExcludeEndpointFilter$$Lambda/0x000000003125fce8
5790:             1             16  org.springframework.boot.actuate.autoconfigure.endpoint.jackson.JacksonEndpointAutoConfiguration
5791:             1             16  org.springframework.boot.actuate.autoconfigure.endpoint.jackson.JacksonEndpointAutoConfiguration$$Lambda/0x00000000316e9ab8
5792:             1             16  org.springframework.boot.actuate.autoconfigure.endpoint.web.MappingWebEndpointPathMapper
5793:             1             16  org.springframework.boot.actuate.autoconfigure.endpoint.web.ServletEndpointManagementContextConfiguration
5794:             1             16  org.springframework.boot.actuate.autoconfigure.endpoint.web.ServletEndpointManagementContextConfiguration$WebMvcServletEndpointManagementContextConfiguration
5795:             1             16  org.springframework.boot.actuate.autoconfigure.endpoint.web.WebEndpointAutoConfiguration$$Lambda/0x0000000031766810
5796:             1             16  org.springframework.boot.actuate.autoconfigure.endpoint.web.WebEndpointAutoConfiguration$WebEndpointServletConfiguration
5797:             1             16  org.springframework.boot.actuate.autoconfigure.endpoint.web.WebEndpointProperties$Discovery
5798:             1             16  org.springframework.boot.actuate.autoconfigure.endpoint.web.servlet.WebMvcEndpointManagementContextConfiguration
5799:             1             16  org.springframework.boot.actuate.autoconfigure.endpoint.web.servlet.WebMvcEndpointManagementContextConfiguration$EndpointObjectMapperWebMvcConfigurer
5800:             1             16  org.springframework.boot.actuate.autoconfigure.env.EnvironmentEndpointAutoConfiguration
5801:             1             16  org.springframework.boot.actuate.autoconfigure.health.AutoConfiguredHealthEndpointGroups$$Lambda/0x0000000031740278
5802:             1             16  org.springframework.boot.actuate.autoconfigure.health.HealthContributorAutoConfiguration
5803:             1             16  org.springframework.boot.actuate.autoconfigure.health.HealthEndpointAutoConfiguration
5804:             1             16  org.springframework.boot.actuate.autoconfigure.health.HealthEndpointConfiguration
5805:             1             16  org.springframework.boot.actuate.autoconfigure.health.HealthEndpointConfiguration$AdaptedReactiveHealthContributors
5806:             1             16  org.springframework.boot.actuate.autoconfigure.health.HealthEndpointConfiguration$HealthEndpointGroupsBeanPostProcessor
5807:             1             16  org.springframework.boot.actuate.autoconfigure.health.HealthEndpointConfiguration$HealthEndpointGroupsBeanPostProcessor$$Lambda/0x0000000031741028
5808:             1             16  org.springframework.boot.actuate.autoconfigure.health.HealthEndpointProperties$Logging
5809:             1             16  org.springframework.boot.actuate.autoconfigure.health.HealthEndpointWebExtensionConfiguration
5810:             1             16  org.springframework.boot.actuate.autoconfigure.health.HealthEndpointWebExtensionConfiguration$$Lambda/0x0000000031751228
5811:             1             16  org.springframework.boot.actuate.autoconfigure.health.HealthEndpointWebExtensionConfiguration$$Lambda/0x0000000031751480
5812:             1             16  org.springframework.boot.actuate.autoconfigure.health.HealthEndpointWebExtensionConfiguration$MvcAdditionalHealthEndpointPathsConfiguration
5813:             1             16  org.springframework.boot.actuate.autoconfigure.health.ReactiveHealthEndpointConfiguration
5814:             1             16  org.springframework.boot.actuate.autoconfigure.info.InfoContributorAutoConfiguration
5815:             1             16  org.springframework.boot.actuate.autoconfigure.info.InfoContributorProperties
5816:             1             16  org.springframework.boot.actuate.autoconfigure.info.InfoContributorProperties$Git
5817:             1             16  org.springframework.boot.actuate.autoconfigure.info.InfoEndpointAutoConfiguration
5818:             1             16  org.springframework.boot.actuate.autoconfigure.jdbc.DataSourceHealthIndicatorProperties
5819:             1             16  org.springframework.boot.actuate.autoconfigure.logging.LoggersEndpointAutoConfiguration
5820:             1             16  org.springframework.boot.actuate.autoconfigure.logging.LoggersEndpointAutoConfiguration$$Lambda/0x00000000317528f8
5821:             1             16  org.springframework.boot.actuate.autoconfigure.logging.LoggersEndpointAutoConfiguration$OnEnabledLoggingSystemCondition
5822:             1             16  org.springframework.boot.actuate.autoconfigure.management.HeapDumpWebEndpointAutoConfiguration
5823:             1             16  org.springframework.boot.actuate.autoconfigure.management.ThreadDumpEndpointAutoConfiguration
5824:             1             16  org.springframework.boot.actuate.autoconfigure.metrics.CompositeMeterRegistryAutoConfiguration
5825:             1             16  org.springframework.boot.actuate.autoconfigure.metrics.JvmMetricsAutoConfiguration
5826:             1             16  org.springframework.boot.actuate.autoconfigure.metrics.LogbackMetricsAutoConfiguration
5827:             1             16  org.springframework.boot.actuate.autoconfigure.metrics.LogbackMetricsAutoConfiguration$LogbackLoggingCondition
5828:             1             16  org.springframework.boot.actuate.autoconfigure.metrics.MetricsAutoConfiguration
5829:             1             16  org.springframework.boot.actuate.autoconfigure.metrics.MetricsAutoConfiguration$MeterRegistryCloser
5830:             1             16  org.springframework.boot.actuate.autoconfigure.metrics.MetricsEndpointAutoConfiguration
5831:             1             16  org.springframework.boot.actuate.autoconfigure.metrics.MetricsProperties$Data
5832:             1             16  org.springframework.boot.actuate.autoconfigure.metrics.MetricsProperties$System
5833:             1             16  org.springframework.boot.actuate.autoconfigure.metrics.MetricsProperties$System$Diskspace
5834:             1             16  org.springframework.boot.actuate.autoconfigure.metrics.MetricsProperties$Web$Client
5835:             1             16  org.springframework.boot.actuate.autoconfigure.metrics.MetricsProperties$Web$Server
5836:             1             16  org.springframework.boot.actuate.autoconfigure.metrics.PropertiesAutoTimer
5837:             1             16  org.springframework.boot.actuate.autoconfigure.metrics.PropertiesMeterFilter$$Lambda/0x0000000031427b58
5838:             1             16  org.springframework.boot.actuate.autoconfigure.metrics.SystemMetricsAutoConfiguration
5839:             1             16  org.springframework.boot.actuate.autoconfigure.metrics.data.MetricsRepositoryMethodInvocationListenerBeanPostProcessor
5840:             1             16  org.springframework.boot.actuate.autoconfigure.metrics.data.MetricsRepositoryMethodInvocationListenerBeanPostProcessor$MetricsRepositoryFactoryCustomizer
5841:             1             16  org.springframework.boot.actuate.autoconfigure.metrics.data.RepositoryMetricsAutoConfiguration
5842:             1             16  org.springframework.boot.actuate.autoconfigure.metrics.data.RepositoryMetricsAutoConfiguration$$Lambda/0x00000000313aabf0
5843:             1             16  org.springframework.boot.actuate.autoconfigure.metrics.data.RepositoryMetricsAutoConfiguration$$Lambda/0x0000000031762c38
5844:             1             16  org.springframework.boot.actuate.autoconfigure.metrics.export.prometheus.PrometheusMetricsExportAutoConfiguration
5845:             1             16  org.springframework.boot.actuate.autoconfigure.metrics.export.prometheus.PrometheusMetricsExportAutoConfiguration$PrometheusScrapeEndpointConfiguration
5846:             1             16  org.springframework.boot.actuate.autoconfigure.metrics.export.prometheus.PrometheusPropertiesConfigAdapter
5847:             1             16  org.springframework.boot.actuate.autoconfigure.metrics.export.prometheus.PrometheusPropertiesConfigAdapter$$Lambda/0x000000003141a7e0
5848:             1             16  org.springframework.boot.actuate.autoconfigure.metrics.export.prometheus.PrometheusPropertiesConfigAdapter$$Lambda/0x0000000031893da8
5849:             1             16  org.springframework.boot.actuate.autoconfigure.metrics.integration.IntegrationMetricsAutoConfiguration
5850:             1             16  org.springframework.boot.actuate.autoconfigure.metrics.jdbc.DataSourcePoolMetricsAutoConfiguration
5851:             1             16  org.springframework.boot.actuate.autoconfigure.metrics.jdbc.DataSourcePoolMetricsAutoConfiguration$DataSourcePoolMetadataMetricsConfiguration
5852:             1             16  org.springframework.boot.actuate.autoconfigure.metrics.jdbc.DataSourcePoolMetricsAutoConfiguration$HikariDataSourceMetricsConfiguration
5853:             1             16  org.springframework.boot.actuate.autoconfigure.metrics.jdbc.DataSourcePoolMetricsAutoConfiguration$HikariDataSourceMetricsConfiguration$HikariDataSourceMeterBinder
5854:             1             16  org.springframework.boot.actuate.autoconfigure.metrics.redis.LettuceMetricsAutoConfiguration
5855:             1             16  org.springframework.boot.actuate.autoconfigure.metrics.startup.StartupTimeMetricsListenerAutoConfiguration
5856:             1             16  org.springframework.boot.actuate.autoconfigure.metrics.task.TaskExecutorMetricsAutoConfiguration
5857:             1             16  org.springframework.boot.actuate.autoconfigure.metrics.web.tomcat.TomcatMetricsAutoConfiguration
5858:             1             16  org.springframework.boot.actuate.autoconfigure.observation.ObservationAutoConfiguration
5859:             1             16  org.springframework.boot.actuate.autoconfigure.observation.ObservationAutoConfiguration$MeterObservationHandlerConfiguration
5860:             1             16  org.springframework.boot.actuate.autoconfigure.observation.ObservationAutoConfiguration$MeterObservationHandlerConfiguration$OnlyMetricsMeterObservationHandlerConfiguration
5861:             1             16  org.springframework.boot.actuate.autoconfigure.observation.ObservationAutoConfiguration$OnlyMetricsConfiguration
5862:             1             16  org.springframework.boot.actuate.autoconfigure.observation.ObservationHandlerGrouping
5863:             1             16  org.springframework.boot.actuate.autoconfigure.observation.ObservationProperties$Http$Client
5864:             1             16  org.springframework.boot.actuate.autoconfigure.observation.ObservationProperties$Http$Client$ClientRequests
5865:             1             16  org.springframework.boot.actuate.autoconfigure.observation.ObservationProperties$Http$Server
5866:             1             16  org.springframework.boot.actuate.autoconfigure.observation.ObservationProperties$Http$Server$ServerRequests
5867:             1             16  org.springframework.boot.actuate.autoconfigure.observation.ObservationProperties$LongTaskTimer
5868:             1             16  org.springframework.boot.actuate.autoconfigure.observation.PropertiesObservationFilterPredicate$$Lambda/0x0000000031417350
5869:             1             16  org.springframework.boot.actuate.autoconfigure.observation.web.client.HttpClientObservationsAutoConfiguration
5870:             1             16  org.springframework.boot.actuate.autoconfigure.observation.web.client.HttpClientObservationsAutoConfiguration$MeterFilterConfiguration
5871:             1             16  org.springframework.boot.actuate.autoconfigure.observation.web.client.HttpClientObservationsAutoConfiguration$MeterFilterConfiguration$$Lambda/0x0000000031428dc0
5872:             1             16  org.springframework.boot.actuate.autoconfigure.observation.web.client.RestClientObservationConfiguration
5873:             1             16  org.springframework.boot.actuate.autoconfigure.observation.web.client.RestTemplateObservationConfiguration
5874:             1             16  org.springframework.boot.actuate.autoconfigure.observation.web.client.WebClientObservationConfiguration
5875:             1             16  org.springframework.boot.actuate.autoconfigure.observation.web.servlet.WebMvcObservationAutoConfiguration
5876:             1             16  org.springframework.boot.actuate.autoconfigure.observation.web.servlet.WebMvcObservationAutoConfiguration$MeterFilterConfiguration
5877:             1             16  org.springframework.boot.actuate.autoconfigure.observation.web.servlet.WebMvcObservationAutoConfiguration$MeterFilterConfiguration$$Lambda/0x0000000031429248
5878:             1             16  org.springframework.boot.actuate.autoconfigure.scheduling.ScheduledTasksObservabilityAutoConfiguration
5879:             1             16  org.springframework.boot.actuate.autoconfigure.scheduling.ScheduledTasksObservabilityAutoConfiguration$ObservabilitySchedulingConfigurer
5880:             1             16  org.springframework.boot.actuate.autoconfigure.startup.StartupEndpointAutoConfiguration$ApplicationStartupCondition
5881:             1             16  org.springframework.boot.actuate.autoconfigure.system.DiskSpaceHealthContributorAutoConfiguration
5882:             1             16  org.springframework.boot.actuate.autoconfigure.web.server.$Proxy87
5883:             1             16  org.springframework.boot.actuate.autoconfigure.web.server.ManagementContextAutoConfiguration
5884:             1             16  org.springframework.boot.actuate.autoconfigure.web.server.ManagementContextAutoConfiguration$SameManagementContextConfiguration
5885:             1             16  org.springframework.boot.actuate.autoconfigure.web.server.ManagementContextAutoConfiguration$SameManagementContextConfiguration$EnableSameManagementContextConfiguration
5886:             1             16  org.springframework.boot.actuate.autoconfigure.web.servlet.ServletManagementContextAutoConfiguration
5887:             1             16  org.springframework.boot.actuate.autoconfigure.web.servlet.ServletManagementContextAutoConfiguration$$Lambda/0x0000000031759210
5888:             1             16  org.springframework.boot.actuate.endpoint.InvocationContext$$Lambda/0x00000000317ca9c8
5889:             1             16  org.springframework.boot.actuate.endpoint.annotation.DiscoveredOperationsFactory$$Lambda/0x000000003174f7e0
5890:             1             16  org.springframework.boot.actuate.endpoint.annotation.EndpointDiscoverer$$Lambda/0x00000000314320c0
5891:             1             16  org.springframework.boot.actuate.endpoint.annotation.EndpointDiscoverer$$Lambda/0x0000000031757630
5892:             1             16  org.springframework.boot.actuate.endpoint.annotation.EndpointDiscoverer$$Lambda/0x0000000031757888
5893:             1             16  org.springframework.boot.actuate.endpoint.annotation.EndpointDiscoverer$$Lambda/0x0000000031757d20
5894:             1             16  org.springframework.boot.actuate.endpoint.invoke.ParameterValueMapper$$Lambda/0x00000000314308a0
5895:             1             16  org.springframework.boot.actuate.endpoint.invoke.convert.ConversionServiceParameterValueMapper
5896:             1             16  org.springframework.boot.actuate.endpoint.invoker.cache.CachingOperationInvokerAdvisor
5897:             1             16  org.springframework.boot.actuate.endpoint.jmx.MBeanInfoFactory$$Lambda/0x0000000031765d00
5898:             1             16  org.springframework.boot.actuate.endpoint.jmx.MBeanInfoFactory$$Lambda/0x0000000031766178
5899:             1             16  org.springframework.boot.actuate.endpoint.jmx.annotation.DiscoveredJmxOperation$$Lambda/0x0000000031764d30
5900:             1             16  org.springframework.boot.actuate.endpoint.web.EndpointLinksResolver
5901:             1             16  org.springframework.boot.actuate.endpoint.web.annotation.RequestPredicateFactory
5902:             1             16  org.springframework.boot.actuate.endpoint.web.annotation.RequestPredicateFactory$$Lambda/0x0000000031752fb8
5903:             1             16  org.springframework.boot.actuate.endpoint.web.annotation.RequestPredicateFactory$$Lambda/0x0000000031756428
5904:             1             16  org.springframework.boot.actuate.endpoint.web.servlet.AbstractWebMvcEndpointHandlerMapping$ServletWebOperationAdapter$FluxBodyConverter
5905:             1             16  org.springframework.boot.actuate.endpoint.web.servlet.WebMvcEndpointHandlerMapping$WebMvcLinksHandler
5906:             1             16  org.springframework.boot.actuate.health.AbstractReactiveHealthIndicator$$Lambda/0x0000000031743358
5907:             1             16  org.springframework.boot.actuate.health.HealthContributorNameFactory
5908:             1             16  org.springframework.boot.actuate.health.SimpleHttpCodeStatusMapper
5909:             1             16  org.springframework.boot.actuate.health.SimpleStatusAggregator$$Lambda/0x000000003173f630
5910:             1             16  org.springframework.boot.actuate.info.InfoEndpoint
5911:             1             16  org.springframework.boot.actuate.management.PlainTextThreadDumpFormatter
5912:             1             16  org.springframework.boot.actuate.management.ThreadDumpEndpoint
5913:             1             16  org.springframework.boot.actuate.metrics.AutoTimer$$Lambda/0x00000000317630d0
5914:             1             16  org.springframework.boot.actuate.metrics.AutoTimer$1
5915:             1             16  org.springframework.boot.actuate.metrics.MetricsEndpoint
5916:             1             16  org.springframework.boot.actuate.metrics.MetricsEndpoint$$Lambda/0x00000000317f29b8
5917:             1             16  org.springframework.boot.actuate.metrics.MetricsEndpoint$$Lambda/0x00000000317f3948
5918:             1             16  org.springframework.boot.actuate.metrics.MetricsEndpoint$$Lambda/0x00000000317f6000
5919:             1             16  org.springframework.boot.actuate.metrics.data.DefaultRepositoryTagsProvider
5920:             1             16  org.springframework.boot.actuate.metrics.jdbc.DataSourcePoolMetrics$$Lambda/0x0000000031782660
5921:             1             16  org.springframework.boot.actuate.metrics.jdbc.DataSourcePoolMetrics$$Lambda/0x00000000317834c0
5922:             1             16  org.springframework.boot.actuate.metrics.jdbc.DataSourcePoolMetrics$$Lambda/0x0000000031783708
5923:             1             16  org.springframework.boot.actuate.metrics.jdbc.DataSourcePoolMetrics$$Lambda/0x0000000031783950
5924:             1             16  org.springframework.boot.actuate.metrics.jdbc.DataSourcePoolMetrics$CachingDataSourcePoolMetadataProvider
5925:             1             16  org.springframework.boot.autoconfigure.AutoConfigurationImportSelector$$Lambda/0x0000000031242008
5926:             1             16  org.springframework.boot.autoconfigure.AutoConfigurationImportSelector$AutoConfigurationGroup$$Lambda/0x0000000031251610
5927:             1             16  org.springframework.boot.autoconfigure.AutoConfigurationImportSelector$AutoConfigurationGroup$$Lambda/0x0000000031251858
5928:             1             16  org.springframework.boot.autoconfigure.AutoConfigurationImportSelector$AutoConfigurationGroup$$Lambda/0x0000000031251aa0
5929:             1             16  org.springframework.boot.autoconfigure.AutoConfigurationImportSelector$AutoConfigurationGroup$$Lambda/0x0000000031251ce8
5930:             1             16  org.springframework.boot.autoconfigure.AutoConfigurationImportSelector$AutoConfigurationGroup$$Lambda/0x0000000031251f30
5931:             1             16  org.springframework.boot.autoconfigure.AutoConfigurationPackages$$Lambda/0x000000003127afc0
5932:             1             16  org.springframework.boot.autoconfigure.BackgroundPreinitializer
5933:             1             16  org.springframework.boot.autoconfigure.SharedMetadataReaderFactoryContextInitializer$CachingMetadataReaderFactoryPostProcessor
5934:             1             16  org.springframework.boot.autoconfigure.SharedMetadataReaderFactoryContextInitializer$CachingMetadataReaderFactoryPostProcessor$$Lambda/0x000000003119b010
5935:             1             16  org.springframework.boot.autoconfigure.SharedMetadataReaderFactoryContextInitializer$SharedMetadataReaderFactoryBean
5936:             1             16  org.springframework.boot.autoconfigure.aop.AopAutoConfiguration
5937:             1             16  org.springframework.boot.autoconfigure.aop.AopAutoConfiguration$ClassProxyingConfiguration
5938:             1             16  org.springframework.boot.autoconfigure.aop.AopAutoConfiguration$ClassProxyingConfiguration$$Lambda/0x0000000031314000
5939:             1             16  org.springframework.boot.autoconfigure.availability.ApplicationAvailabilityAutoConfiguration
5940:             1             16  org.springframework.boot.autoconfigure.condition.ConditionEvaluationReport$$Lambda/0x0000000031250618
5941:             1             16  org.springframework.boot.autoconfigure.condition.ConditionEvaluationReport$AncestorsMatchedCondition
5942:             1             16  org.springframework.boot.autoconfigure.condition.OnBeanCondition$Spec$$Lambda/0x0000000031276b90
5943:             1             16  org.springframework.boot.autoconfigure.condition.OnCloudPlatformCondition
5944:             1             16  org.springframework.boot.autoconfigure.condition.OnPropertyCondition$$Lambda/0x0000000031254c28
5945:             1             16  org.springframework.boot.autoconfigure.condition.OnPropertyCondition$$Lambda/0x0000000031254e70
5946:             1             16  org.springframework.boot.autoconfigure.condition.OnWarDeploymentCondition
5947:             1             16  org.springframework.boot.autoconfigure.context.ConfigurationPropertiesAutoConfiguration
5948:             1             16  org.springframework.boot.autoconfigure.context.LifecycleAutoConfiguration
5949:             1             16  org.springframework.boot.autoconfigure.context.LifecycleProperties
5950:             1             16  org.springframework.boot.autoconfigure.context.MessageSourceAutoConfiguration$ResourceBundleCondition
5951:             1             16  org.springframework.boot.autoconfigure.context.PropertyPlaceholderAutoConfiguration
5952:             1             16  org.springframework.boot.autoconfigure.dao.PersistenceExceptionTranslationAutoConfiguration
5953:             1             16  org.springframework.boot.autoconfigure.data.redis.PropertiesRedisConnectionDetails
5954:             1             16  org.springframework.boot.autoconfigure.data.redis.RedisAutoConfiguration
5955:             1             16  org.springframework.boot.autoconfigure.data.redis.RedisProperties$Jedis
5956:             1             16  org.springframework.boot.autoconfigure.data.redis.RedisProperties$Lettuce$Cluster
5957:             1             16  org.springframework.boot.autoconfigure.data.redis.RedisReactiveAutoConfiguration
5958:             1             16  org.springframework.boot.autoconfigure.data.redis.RedisRepositoriesAutoConfiguration
5959:             1             16  org.springframework.boot.autoconfigure.data.web.SpringDataWebAutoConfiguration
5960:             1             16  org.springframework.boot.autoconfigure.data.web.SpringDataWebAutoConfiguration$$Lambda/0x000000003170b908
5961:             1             16  org.springframework.boot.autoconfigure.data.web.SpringDataWebAutoConfiguration$$Lambda/0x000000003170e880
5962:             1             16  org.springframework.boot.autoconfigure.data.web.SpringDataWebProperties$Sort
5963:             1             16  org.springframework.boot.autoconfigure.http.HttpMessageConverters
5964:             1             16  org.springframework.boot.autoconfigure.http.HttpMessageConvertersAutoConfiguration
5965:             1             16  org.springframework.boot.autoconfigure.http.HttpMessageConvertersAutoConfiguration$StringHttpMessageConverterConfiguration
5966:             1             16  org.springframework.boot.autoconfigure.http.JacksonHttpMessageConvertersConfiguration
5967:             1             16  org.springframework.boot.autoconfigure.http.JacksonHttpMessageConvertersConfiguration$MappingJackson2HttpMessageConverterConfiguration
5968:             1             16  org.springframework.boot.autoconfigure.http.codec.CodecsAutoConfiguration
5969:             1             16  org.springframework.boot.autoconfigure.http.codec.CodecsAutoConfiguration$DefaultCodecsConfiguration
5970:             1             16  org.springframework.boot.autoconfigure.http.codec.CodecsAutoConfiguration$DefaultCodecsConfiguration$$Lambda/0x00000000316abbe0
5971:             1             16  org.springframework.boot.autoconfigure.http.codec.CodecsAutoConfiguration$DefaultCodecsConfiguration$$Lambda/0x00000000316c9490
5972:             1             16  org.springframework.boot.autoconfigure.http.codec.CodecsAutoConfiguration$JacksonCodecConfiguration
5973:             1             16  org.springframework.boot.autoconfigure.http.codec.CodecsAutoConfiguration$JacksonCodecConfiguration$$Lambda/0x00000000316b2930
5974:             1             16  org.springframework.boot.autoconfigure.info.ProjectInfoAutoConfiguration
5975:             1             16  org.springframework.boot.autoconfigure.info.ProjectInfoAutoConfiguration$GitResourceAvailableCondition
5976:             1             16  org.springframework.boot.autoconfigure.jackson.JacksonAutoConfiguration
5977:             1             16  org.springframework.boot.autoconfigure.jackson.JacksonAutoConfiguration$Jackson2ObjectMapperBuilderCustomizerConfiguration
5978:             1             16  org.springframework.boot.autoconfigure.jackson.JacksonAutoConfiguration$JacksonMixinConfiguration
5979:             1             16  org.springframework.boot.autoconfigure.jackson.JacksonAutoConfiguration$JacksonObjectMapperBuilderConfiguration
5980:             1             16  org.springframework.boot.autoconfigure.jackson.JacksonAutoConfiguration$JacksonObjectMapperConfiguration
5981:             1             16  org.springframework.boot.autoconfigure.jackson.JacksonAutoConfiguration$ParameterNamesModuleConfiguration
5982:             1             16  org.springframework.boot.autoconfigure.jdbc.DataSourceAutoConfiguration
5983:             1             16  org.springframework.boot.autoconfigure.jdbc.DataSourceAutoConfiguration$PooledDataSourceConfiguration
5984:             1             16  org.springframework.boot.autoconfigure.jdbc.DataSourceConfiguration$Hikari
5985:             1             16  org.springframework.boot.autoconfigure.jdbc.DataSourceJmxConfiguration
5986:             1             16  org.springframework.boot.autoconfigure.jdbc.DataSourceJmxConfiguration$Hikari$$Lambda/0x000000003172bd28
5987:             1             16  org.springframework.boot.autoconfigure.jdbc.DataSourceTransactionManagerAutoConfiguration
5988:             1             16  org.springframework.boot.autoconfigure.jdbc.DataSourceTransactionManagerAutoConfiguration$JdbcTransactionManagerConfiguration
5989:             1             16  org.springframework.boot.autoconfigure.jdbc.JdbcClientAutoConfiguration
5990:             1             16  org.springframework.boot.autoconfigure.jdbc.JdbcProperties
5991:             1             16  org.springframework.boot.autoconfigure.jdbc.JdbcTemplateAutoConfiguration
5992:             1             16  org.springframework.boot.autoconfigure.jdbc.JdbcTemplateConfiguration
5993:             1             16  org.springframework.boot.autoconfigure.jdbc.NamedParameterJdbcTemplateConfiguration
5994:             1             16  org.springframework.boot.autoconfigure.jdbc.PropertiesJdbcConnectionDetails
5995:             1             16  org.springframework.boot.autoconfigure.jdbc.metadata.DataSourcePoolMetadataProvidersConfiguration
5996:             1             16  org.springframework.boot.autoconfigure.jdbc.metadata.DataSourcePoolMetadataProvidersConfiguration$HikariPoolDataSourceMetadataProviderConfiguration
5997:             1             16  org.springframework.boot.autoconfigure.jdbc.metadata.DataSourcePoolMetadataProvidersConfiguration$HikariPoolDataSourceMetadataProviderConfiguration$$Lambda/0x000000003172dae8
5998:             1             16  org.springframework.boot.autoconfigure.jmx.JmxAutoConfiguration
5999:             1             16  org.springframework.boot.autoconfigure.logging.ConditionEvaluationReportLoggingListener
6000:             1             16  org.springframework.boot.autoconfigure.logging.ConditionEvaluationReportLoggingListener$ConditionEvaluationReportListener$$Lambda/0x0000000031134650
6001:             1             16  org.springframework.boot.autoconfigure.logging.ConditionEvaluationReportMessage$$Lambda/0x000000003179e038
6002:             1             16  org.springframework.boot.autoconfigure.logging.ConditionEvaluationReportMessage$$Lambda/0x000000003179e4d0
6003:             1             16  org.springframework.boot.autoconfigure.mustache.MustacheTemplateAvailabilityProvider
6004:             1             16  org.springframework.boot.autoconfigure.netty.NettyAutoConfiguration
6005:             1             16  org.springframework.boot.autoconfigure.netty.NettyProperties
6006:             1             16  org.springframework.boot.autoconfigure.reactor.ReactorAutoConfiguration
6007:             1             16  org.springframework.boot.autoconfigure.reactor.ReactorProperties
6008:             1             16  org.springframework.boot.autoconfigure.reactor.netty.ReactorNettyConfigurations$ReactorResourceFactoryConfiguration
6009:             1             16  org.springframework.boot.autoconfigure.reactor.netty.ReactorNettyProperties
6010:             1             16  org.springframework.boot.autoconfigure.sql.init.DataSourceInitializationConfiguration
6011:             1             16  org.springframework.boot.autoconfigure.sql.init.SqlInitializationAutoConfiguration
6012:             1             16  org.springframework.boot.autoconfigure.ssl.SslProperties
6013:             1             16  org.springframework.boot.autoconfigure.ssl.SslProperties$Bundles$Watch
6014:             1             16  org.springframework.boot.autoconfigure.ssl.SslProperties$Bundles$Watch$File
6015:             1             16  org.springframework.boot.autoconfigure.ssl.SslPropertiesBundleRegistrar$$Lambda/0x00000000313ced80
6016:             1             16  org.springframework.boot.autoconfigure.ssl.SslPropertiesBundleRegistrar$$Lambda/0x00000000313cf448
6017:             1             16  org.springframework.boot.autoconfigure.task.ScheduledBeanLazyInitializationExcludeFilter
6018:             1             16  org.springframework.boot.autoconfigure.task.TaskExecutionAutoConfiguration
6019:             1             16  org.springframework.boot.autoconfigure.task.TaskExecutionProperties$Pool$Shutdown
6020:             1             16  org.springframework.boot.autoconfigure.task.TaskExecutionProperties$Simple
6021:             1             16  org.springframework.boot.autoconfigure.task.TaskExecutorConfigurations$TaskExecutorBuilderConfiguration
6022:             1             16  org.springframework.boot.autoconfigure.task.TaskExecutorConfigurations$ThreadPoolTaskExecutorBuilderConfiguration
6023:             1             16  org.springframework.boot.autoconfigure.task.TaskSchedulingAutoConfiguration
6024:             1             16  org.springframework.boot.autoconfigure.task.TaskSchedulingConfigurations$TaskSchedulerBuilderConfiguration
6025:             1             16  org.springframework.boot.autoconfigure.task.TaskSchedulingConfigurations$ThreadPoolTaskSchedulerBuilderConfiguration
6026:             1             16  org.springframework.boot.autoconfigure.task.TaskSchedulingProperties$Pool
6027:             1             16  org.springframework.boot.autoconfigure.task.TaskSchedulingProperties$Simple
6028:             1             16  org.springframework.boot.autoconfigure.template.TemplateAvailabilityProviders$NoTemplateAvailabilityProvider
6029:             1             16  org.springframework.boot.autoconfigure.thymeleaf.ThymeleafTemplateAvailabilityProvider
6030:             1             16  org.springframework.boot.autoconfigure.transaction.ExecutionListenersTransactionManagerCustomizer
6031:             1             16  org.springframework.boot.autoconfigure.transaction.TransactionAutoConfiguration
6032:             1             16  org.springframework.boot.autoconfigure.transaction.TransactionAutoConfiguration$EnableTransactionManagementConfiguration
6033:             1             16  org.springframework.boot.autoconfigure.transaction.TransactionAutoConfiguration$EnableTransactionManagementConfiguration$CglibAutoProxyConfiguration
6034:             1             16  org.springframework.boot.autoconfigure.transaction.TransactionAutoConfiguration$TransactionTemplateConfiguration
6035:             1             16  org.springframework.boot.autoconfigure.transaction.TransactionManagerCustomizationAutoConfiguration
6036:             1             16  org.springframework.boot.autoconfigure.transaction.TransactionManagerCustomizers
6037:             1             16  org.springframework.boot.autoconfigure.validation.ValidationAutoConfiguration
6038:             1             16  org.springframework.boot.autoconfigure.validation.ValidationAutoConfiguration$$Lambda/0x00000000316e47d0
6039:             1             16  org.springframework.boot.autoconfigure.web.ErrorProperties$Whitelabel
6040:             1             16  org.springframework.boot.autoconfigure.web.OnEnabledResourceChainCondition
6041:             1             16  org.springframework.boot.autoconfigure.web.ServerProperties$Reactive
6042:             1             16  org.springframework.boot.autoconfigure.web.ServerProperties$Tomcat$Mbeanregistry
6043:             1             16  org.springframework.boot.autoconfigure.web.client.AutoConfiguredRestClientSsl
6044:             1             16  org.springframework.boot.autoconfigure.web.client.HttpMessageConvertersRestClientCustomizer
6045:             1             16  org.springframework.boot.autoconfigure.web.client.RestClientAutoConfiguration
6046:             1             16  org.springframework.boot.autoconfigure.web.client.RestClientBuilderConfigurer
6047:             1             16  org.springframework.boot.autoconfigure.web.client.RestTemplateAutoConfiguration
6048:             1             16  org.springframework.boot.autoconfigure.web.embedded.EmbeddedWebServerFactoryCustomizerAutoConfiguration
6049:             1             16  org.springframework.boot.autoconfigure.web.embedded.EmbeddedWebServerFactoryCustomizerAutoConfiguration$NettyWebServerFactoryCustomizerConfiguration
6050:             1             16  org.springframework.boot.autoconfigure.web.embedded.EmbeddedWebServerFactoryCustomizerAutoConfiguration$TomcatWebServerFactoryCustomizerConfiguration
6051:             1             16  org.springframework.boot.autoconfigure.web.embedded.TomcatWebServerFactoryCustomizer$$Lambda/0x00000000313d9f18
6052:             1             16  org.springframework.boot.autoconfigure.web.embedded.TomcatWebServerFactoryCustomizer$$Lambda/0x00000000313da820
6053:             1             16  org.springframework.boot.autoconfigure.web.embedded.TomcatWebServerFactoryCustomizer$$Lambda/0x00000000313db378
6054:             1             16  org.springframework.boot.autoconfigure.web.embedded.TomcatWebServerFactoryCustomizer$$Lambda/0x00000000313dcc00
6055:             1             16  org.springframework.boot.autoconfigure.web.embedded.TomcatWebServerFactoryCustomizer$$Lambda/0x00000000313dd000
6056:             1             16  org.springframework.boot.autoconfigure.web.embedded.TomcatWebServerFactoryCustomizer$$Lambda/0x00000000313dd458
6057:             1             16  org.springframework.boot.autoconfigure.web.embedded.TomcatWebServerFactoryCustomizer$$Lambda/0x00000000313dd8e0
6058:             1             16  org.springframework.boot.autoconfigure.web.embedded.TomcatWebServerFactoryCustomizer$$Lambda/0x00000000313ddd38
6059:             1             16  org.springframework.boot.autoconfigure.web.embedded.TomcatWebServerFactoryCustomizer$$Lambda/0x00000000313de000
6060:             1             16  org.springframework.boot.autoconfigure.web.embedded.TomcatWebServerFactoryCustomizer$$Lambda/0x00000000313de8f8
6061:             1             16  org.springframework.boot.autoconfigure.web.embedded.TomcatWebServerFactoryCustomizer$$Lambda/0x00000000313deb20
6062:             1             16  org.springframework.boot.autoconfigure.web.embedded.TomcatWebServerFactoryCustomizer$$Lambda/0x00000000313df450
6063:             1             16  org.springframework.boot.autoconfigure.web.embedded.TomcatWebServerFactoryCustomizer$$Lambda/0x00000000313df8a8
6064:             1             16  org.springframework.boot.autoconfigure.web.embedded.TomcatWebServerFactoryCustomizer$$Lambda/0x00000000313e0240
6065:             1             16  org.springframework.boot.autoconfigure.web.embedded.TomcatWebServerFactoryCustomizer$$Lambda/0x00000000313e0698
6066:             1             16  org.springframework.boot.autoconfigure.web.embedded.TomcatWebServerFactoryCustomizer$$Lambda/0x00000000313e1410
6067:             1             16  org.springframework.boot.autoconfigure.web.embedded.TomcatWebServerFactoryCustomizer$$Lambda/0x00000000313e1d08
6068:             1             16  org.springframework.boot.autoconfigure.web.embedded.TomcatWebServerFactoryCustomizer$$Lambda/0x00000000313e2600
6069:             1             16  org.springframework.boot.autoconfigure.web.embedded.TomcatWebServerFactoryCustomizer$$Lambda/0x00000000313e2c98
6070:             1             16  org.springframework.boot.autoconfigure.web.embedded.TomcatWebServerFactoryCustomizer$$Lambda/0x00000000313e37a0
6071:             1             16  org.springframework.boot.autoconfigure.web.embedded.TomcatWebServerFactoryCustomizer$$Lambda/0x00000000313e42e0
6072:             1             16  org.springframework.boot.autoconfigure.web.embedded.TomcatWebServerFactoryCustomizer$$Lambda/0x00000000313e5058
6073:             1             16  org.springframework.boot.autoconfigure.web.embedded.TomcatWebServerFactoryCustomizer$$Lambda/0x00000000313e5280
6074:             1             16  org.springframework.boot.autoconfigure.web.embedded.TomcatWebServerFactoryCustomizer$$Lambda/0x00000000313e54b0
6075:             1             16  org.springframework.boot.autoconfigure.web.reactive.function.client.ClientHttpConnectorAutoConfiguration
6076:             1             16  org.springframework.boot.autoconfigure.web.reactive.function.client.ClientHttpConnectorAutoConfiguration$$Lambda/0x00000000316ab9b0
6077:             1             16  org.springframework.boot.autoconfigure.web.reactive.function.client.ClientHttpConnectorFactoryConfiguration$ReactorNetty
6078:             1             16  org.springframework.boot.autoconfigure.web.reactive.function.client.ClientHttpConnectorFactoryConfiguration$ReactorNetty$$Lambda/0x00000000316aa6e0
6079:             1             16  org.springframework.boot.autoconfigure.web.reactive.function.client.ReactorClientHttpConnectorFactory$$Lambda/0x00000000316aa910
6080:             1             16  org.springframework.boot.autoconfigure.web.reactive.function.client.ReactorClientHttpConnectorFactory$$Lambda/0x00000000316ab3d8
6081:             1             16  org.springframework.boot.autoconfigure.web.reactive.function.client.ReactorNettyHttpClientMapper$$Lambda/0x00000000316aaf80
6082:             1             16  org.springframework.boot.autoconfigure.web.reactive.function.client.ReactorNettyHttpClientMapper$$Lambda/0x00000000316ab1a8
6083:             1             16  org.springframework.boot.autoconfigure.web.reactive.function.client.WebClientAutoConfiguration
6084:             1             16  org.springframework.boot.autoconfigure.web.reactive.function.client.WebClientAutoConfiguration$WebClientCodecsConfiguration
6085:             1             16  org.springframework.boot.autoconfigure.web.reactive.function.client.WebClientCodecCustomizer
6086:             1             16  org.springframework.boot.autoconfigure.web.reactive.function.client.WebClientCodecCustomizer$$Lambda/0x00000000316b7150
6087:             1             16  org.springframework.boot.autoconfigure.web.servlet.DispatcherServletAutoConfiguration
6088:             1             16  org.springframework.boot.autoconfigure.web.servlet.DispatcherServletAutoConfiguration$DefaultDispatcherServletCondition
6089:             1             16  org.springframework.boot.autoconfigure.web.servlet.DispatcherServletAutoConfiguration$DispatcherServletConfiguration
6090:             1             16  org.springframework.boot.autoconfigure.web.servlet.DispatcherServletAutoConfiguration$DispatcherServletRegistrationCondition
6091:             1             16  org.springframework.boot.autoconfigure.web.servlet.DispatcherServletAutoConfiguration$DispatcherServletRegistrationConfiguration
6092:             1             16  org.springframework.boot.autoconfigure.web.servlet.HttpEncodingAutoConfiguration
6093:             1             16  org.springframework.boot.autoconfigure.web.servlet.HttpEncodingAutoConfiguration$LocaleCharsetMappingsCustomizer
6094:             1             16  org.springframework.boot.autoconfigure.web.servlet.JspTemplateAvailabilityProvider
6095:             1             16  org.springframework.boot.autoconfigure.web.servlet.MultipartAutoConfiguration
6096:             1             16  org.springframework.boot.autoconfigure.web.servlet.ServletWebServerFactoryAutoConfiguration
6097:             1             16  org.springframework.boot.autoconfigure.web.servlet.ServletWebServerFactoryConfiguration$EmbeddedTomcat
6098:             1             16  org.springframework.boot.autoconfigure.web.servlet.ServletWebServerFactoryCustomizer$$Lambda/0x00000000313d86a0
6099:             1             16  org.springframework.boot.autoconfigure.web.servlet.TomcatServletWebServerFactoryCustomizer
6100:             1             16  org.springframework.boot.autoconfigure.web.servlet.TomcatServletWebServerFactoryCustomizer$$Lambda/0x00000000313d9428
6101:             1             16  org.springframework.boot.autoconfigure.web.servlet.TomcatServletWebServerFactoryCustomizer$$Lambda/0x00000000313d9650
6102:             1             16  org.springframework.boot.autoconfigure.web.servlet.WebMvcAutoConfiguration
6103:             1             16  org.springframework.boot.autoconfigure.web.servlet.WebMvcAutoConfiguration$EnableWebMvcConfiguration$$Lambda/0x00000000316efb40
6104:             1             16  org.springframework.boot.autoconfigure.web.servlet.WebMvcAutoConfiguration$EnableWebMvcConfiguration$$Lambda/0x00000000316f6628
6105:             1             16  org.springframework.boot.autoconfigure.web.servlet.WebMvcProperties$Async
6106:             1             16  org.springframework.boot.autoconfigure.web.servlet.WebMvcProperties$Pathmatch
6107:             1             16  org.springframework.boot.autoconfigure.web.servlet.WebMvcProperties$Problemdetails
6108:             1             16  org.springframework.boot.autoconfigure.web.servlet.error.ErrorMvcAutoConfiguration
6109:             1             16  org.springframework.boot.autoconfigure.web.servlet.error.ErrorMvcAutoConfiguration$ErrorTemplateMissingCondition
6110:             1             16  org.springframework.boot.autoconfigure.web.servlet.error.ErrorMvcAutoConfiguration$PreserveErrorControllerTargetClassPostProcessor
6111:             1             16  org.springframework.boot.autoconfigure.web.servlet.error.ErrorMvcAutoConfiguration$StaticView
6112:             1             16  org.springframework.boot.autoconfigure.web.servlet.error.ErrorMvcAutoConfiguration$WhitelabelErrorViewConfiguration
6113:             1             16  org.springframework.boot.autoconfigure.websocket.servlet.TomcatWebSocketServletWebServerCustomizer
6114:             1             16  org.springframework.boot.autoconfigure.websocket.servlet.TomcatWebSocketServletWebServerCustomizer$$Lambda/0x00000000313d5400
6115:             1             16  org.springframework.boot.autoconfigure.websocket.servlet.WebSocketServletAutoConfiguration
6116:             1             16  org.springframework.boot.autoconfigure.websocket.servlet.WebSocketServletAutoConfiguration$TomcatWebSocketConfiguration
6117:             1             16  org.springframework.boot.context.ConfigurationWarningsApplicationContextInitializer$ComponentScanPackageCheck
6118:             1             16  org.springframework.boot.context.ConfigurationWarningsApplicationContextInitializer$ConfigurationWarningsPostProcessor
6119:             1             16  org.springframework.boot.context.FileEncodingApplicationListener
6120:             1             16  org.springframework.boot.context.config.AnsiOutputApplicationListener
6121:             1             16  org.springframework.boot.context.config.AnsiOutputApplicationListener$$Lambda/0x00000000310ea1f0
6122:             1             16  org.springframework.boot.context.config.ConfigDataEnvironment$$Lambda/0x00000000310e0000
6123:             1             16  org.springframework.boot.context.config.ConfigDataEnvironmentContributor$$Lambda/0x00000000310e8d88
6124:             1             16  org.springframework.boot.context.config.ConfigDataEnvironmentContributors$$Lambda/0x00000000310bea90
6125:             1             16  org.springframework.boot.context.config.ConfigDataEnvironmentContributors$$Lambda/0x00000000310dfdb8
6126:             1             16  org.springframework.boot.context.config.ConfigDataEnvironmentUpdateListener$1
6127:             1             16  org.springframework.boot.context.config.ConfigDataLoaders$$Lambda/0x00000000310bc8c0
6128:             1             16  org.springframework.boot.context.config.ConfigDataLocationResolvers$$Lambda/0x00000000310b3520
6129:             1             16  org.springframework.boot.context.config.LocationResourceLoader$$Lambda/0x00000000310b3bd0
6130:             1             16  org.springframework.boot.context.config.LocationResourceLoader$$Lambda/0x00000000310b6000
6131:             1             16  org.springframework.boot.context.config.Profiles$$Lambda/0x00000000310e0dc0
6132:             1             16  org.springframework.boot.context.config.Profiles$Type$$Lambda/0x00000000310e1238
6133:             1             16  org.springframework.boot.context.config.Profiles$Type$$Lambda/0x00000000310e1480
6134:             1             16  org.springframework.boot.context.config.StandardConfigDataLocationResolver$$Lambda/0x00000000310c0750
6135:             1             16  org.springframework.boot.context.config.StandardConfigDataLocationResolver$$Lambda/0x00000000310c0bf8
6136:             1             16  org.springframework.boot.context.logging.LoggingApplicationListener$$Lambda/0x000000003110cb98
6137:             1             16  org.springframework.boot.context.properties.BoundConfigurationProperties
6138:             1             16  org.springframework.boot.context.properties.ConfigurationPropertiesBinder$$Lambda/0x00000000313b9228
6139:             1             16  org.springframework.boot.context.properties.ConfigurationPropertiesBinder$ConfigurationPropertiesBinderFactory
6140:             1             16  org.springframework.boot.context.properties.EnableConfigurationPropertiesRegistrar$$Lambda/0x000000003127f7b0
6141:             1             16  org.springframework.boot.context.properties.EnableConfigurationPropertiesRegistrar$$Lambda/0x000000003127f9f8
6142:             1             16  org.springframework.boot.context.properties.PropertyMapper$$Lambda/0x00000000313d5840
6143:             1             16  org.springframework.boot.context.properties.PropertyMapper$Source$$Lambda/0x00000000313d6348
6144:             1             16  org.springframework.boot.context.properties.PropertyMapper$Source$$Lambda/0x00000000313ded68
6145:             1             16  org.springframework.boot.context.properties.PropertyMapper$Source$$Lambda/0x00000000313e3e48
6146:             1             16  org.springframework.boot.context.properties.bind.ArrayBinder$$Lambda/0x00000000310b7470
6147:             1             16  org.springframework.boot.context.properties.bind.BindHandler$1
6148:             1             16  org.springframework.boot.context.properties.bind.BindResult
6149:             1             16  org.springframework.boot.context.properties.bind.Bindable$$Lambda/0x000000003110d8c8
6150:             1             16  org.springframework.boot.context.properties.bind.Bindable$$Lambda/0x00000000313c68c8
6151:             1             16  org.springframework.boot.context.properties.bind.Binder$$Lambda/0x00000000310b1398
6152:             1             16  org.springframework.boot.context.properties.bind.DefaultBindConstructorProvider
6153:             1             16  org.springframework.boot.context.properties.bind.DefaultBindConstructorProvider$Constructors$$Lambda/0x00000000310dadb8
6154:             1             16  org.springframework.boot.context.properties.bind.DefaultBindConstructorProvider$Constructors$$Lambda/0x00000000310db000
6155:             1             16  org.springframework.boot.context.properties.bind.DefaultBindConstructorProvider$Constructors$$Lambda/0x00000000310db258
6156:             1             16  org.springframework.boot.context.properties.bind.DefaultBindConstructorProvider$Constructors$$Lambda/0x00000000310db4b0
6157:             1             16  org.springframework.boot.context.properties.bind.JavaBeanBinder
6158:             1             16  org.springframework.boot.context.properties.bind.JavaBeanBinder$BeanProperties$$Lambda/0x00000000313b96b8
6159:             1             16  org.springframework.boot.context.properties.bind.JavaBeanBinder$BeanProperties$$Lambda/0x00000000313b9900
6160:             1             16  org.springframework.boot.context.properties.bind.JavaBeanBinder$BeanProperties$$Lambda/0x00000000313b9b48
6161:             1             16  org.springframework.boot.context.properties.bind.JavaBeanBinder$BeanProperties$$Lambda/0x00000000313c8000
6162:             1             16  org.springframework.boot.context.properties.bind.JavaBeanBinder$BeanProperties$$Lambda/0x00000000313c8238
6163:             1             16  org.springframework.boot.context.properties.bind.JavaBeanBinder$BeanProperties$$Lambda/0x00000000313c86c0
6164:             1             16  org.springframework.boot.context.properties.bind.ValueObjectBinder
6165:             1             16  org.springframework.boot.context.properties.bind.ValueObjectBinder$Discoverer$$Lambda/0x00000000310b1f08
6166:             1             16  org.springframework.boot.context.properties.bind.ValueObjectBinder$Discoverer$$Lambda/0x00000000310b2140
6167:             1             16  org.springframework.boot.context.properties.source.ConfigurationPropertyName$$Lambda/0x00000000310a9410
6168:             1             16  org.springframework.boot.context.properties.source.PropertyMapper$$Lambda/0x00000000310a7100
6169:             1             16  org.springframework.boot.context.properties.source.SpringIterableConfigurationPropertySource$$Lambda/0x00000000310b5c00
6170:             1             16  org.springframework.boot.context.properties.source.SpringIterableConfigurationPropertySource$Mappings$$Lambda/0x00000000310a8698
6171:             1             16  org.springframework.boot.context.properties.source.SystemEnvironmentPropertyMapper
6172:             1             16  org.springframework.boot.context.properties.source.SystemEnvironmentPropertyMapper$$Lambda/0x00000000310a9888
6173:             1             16  org.springframework.boot.convert.DelimitedStringToCollectionConverter$$Lambda/0x00000000310e8000
6174:             1             16  org.springframework.boot.convert.DurationStyle$Unit$$Lambda/0x00000000313c9b20
6175:             1             16  org.springframework.boot.convert.DurationStyle$Unit$$Lambda/0x00000000313c9d68
6176:             1             16  org.springframework.boot.convert.DurationStyle$Unit$$Lambda/0x00000000313c9fb0
6177:             1             16  org.springframework.boot.convert.DurationStyle$Unit$$Lambda/0x00000000313ca1f8
6178:             1             16  org.springframework.boot.convert.DurationStyle$Unit$$Lambda/0x00000000313ca440
6179:             1             16  org.springframework.boot.convert.DurationStyle$Unit$$Lambda/0x00000000313ca688
6180:             1             16  org.springframework.boot.convert.DurationStyle$Unit$$Lambda/0x00000000313ca8d0
6181:             1             16  org.springframework.boot.convert.LenientObjectToEnumConverterFactory$LenientToEnumConverter$$Lambda/0x0000000031550930
6182:             1             16  org.springframework.boot.convert.LenientObjectToEnumConverterFactory$LenientToEnumConverter$$Lambda/0x0000000031550b88
6183:             1             16  org.springframework.boot.env.EnvironmentPostProcessorApplicationListener$$Lambda/0x000000003107c0c8
6184:             1             16  org.springframework.boot.env.OriginTrackedYamlLoader$OriginTrackingConstructor$$Lambda/0x00000000310d82c8
6185:             1             16  org.springframework.boot.env.SpringApplicationJsonEnvironmentPostProcessor$$Lambda/0x00000000310a9d08
6186:             1             16  org.springframework.boot.env.SpringApplicationJsonEnvironmentPostProcessor$$Lambda/0x00000000310a9f50
6187:             1             16  org.springframework.boot.io.Base64ProtocolResolver
6188:             1             16  org.springframework.boot.jackson.JsonMixinModuleEntries
6189:             1             16  org.springframework.boot.jdbc.DataSourceBuilder$HikariDataSourceProperties$$Lambda/0x000000003125b198
6190:             1             16  org.springframework.boot.jdbc.DataSourceBuilder$HikariDataSourceProperties$$Lambda/0x000000003125b3c0
6191:             1             16  org.springframework.boot.jdbc.DataSourceBuilder$HikariDataSourceProperties$$Lambda/0x000000003125b810
6192:             1             16  org.springframework.boot.jdbc.DataSourceBuilder$HikariDataSourceProperties$$Lambda/0x000000003125ba38
6193:             1             16  org.springframework.boot.jdbc.DataSourceBuilder$HikariDataSourceProperties$$Lambda/0x000000003125bc60
6194:             1             16  org.springframework.boot.jdbc.DataSourceBuilder$HikariDataSourceProperties$$Lambda/0x000000003125be88
6195:             1             16  org.springframework.boot.jdbc.DataSourceBuilder$HikariDataSourceProperties$$Lambda/0x000000003125c0b0
6196:             1             16  org.springframework.boot.jdbc.DataSourceBuilder$HikariDataSourceProperties$$Lambda/0x000000003125c2d8
6197:             1             16  org.springframework.boot.jdbc.DataSourceBuilder$MappedDataSourceProperties$$Lambda/0x0000000031259f78
6198:             1             16  org.springframework.boot.jdbc.DataSourceBuilder$MappedDataSourceProperties$$Lambda/0x000000003125c778
6199:             1             16  org.springframework.boot.jdbc.DataSourceBuilder$MappedDataSourceProperties$$Lambda/0x000000003125cc18
6200:             1             16  org.springframework.boot.jdbc.DataSourceBuilder$MappedDataSourceProperties$$Lambda/0x000000003125d0b8
6201:             1             16  org.springframework.boot.jdbc.DataSourceBuilder$MappedDataSourceProperties$$Lambda/0x000000003125d558
6202:             1             16  org.springframework.boot.jdbc.metadata.HikariDataSourcePoolMetadata
6203:             1             16  org.springframework.boot.loader.jar.MetaInfVersionsInfo$$Lambda/0x00000000310515e8
6204:             1             16  org.springframework.boot.loader.jar.MetaInfVersionsInfo$$Lambda/0x0000000031051810
6205:             1             16  org.springframework.boot.loader.jar.MetaInfVersionsInfo$$Lambda/0x0000000031051a58
6206:             1             16  org.springframework.boot.loader.jar.NestedJarFile$$Lambda/0x00000000310513a0
6207:             1             16  org.springframework.boot.loader.jar.NestedJarFileResources$$Lambda/0x0000000031052110
6208:             1             16  org.springframework.boot.loader.launch.Archive$$Lambda/0x0000000031040c00
6209:             1             16  org.springframework.boot.loader.launch.JarFileArchive$$Lambda/0x0000000031041ba8
6210:             1             16  org.springframework.boot.loader.launch.JarFileArchive$$Lambda/0x0000000031043250
6211:             1             16  org.springframework.boot.loader.log.DebugLogger$DisabledDebugLogger
6212:             1             16  org.springframework.boot.loader.net.protocol.jar.Handler
6213:             1             16  org.springframework.boot.loader.net.protocol.jar.JarFileUrlKey$$Lambda/0x0000000031050f40
6214:             1             16  org.springframework.boot.loader.net.protocol.jar.JarUrlConnection$$Lambda/0x00000000310462c8
6215:             1             16  org.springframework.boot.loader.net.protocol.jar.JarUrlConnection$EmptyUrlStreamHandler
6216:             1             16  org.springframework.boot.loader.net.protocol.jar.UrlJarFileFactory
6217:             1             16  org.springframework.boot.loader.ref.DefaultCleaner
6218:             1             16  org.springframework.boot.loader.zip.FileDataBlock$$Lambda/0x000000003104e0d0
6219:             1             16  org.springframework.boot.loader.zip.FileDataBlock$Tracker$1
6220:             1             16  org.springframework.boot.loader.zip.VirtualDataBlock$$Lambda/0x0000000031053a78
6221:             1             16  org.springframework.boot.logging.DeferredLog$Lines
6222:             1             16  org.springframework.boot.logging.DelegatingLoggingSystemFactory
6223:             1             16  org.springframework.boot.logging.LogLevel$$Lambda/0x00000000310726a0
6224:             1             16  org.springframework.boot.logging.LogLevel$$Lambda/0x00000000310728c8
6225:             1             16  org.springframework.boot.logging.LogLevel$$Lambda/0x0000000031072af0
6226:             1             16  org.springframework.boot.logging.LogLevel$$Lambda/0x0000000031072d18
6227:             1             16  org.springframework.boot.logging.LogLevel$$Lambda/0x0000000031072f40
6228:             1             16  org.springframework.boot.logging.LogLevel$$Lambda/0x0000000031073168
6229:             1             16  org.springframework.boot.logging.LoggerConfigurationComparator
6230:             1             16  org.springframework.boot.logging.LoggerGroups
6231:             1             16  org.springframework.boot.logging.LoggingSystemFactory$$Lambda/0x0000000031085710
6232:             1             16  org.springframework.boot.logging.LoggingSystemProperties$$Lambda/0x00000000310eb0e0
6233:             1             16  org.springframework.boot.logging.logback.LogbackLoggingSystem$$Lambda/0x000000003110d000
6234:             1             16  org.springframework.boot.rsocket.context.RSocketPortInfoApplicationContextInitializer$Listener
6235:             1             16  org.springframework.boot.sql.init.AbstractScriptDatabaseInitializer$ScriptLocationResolver$$Lambda/0x0000000031576618
6236:             1             16  org.springframework.boot.sql.init.dependency.BeansOfTypeDetector$$Lambda/0x0000000031307298
6237:             1             16  org.springframework.boot.sql.init.dependency.DatabaseInitializationDependencyConfigurer$DependsOnDatabaseInitializationPostProcessor
6238:             1             16  org.springframework.boot.sql.init.dependency.DatabaseInitializationDependencyConfigurer$DependsOnDatabaseInitializationPostProcessor$InitializerBeanNames$$Lambda/0x0000000031307980
6239:             1             16  org.springframework.boot.ssl.DefaultSslBundleRegistry
6240:             1             16  org.springframework.boot.util.LambdaSafe$InvocationResult
6241:             1             16  org.springframework.boot.validation.beanvalidation.FilteredMethodValidationPostProcessor$$Lambda/0x0000000031320fb0
6242:             1             16  org.springframework.boot.web.context.ServerPortInfoApplicationContextInitializer
6243:             1             16  org.springframework.boot.web.embedded.tomcat.TomcatEmbeddedContext$$Lambda/0x000000003179be68
6244:             1             16  org.springframework.boot.web.embedded.tomcat.TomcatServletWebServerFactory$DisablePersistSessionListener
6245:             1             16  org.springframework.boot.web.embedded.tomcat.TomcatWebServer$$Lambda/0x00000000314032d0
6246:             1             16  org.springframework.boot.web.embedded.tomcat.TomcatWebServer$$Lambda/0x000000003179ca00
6247:             1             16  org.springframework.boot.web.embedded.tomcat.TomcatWebServer$$Lambda/0x000000003179ce78
6248:             1             16  org.springframework.boot.web.server.Http2
6249:             1             16  org.springframework.boot.web.servlet.ServletContextInitializerBeans$$Lambda/0x0000000031432998
6250:             1             16  org.springframework.boot.web.servlet.ServletContextInitializerBeans$$Lambda/0x0000000031436bd0
6251:             1             16  org.springframework.boot.web.servlet.ServletContextInitializerBeans$$Lambda/0x0000000031436e18
6252:             1             16  org.springframework.boot.web.servlet.ServletContextInitializerBeans$Seen$$Lambda/0x0000000031432c38
6253:             1             16  org.springframework.boot.web.servlet.context.ServletWebServerApplicationContext$$Lambda/0x00000000313ea530
6254:             1             16  org.springframework.boot.web.servlet.error.DefaultErrorAttributes
6255:             1             16  org.springframework.boot.web.servlet.server.AbstractServletWebServerFactory$$Lambda/0x0000000031400e00
6256:             1             16  org.springframework.boot.web.servlet.server.AbstractServletWebServerFactory$SessionConfiguringInitializer
6257:             1             16  org.springframework.boot.web.servlet.server.AbstractServletWebServerFactory$SessionConfiguringInitializer$$Lambda/0x0000000031412d90
6258:             1             16  org.springframework.boot.web.servlet.server.SessionStoreDirectory
6259:             1             16  org.springframework.boot.web.servlet.server.StaticResourceJars
6260:             1             16  org.springframework.cglib.core.AbstractClassGenerator$ClassLoaderData$$Lambda/0x00000000312f4e18
6261:             1             16  org.springframework.cglib.core.AbstractClassGenerator$ClassLoaderData$$Lambda/0x00000000312f5040
6262:             1             16  org.springframework.cglib.core.AbstractClassGenerator$ClassLoaderData$$Lambda/0x00000000312f5270
6263:             1             16  org.springframework.cglib.core.DefaultGeneratorStrategy
6264:             1             16  org.springframework.cglib.core.DefaultNamingPolicy
6265:             1             16  org.springframework.cglib.core.EmitUtils$$Lambda/0x00000000312fa460
6266:             1             16  org.springframework.cglib.core.EmitUtils$$Lambda/0x0000000031300478
6267:             1             16  org.springframework.cglib.core.MethodInfoTransformer
6268:             1             16  org.springframework.cglib.core.SpringNamingPolicy
6269:             1             16  org.springframework.cglib.core.internal.LoadingCache$$Lambda/0x00000000312f56c8
6270:             1             16  org.springframework.cglib.proxy.Enhancer$$Lambda/0x00000000312f0578
6271:             1             16  org.springframework.cglib.proxy.FixedValueGenerator
6272:             1             16  org.springframework.cglib.proxy.InvocationHandlerGenerator
6273:             1             16  org.springframework.cglib.proxy.LazyLoaderGenerator
6274:             1             16  org.springframework.cglib.proxy.MethodInterceptorGenerator
6275:             1             16  org.springframework.cglib.proxy.MethodInterceptorGenerator$$Lambda/0x00000000312f30f8
6276:             1             16  org.springframework.cglib.proxy.NoOp$1
6277:             1             16  org.springframework.cglib.proxy.NoOpGenerator
6278:             1             16  org.springframework.cglib.reflect.FastClassEmitter$$Lambda/0x00000000312f9c90
6279:             1             16  org.springframework.context.annotation.AnnotationBeanNameGenerator
6280:             1             16  org.springframework.context.annotation.AnnotationBeanNameGenerator$$Lambda/0x000000003118d1d8
6281:             1             16  org.springframework.context.annotation.AnnotationBeanNameGenerator$$Lambda/0x000000003118d420
6282:             1             16  org.springframework.context.annotation.AnnotationBeanNameGenerator$$Lambda/0x000000003118d678
6283:             1             16  org.springframework.context.annotation.AnnotationBeanNameGenerator$$Lambda/0x000000003118daf0
6284:             1             16  org.springframework.context.annotation.AnnotationBeanNameGenerator$$Lambda/0x000000003118e470
6285:             1             16  org.springframework.context.annotation.AnnotationBeanNameGenerator$$Lambda/0x000000003118e948
6286:             1             16  org.springframework.context.annotation.ConfigurationClassEnhancer$BeanFactoryAwareMethodInterceptor
6287:             1             16  org.springframework.context.annotation.ConfigurationClassEnhancer$BeanMethodInterceptor
6288:             1             16  org.springframework.context.annotation.ConfigurationClassParser$$Lambda/0x00000000311b39e8
6289:             1             16  org.springframework.context.annotation.ConfigurationClassParser$$Lambda/0x00000000311b6228
6290:             1             16  org.springframework.context.annotation.ConfigurationClassParser$$Lambda/0x00000000311ba388
6291:             1             16  org.springframework.context.annotation.ConfigurationClassParser$$Lambda/0x00000000311ba840
6292:             1             16  org.springframework.context.annotation.ConfigurationClassPostProcessor$$Lambda/0x00000000311b2bc0
6293:             1             16  org.springframework.context.annotation.ConfigurationClassPostProcessor$ImportAwareBeanPostProcessor
6294:             1             16  org.springframework.context.annotation.FullyQualifiedAnnotationBeanNameGenerator
6295:             1             16  org.springframework.context.event.DefaultEventListenerFactory
6296:             1             16  org.springframework.context.event.EventListenerMethodProcessor$$Lambda/0x000000003177c238
6297:             1             16  org.springframework.context.expression.StandardBeanExpressionResolver$1
6298:             1             16  org.springframework.context.index.CandidateComponentsIndexLoader$$Lambda/0x000000003112d9a8
6299:             1             16  org.springframework.context.support.DefaultLifecycleProcessor$$Lambda/0x0000000031785688
6300:             1             16  org.springframework.core.$Proxy90
6301:             1             16  org.springframework.core.OrderComparator
6302:             1             16  org.springframework.core.ReactiveAdapterRegistry
6303:             1             16  org.springframework.core.ReactiveAdapterRegistry$ReactorRegistrar$$Lambda/0x0000000031360a48
6304:             1             16  org.springframework.core.ReactiveAdapterRegistry$ReactorRegistrar$$Lambda/0x0000000031360e88
6305:             1             16  org.springframework.core.ReactiveAdapterRegistry$ReactorRegistrar$$Lambda/0x00000000313610d0
6306:             1             16  org.springframework.core.ReactiveAdapterRegistry$ReactorRegistrar$$Lambda/0x0000000031361318
6307:             1             16  org.springframework.core.ReactiveAdapterRegistry$ReactorRegistrar$$Lambda/0x0000000031361540
6308:             1             16  org.springframework.core.ReactiveAdapterRegistry$ReactorRegistrar$$Lambda/0x0000000031361788
6309:             1             16  org.springframework.core.ReactiveAdapterRegistry$ReactorRegistrar$$Lambda/0x00000000313619d0
6310:             1             16  org.springframework.core.ReactiveAdapterRegistry$ReactorRegistrar$$Lambda/0x0000000031361bf8
6311:             1             16  org.springframework.core.ReactiveAdapterRegistry$ReactorRegistrar$$Lambda/0x0000000031361e40
6312:             1             16  org.springframework.core.ReactiveAdapterRegistry$ReactorRegistrar$$Lambda/0x00000000313627c8
6313:             1             16  org.springframework.core.ReactiveAdapterRegistry$ReactorRegistrar$$Lambda/0x00000000313629f0
6314:             1             16  org.springframework.core.ReactiveAdapterRegistry$ReactorRegistrar$$Lambda/0x0000000031362c38
6315:             1             16  org.springframework.core.ReactiveAdapterRegistry$ReactorRegistrar$$Lambda/0x0000000031362e80
6316:             1             16  org.springframework.core.ReactiveAdapterRegistry$ReactorRegistrar$$Lambda/0x00000000313630a8
6317:             1             16  org.springframework.core.ReactiveAdapterRegistry$ReactorRegistrar$$Lambda/0x00000000313632f0
6318:             1             16  org.springframework.core.ReactiveAdapterRegistry$RxJava3Registrar$$Lambda/0x0000000031379018
6319:             1             16  org.springframework.core.ReactiveAdapterRegistry$RxJava3Registrar$$Lambda/0x0000000031379240
6320:             1             16  org.springframework.core.ReactiveAdapterRegistry$RxJava3Registrar$$Lambda/0x0000000031379488
6321:             1             16  org.springframework.core.ReactiveAdapterRegistry$RxJava3Registrar$$Lambda/0x000000003138d490
6322:             1             16  org.springframework.core.ReactiveAdapterRegistry$RxJava3Registrar$$Lambda/0x000000003138d6b8
6323:             1             16  org.springframework.core.ReactiveAdapterRegistry$RxJava3Registrar$$Lambda/0x000000003138d900
6324:             1             16  org.springframework.core.ReactiveAdapterRegistry$RxJava3Registrar$$Lambda/0x000000003138db48
6325:             1             16  org.springframework.core.ReactiveAdapterRegistry$RxJava3Registrar$$Lambda/0x0000000031397188
6326:             1             16  org.springframework.core.ReactiveAdapterRegistry$RxJava3Registrar$$Lambda/0x00000000313a1fa0
6327:             1             16  org.springframework.core.ReactiveAdapterRegistry$RxJava3Registrar$$Lambda/0x00000000313a21c8
6328:             1             16  org.springframework.core.ReactiveAdapterRegistry$RxJava3Registrar$$Lambda/0x00000000313a2410
6329:             1             16  org.springframework.core.ReactiveAdapterRegistry$RxJava3Registrar$$Lambda/0x00000000313a91c0
6330:             1             16  org.springframework.core.ReactiveAdapterRegistry$RxJava3Registrar$$Lambda/0x00000000313a93e8
6331:             1             16  org.springframework.core.ReactiveAdapterRegistry$RxJava3Registrar$$Lambda/0x00000000313a9630
6332:             1             16  org.springframework.core.ResolvableType$EmptyType
6333:             1             16  org.springframework.core.SortedProperties$$Lambda/0x00000000310d9dd8
6334:             1             16  org.springframework.core.annotation.AbstractMergedAnnotation$$Lambda/0x000000003118dd48
6335:             1             16  org.springframework.core.annotation.AnnotatedElementUtils$$Lambda/0x00000000316faca0
6336:             1             16  org.springframework.core.annotation.AnnotationAwareOrderComparator
6337:             1             16  org.springframework.core.annotation.AnnotationFilter$1
6338:             1             16  org.springframework.core.annotation.AnnotationFilter$2
6339:             1             16  org.springframework.core.annotation.AnnotationTypeMapping$$Lambda/0x0000000031082938
6340:             1             16  org.springframework.core.annotation.AnnotationTypeMapping$$Lambda/0x00000000311816f0
6341:             1             16  org.springframework.core.annotation.AnnotationTypeMapping$$Lambda/0x0000000031184250
6342:             1             16  org.springframework.core.annotation.AnnotationTypeMappings$$Lambda/0x0000000031083410
6343:             1             16  org.springframework.core.annotation.AnnotationUtils$$Lambda/0x0000000031323be0
6344:             1             16  org.springframework.core.annotation.AnnotationUtils$$Lambda/0x0000000031448690
6345:             1             16  org.springframework.core.annotation.AnnotationUtils$$Lambda/0x0000000031540250
6346:             1             16  org.springframework.core.annotation.AnnotationUtils$$Lambda/0x00000000316526b0
6347:             1             16  org.springframework.core.annotation.AnnotationUtils$$Lambda/0x00000000317c4880
6348:             1             16  org.springframework.core.annotation.AttributeMethods$$Lambda/0x0000000031086c98
6349:             1             16  org.springframework.core.annotation.AttributeMethods$$Lambda/0x0000000031086f38
6350:             1             16  org.springframework.core.annotation.MergedAnnotationCollectors$$Lambda/0x00000000311caf30
6351:             1             16  org.springframework.core.annotation.MergedAnnotationCollectors$$Lambda/0x00000000311cb5a8
6352:             1             16  org.springframework.core.annotation.MergedAnnotationCollectors$$Lambda/0x0000000031326ca8
6353:             1             16  org.springframework.core.annotation.MergedAnnotationCollectors$$Lambda/0x0000000031326ed0
6354:             1             16  org.springframework.core.annotation.MergedAnnotationCollectors$$Lambda/0x0000000031327108
6355:             1             16  org.springframework.core.annotation.MergedAnnotationSelectors$FirstDirectlyDeclared
6356:             1             16  org.springframework.core.annotation.MergedAnnotationSelectors$Nearest
6357:             1             16  org.springframework.core.annotation.MergedAnnotations$Search$$Lambda/0x0000000031076b38
6358:             1             16  org.springframework.core.annotation.MergedAnnotations$Search$$Lambda/0x0000000031076d90
6359:             1             16  org.springframework.core.annotation.MissingMergedAnnotation
6360:             1             16  org.springframework.core.annotation.RepeatableContainers$NoRepeatableContainers
6361:             1             16  org.springframework.core.annotation.RepeatableContainers$StandardRepeatableContainers
6362:             1             16  org.springframework.core.annotation.RepeatableContainers$StandardRepeatableContainers$$Lambda/0x0000000031087180
6363:             1             16  org.springframework.core.annotation.TypeMappedAnnotation$$Lambda/0x0000000031083b80
6364:             1             16  org.springframework.core.annotation.TypeMappedAnnotation$$Lambda/0x000000003119daa8
6365:             1             16  org.springframework.core.annotation.TypeMappedAnnotation$$Lambda/0x00000000311c3da8
6366:             1             16  org.springframework.core.annotation.TypeMappedAnnotation$$Lambda/0x00000000311cb7f8
6367:             1             16  org.springframework.core.annotation.TypeMappedAnnotation$$Lambda/0x0000000031652488
6368:             1             16  org.springframework.core.convert.support.GenericConversionService$Converters$$Lambda/0x00000000310906a0
6369:             1             16  org.springframework.core.env.PropertiesPropertySource$$Lambda/0x00000000310a88e0
6370:             1             16  org.springframework.core.env.PropertiesPropertySource$$Lambda/0x00000000310a8b38
6371:             1             16  org.springframework.core.io.DefaultResourceLoader$$Lambda/0x000000003112d330
6372:             1             16  org.springframework.core.io.support.DefaultPropertySourceFactory
6373:             1             16  org.springframework.core.io.support.PathMatchingResourcePatternResolver$$Lambda/0x00000000310e6ef0
6374:             1             16  org.springframework.core.io.support.PathMatchingResourcePatternResolver$$Lambda/0x00000000310e7138
6375:             1             16  org.springframework.core.io.support.SpringFactoriesLoader$$Lambda/0x000000003106b1f0
6376:             1             16  org.springframework.core.io.support.SpringFactoriesLoader$$Lambda/0x000000003106ef38
6377:             1             16  org.springframework.core.io.support.SpringFactoriesLoader$$Lambda/0x000000003106f3c0
6378:             1             16  org.springframework.core.io.support.SpringFactoriesLoader$FailureHandler$$Lambda/0x000000003106ab48
6379:             1             16  org.springframework.core.io.support.SpringFactoriesLoader$FailureHandler$$Lambda/0x000000003106ad80
6380:             1             16  org.springframework.core.io.support.SpringFactoriesLoader$FailureHandler$$Lambda/0x000000003106afc0
6381:             1             16  org.springframework.core.metrics.DefaultApplicationStartup
6382:             1             16  org.springframework.core.metrics.DefaultApplicationStartup$DefaultStartupStep
6383:             1             16  org.springframework.core.metrics.DefaultApplicationStartup$DefaultStartupStep$DefaultTags
6384:             1             16  org.springframework.core.type.AnnotatedTypeMetadata$$Lambda/0x00000000311b8ea8
6385:             1             16  org.springframework.core.type.AnnotatedTypeMetadata$$Lambda/0x00000000311b95d0
6386:             1             16  org.springframework.core.type.AnnotatedTypeMetadata$$Lambda/0x00000000311b9ee0
6387:             1             16  org.springframework.core.type.AnnotatedTypeMetadata$$Lambda/0x00000000311ca5e8
6388:             1             16  org.springframework.core.type.AnnotatedTypeMetadata$$Lambda/0x00000000311caaa0
6389:             1             16  org.springframework.core.type.AnnotatedTypeMetadata$$Lambda/0x00000000311cace8
6390:             1             16  org.springframework.core.type.AnnotationMetadata$$Lambda/0x00000000311c9e70
6391:             1             16  org.springframework.core.type.AnnotationMetadata$$Lambda/0x00000000311e9d48
6392:             1             16  org.springframework.core.type.AnnotationMetadata$$Lambda/0x00000000311ea678
6393:             1             16  org.springframework.core.type.AnnotationMetadata$$Lambda/0x00000000311ea8c0
6394:             1             16  org.springframework.core.type.classreading.SimpleMetadataReaderFactory
6395:             1             16  org.springframework.data.convert.CustomConversions$$Lambda/0x000000003153e888
6396:             1             16  org.springframework.data.convert.CustomConversions$$Lambda/0x000000003153ef80
6397:             1             16  org.springframework.data.convert.CustomConversions$$Lambda/0x000000003153f658
6398:             1             16  org.springframework.data.convert.CustomConversions$$Lambda/0x000000003153f8a0
6399:             1             16  org.springframework.data.convert.CustomConversions$$Lambda/0x00000000315412f0
6400:             1             16  org.springframework.data.convert.CustomConversions$$Lambda/0x0000000031541538
6401:             1             16  org.springframework.data.convert.CustomConversions$$Lambda/0x0000000031541e80
6402:             1             16  org.springframework.data.convert.CustomConversions$ConverterConfiguration$$Lambda/0x000000003153c830
6403:             1             16  org.springframework.data.convert.SimplePropertyValueConversions$$Lambda/0x000000003153d1c0
6404:             1             16  org.springframework.data.convert.SimplePropertyValueConversions$$Lambda/0x000000003153d418
6405:             1             16  org.springframework.data.domain.Sort
6406:             1             16  org.springframework.data.keyvalue.core.KeyValuePersistenceExceptionTranslator
6407:             1             16  org.springframework.data.keyvalue.core.SpelSortAccessor
6408:             1             16  org.springframework.data.mapping.context.AbstractMappingContext$$Lambda/0x00000000315486f0
6409:             1             16  org.springframework.data.mapping.context.PersistentPropertyPathFactory$$Lambda/0x00000000315429e0
6410:             1             16  org.springframework.data.mapping.model.ClassGeneratingPropertyAccessorFactory$$Lambda/0x0000000031543540
6411:             1             16  org.springframework.data.mapping.model.ClassGeneratingPropertyAccessorFactory$$Lambda/0x0000000031543bc0
6412:             1             16  org.springframework.data.projection.ProxyProjectionFactory$$Lambda/0x00000000313b6228
6413:             1             16  org.springframework.data.redis.PassThroughExceptionTranslationStrategy
6414:             1             16  org.springframework.data.redis.connection.DefaultStringRedisConnection$1
6415:             1             16  org.springframework.data.redis.connection.DefaultStringRedisConnection$DeserializingConverter
6416:             1             16  org.springframework.data.redis.connection.DefaultStringRedisConnection$SerializingConverter
6417:             1             16  org.springframework.data.redis.connection.DefaultStringRedisConnection$StringTupleConverter
6418:             1             16  org.springframework.data.redis.connection.RedisStreamCommands$$Lambda/0x0000000031946e00
6419:             1             16  org.springframework.data.redis.connection.RedisStreamCommands$$Lambda/0x0000000031947048
6420:             1             16  org.springframework.data.redis.connection.RedisZSetCommands$ZAddArgs
6421:             1             16  org.springframework.data.redis.connection.SubscriptionListener$1
6422:             1             16  org.springframework.data.redis.connection.convert.Converters$$Lambda/0x00000000318a8e48
6423:             1             16  org.springframework.data.redis.connection.convert.Converters$DeserializingGeoResultsConverter
6424:             1             16  org.springframework.data.redis.connection.stream.ReadOffset
6425:             1             16  org.springframework.data.redis.connection.stream.RecordId$1
6426:             1             16  org.springframework.data.redis.core.DefaultStreamOperations$$Lambda/0x00000000318fe870
6427:             1             16  org.springframework.data.redis.core.RedisQueryEngine$RedisCriteriaAccessor
6428:             1             16  org.springframework.data.redis.core.StreamOperations$$Lambda/0x0000000031946760
6429:             1             16  org.springframework.data.redis.core.StreamOperations$$Lambda/0x00000000319469a8
6430:             1             16  org.springframework.data.redis.core.convert.BinaryConverters$BytesToBooleanConverter
6431:             1             16  org.springframework.data.redis.core.convert.BinaryConverters$BytesToDateConverter
6432:             1             16  org.springframework.data.redis.core.convert.BinaryConverters$BytesToEnumConverterFactory
6433:             1             16  org.springframework.data.redis.core.convert.BinaryConverters$BytesToNumberConverterFactory
6434:             1             16  org.springframework.data.redis.core.convert.BinaryConverters$BytesToStringConverter
6435:             1             16  org.springframework.data.redis.core.convert.BinaryConverters$BytesToUuidConverter
6436:             1             16  org.springframework.data.redis.core.convert.BinaryConverters$DateToBytesConverter
6437:             1             16  org.springframework.data.redis.core.convert.BinaryConverters$EnumToBytesConverter
6438:             1             16  org.springframework.data.redis.core.convert.BinaryConverters$NumberToBytesConverter
6439:             1             16  org.springframework.data.redis.core.convert.BinaryConverters$UuidToBytesConverter
6440:             1             16  org.springframework.data.redis.core.convert.IndexedDataFactoryProvider
6441:             1             16  org.springframework.data.redis.core.convert.Jsr310Converters$BytesToDurationConverter
6442:             1             16  org.springframework.data.redis.core.convert.Jsr310Converters$BytesToInstantConverter
6443:             1             16  org.springframework.data.redis.core.convert.Jsr310Converters$BytesToLocalDateConverter
6444:             1             16  org.springframework.data.redis.core.convert.Jsr310Converters$BytesToLocalDateTimeConverter
6445:             1             16  org.springframework.data.redis.core.convert.Jsr310Converters$BytesToLocalTimeConverter
6446:             1             16  org.springframework.data.redis.core.convert.Jsr310Converters$BytesToOffsetDateTimeConverter
6447:             1             16  org.springframework.data.redis.core.convert.Jsr310Converters$BytesToOffsetTimeConverter
6448:             1             16  org.springframework.data.redis.core.convert.Jsr310Converters$BytesToPeriodConverter
6449:             1             16  org.springframework.data.redis.core.convert.Jsr310Converters$BytesToZoneIdConverter
6450:             1             16  org.springframework.data.redis.core.convert.Jsr310Converters$BytesToZonedDateTimeConverter
6451:             1             16  org.springframework.data.redis.core.convert.Jsr310Converters$DurationToBytesConverter
6452:             1             16  org.springframework.data.redis.core.convert.Jsr310Converters$InstantToBytesConverter
6453:             1             16  org.springframework.data.redis.core.convert.Jsr310Converters$LocalDateTimeToBytesConverter
6454:             1             16  org.springframework.data.redis.core.convert.Jsr310Converters$LocalDateToBytesConverter
6455:             1             16  org.springframework.data.redis.core.convert.Jsr310Converters$LocalTimeToBytesConverter
6456:             1             16  org.springframework.data.redis.core.convert.Jsr310Converters$OffsetDateTimeToBytesConverter
6457:             1             16  org.springframework.data.redis.core.convert.Jsr310Converters$OffsetTimeToBytesConverter
6458:             1             16  org.springframework.data.redis.core.convert.Jsr310Converters$PeriodToBytesConverter
6459:             1             16  org.springframework.data.redis.core.convert.Jsr310Converters$ZoneIdToBytesConverter
6460:             1             16  org.springframework.data.redis.core.convert.Jsr310Converters$ZonedDateTimeToBytesConverter
6461:             1             16  org.springframework.data.redis.hash.ObjectHashMapper
6462:             1             16  org.springframework.data.redis.hash.ObjectHashMapper$NoOpIndexResolver
6463:             1             16  org.springframework.data.redis.hash.ObjectHashMapper$NoOpReferenceResolver
6464:             1             16  org.springframework.data.redis.listener.RedisMessageListenerContainer$$Lambda/0x0000000031770bf0
6465:             1             16  org.springframework.data.redis.listener.RedisMessageListenerContainer$$Lambda/0x0000000031771280
6466:             1             16  org.springframework.data.redis.listener.RedisMessageListenerContainer$DispatchMessageListener
6467:             1             16  org.springframework.data.redis.listener.RedisMessageListenerContainer$State
6468:             1             16  org.springframework.data.redis.repository.configuration.RedisRepositoryConfigurationExtension$$Lambda/0x00000000312cbcf0
6469:             1             16  org.springframework.data.redis.repository.configuration.RedisRepositoryConfigurationExtension$$Lambda/0x00000000312ce700
6470:             1             16  org.springframework.data.redis.serializer.GenericJackson2JsonRedisSerializer$$Lambda/0x0000000031725ae8
6471:             1             16  org.springframework.data.redis.serializer.GenericJackson2JsonRedisSerializer$$Lambda/0x0000000031725d18
6472:             1             16  org.springframework.data.redis.serializer.GenericJackson2JsonRedisSerializer$$Lambda/0x0000000031725f48
6473:             1             16  org.springframework.data.redis.serializer.JacksonObjectReader$$Lambda/0x0000000031725698
6474:             1             16  org.springframework.data.redis.serializer.JacksonObjectWriter$$Lambda/0x00000000317258c0
6475:             1             16  org.springframework.data.repository.support.Repositories$$Lambda/0x00000000316eba50
6476:             1             16  org.springframework.data.repository.support.Repositories$$Lambda/0x00000000319398e8
6477:             1             16  org.springframework.data.spel.EvaluationContextProvider$$Lambda/0x0000000031542318
6478:             1             16  org.springframework.data.spel.ExtensionAwareEvaluationContextProvider$$Lambda/0x000000003176ef48
6479:             1             16  org.springframework.data.util.CustomCollections$$Lambda/0x00000000315470e8
6480:             1             16  org.springframework.data.util.CustomCollections$$Lambda/0x0000000031547340
6481:             1             16  org.springframework.data.util.CustomCollections$SearchableTypes$$Lambda/0x00000000315477a8
6482:             1             16  org.springframework.data.util.CustomCollections$SearchableTypes$$Lambda/0x0000000031547a00
6483:             1             16  org.springframework.data.util.CustomCollections$SearchableTypes$$Lambda/0x0000000031547c58
6484:             1             16  org.springframework.data.util.KotlinBeanInfoFactory
6485:             1             16  org.springframework.data.util.Lazy$$Lambda/0x00000000312cc800
6486:             1             16  org.springframework.data.util.NullableWrapperConverters$AbstractWrapperTypeConverter$$Lambda/0x00000000313b56f8
6487:             1             16  org.springframework.data.util.Predicates$$Lambda/0x000000003153a778
6488:             1             16  org.springframework.data.util.Predicates$$Lambda/0x000000003153a9d0
6489:             1             16  org.springframework.data.util.Predicates$$Lambda/0x000000003153ac28
6490:             1             16  org.springframework.data.util.Predicates$$Lambda/0x000000003153ae80
6491:             1             16  org.springframework.data.util.Predicates$$Lambda/0x000000003153b0d8
6492:             1             16  org.springframework.data.util.Predicates$$Lambda/0x000000003153b330
6493:             1             16  org.springframework.data.util.Predicates$$Lambda/0x000000003153b588
6494:             1             16  org.springframework.data.util.Predicates$$Lambda/0x000000003153b7e0
6495:             1             16  org.springframework.data.util.Predicates$$Lambda/0x000000003153ba38
6496:             1             16  org.springframework.data.util.Predicates$$Lambda/0x000000003153bc90
6497:             1             16  org.springframework.data.util.Predicates$$Lambda/0x000000003153bee8
6498:             1             16  org.springframework.data.util.Predicates$$Lambda/0x000000003153c140
6499:             1             16  org.springframework.data.util.Predicates$$Lambda/0x000000003153c398
6500:             1             16  org.springframework.data.util.ProxyUtils$$Lambda/0x00000000319404e0
6501:             1             16  org.springframework.data.util.ProxyUtils$$Lambda/0x0000000031940708
6502:             1             16  org.springframework.data.util.StreamUtils$$Lambda/0x00000000313b5b70
6503:             1             16  org.springframework.data.web.config.EnableSpringDataWebSupport$SpringDataWebConfigurationImportSelector$$Lambda/0x0000000031272350
6504:             1             16  org.springframework.data.web.config.EnableSpringDataWebSupport$SpringDataWebConfigurationImportSelector$$Lambda/0x00000000312727a8
6505:             1             16  org.springframework.data.web.config.EnableSpringDataWebSupport$SpringDataWebConfigurationImportSelector$$Lambda/0x0000000031272a00
6506:             1             16  org.springframework.data.web.config.EnableSpringDataWebSupport$SpringDataWebConfigurationImportSelector$$Lambda/0x0000000031272c48
6507:             1             16  org.springframework.data.web.config.EnableSpringDataWebSupport$SpringDataWebConfigurationImportSelector$$Lambda/0x0000000031273208
6508:             1             16  org.springframework.data.web.config.EnableSpringDataWebSupport$SpringDataWebConfigurationImportSelector$$Lambda/0x0000000031273460
6509:             1             16  org.springframework.data.web.config.ProjectingArgumentResolverRegistrar
6510:             1             16  org.springframework.data.web.config.ProjectingArgumentResolverRegistrar$ProjectingArgumentResolverBeanPostProcessor
6511:             1             16  org.springframework.data.web.config.SpringDataJacksonConfiguration
6512:             1             16  org.springframework.data.web.config.SpringDataJacksonConfiguration$PageModule$UnpagedAsInstanceSerializer
6513:             1             16  org.springframework.data.web.config.SpringDataJacksonConfiguration$PageModule$WarningLoggingModifier
6514:             1             16  org.springframework.data.web.config.SpringDataWebConfiguration$$Lambda/0x00000000316e8fc8
6515:             1             16  org.springframework.data.web.config.SpringDataWebConfiguration$$Lambda/0x00000000316e91f8
6516:             1             16  org.springframework.data.web.config.SpringDataWebConfiguration$$Lambda/0x00000000316e9428
6517:             1             16  org.springframework.data.web.config.SpringDataWebConfiguration$$Lambda/0x00000000316e9658
6518:             1             16  org.springframework.data.web.config.SpringDataWebConfiguration$$Lambda/0x00000000316e9888
6519:             1             16  org.springframework.expression.spel.support.StandardOperatorOverloader
6520:             1             16  org.springframework.expression.spel.support.StandardTypeComparator
6521:             1             16  org.springframework.http.MediaType$$Lambda/0x00000000311d2e58
6522:             1             16  org.springframework.http.MediaType$1
6523:             1             16  org.springframework.http.client.ReactorResourceFactory$$Lambda/0x00000000316aa080
6524:             1             16  org.springframework.http.client.ReactorResourceFactory$$Lambda/0x00000000316aa2a8
6525:             1             16  org.springframework.http.client.reactive.ReactorClientHttpConnector$$Lambda/0x00000000316aab38
6526:             1             16  org.springframework.http.codec.EncoderHttpMessageWriter$$Lambda/0x00000000316c4a60
6527:             1             16  org.springframework.http.codec.multipart.FileStorage$TempFileStorage$$Lambda/0x00000000316c08a0
6528:             1             16  org.springframework.http.codec.protobuf.ProtobufEncoder$$Lambda/0x00000000316c6b68
6529:             1             16  org.springframework.http.codec.support.BaseDefaultCodecs$$Lambda/0x00000000316c86f0
6530:             1             16  org.springframework.http.codec.support.BaseDefaultCodecs$$Lambda/0x00000000316c8948
6531:             1             16  org.springframework.http.converter.json.AbstractJackson2HttpMessageConverter$$Lambda/0x0000000031703958
6532:             1             16  org.springframework.http.converter.json.SpringHandlerInstantiator
6533:             1             16  org.springframework.http.converter.xml.Jaxb2RootElementHttpMessageConverter$$Lambda/0x00000000311d6518
6534:             1             16  org.springframework.http.server.observation.DefaultServerRequestObservationConvention$$Lambda/0x000000003142fd70
6535:             1             16  org.springframework.http.server.observation.ServerRequestObservationContext$$Lambda/0x00000000317bcf50
6536:             1             16  org.springframework.jdbc.core.namedparam.NamedParameterJdbcTemplate$$Lambda/0x00000000317728c0
6537:             1             16  org.springframework.jmx.export.annotation.AnnotationJmxAttributeSource$$Lambda/0x0000000031764200
6538:             1             16  org.springframework.jmx.export.annotation.AnnotationJmxAttributeSource$$Lambda/0x0000000031764448
6539:             1             16  org.springframework.scheduling.annotation.AbstractAsyncConfiguration$$Lambda/0x0000000031312400
6540:             1             16  org.springframework.scheduling.annotation.AbstractAsyncConfiguration$$Lambda/0x0000000031312870
6541:             1             16  org.springframework.scheduling.annotation.AbstractAsyncConfiguration$$Lambda/0x0000000031312ce8
6542:             1             16  org.springframework.scheduling.annotation.ScheduledAnnotationBeanPostProcessor$$Lambda/0x0000000031326440
6543:             1             16  org.springframework.scheduling.annotation.ScheduledAnnotationBeanPostProcessor$$Lambda/0x0000000031448448
6544:             1             16  org.springframework.scheduling.annotation.SchedulingConfiguration
6545:             1             16  org.springframework.scheduling.config.TaskSchedulerRouter$$Lambda/0x000000003179eba8
6546:             1             16  org.springframework.scheduling.support.DefaultScheduledTaskObservationConvention
6547:             1             16  org.springframework.scheduling.support.TaskUtils$LoggingErrorHandler
6548:             1             16  org.springframework.scheduling.support.TaskUtils$PropagatingErrorHandler
6549:             1             16  org.springframework.transaction.annotation.RestrictedTransactionalEventListenerFactory
6550:             1             16  org.springframework.transaction.annotation.SpringTransactionAnnotationParser
6551:             1             16  org.springframework.transaction.interceptor.TransactionAttributeSourcePointcut$TransactionAttributeSourceClassFilter
6552:             1             16  org.springframework.util.ClassUtils$$Lambda/0x000000003142aa78
6553:             1             16  org.springframework.util.ConcurrentReferenceHashMap$EntrySet
6554:             1             16  org.springframework.util.DefaultPropertiesPersister
6555:             1             16  org.springframework.util.MimeType$SpecificityComparator
6556:             1             16  org.springframework.util.MimeTypeUtils$$Lambda/0x00000000316b87b8
6557:             1             16  org.springframework.util.MimeTypeUtils$$Lambda/0x00000000317dab50
6558:             1             16  org.springframework.util.MultiValueMapAdapter
6559:             1             16  org.springframework.util.MultiValueMapAdapter$$Lambda/0x000000003107b0a8
6560:             1             16  org.springframework.util.ReflectionUtils$$Lambda/0x0000000031070ab0
6561:             1             16  org.springframework.util.ReflectionUtils$$Lambda/0x0000000031070ce8
6562:             1             16  org.springframework.util.xml.StaxUtils$$Lambda/0x00000000316c3ec0
6563:             1             16  org.springframework.util.xml.StaxUtils$$Lambda/0x00000000316c40e8
6564:             1             16  org.springframework.validation.beanvalidation.LocaleContextMessageInterpolator
6565:             1             16  org.springframework.validation.beanvalidation.MethodValidationAdapter$$Lambda/0x000000003171cc38
6566:             1             16  org.springframework.validation.beanvalidation.MethodValidationAdapter$DefaultObjectNameResolver
6567:             1             16  org.springframework.validation.beanvalidation.MethodValidationAdapter$ResultComparator
6568:             1             16  org.springframework.validation.beanvalidation.MethodValidationPostProcessor$$Lambda/0x000000003131edf8
6569:             1             16  org.springframework.validation.beanvalidation.MethodValidationPostProcessor$$Lambda/0x000000003131f270
6570:             1             16  org.springframework.validation.beanvalidation.SpringConstraintValidatorFactory
6571:             1             16  org.springframework.validation.method.EmptyMethodValidationResult
6572:             1             16  org.springframework.web.accept.ContentNegotiationManager$$Lambda/0x0000000031712000
6573:             1             16  org.springframework.web.accept.MappingMediaTypeFileExtensionResolver$$Lambda/0x00000000316f8dd8
6574:             1             16  org.springframework.web.bind.support.DefaultSessionAttributeStore
6575:             1             16  org.springframework.web.context.request.SessionScope
6576:             1             16  org.springframework.web.context.request.async.TimeoutCallableProcessingInterceptor
6577:             1             16  org.springframework.web.context.request.async.TimeoutDeferredResultProcessingInterceptor
6578:             1             16  org.springframework.web.context.support.WebApplicationContextUtils$RequestObjectFactory
6579:             1             16  org.springframework.web.context.support.WebApplicationContextUtils$ResponseObjectFactory
6580:             1             16  org.springframework.web.context.support.WebApplicationContextUtils$SessionObjectFactory
6581:             1             16  org.springframework.web.context.support.WebApplicationContextUtils$WebRequestObjectFactory
6582:             1             16  org.springframework.web.method.HandlerTypePredicate$Builder$$Lambda/0x000000003170d498
6583:             1             16  org.springframework.web.method.annotation.ErrorsMethodArgumentResolver
6584:             1             16  org.springframework.web.method.annotation.ExceptionHandlerMethodResolver$$Lambda/0x000000003171d2c0
6585:             1             16  org.springframework.web.method.annotation.HandlerMethodValidator$WebObjectNameResolver
6586:             1             16  org.springframework.web.method.annotation.RequestHeaderMapMethodArgumentResolver
6587:             1             16  org.springframework.web.method.annotation.SessionStatusMethodArgumentResolver
6588:             1             16  org.springframework.web.multipart.support.StandardServletMultipartResolver
6589:             1             16  org.springframework.web.reactive.function.client.DefaultWebClient$$Lambda/0x00000000316ca270
6590:             1             16  org.springframework.web.reactive.function.client.DefaultWebClientBuilder$$Lambda/0x00000000316b7390
6591:             1             16  org.springframework.web.servlet.config.annotation.InterceptorRegistry$$Lambda/0x00000000316f0cc8
6592:             1             16  org.springframework.web.servlet.config.annotation.InterceptorRegistry$$Lambda/0x00000000316f2970
6593:             1             16  org.springframework.web.servlet.config.annotation.WebMvcConfigurerComposite
6594:             1             16  org.springframework.web.servlet.function.support.RouterFunctionMapping$$Lambda/0x0000000031706000
6595:             1             16  org.springframework.web.servlet.function.support.RouterFunctionMapping$$Lambda/0x0000000031706248
6596:             1             16  org.springframework.web.servlet.handler.AbstractHandlerMethodMapping$$Lambda/0x0000000031701f68
6597:             1             16  org.springframework.web.servlet.handler.AbstractHandlerMethodMapping$$Lambda/0x00000000317021b0
6598:             1             16  org.springframework.web.servlet.handler.AbstractHandlerMethodMapping$EmptyHandler
6599:             1             16  org.springframework.web.servlet.handler.ConversionServiceExposingInterceptor
6600:             1             16  org.springframework.web.servlet.handler.MappedInterceptor$PatternAdapter$$Lambda/0x00000000316f3928
6601:             1             16  org.springframework.web.servlet.mvc.HttpRequestHandlerAdapter
6602:             1             16  org.springframework.web.servlet.mvc.SimpleControllerHandlerAdapter
6603:             1             16  org.springframework.web.servlet.mvc.condition.ParamsRequestCondition
6604:             1             16  org.springframework.web.servlet.mvc.condition.RequestConditionHolder
6605:             1             16  org.springframework.web.servlet.mvc.method.annotation.AsyncTaskMethodReturnValueHandler
6606:             1             16  org.springframework.web.servlet.mvc.method.annotation.CallableMethodReturnValueHandler
6607:             1             16  org.springframework.web.servlet.mvc.method.annotation.DeferredResultMethodReturnValueHandler
6608:             1             16  org.springframework.web.servlet.mvc.method.annotation.HttpHeadersReturnValueHandler
6609:             1             16  org.springframework.web.servlet.mvc.method.annotation.JsonViewRequestBodyAdvice
6610:             1             16  org.springframework.web.servlet.mvc.method.annotation.RequestMappingHandlerAdapter$$Lambda/0x0000000031709bc8
6611:             1             16  org.springframework.web.servlet.mvc.method.annotation.RequestMappingHandlerAdapter$$Lambda/0x0000000031709e00
6612:             1             16  org.springframework.web.servlet.mvc.method.annotation.RequestMappingHandlerMapping$$Lambda/0x00000000316feba0
6613:             1             16  org.springframework.web.servlet.mvc.method.annotation.RequestMappingHandlerMapping$$Lambda/0x00000000316ff058
6614:             1             16  org.springframework.web.servlet.mvc.method.annotation.RequestMappingHandlerMapping$$Lambda/0x00000000316ff2a0
6615:             1             16  org.springframework.web.servlet.mvc.method.annotation.RequestMappingHandlerMapping$$Lambda/0x0000000031700000
6616:             1             16  org.springframework.web.servlet.mvc.method.annotation.StreamingResponseBodyReturnValueHandler
6617:             1             16  org.springframework.web.servlet.mvc.method.annotation.UriComponentsBuilderMethodArgumentResolver
6618:             1             16  org.springframework.web.servlet.resource.ResourceUrlProviderExposingInterceptor
6619:             1             16  org.springframework.web.servlet.theme.FixedThemeResolver
6620:             1             16  org.springframework.web.servlet.view.AbstractCachingViewResolver$$Lambda/0x000000003171fb68
6621:             1             16  org.springframework.web.servlet.view.AbstractCachingViewResolver$1
6622:             1             16  org.springframework.web.servlet.view.ContentNegotiatingViewResolver$1
6623:             1             16  org.springframework.web.util.DisconnectedClientHelper
6624:             1             16  org.springframework.web.util.ServletRequestPathUtils$$Lambda/0x00000000317b8d20
6625:             1             16  org.springframework.web.util.UriComponentsBuilder$CompositePathComponentBuilder
6626:             1             16  org.springframework.web.util.pattern.PathPattern$$Lambda/0x00000000316f5768
6627:             1             16  org.springframework.web.util.pattern.PathPattern$$Lambda/0x00000000316f5990
6628:             1             16  org.springframework.web.util.pattern.PathPattern$$Lambda/0x00000000316f5bb8
6629:             1             16  org.springframework.web.util.pattern.PathPattern$$Lambda/0x00000000316f5de0
6630:             1             16  org.yaml.snakeyaml.constructor.SafeConstructor$ConstructUndefined
6631:             1             16  org.yaml.snakeyaml.external.com.google.gdata.util.common.base.UnicodeEscaper$2
6632:             1             16  org.yaml.snakeyaml.internal.Logger
6633:             1             16  reactor.adapter.JdkFlowAdapter$PublisherAsFlowPublisher
6634:             1             16  reactor.core.publisher.Flux$$Lambda/0x000000003134c0b8
6635:             1             16  reactor.core.publisher.Flux$$Lambda/0x000000003134c2f0
6636:             1             16  reactor.core.publisher.Flux$$Lambda/0x000000003134c518
6637:             1             16  reactor.core.publisher.Flux$$Lambda/0x000000003134c740
6638:             1             16  reactor.core.publisher.Flux$$Lambda/0x000000003134c968
6639:             1             16  reactor.core.publisher.FluxCreate$BaseSink$$Lambda/0x00000000317d7ae0
6640:             1             16  reactor.core.publisher.FluxEmpty
6641:             1             16  reactor.core.publisher.Mono$$Lambda/0x00000000316bf7f0
6642:             1             16  reactor.core.publisher.MonoCacheTime$$Lambda/0x00000000316c2688
6643:             1             16  reactor.core.publisher.MonoEmpty
6644:             1             16  reactor.core.publisher.MonoErrorSupplied
6645:             1             16  reactor.core.publisher.Operators$1
6646:             1             16  reactor.core.publisher.SinksSpecs$DefaultSinksSpecs
6647:             1             16  reactor.core.publisher.SinksSpecs$UnsafeSpecImpl
6648:             1             16  reactor.core.scheduler.BoundedElasticScheduler$$Lambda/0x00000000316c0000
6649:             1             16  reactor.core.scheduler.BoundedElasticScheduler$BoundedServices$$Lambda/0x00000000316bf5c8
6650:             1             16  reactor.core.scheduler.BoundedElasticSchedulerSupplier
6651:             1             16  reactor.core.scheduler.ImmediateScheduler
6652:             1             16  reactor.core.scheduler.SchedulerTask$$Lambda/0x00000000317d2188
6653:             1             16  reactor.core.scheduler.SchedulerTask$$Lambda/0x00000000317d23b0
6654:             1             16  reactor.core.scheduler.Schedulers$$Lambda/0x00000000316bb6d8
6655:             1             16  reactor.core.scheduler.Schedulers$$Lambda/0x00000000316bb920
6656:             1             16  reactor.core.scheduler.Schedulers$$Lambda/0x00000000316bbb48
6657:             1             16  reactor.core.scheduler.Schedulers$$Lambda/0x00000000316bbd90
6658:             1             16  reactor.core.scheduler.Schedulers$$Lambda/0x00000000316bbfb8
6659:             1             16  reactor.core.scheduler.Schedulers$$Lambda/0x00000000316bc200
6660:             1             16  reactor.core.scheduler.Schedulers$$Lambda/0x00000000316bc448
6661:             1             16  reactor.core.scheduler.Schedulers$$Lambda/0x00000000316bc8d8
6662:             1             16  reactor.core.scheduler.Schedulers$$Lambda/0x00000000316bcb00
6663:             1             16  reactor.core.scheduler.Schedulers$$Lambda/0x00000000316bfdc8
6664:             1             16  reactor.core.scheduler.Schedulers$1
6665:             1             16  reactor.netty.ReactorNetty$$Lambda/0x0000000031790a50
6666:             1             16  reactor.netty.ReactorNetty$$Lambda/0x0000000031790c88
6667:             1             16  reactor.netty.ReactorNetty$$Lambda/0x0000000031790ee0
6668:             1             16  reactor.netty.ReactorNetty$$Lambda/0x0000000031791118
6669:             1             16  reactor.netty.ReactorNetty$$Lambda/0x0000000031791370
6670:             1             16  reactor.netty.ReactorNetty$$Lambda/0x00000000317915c8
6671:             1             16  reactor.netty.ReactorNetty$1
6672:             1             16  reactor.netty.ReactorNetty$2
6673:             1             16  reactor.netty.ReactorNetty$3
6674:             1             16  reactor.netty.ReactorNetty$4
6675:             1             16  reactor.netty.ReactorNetty$5
6676:             1             16  reactor.netty.http.HttpResources$$Lambda/0x0000000031786978
6677:             1             16  reactor.netty.http.client.Http2StreamBridgeClientHandler
6678:             1             16  reactor.netty.http.client.HttpClientConfig$$Lambda/0x000000003178aa30
6679:             1             16  reactor.netty.http.client.HttpClientConnect
6680:             1             16  reactor.netty.http.client.HttpClientConnect$$Lambda/0x00000000317897c8
6681:             1             16  reactor.netty.http.client.HttpClientConnect$$Lambda/0x000000003178ceb8
6682:             1             16  reactor.netty.http.client.HttpConnectionProvider$$Lambda/0x000000003178d698
6683:             1             16  reactor.netty.http.logging.ReactorNettyHttpMessageLogFactory
6684:             1             16  reactor.netty.http.logging.ReactorNettyHttpMessageLogFactory$$Lambda/0x00000000317957c0
6685:             1             16  reactor.netty.http.logging.ReactorNettyHttpMessageLogFactory$$Lambda/0x0000000031795c40
6686:             1             16  reactor.netty.http.logging.ReactorNettyHttpMessageLogFactory$$Lambda/0x0000000031795e88
6687:             1             16  reactor.netty.resources.DefaultLoopNIO
6688:             1             16  reactor.netty.tcp.TcpResources$$Lambda/0x0000000031786740
6689:             1             16  reactor.util.Loggers$Slf4JLoggerFactory
6690:             1             16  reactor.util.concurrent.Queues$$Lambda/0x00000000317dc000
6691:             1             16  reactor.util.concurrent.Queues$$Lambda/0x00000000317dc228
6692:             1             16  reactor.util.concurrent.Queues$$Lambda/0x00000000317dc450
6693:             1             16  reactor.util.concurrent.Queues$$Lambda/0x00000000317dc678
6694:             1             16  reactor.util.concurrent.Queues$$Lambda/0x00000000317dc8a0
6695:             1             16  reactor.util.concurrent.Queues$$Lambda/0x00000000317dcac8
6696:             1             16  reactor.util.concurrent.Queues$$Lambda/0x00000000317dd4c8
6697:             1             16  reactor.util.context.Context0
6698:             1             16  sun.management.ClassLoadingImpl (java.management@25)
6699:             1             16  sun.management.ManagementFactoryHelper$$Lambda/0x00000000315def60 (java.management@25)
6700:             1             16  sun.management.ManagementFactoryHelper$$Lambda/0x00000000318488e8 (java.management@25)
6701:             1             16  sun.management.ManagementFactoryHelper$$Lambda/0x0000000031848b30 (java.management@25)
6702:             1             16  sun.management.ThreadImpl$$Lambda/0x00000000315f1920 (java.management@25)
6703:             1             16  sun.misc.Unsafe (jdk.unsupported@25)
6704:             1             16  sun.misc.Unsafe$$Lambda/0x0000000031473130 (jdk.unsupported@25)
6705:             1             16  sun.misc.Unsafe$$Lambda/0x0000000031473378 (jdk.unsupported@25)
6706:             1             16  sun.net.dns.OptionsImpl (java.base@25)
6707:             1             16  sun.net.dns.ResolverConfigurationImpl (java.base@25)
6708:             1             16  sun.net.dns.ResolverConfigurationImpl$AddressChangeListener (java.base@25)
6709:             1             16  sun.net.spi.DefaultProxySelector (java.base@25)
6710:             1             16  sun.net.www.protocol.jar.Handler (java.base@25)
6711:             1             16  sun.net.www.protocol.jar.JarFileFactory (java.base@25)
6712:             1             16  sun.nio.ch.DatagramDispatcher (java.base@25)
6713:             1             16  sun.nio.ch.ExtendedSocketOption$1 (java.base@25)
6714:             1             16  sun.nio.ch.FileChannelImpl$1 (java.base@25)
6715:             1             16  sun.nio.ch.FileChannelImpl$2 (java.base@25)
6716:             1             16  sun.nio.ch.FileChannelImpl$Closer (java.base@25)
6717:             1             16  sun.nio.ch.FileDispatcherImpl (java.base@25)
6718:             1             16  sun.nio.ch.Net$$Lambda/0x00000000315edaf8 (java.base@25)
6719:             1             16  sun.nio.ch.Net$1 (java.base@25)
6720:             1             16  sun.nio.ch.Util$1 (java.base@25)
6721:             1             16  sun.nio.ch.Util$2 (java.base@25)
6722:             1             16  sun.nio.ch.WEPollSelectorProvider (java.base@25)
6723:             1             16  sun.nio.fs.NativeBuffers$1 (java.base@25)
6724:             1             16  sun.nio.fs.WindowsChannelFactory$1 (java.base@25)
6725:             1             16  sun.nio.fs.WindowsFileSystemProvider (java.base@25)
6726:             1             16  sun.reflect.ReflectionFactory (jdk.unsupported@25)
6727:             1             16  sun.reflect.generics.tree.BooleanSignature (java.base@25)
6728:             1             16  sun.reflect.generics.tree.BottomSignature (java.base@25)
6729:             1             16  sun.reflect.generics.tree.ByteSignature (java.base@25)
6730:             1             16  sun.reflect.generics.tree.CharSignature (java.base@25)
6731:             1             16  sun.reflect.generics.tree.DoubleSignature (java.base@25)
6732:             1             16  sun.reflect.generics.tree.FloatSignature (java.base@25)
6733:             1             16  sun.reflect.generics.tree.IntSignature (java.base@25)
6734:             1             16  sun.reflect.generics.tree.LongSignature (java.base@25)
6735:             1             16  sun.reflect.generics.tree.ShortSignature (java.base@25)
6736:             1             16  sun.reflect.generics.tree.VoidDescriptor (java.base@25)
6737:             1             16  sun.security.jca.ProviderConfig$ProviderLoader (java.base@25)
6738:             1             16  sun.security.pkcs11.SunPKCS11$$Lambda/0x000000003124a048 (jdk.crypto.cryptoki@25)
6739:             1             16  sun.security.provider.AbstractDrbg$$Lambda/0x0000000031172808 (java.base@25)
6740:             1             16  sun.security.provider.AbstractDrbg$SeederHolder$$Lambda/0x0000000031175358 (java.base@25)
6741:             1             16  sun.security.provider.NativeSeedGenerator (java.base@25)
6742:             1             16  sun.security.util.ByteArrayLexOrder (java.base@25)
6743:             1             16  sun.security.util.ByteArrayTagOrder (java.base@25)
6744:             1             16  sun.util.calendar.Gregorian (java.base@25)
6745:             1             16  sun.util.cldr.CLDRBaseLocaleDataMetaInfo (java.base@25)
6746:             1             16  sun.util.cldr.CLDRLocaleProviderAdapter$$Lambda/0x000000003103d240 (java.base@25)
6747:             1             16  sun.util.cldr.CLDRLocaleProviderAdapter$$Lambda/0x80000005a (java.base@25)
6748:             1             16  sun.util.locale.InternalLocaleBuilder$CaseInsensitiveChar (java.base@25)
6749:             1             16  sun.util.locale.provider.CalendarDataUtility$CalendarWeekParameterGetter (java.base@25)
6750:             1             16  sun.util.locale.provider.LocaleProviderAdapter$$Lambda/0x80000005b (java.base@25)
6751:             1             16  sun.util.locale.provider.LocaleProviderAdapter$$Lambda/0x80000005d (java.base@25)
6752:             1             16  sun.util.locale.provider.TimeZoneNameUtility$TimeZoneNameGetter (java.base@25)
6753:             1             16  sun.util.logging.internal.LoggingProviderImpl (java.logging@25)
6754:             1             16  sun.util.resources.LocaleData (java.base@25)
6755:             1             16  sun.util.resources.LocaleData$LocaleDataStrategy (java.base@25)
6756:             1             16  sun.util.resources.cldr.provider.CLDRLocaleDataMetaInfo (jdk.localedata@25)
Total        825468       43341648
